# Logfile created on 2026-10-11 03:22:44 +0200 by logger.rb/v1.5.3
2026-10-11 03:22:44 +0200: Memory Usage (459588K) : Starting running IHP-SG13G2 KLayout DRC runset on /foss/designs/radar-chip/lna/layout/lna_layout.gds
2026-10-11 03:22:44 +0200: Memory Usage (459588K) : Ruby Version for klayout: 3.2.3
2026-10-11 03:22:44 +0200: Memory Usage (461008K) : Loading database to memory is complete.
2026-10-11 03:22:44 +0200: Memory Usage (461008K) : IHP-SG13G2 KLayout DRC runset output at: /foss/designs/radar-chip/lna/layout/drc_032241_deep/lna_layout_lna_main.lyrdb
2026-10-11 03:22:44 +0200: Memory Usage (461152K) : Evaluate switches.
2026-10-11 03:22:44 +0200: Memory Usage (461152K) : tables selected: main
2026-10-11 03:22:44 +0200: Memory Usage (461152K) : KLayout will use 16 thread(s) in tiling mode.
2026-10-11 03:22:44 +0200: Memory Usage (461152K) : deep mode is enabled.
2026-10-11 03:22:44 +0200: Memory Usage (461152K) : FEOL enabled: true
2026-10-11 03:22:44 +0200: Memory Usage (461152K) : BEOL enabled: true
2026-10-11 03:22:44 +0200: Memory Usage (461152K) : OFFGRID enabled: true
2026-10-11 03:22:44 +0200: Memory Usage (461152K) : ANGLE enabled: true
2026-10-11 03:22:44 +0200: Memory Usage (461152K) : PIN enabled: true
2026-10-11 03:22:44 +0200: Memory Usage (461152K) : FORBIDDEN enabled: true
2026-10-11 03:22:44 +0200: Memory Usage (461152K) : RECOMMENDED enabled: true
2026-10-11 03:22:44 +0200: Memory Usage (461152K) : PreCheck DRC enabled: false
2026-10-11 03:22:44 +0200: Memory Usage (461152K) : CONNECTIVITY_RULES enabled: true.
2026-10-11 03:22:44 +0200: Memory Usage (461152K) : Read in polygons from layers.
2026-10-11 03:22:44 +0200: Memory Usage (462540K) : activ_drw has 31 polygons
2026-10-11 03:22:44 +0200: Memory Usage (462540K) : activ_pin has 0 polygons
2026-10-11 03:22:44 +0200: Memory Usage (462540K) : activ_mask has 16 polygons
2026-10-11 03:22:44 +0200: Memory Usage (462540K) : activ_filler has 0 polygons
2026-10-11 03:22:44 +0200: Memory Usage (462540K) : activ_nofill has 2 polygons
2026-10-11 03:22:44 +0200: Memory Usage (462540K) : activ_opc has 0 polygons
2026-10-11 03:22:44 +0200: Memory Usage (462540K) : activ_iopc has 0 polygons
2026-10-11 03:22:44 +0200: Memory Usage (462540K) : activ_noqrc has 2 polygons
2026-10-11 03:22:44 +0200: Memory Usage (462540K) : biwind_drw has 0 polygons
2026-10-11 03:22:44 +0200: Memory Usage (462540K) : biwind_opc has 0 polygons
2026-10-11 03:22:44 +0200: Memory Usage (462540K) : pemwind_drw has 0 polygons
2026-10-11 03:22:44 +0200: Memory Usage (462540K) : gatpoly_drw has 4 polygons
2026-10-11 03:22:44 +0200: Memory Usage (462668K) : gatpoly_pin has 0 polygons
2026-10-11 03:22:44 +0200: Memory Usage (462668K) : gatpoly_filler has 0 polygons
2026-10-11 03:22:44 +0200: Memory Usage (462668K) : gatpoly_nofill has 2 polygons
2026-10-11 03:22:44 +0200: Memory Usage (462668K) : gatpoly_opc has 0 polygons
2026-10-11 03:22:44 +0200: Memory Usage (462668K) : gatpoly_iopc has 0 polygons
2026-10-11 03:22:44 +0200: Memory Usage (462796K) : gatpoly_noqrc has 0 polygons
2026-10-11 03:22:44 +0200: Memory Usage (462796K) : cont_drw has 2626 polygons
2026-10-11 03:22:44 +0200: Memory Usage (462924K) : cont_opc has 0 polygons
2026-10-11 03:22:44 +0200: Memory Usage (463052K) : nsd_drw has 0 polygons
2026-10-11 03:22:44 +0200: Memory Usage (463052K) : nsd_block has 16 polygons
2026-10-11 03:22:44 +0200: Memory Usage (463052K) : metal1_drw has 35 polygons
2026-10-11 03:22:44 +0200: Memory Usage (463180K) : metal1_pin has 18 polygons
2026-10-11 03:22:44 +0200: Memory Usage (463180K) : metal1_mask has 0 polygons
2026-10-11 03:22:44 +0200: Memory Usage (463308K) : metal1_filler has 0 polygons
2026-10-11 03:22:44 +0200: Memory Usage (463308K) : metal1_nofill has 2 polygons
2026-10-11 03:22:44 +0200: Memory Usage (463308K) : metal1_slit has 0 polygons
2026-10-11 03:22:44 +0200: Memory Usage (463308K) : metal1_text has 0 polygons
2026-10-11 03:22:44 +0200: Memory Usage (463436K) : metal1_opc has 0 polygons
2026-10-11 03:22:44 +0200: Memory Usage (463436K) : metal1_noqrc has 2 polygons
2026-10-11 03:22:44 +0200: Memory Usage (463436K) : metal1_res has 0 polygons
2026-10-11 03:22:44 +0200: Memory Usage (463436K) : metal1_iprobe has 0 polygons
2026-10-11 03:22:44 +0200: Memory Usage (463436K) : metal1_diffprb has 0 polygons
2026-10-11 03:22:44 +0200: Memory Usage (463436K) : passiv_drw has 10 polygons
2026-10-11 03:22:44 +0200: Memory Usage (463436K) : passiv_pin has 0 polygons
2026-10-11 03:22:44 +0200: Memory Usage (463436K) : passiv_sbump has 0 polygons
2026-10-11 03:22:44 +0200: Memory Usage (463436K) : passiv_pillar has 0 polygons
2026-10-11 03:22:44 +0200: Memory Usage (463692K) : passiv_pdl has 0 polygons
2026-10-11 03:22:44 +0200: Memory Usage (463692K) : metal2_drw has 9 polygons
2026-10-11 03:22:44 +0200: Memory Usage (463692K) : metal2_pin has 4 polygons
2026-10-11 03:22:44 +0200: Memory Usage (463692K) : metal2_mask has 0 polygons
2026-10-11 03:22:44 +0200: Memory Usage (463692K) : metal2_filler has 0 polygons
2026-10-11 03:22:44 +0200: Memory Usage (463692K) : metal2_nofill has 2 polygons
2026-10-11 03:22:44 +0200: Memory Usage (463820K) : metal2_slit has 0 polygons
2026-10-11 03:22:44 +0200: Memory Usage (463820K) : metal2_text has 0 polygons
2026-10-11 03:22:44 +0200: Memory Usage (463948K) : metal2_opc has 0 polygons
2026-10-11 03:22:44 +0200: Memory Usage (463948K) : metal2_noqrc has 2 polygons
2026-10-11 03:22:44 +0200: Memory Usage (463948K) : metal2_res has 0 polygons
2026-10-11 03:22:44 +0200: Memory Usage (464076K) : metal2_iprobe has 0 polygons
2026-10-11 03:22:44 +0200: Memory Usage (464076K) : metal2_diffprb has 0 polygons
2026-10-11 03:22:44 +0200: Memory Usage (464204K) : baspoly_drw has 0 polygons
2026-10-11 03:22:44 +0200: Memory Usage (464204K) : baspoly_pin has 0 polygons
2026-10-11 03:22:44 +0200: Memory Usage (464332K) : psd_drw has 16 polygons
2026-10-11 03:22:44 +0200: Memory Usage (464332K) : nldb_drw has 0 polygons
2026-10-11 03:22:44 +0200: Memory Usage (464332K) : digibnd_drw has 0 polygons
2026-10-11 03:22:44 +0200: Memory Usage (464460K) : via1_drw has 176 polygons
2026-10-11 03:22:44 +0200: Memory Usage (464460K) : backmetal1_drw has 0 polygons
2026-10-11 03:22:44 +0200: Memory Usage (464588K) : backmetal1_pin has 0 polygons
2026-10-11 03:22:44 +0200: Memory Usage (464716K) : backmetal1_mask has 0 polygons
2026-10-11 03:22:44 +0200: Memory Usage (464716K) : backmetal1_filler has 0 polygons
2026-10-11 03:22:44 +0200: Memory Usage (464844K) : backmetal1_nofill has 0 polygons
2026-10-11 03:22:44 +0200: Memory Usage (464844K) : backmetal1_slit has 0 polygons
2026-10-11 03:22:44 +0200: Memory Usage (464844K) : backmetal1_text has 0 polygons
2026-10-11 03:22:44 +0200: Memory Usage (464972K) : backmetal1_opc has 0 polygons
2026-10-11 03:22:44 +0200: Memory Usage (465100K) : backmetal1_noqrc has 0 polygons
2026-10-11 03:22:44 +0200: Memory Usage (465100K) : backmetal1_res has 0 polygons
2026-10-11 03:22:44 +0200: Memory Usage (465228K) : backmetal1_iprobe has 0 polygons
2026-10-11 03:22:44 +0200: Memory Usage (465228K) : backmetal1_diffprb has 0 polygons
2026-10-11 03:22:44 +0200: Memory Usage (465228K) : backpassiv_drw has 0 polygons
2026-10-11 03:22:44 +0200: Memory Usage (465356K) : res_drw has 0 polygons
2026-10-11 03:22:44 +0200: Memory Usage (465356K) : sram_drw has 0 polygons
2026-10-11 03:22:44 +0200: Memory Usage (465484K) : trans_drw has 2 polygons
2026-10-11 03:22:44 +0200: Memory Usage (465484K) : ind_drw has 2 polygons
2026-10-11 03:22:44 +0200: Memory Usage (465484K) : ind_pin has 4 polygons
2026-10-11 03:22:44 +0200: Memory Usage (465612K) : ind_text has 4 polygons
2026-10-11 03:22:44 +0200: Memory Usage (465740K) : salblock_drw has 1 polygons
2026-10-11 03:22:44 +0200: Memory Usage (465740K) : via2_drw has 80 polygons
2026-10-11 03:22:44 +0200: Memory Usage (465740K) : metal3_drw has 56 polygons
2026-10-11 03:22:44 +0200: Memory Usage (465868K) : metal3_pin has 0 polygons
2026-10-11 03:22:44 +0200: Memory Usage (465868K) : metal3_mask has 0 polygons
2026-10-11 03:22:44 +0200: Memory Usage (465868K) : metal3_filler has 0 polygons
2026-10-11 03:22:44 +0200: Memory Usage (465868K) : metal3_nofill has 2 polygons
2026-10-11 03:22:44 +0200: Memory Usage (465996K) : metal3_slit has 0 polygons
2026-10-11 03:22:44 +0200: Memory Usage (465996K) : metal3_text has 0 polygons
2026-10-11 03:22:44 +0200: Memory Usage (465996K) : metal3_opc has 0 polygons
2026-10-11 03:22:44 +0200: Memory Usage (466124K) : metal3_noqrc has 2 polygons
2026-10-11 03:22:44 +0200: Memory Usage (466124K) : metal3_res has 0 polygons
2026-10-11 03:22:44 +0200: Memory Usage (466124K) : metal3_iprobe has 0 polygons
2026-10-11 03:22:44 +0200: Memory Usage (466252K) : metal3_diffprb has 0 polygons
2026-10-11 03:22:44 +0200: Memory Usage (466252K) : nwell_drw has 0 polygons
2026-10-11 03:22:44 +0200: Memory Usage (466380K) : nwell_pin has 0 polygons
2026-10-11 03:22:44 +0200: Memory Usage (466380K) : nbulay_drw has 0 polygons
2026-10-11 03:22:44 +0200: Memory Usage (466380K) : nbulay_pin has 0 polygons
2026-10-11 03:22:44 +0200: Memory Usage (466508K) : nbulay_block has 0 polygons
2026-10-11 03:22:44 +0200: Memory Usage (466508K) : emwind_drw has 16 polygons
2026-10-11 03:22:44 +0200: Memory Usage (466636K) : emwind_opc has 0 polygons
2026-10-11 03:22:44 +0200: Memory Usage (466636K) : deepco_drw has 0 polygons
2026-10-11 03:22:44 +0200: Memory Usage (466764K) : deepco_drw has 0 polygons
2026-10-11 03:22:44 +0200: Memory Usage (466764K) : mim_drw has 2 polygons
2026-10-11 03:22:44 +0200: Memory Usage (466764K) : edgeseal_drw has 0 polygons
2026-10-11 03:22:44 +0200: Memory Usage (466892K) : edgeseal_bound has 0 polygons
2026-10-11 03:22:44 +0200: Memory Usage (466892K) : substrate_drw has 0 polygons
2026-10-11 03:22:44 +0200: Memory Usage (467020K) : substrate_text has 0 polygons
2026-10-11 03:22:44 +0200: Memory Usage (467020K) : dfpad_drw has 10 polygons
2026-10-11 03:22:44 +0200: Memory Usage (467148K) : dfpad_pillar has 0 polygons
2026-10-11 03:22:44 +0200: Memory Usage (467148K) : dfpad_sbump has 0 polygons
2026-10-11 03:22:44 +0200: Memory Usage (467276K) : thickgateox_drw has 0 polygons
2026-10-11 03:22:44 +0200: Memory Usage (467276K) : pldb_drw has 0 polygons
2026-10-11 03:22:44 +0200: Memory Usage (467276K) : pwell_drw has 0 polygons
2026-10-11 03:22:44 +0200: Memory Usage (467404K) : pwell_pin has 0 polygons
2026-10-11 03:22:44 +0200: Memory Usage (467404K) : pwell_block has 4 polygons
2026-10-11 03:22:44 +0200: Memory Usage (467404K) : ic_drw has 0 polygons
2026-10-11 03:22:44 +0200: Memory Usage (467532K) : via3_drw has 7448 polygons
2026-10-11 03:22:44 +0200: Memory Usage (467532K) : metal4_drw has 637 polygons
2026-10-11 03:22:44 +0200: Memory Usage (467532K) : metal4_pin has 0 polygons
2026-10-11 03:22:44 +0200: Memory Usage (467660K) : metal4_mask has 0 polygons
2026-10-11 03:22:44 +0200: Memory Usage (467660K) : metal4_filler has 0 polygons
2026-10-11 03:22:44 +0200: Memory Usage (467660K) : metal4_nofill has 2 polygons
2026-10-11 03:22:44 +0200: Memory Usage (467788K) : metal4_slit has 0 polygons
2026-10-11 03:22:44 +0200: Memory Usage (467788K) : metal4_text has 0 polygons
2026-10-11 03:22:44 +0200: Memory Usage (467916K) : metal4_opc has 0 polygons
2026-10-11 03:22:44 +0200: Memory Usage (467916K) : metal4_noqrc has 2 polygons
2026-10-11 03:22:44 +0200: Memory Usage (468044K) : metal4_res has 0 polygons
2026-10-11 03:22:44 +0200: Memory Usage (468044K) : metal4_iprobe has 0 polygons
2026-10-11 03:22:44 +0200: Memory Usage (468044K) : metal4_diffprb has 0 polygons
2026-10-11 03:22:44 +0200: Memory Usage (468172K) : heattrans_drw has 16 polygons
2026-10-11 03:22:44 +0200: Memory Usage (468172K) : heatres_drw has 1 polygons
2026-10-11 03:22:44 +0200: Memory Usage (468300K) : pempoly_drw has 0 polygons
2026-10-11 03:22:44 +0200: Memory Usage (468300K) : fbe_drw has 0 polygons
2026-10-11 03:22:44 +0200: Memory Usage (468428K) : empoly_drw has 0 polygons
2026-10-11 03:22:44 +0200: Memory Usage (468428K) : ldmos_drw has 0 polygons
2026-10-11 03:22:44 +0200: Memory Usage (468428K) : pbiwind_drw has 0 polygons
2026-10-11 03:22:44 +0200: Memory Usage (468556K) : digisub_drw has 0 polygons
2026-10-11 03:22:44 +0200: Memory Usage (468556K) : nodrc_drw has 0 polygons
2026-10-11 03:22:44 +0200: Memory Usage (468684K) : text_drw has 25 polygons
2026-10-11 03:22:44 +0200: Memory Usage (468684K) : via4_drw has 7464 polygons
2026-10-11 03:22:44 +0200: Memory Usage (468812K) : metal5_drw has 62 polygons
2026-10-11 03:22:44 +0200: Memory Usage (468812K) : metal5_pin has 6 polygons
2026-10-11 03:22:44 +0200: Memory Usage (468940K) : metal5_mask has 0 polygons
2026-10-11 03:22:44 +0200: Memory Usage (468940K) : metal5_filler has 0 polygons
2026-10-11 03:22:44 +0200: Memory Usage (469068K) : metal5_nofill has 2 polygons
2026-10-11 03:22:44 +0200: Memory Usage (469068K) : metal5_slit has 0 polygons
2026-10-11 03:22:44 +0200: Memory Usage (469068K) : metal5_text has 0 polygons
2026-10-11 03:22:44 +0200: Memory Usage (469196K) : metal5_opc has 0 polygons
2026-10-11 03:22:44 +0200: Memory Usage (469196K) : metal5_noqrc has 2 polygons
2026-10-11 03:22:44 +0200: Memory Usage (469324K) : metal5_res has 0 polygons
2026-10-11 03:22:44 +0200: Memory Usage (469324K) : metal5_iprobe has 0 polygons
2026-10-11 03:22:44 +0200: Memory Usage (469452K) : metal5_diffprb has 0 polygons
2026-10-11 03:22:44 +0200: Memory Usage (469452K) : radhard_drw has 0 polygons
2026-10-11 03:22:44 +0200: Memory Usage (469452K) : memcap_drw has 0 polygons
2026-10-11 03:22:44 +0200: Memory Usage (469452K) : varicap_drw has 0 polygons
2026-10-11 03:22:44 +0200: Memory Usage (469580K) : flash_drw has 0 polygons
2026-10-11 03:22:44 +0200: Memory Usage (469580K) : intbondvia_drw has 0 polygons
2026-10-11 03:22:44 +0200: Memory Usage (469580K) : intbondmet_drw has 0 polygons
2026-10-11 03:22:44 +0200: Memory Usage (469708K) : devbondvia_drw has 0 polygons
2026-10-11 03:22:44 +0200: Memory Usage (469708K) : devbondmet_drw has 0 polygons
2026-10-11 03:22:44 +0200: Memory Usage (469836K) : devtrench_drw has 0 polygons
2026-10-11 03:22:44 +0200: Memory Usage (469836K) : redist_drw has 0 polygons
2026-10-11 03:22:44 +0200: Memory Usage (469964K) : graphbot_drw has 0 polygons
2026-10-11 03:22:44 +0200: Memory Usage (469964K) : graphtop_drw has 0 polygons
2026-10-11 03:22:44 +0200: Memory Usage (469964K) : antvia1_drw has 0 polygons
2026-10-11 03:22:44 +0200: Memory Usage (470092K) : antmetal2_drw has 0 polygons
2026-10-11 03:22:44 +0200: Memory Usage (470092K) : graphcont_drw has 0 polygons
2026-10-11 03:22:44 +0200: Memory Usage (470220K) : siwg_drw has 0 polygons
2026-10-11 03:22:44 +0200: Memory Usage (470220K) : siwg_filler has 0 polygons
2026-10-11 03:22:44 +0200: Memory Usage (470220K) : siwg_nofill has 0 polygons
2026-10-11 03:22:44 +0200: Memory Usage (470348K) : sigrating_drw has 0 polygons
2026-10-11 03:22:44 +0200: Memory Usage (470348K) : singrating_drw has 0 polygons
2026-10-11 03:22:44 +0200: Memory Usage (470476K) : graphpas_drw has 0 polygons
2026-10-11 03:22:44 +0200: Memory Usage (470476K) : emwind3_drw has 0 polygons
2026-10-11 03:22:44 +0200: Memory Usage (470604K) : emwihv3_drw has 0 polygons
2026-10-11 03:22:44 +0200: Memory Usage (470604K) : redbulay_drw has 0 polygons
2026-10-11 03:22:44 +0200: Memory Usage (470604K) : smos_drw has 0 polygons
2026-10-11 03:22:44 +0200: Memory Usage (470732K) : graphpad_drw has 0 polygons
2026-10-11 03:22:44 +0200: Memory Usage (470732K) : polimide_drw has 0 polygons
2026-10-11 03:22:44 +0200: Memory Usage (470860K) : polimide_pin has 0 polygons
2026-10-11 03:22:44 +0200: Memory Usage (470860K) : recog_drw has 0 polygons
2026-10-11 03:22:44 +0200: Memory Usage (470988K) : recog_pin has 0 polygons
2026-10-11 03:22:44 +0200: Memory Usage (470988K) : recog_esd has 0 polygons
2026-10-11 03:22:44 +0200: Memory Usage (470988K) : recog_diode has 0 polygons
2026-10-11 03:22:44 +0200: Memory Usage (471116K) : recog_tsv has 0 polygons
2026-10-11 03:22:44 +0200: Memory Usage (471116K) : recog_iprobe has 0 polygons
2026-10-11 03:22:44 +0200: Memory Usage (471116K) : recog_diffprb has 0 polygons
2026-10-11 03:22:44 +0200: Memory Usage (471116K) : recog_pillar has 0 polygons
2026-10-11 03:22:44 +0200: Memory Usage (471116K) : recog_sbump has 0 polygons
2026-10-11 03:22:44 +0200: Memory Usage (471244K) : recog_otp has 0 polygons
2026-10-11 03:22:44 +0200: Memory Usage (471244K) : recog_pdiode has 0 polygons
2026-10-11 03:22:44 +0200: Memory Usage (471372K) : recog_mom has 0 polygons
2026-10-11 03:22:44 +0200: Memory Usage (471372K) : recog_momf has 0 polygons
2026-10-11 03:22:44 +0200: Memory Usage (471500K) : recog_pcm has 0 polygons
2026-10-11 03:22:44 +0200: Memory Usage (471500K) : colopen_drw has 0 polygons
2026-10-11 03:22:44 +0200: Memory Usage (471500K) : graphmetal1_drw has 0 polygons
2026-10-11 03:22:44 +0200: Memory Usage (471628K) : graphmetal1_filler has 0 polygons
2026-10-11 03:22:44 +0200: Memory Usage (471628K) : graphmetal1_nofill has 0 polygons
2026-10-11 03:22:44 +0200: Memory Usage (471756K) : graphmetal1_slit has 0 polygons
2026-10-11 03:22:44 +0200: Memory Usage (471756K) : graphmetal1_opc has 0 polygons
2026-10-11 03:22:44 +0200: Memory Usage (471884K) : graphmet1l_drw has 0 polygons
2026-10-11 03:22:44 +0200: Memory Usage (471884K) : graphmet1l_filler has 0 polygons
2026-10-11 03:22:44 +0200: Memory Usage (471884K) : graphmet1l_nofill has 0 polygons
2026-10-11 03:22:44 +0200: Memory Usage (472012K) : graphmet1l_slit has 0 polygons
2026-10-11 03:22:44 +0200: Memory Usage (472012K) : graphmet1l_opc has 0 polygons
2026-10-11 03:22:44 +0200: Memory Usage (472140K) : extblock_drw has 3 polygons
2026-10-11 03:22:44 +0200: Memory Usage (472140K) : nldd_drw has 0 polygons
2026-10-11 03:22:44 +0200: Memory Usage (472268K) : pldd_drw has 0 polygons
2026-10-11 03:22:44 +0200: Memory Usage (472268K) : next_drw has 0 polygons
2026-10-11 03:22:44 +0200: Memory Usage (472268K) : pext_drw has 0 polygons
2026-10-11 03:22:44 +0200: Memory Usage (472396K) : nexthv_drw has 0 polygons
2026-10-11 03:22:44 +0200: Memory Usage (472396K) : pexthv_drw has 0 polygons
2026-10-11 03:22:44 +0200: Memory Usage (472524K) : graphgate_drw has 0 polygons
2026-10-11 03:22:44 +0200: Memory Usage (472524K) : sinwg_drw has 0 polygons
2026-10-11 03:22:44 +0200: Memory Usage (472652K) : sinwg_filler has 0 polygons
2026-10-11 03:22:44 +0200: Memory Usage (472652K) : sinwg_nofill has 0 polygons
2026-10-11 03:22:44 +0200: Memory Usage (472652K) : mempad_drw has 0 polygons
2026-10-11 03:22:44 +0200: Memory Usage (472780K) : topvia1_drw has 3620 polygons
2026-10-11 03:22:44 +0200: Memory Usage (472780K) : topmetal1_drw has 70 polygons
2026-10-11 03:22:44 +0200: Memory Usage (472908K) : topmetal1_pin has 14 polygons
2026-10-11 03:22:44 +0200: Memory Usage (472908K) : topmetal1_mask has 0 polygons
2026-10-11 03:22:44 +0200: Memory Usage (472908K) : topmetal1_filler has 0 polygons
2026-10-11 03:22:44 +0200: Memory Usage (472908K) : topmetal1_nofill has 2 polygons
2026-10-11 03:22:44 +0200: Memory Usage (472908K) : topmetal1_slit has 0 polygons
2026-10-11 03:22:44 +0200: Memory Usage (472908K) : topmetal1_text has 0 polygons
2026-10-11 03:22:44 +0200: Memory Usage (472908K) : topmetal1_noqrc has 2 polygons
2026-10-11 03:22:44 +0200: Memory Usage (473036K) : topmetal1_res has 0 polygons
2026-10-11 03:22:44 +0200: Memory Usage (473036K) : topmetal1_iprobe has 0 polygons
2026-10-11 03:22:44 +0200: Memory Usage (473036K) : topmetal1_diffprb has 0 polygons
2026-10-11 03:22:44 +0200: Memory Usage (473164K) : inldpwl_drw has 0 polygons
2026-10-11 03:22:44 +0200: Memory Usage (473164K) : polyres_drw has 1 polygons
2026-10-11 03:22:44 +0200: Memory Usage (473292K) : polyres_pin has 0 polygons
2026-10-11 03:22:44 +0200: Memory Usage (473292K) : vmim_drw has 1405 polygons
2026-10-11 03:22:44 +0200: Memory Usage (473420K) : nbulaycut_drw has 0 polygons
2026-10-11 03:22:44 +0200: Memory Usage (473420K) : antmetal1_drw has 0 polygons
2026-10-11 03:22:44 +0200: Memory Usage (473548K) : topvia2_drw has 1616 polygons
2026-10-11 03:22:44 +0200: Memory Usage (473548K) : topmetal2_drw has 34 polygons
2026-10-11 03:22:44 +0200: Memory Usage (473676K) : topmetal2_pin has 0 polygons
2026-10-11 03:22:44 +0200: Memory Usage (473676K) : topmetal2_mask has 0 polygons
2026-10-11 03:22:44 +0200: Memory Usage (473676K) : topmetal2_filler has 0 polygons
2026-10-11 03:22:44 +0200: Memory Usage (473804K) : topmetal2_nofill has 2 polygons
2026-10-11 03:22:44 +0200: Memory Usage (473804K) : topmetal2_slit has 0 polygons
2026-10-11 03:22:44 +0200: Memory Usage (473932K) : topmetal2_text has 0 polygons
2026-10-11 03:22:44 +0200: Memory Usage (473932K) : topmetal2_noqrc has 0 polygons
2026-10-11 03:22:44 +0200: Memory Usage (474060K) : topmetal2_res has 0 polygons
2026-10-11 03:22:44 +0200: Memory Usage (474060K) : topmetal2_iprobe has 0 polygons
2026-10-11 03:22:44 +0200: Memory Usage (474060K) : topmetal2_diffprb has 0 polygons
2026-10-11 03:22:44 +0200: Memory Usage (474188K) : snsring_drw has 0 polygons
2026-10-11 03:22:44 +0200: Memory Usage (474188K) : sensor_drw has 0 polygons
2026-10-11 03:22:44 +0200: Memory Usage (474188K) : snsarms_drw has 0 polygons
2026-10-11 03:22:44 +0200: Memory Usage (474188K) : snscmosvia_drw has 0 polygons
2026-10-11 03:22:44 +0200: Memory Usage (474188K) : colwind_drw has 0 polygons
2026-10-11 03:22:44 +0200: Memory Usage (474188K) : flm_drw has 0 polygons
2026-10-11 03:22:44 +0200: Memory Usage (474188K) : hafniumox_drw has 0 polygons
2026-10-11 03:22:44 +0200: Memory Usage (474188K) : memvia_drw has 0 polygons
2026-10-11 03:22:44 +0200: Memory Usage (474188K) : thinfilmres_drw has 0 polygons
2026-10-11 03:22:44 +0200: Memory Usage (474188K) : rfmem_drw has 0 polygons
2026-10-11 03:22:44 +0200: Memory Usage (474188K) : norcx_drw has 2 polygons
2026-10-11 03:22:44 +0200: Memory Usage (474188K) : norcx_m2m3 has 0 polygons
2026-10-11 03:22:44 +0200: Memory Usage (474188K) : norcx_m2m4 has 0 polygons
2026-10-11 03:22:44 +0200: Memory Usage (474188K) : norcx_m2m5 has 0 polygons
2026-10-11 03:22:44 +0200: Memory Usage (474188K) : norcx_m2tm1 has 0 polygons
2026-10-11 03:22:44 +0200: Memory Usage (474188K) : norcx_m2tm2 has 0 polygons
2026-10-11 03:22:44 +0200: Memory Usage (474188K) : norcx_m3m4 has 0 polygons
2026-10-11 03:22:44 +0200: Memory Usage (474188K) : norcx_m3m5 has 0 polygons
2026-10-11 03:22:44 +0200: Memory Usage (474188K) : norcx_m3tm1 has 0 polygons
2026-10-11 03:22:44 +0200: Memory Usage (474188K) : norcx_m3tm2 has 0 polygons
2026-10-11 03:22:44 +0200: Memory Usage (474188K) : norcx_m4m5 has 0 polygons
2026-10-11 03:22:44 +0200: Memory Usage (474188K) : norcx_m4tm1 has 0 polygons
2026-10-11 03:22:44 +0200: Memory Usage (474188K) : norcx_m4tm2 has 0 polygons
2026-10-11 03:22:44 +0200: Memory Usage (474188K) : norcx_m5tm1 has 0 polygons
2026-10-11 03:22:44 +0200: Memory Usage (474188K) : norcx_m5tm2 has 0 polygons
2026-10-11 03:22:44 +0200: Memory Usage (474188K) : norcx_tm1tm2 has 0 polygons
2026-10-11 03:22:44 +0200: Memory Usage (474188K) : norcx_m1sub has 0 polygons
2026-10-11 03:22:44 +0200: Memory Usage (474188K) : norcx_m2sub has 0 polygons
2026-10-11 03:22:44 +0200: Memory Usage (474188K) : norcx_m3sub has 0 polygons
2026-10-11 03:22:44 +0200: Memory Usage (474188K) : norcx_m4sub has 0 polygons
2026-10-11 03:22:44 +0200: Memory Usage (474188K) : norcx_m5sub has 0 polygons
2026-10-11 03:22:44 +0200: Memory Usage (474188K) : norcx_tm1sub has 0 polygons
2026-10-11 03:22:44 +0200: Memory Usage (474188K) : norcx_tm2sub has 0 polygons
2026-10-11 03:22:44 +0200: Memory Usage (474188K) : snsbotvia_drw has 0 polygons
2026-10-11 03:22:44 +0200: Memory Usage (474188K) : snstopvia_drw has 0 polygons
2026-10-11 03:22:44 +0200: Memory Usage (474188K) : deepvia_drw has 0 polygons
2026-10-11 03:22:44 +0200: Memory Usage (474188K) : fgetch_drw has 0 polygons
2026-10-11 03:22:44 +0200: Memory Usage (474188K) : ctrgat_drw has 0 polygons
2026-10-11 03:22:44 +0200: Memory Usage (474188K) : fgimp_drw has 0 polygons
2026-10-11 03:22:44 +0200: Memory Usage (474188K) : emwihv_drw has 0 polygons
2026-10-11 03:22:44 +0200: Memory Usage (474188K) : lbe_drw has 0 polygons
2026-10-11 03:22:44 +0200: Memory Usage (474188K) : alcustop_drw has 0 polygons
2026-10-11 03:22:44 +0200: Memory Usage (474188K) : nometfiller_drw has 0 polygons
2026-10-11 03:22:44 +0200: Memory Usage (474188K) : prboundary_drw has 0 polygons
2026-10-11 03:22:44 +0200: Memory Usage (474188K) : exchange0_drw has 0 polygons
2026-10-11 03:22:44 +0200: Memory Usage (474188K) : exchange0_pin has 0 polygons
2026-10-11 03:22:44 +0200: Memory Usage (474188K) : exchange0_text has 0 polygons
2026-10-11 03:22:44 +0200: Memory Usage (474188K) : exchange1_drw has 0 polygons
2026-10-11 03:22:44 +0200: Memory Usage (474188K) : exchange1_pin has 0 polygons
2026-10-11 03:22:44 +0200: Memory Usage (474188K) : exchange1_text has 0 polygons
2026-10-11 03:22:44 +0200: Memory Usage (474188K) : exchange2_drw has 0 polygons
2026-10-11 03:22:44 +0200: Memory Usage (474188K) : exchange2_pin has 0 polygons
2026-10-11 03:22:44 +0200: Memory Usage (474188K) : exchange2_text has 0 polygons
2026-10-11 03:22:44 +0200: Memory Usage (474188K) : exchange3_drw has 0 polygons
2026-10-11 03:22:44 +0200: Memory Usage (474188K) : exchange3_pin has 0 polygons
2026-10-11 03:22:44 +0200: Memory Usage (474188K) : exchange3_text has 0 polygons
2026-10-11 03:22:44 +0200: Memory Usage (474188K) : exchange4_drw has 0 polygons
2026-10-11 03:22:44 +0200: Memory Usage (474188K) : exchange4_pin has 0 polygons
2026-10-11 03:22:44 +0200: Memory Usage (474188K) : exchange4_text has 0 polygons
2026-10-11 03:22:44 +0200: Memory Usage (474188K) : isonwell_drw has 0 polygons
2026-10-11 03:22:44 +0200: Memory Usage (474188K) : Total no. of polygons in the design is 25598
2026-10-11 03:22:44 +0200: Memory Usage (474188K) : Loaded TECH DRC rules values from /foss/pdks/ihp-sg13g2/libs.tech/klayout/python/sg13g2_pycell_lib/sg13g2_tech_mod.json
2026-10-11 03:22:44 +0200: Memory Usage (474188K) : Loaded default DRC rules values from /foss/pdks/ihp-sg13g2/libs.tech/klayout/tech/drc/rule_decks/sg13g2_tech_default.json
2026-10-11 03:22:44 +0200: Memory Usage (474188K) : The following rules values were missing in tech json and default values were used:
2026-10-11 03:22:44 +0200: Memory Usage (474188K) :   - NW_f1_digibnd
2026-10-11 03:22:44 +0200: Memory Usage (474188K) :   - Cnt_c_digibnd
2026-10-11 03:22:44 +0200: Memory Usage (474188K) :   - Cnt_c_sram
2026-10-11 03:22:44 +0200: Memory Usage (474188K) :   - Sdiod_b
2026-10-11 03:22:44 +0200: Memory Usage (474188K) :   - Sdiod_c
2026-10-11 03:22:44 +0200: Memory Usage (475140K) : Total area of the design is 329000.0 um^2.
2026-10-11 03:22:44 +0200: Memory Usage (475140K) : The design dimensions are 700.0 µm * 470.0 µm.
2026-10-11 03:22:44 +0200: Memory Usage (475140K) : Starting general IHP-SG13G2 derivations.
2026-10-11 03:22:44 +0200: Memory Usage (475140K) : Starting Pwell derivations
2026-10-11 03:22:44 +0200: Memory Usage (477100K) : Starting n-Activ derivations
2026-10-11 03:22:44 +0200: Memory Usage (477228K) : Starting p-Activ derivations
2026-10-11 03:22:44 +0200: Memory Usage (477356K) : Starting ptap derivations
2026-10-11 03:22:44 +0200: Memory Usage (477484K) : Starting ntap derivations
2026-10-11 03:22:44 +0200: Memory Usage (477484K) : Starting pact FET derivations
2026-10-11 03:22:44 +0200: Memory Usage (477484K) : Starting nact FET derivations
2026-10-11 03:22:44 +0200: Memory Usage (477484K) : Starting Gate derivations
2026-10-11 03:22:44 +0200: Memory Usage (477484K) : Starting cont/contbar general derivations
2026-10-11 03:22:44 +0200: Memory Usage (477996K) : Starting pad general derivations
2026-10-11 03:22:44 +0200: Memory Usage (478124K) : Starting schottky_nbl general derivations
2026-10-11 03:22:44 +0200: Memory Usage (478124K) : Starting SVaricap general derivations
2026-10-11 03:22:44 +0200: Memory Usage (478124K) : Starting HBT general derivations
2026-10-11 03:22:45 +0200: Memory Usage (478556K) : Starting IHP-SG13G2 DRC connectivity related derivations.
2026-10-11 03:22:45 +0200: Memory Usage (479592K) : Starting IHP-SG13G2 DRC connectivity setup
2026-10-11 03:22:45 +0200: Memory Usage (479896K) : Starting IHP-SG13G2 DRC rules.
2026-10-11 03:22:45 +0200: Memory Usage (479896K) : Running all FEOL rules
2026-10-11 03:22:45 +0200: Memory Usage (479896K) : Running all BEOL rules
2026-10-11 03:22:45 +0200: Memory Usage (479896K) : Running all PIN rules
2026-10-11 03:22:45 +0200: Memory Usage (479896K) : Running all FORBIDDEN rules
2026-10-11 03:22:45 +0200: Memory Usage (479896K) : Starting 5.1 NWell table
2026-10-11 03:22:45 +0200: Memory Usage (479896K) : Executing rule NW.b
2026-10-11 03:22:45 +0200: Memory Usage (480200K) : Executing rule NW.b1
2026-10-11 03:22:45 +0200: Memory Usage (480200K) : Executing rule NW.f1
2026-10-11 03:22:45 +0200: Memory Usage (480200K) : Executing rule NW.f1.digibnd
2026-10-11 03:22:45 +0200: Memory Usage (480200K) : Starting 5.2 PWell:block
2026-10-11 03:22:45 +0200: Memory Usage (480200K) : Executing rule PWB.e
2026-10-11 03:22:45 +0200: Memory Usage (480328K) : Executing rule PWB.e1
2026-10-11 03:22:45 +0200: Memory Usage (480328K) : Executing rule PWB.f
2026-10-11 03:22:45 +0200: Memory Usage (480200K) : Executing rule PWB.f1
2026-10-11 03:22:45 +0200: Memory Usage (480200K) : Starting 5.3 nBuLay table
2026-10-11 03:22:45 +0200: Memory Usage (480200K) : Executing rule NBL.b
2026-10-11 03:22:45 +0200: Memory Usage (480200K) : Executing rule NBL.c
2026-10-11 03:22:45 +0200: Memory Usage (480200K) : Executing rule NBL.d
2026-10-11 03:22:45 +0200: Memory Usage (480200K) : Executing rule NBL.e
2026-10-11 03:22:45 +0200: Memory Usage (480200K) : Executing rule NBL.f
2026-10-11 03:22:45 +0200: Memory Usage (480200K) : Starting 5.5. Activ table
2026-10-11 03:22:45 +0200: Memory Usage (480200K) : Executing rule Act.a
2026-10-11 03:22:45 +0200: Memory Usage (480200K) : Executing rule Act.b
2026-10-11 03:22:45 +0200: Memory Usage (480492K) : Starting 5.6 Activ:filler table
2026-10-11 03:22:45 +0200: Memory Usage (480492K) : Executing rule AFil.c1
2026-10-11 03:22:45 +0200: Memory Usage (480492K) : Executing rule AFil.c
2026-10-11 03:22:45 +0200: Memory Usage (480492K) : Executing rule AFil.d
2026-10-11 03:22:45 +0200: Memory Usage (480492K) : Executing rule AFil.e
2026-10-11 03:22:45 +0200: Memory Usage (480492K) : Executing rule AFil.j
2026-10-11 03:22:45 +0200: Memory Usage (480492K) : Starting 5.7. ThickGateOx table
2026-10-11 03:22:45 +0200: Memory Usage (480492K) : Executing rule TGO.f
2026-10-11 03:22:45 +0200: Memory Usage (480492K) : Starting 5.8. GatPoly table
2026-10-11 03:22:45 +0200: Memory Usage (480492K) : Executing rule Gat.a
2026-10-11 03:22:45 +0200: Memory Usage (480492K) : Executing rule Gat.b
2026-10-11 03:22:45 +0200: Memory Usage (480492K) : Executing rule Gat.d
2026-10-11 03:22:45 +0200: Memory Usage (480492K) : Executing rule Gat.a1
2026-10-11 03:22:45 +0200: Memory Usage (480620K) : Executing rule Gat.a2
2026-10-11 03:22:45 +0200: Memory Usage (480620K) : Executing rule Gat.g
2026-10-11 03:22:45 +0200: Memory Usage (480616K) : Starting 5.9 GatPoly:filler
2026-10-11 03:22:45 +0200: Memory Usage (480616K) : Executing rule GFil.d
2026-10-11 03:22:45 +0200: Memory Usage (480616K) : Executing rule GFil.e
2026-10-11 03:22:45 +0200: Memory Usage (480616K) : Executing rule GFil.i
2026-10-11 03:22:45 +0200: Memory Usage (480616K) : Starting 5.10 pSD table
2026-10-11 03:22:45 +0200: Memory Usage (480616K) : Executing rule pSD.c1
2026-10-11 03:22:45 +0200: Memory Usage (480616K) : Starting 5.14. Cont table
2026-10-11 03:22:45 +0200: Memory Usage (480616K) : Executing rule Cnt.a
2026-10-11 03:22:45 +0200: Memory Usage (480616K) : Executing rule Cnt.b
2026-10-11 03:22:45 +0200: Memory Usage (480872K) : Executing rule Cnt.c
2026-10-11 03:22:45 +0200: Memory Usage (481000K) : Executing rule Cnt.c.digibnd
2026-10-11 03:22:45 +0200: Memory Usage (481000K) : Executing rule Cnt.c.SRAM
2026-10-11 03:22:45 +0200: Memory Usage (481000K) : Executing rule Cnt.d
2026-10-11 03:22:45 +0200: Memory Usage (481384K) : Executing rule Cnt.e
2026-10-11 03:22:45 +0200: Memory Usage (481252K) : Executing rule Cnt.g1
2026-10-11 03:22:45 +0200: Memory Usage (481120K) : Executing rule Cnt.g2
2026-10-11 03:22:45 +0200: Memory Usage (482656K) : Starting 5.15. ContBar table
2026-10-11 03:22:45 +0200: Memory Usage (482656K) : Executing rule CntB.a
2026-10-11 03:22:45 +0200: Memory Usage (482656K) : Executing rule CntB.a1
2026-10-11 03:22:45 +0200: Memory Usage (482656K) : Executing rule CntB.b1
2026-10-11 03:22:45 +0200: Memory Usage (482656K) : Executing rule CntB.h1
2026-10-11 03:22:45 +0200: Memory Usage (482784K) : Starting 6.1.3 NPN Substrate-Tie table
2026-10-11 03:22:45 +0200: Memory Usage (482784K) : Executing rule npn13G2.bR 
2026-10-11 03:22:45 +0200: Memory Usage (482776K) : Executing rule npn13G2L.cR 
2026-10-11 03:22:45 +0200: Memory Usage (482648K) : Executing rule npn13G2V.cR 
2026-10-11 03:22:45 +0200: Memory Usage (482648K) : Starting 6.7 Schottky diode table
2026-10-11 03:22:45 +0200: Memory Usage (482648K) : Executing rule Sdiod.b
2026-10-11 03:22:45 +0200: Memory Usage (482648K) : Executing rule Sdiod.c
2026-10-11 03:22:45 +0200: Memory Usage (482648K) : Executing rule Sdiod.d
2026-10-11 03:22:45 +0200: Memory Usage (482648K) : Executing rule Sdiod.e
2026-10-11 03:22:45 +0200: Memory Usage (482648K) : Starting 7.2 Latch-up table
2026-10-11 03:22:45 +0200: Memory Usage (482648K) : Executing rule LU.b
2026-10-11 03:22:45 +0200: Memory Usage (482776K) : Starting 5.16. Metal1 table
2026-10-11 03:22:45 +0200: Memory Usage (482776K) : Executing rule M1.a
2026-10-11 03:22:45 +0200: Memory Usage (482776K) : Executing rule M1.b
2026-10-11 03:22:45 +0200: Memory Usage (482772K) : Executing rule M1.e
2026-10-11 03:22:45 +0200: Memory Usage (482900K) : Executing rule M1.f
2026-10-11 03:22:45 +0200: Memory Usage (482900K) : Executing rule M1.g
2026-10-11 03:22:45 +0200: Memory Usage (482900K) : Executing rule M1.i
2026-10-11 03:22:45 +0200: Memory Usage (482900K) : Starting 5.17 Metaln table
2026-10-11 03:22:45 +0200: Memory Usage (482900K) : Executing rule M2.a
2026-10-11 03:22:45 +0200: Memory Usage (482900K) : Executing rule M2.b
2026-10-11 03:22:45 +0200: Memory Usage (483028K) : Executing rule M2.e
2026-10-11 03:22:45 +0200: Memory Usage (483156K) : Executing rule M2.f
2026-10-11 03:22:45 +0200: Memory Usage (483156K) : Executing rule M2.g
2026-10-11 03:22:45 +0200: Memory Usage (483156K) : Executing rule M2.i
2026-10-11 03:22:45 +0200: Memory Usage (483028K) : Executing rule M3.a
2026-10-11 03:22:45 +0200: Memory Usage (483028K) : Executing rule M3.b
2026-10-11 03:22:45 +0200: Memory Usage (483156K) : Executing rule M3.e
2026-10-11 03:22:45 +0200: Memory Usage (483284K) : Executing rule M3.f
2026-10-11 03:22:45 +0200: Memory Usage (483284K) : Executing rule M3.g
2026-10-11 03:22:45 +0200: Memory Usage (483152K) : Executing rule M3.i
2026-10-11 03:22:46 +0200: Memory Usage (483280K) : Executing rule M4.a
2026-10-11 03:22:46 +0200: Memory Usage (483280K) : Executing rule M4.b
2026-10-11 03:22:46 +0200: Memory Usage (483592K) : Executing rule M4.e
2026-10-11 03:22:46 +0200: Memory Usage (483208K) : Executing rule M4.f
2026-10-11 03:22:46 +0200: Memory Usage (483208K) : Executing rule M4.g
2026-10-11 03:22:46 +0200: Memory Usage (483336K) : Executing rule M4.i
2026-10-11 03:22:46 +0200: Memory Usage (483336K) : Executing rule M5.a
2026-10-11 03:22:46 +0200: Memory Usage (483336K) : Executing rule M5.b
2026-10-11 03:22:46 +0200: Memory Usage (483204K) : Executing rule M5.e
2026-10-11 03:22:46 +0200: Memory Usage (483332K) : Executing rule M5.f
2026-10-11 03:22:46 +0200: Memory Usage (483332K) : Executing rule M5.g
2026-10-11 03:22:46 +0200: Memory Usage (483332K) : Executing rule M5.i
2026-10-11 03:22:46 +0200: Memory Usage (483332K) : Starting 5.18 Metaln:filler table
2026-10-11 03:22:46 +0200: Memory Usage (483332K) : Executing rule M1Fil.c
2026-10-11 03:22:46 +0200: Memory Usage (483332K) : Executing rule M1Fil.a2
2026-10-11 03:22:46 +0200: Memory Usage (483332K) : Executing rule M2Fil.c
2026-10-11 03:22:46 +0200: Memory Usage (483332K) : Executing rule M2Fil.a2
2026-10-11 03:22:46 +0200: Memory Usage (483332K) : Executing rule M3Fil.c
2026-10-11 03:22:46 +0200: Memory Usage (483332K) : Executing rule M3Fil.a2
2026-10-11 03:22:46 +0200: Memory Usage (483332K) : Executing rule M4Fil.c
2026-10-11 03:22:46 +0200: Memory Usage (483332K) : Executing rule M4Fil.a2
2026-10-11 03:22:46 +0200: Memory Usage (483332K) : Executing rule M5Fil.c
2026-10-11 03:22:46 +0200: Memory Usage (483332K) : Executing rule M5Fil.a2
2026-10-11 03:22:46 +0200: Memory Usage (483332K) : Starting 5.19. Via1 table
2026-10-11 03:22:46 +0200: Memory Usage (483332K) : Starting 5.19. Via1 table derivations
2026-10-11 03:22:46 +0200: Memory Usage (483332K) : Executing rule V1.a
2026-10-11 03:22:46 +0200: Memory Usage (483332K) : Executing rule V1.b
2026-10-11 03:22:46 +0200: Memory Usage (483460K) : Executing rule V1.c
2026-10-11 03:22:46 +0200: Memory Usage (483456K) : Starting 5.20. Vian table
2026-10-11 03:22:46 +0200: Memory Usage (483456K) : Executing rule V2.a
2026-10-11 03:22:46 +0200: Memory Usage (483456K) : Executing rule V2.b
2026-10-11 03:22:46 +0200: Memory Usage (483456K) : Executing rule V2.c
2026-10-11 03:22:46 +0200: Memory Usage (483456K) : Executing rule V3.a
2026-10-11 03:22:46 +0200: Memory Usage (483456K) : Executing rule V3.b
2026-10-11 03:22:46 +0200: Memory Usage (483328K) : Executing rule V3.c
2026-10-11 03:22:46 +0200: Memory Usage (483712K) : Executing rule V4.a
2026-10-11 03:22:46 +0200: Memory Usage (483712K) : Executing rule V4.b
2026-10-11 03:22:46 +0200: Memory Usage (483712K) : Executing rule V4.c
2026-10-11 03:22:46 +0200: Memory Usage (483968K) : Starting 5.21. TopVia1 table
2026-10-11 03:22:46 +0200: Memory Usage (483968K) : Executing rule TV1.a
2026-10-11 03:22:46 +0200: Memory Usage (483968K) : Executing rule TV1.b
2026-10-11 03:22:46 +0200: Memory Usage (483968K) : Executing rule TV1.c
2026-10-11 03:22:46 +0200: Memory Usage (483964K) : Executing rule TV1.d
2026-10-11 03:22:46 +0200: Memory Usage (483952K) : Starting 5.22. TopMetal1 table
2026-10-11 03:22:46 +0200: Memory Usage (483952K) : Executing rule TM1.a
2026-10-11 03:22:46 +0200: Memory Usage (483952K) : Executing rule TM1.b
2026-10-11 03:22:46 +0200: Memory Usage (483952K) : Starting 5.23 TopMetal1:filler table
2026-10-11 03:22:46 +0200: Memory Usage (483952K) : Executing rule TM1Fil.c
2026-10-11 03:22:46 +0200: Memory Usage (483952K) : Executing rule TM1Fil.a1
2026-10-11 03:22:46 +0200: Memory Usage (483952K) : Starting 5.24. TopVia2 table
2026-10-11 03:22:46 +0200: Memory Usage (483952K) : Executing rule TV2.a
2026-10-11 03:22:46 +0200: Memory Usage (483952K) : Executing rule TV2.b
2026-10-11 03:22:46 +0200: Memory Usage (484080K) : Executing rule TV2.c
2026-10-11 03:22:46 +0200: Memory Usage (484080K) : Executing rule TV2.d
2026-10-11 03:22:46 +0200: Memory Usage (484208K) : Starting 5.25. TopMetal2 table
2026-10-11 03:22:46 +0200: Memory Usage (484208K) : Executing rule TM2.a
2026-10-11 03:22:46 +0200: Memory Usage (484208K) : Executing rule TM2.b
2026-10-11 03:22:46 +0200: Memory Usage (484208K) : Executing rule TM2.bR
2026-10-11 03:22:46 +0200: Memory Usage (484336K) : Starting 5.26 TopMetal2:filler table
2026-10-11 03:22:46 +0200: Memory Usage (484336K) : Executing rule TM2Fil.c
2026-10-11 03:22:46 +0200: Memory Usage (484336K) : Executing rule TM2Fil.a1
2026-10-11 03:22:46 +0200: Memory Usage (484336K) : Starting 5.27. Passiv table
2026-10-11 03:22:46 +0200: Memory Usage (484336K) : Executing rule Pas.a
2026-10-11 03:22:46 +0200: Memory Usage (484336K) : Executing rule Pas.b
2026-10-11 03:22:46 +0200: Memory Usage (484204K) : Executing rule Pas.c
2026-10-11 03:22:46 +0200: Memory Usage (484204K) : Starting 6.9.2 Copper Pillar table
2026-10-11 03:22:46 +0200: Memory Usage (484204K) : Executing rule Padc.a
2026-10-11 03:22:46 +0200: Memory Usage (484204K) : Executing rule Padc.b
2026-10-11 03:22:46 +0200: Memory Usage (484204K) : Executing rule Padc.c
2026-10-11 03:22:46 +0200: Memory Usage (484204K) : Executing rule Padb.f
2026-10-11 03:22:46 +0200: Memory Usage (484204K) : Starting 6.9 Pad table
2026-10-11 03:22:46 +0200: Memory Usage (484204K) : Executing rule Pad.m
2026-10-11 03:22:46 +0200: Memory Usage (484204K) : Executing rule Pad.fR_M1
2026-10-11 03:22:46 +0200: Memory Usage (484204K) : Executing rule Pad.fR_M2
2026-10-11 03:22:46 +0200: Memory Usage (484332K) : Executing rule Pad.fR_M3
2026-10-11 03:22:46 +0200: Memory Usage (484460K) : Executing rule Pad.fR_M4
2026-10-11 03:22:46 +0200: Memory Usage (485024K) : Executing rule Pad.fR_M5
2026-10-11 03:22:46 +0200: Memory Usage (484896K) : Executing rule Pad.fR_TM1
2026-10-11 03:22:46 +0200: Memory Usage (484768K) : Executing rule Pad.fR_TM2
2026-10-11 03:22:46 +0200: Memory Usage (484640K) : Executing rule Pad.i
2026-10-11 03:22:46 +0200: Memory Usage (484640K) : Starting 6.9.1 Solder Bump
2026-10-11 03:22:46 +0200: Memory Usage (484640K) : Executing rule Padb.a
2026-10-11 03:22:46 +0200: Memory Usage (484640K) : Executing rule Padb.b
2026-10-11 03:22:46 +0200: Memory Usage (484640K) : Executing rule Padb.c
2026-10-11 03:22:46 +0200: Memory Usage (484640K) : Executing rule Padb.f
2026-10-11 03:22:46 +0200: Memory Usage (484640K) : Executing rule Padb.d
2026-10-11 03:22:46 +0200: Memory Usage (484640K) : Starting 6.10 Sealring table
2026-10-11 03:22:46 +0200: Memory Usage (484640K) : Executing rule Seal.l
2026-10-11 03:22:46 +0200: Memory Usage (484640K) : Executing rule Seal.n
2026-10-11 03:22:46 +0200: Memory Usage (484640K) : Executing rule seal.b_metal1
2026-10-11 03:22:46 +0200: Memory Usage (484640K) : Executing rule seal.b_metal2
2026-10-11 03:22:46 +0200: Memory Usage (484640K) : Executing rule seal.b_metal3
2026-10-11 03:22:46 +0200: Memory Usage (484640K) : Executing rule seal.b_metal4
2026-10-11 03:22:46 +0200: Memory Usage (484640K) : Executing rule seal.b_metal5
2026-10-11 03:22:46 +0200: Memory Usage (484640K) : Executing rule seal.b_topmetal1
2026-10-11 03:22:46 +0200: Memory Usage (484640K) : Executing rule seal.b_topmetal2
2026-10-11 03:22:46 +0200: Memory Usage (484640K) : Executing rule seal.b_activ
2026-10-11 03:22:46 +0200: Memory Usage (484640K) : Executing rule seal.b_psd
2026-10-11 03:22:46 +0200: Memory Usage (484640K) : Executing rule Seal.k
2026-10-11 03:22:46 +0200: Memory Usage (484640K) : Executing rule Seal.m
2026-10-11 03:22:46 +0200: Memory Usage (484640K) : Starting 6.11 MIM table
2026-10-11 03:22:46 +0200: Memory Usage (484640K) : Executing rule MIM.c
2026-10-11 03:22:46 +0200: Memory Usage (484640K) : Executing rule MIM.d
2026-10-11 03:22:46 +0200: Memory Usage (484640K) : Executing rule MIM.gR
2026-10-11 03:22:46 +0200: Memory Usage (484640K) : Starting 7.3 Metal Slits table
2026-10-11 03:22:47 +0200: Memory Usage (484640K) : Executing rule Slt.e1_M1
2026-10-11 03:22:47 +0200: Memory Usage (484640K) : Executing rule Slt.e1_M2
2026-10-11 03:22:47 +0200: Memory Usage (484640K) : Executing rule Slt.e1_M3
2026-10-11 03:22:47 +0200: Memory Usage (484640K) : Executing rule Slt.e1_M4
2026-10-11 03:22:47 +0200: Memory Usage (484640K) : Executing rule Slt.e1_M5
2026-10-11 03:22:47 +0200: Memory Usage (484640K) : Executing rule Slt.e1_TM1
2026-10-11 03:22:47 +0200: Memory Usage (484640K) : Executing rule Slt.e1_TM2
2026-10-11 03:22:47 +0200: Memory Usage (484640K) : Starting 9.1. LBE table
2026-10-11 03:22:47 +0200: Memory Usage (484640K) : Executing rule LBE.a
2026-10-11 03:22:47 +0200: Memory Usage (484640K) : Executing rule LBE.b
2026-10-11 03:22:47 +0200: Memory Usage (484640K) : Executing rule LBE.b1
2026-10-11 03:22:47 +0200: Memory Usage (484640K) : Executing rule LBE.c
2026-10-11 03:22:47 +0200: Memory Usage (484640K) : Executing rule LBE.d
2026-10-11 03:22:47 +0200: Memory Usage (484640K) : Executing rule LBE.h
2026-10-11 03:22:47 +0200: Memory Usage (484640K) : Starting 7.4. PIN table
2026-10-11 03:22:47 +0200: Memory Usage (484640K) : Executing rule Pin.a
2026-10-11 03:22:47 +0200: Memory Usage (484640K) : Executing rule Pin.b
2026-10-11 03:22:47 +0200: Memory Usage (484640K) : Executing rule Pin.e
2026-10-11 03:22:47 +0200: Memory Usage (484640K) : Executing rule Pin.f_M2
2026-10-11 03:22:47 +0200: Memory Usage (484640K) : Executing rule Pin.f_M3
2026-10-11 03:22:47 +0200: Memory Usage (484640K) : Executing rule Pin.f_M4
2026-10-11 03:22:47 +0200: Memory Usage (484640K) : Executing rule Pin.f_M5
2026-10-11 03:22:47 +0200: Memory Usage (484768K) : Executing rule Pin.g
2026-10-11 03:22:47 +0200: Memory Usage (484768K) : Executing rule Pin.h
2026-10-11 03:22:47 +0200: Memory Usage (484768K) : Starting 3.1. offgrid table
2026-10-11 03:22:47 +0200: Memory Usage (484768K) : Executing rule activ_drw_Offgrid
2026-10-11 03:22:47 +0200: Memory Usage (484768K) : Executing rule activ_mask_Offgrid
2026-10-11 03:22:47 +0200: Memory Usage (484768K) : Executing rule activ_filler_Offgrid
2026-10-11 03:22:47 +0200: Memory Usage (484768K) : Executing rule activ_opc_Offgrid
2026-10-11 03:22:47 +0200: Memory Usage (484768K) : Executing rule activ_iopc_Offgrid
2026-10-11 03:22:47 +0200: Memory Usage (484768K) : Executing rule biwind_drw_Offgrid
2026-10-11 03:22:47 +0200: Memory Usage (484768K) : Executing rule biwind_opc_Offgrid
2026-10-11 03:22:47 +0200: Memory Usage (484768K) : Executing rule pemwind_drw_Offgrid
2026-10-11 03:22:47 +0200: Memory Usage (484768K) : Executing rule gatpoly_drw_Offgrid
2026-10-11 03:22:47 +0200: Memory Usage (484768K) : Executing rule gatpoly_filler_Offgrid
2026-10-11 03:22:47 +0200: Memory Usage (484768K) : Executing rule gatpoly_opc_Offgrid
2026-10-11 03:22:47 +0200: Memory Usage (484768K) : Executing rule gatpoly_iopc_Offgrid
2026-10-11 03:22:47 +0200: Memory Usage (484896K) : Executing rule gatpoly_noqrc_Offgrid
2026-10-11 03:22:47 +0200: Memory Usage (485408K) : Executing rule cont_drw_Offgrid
2026-10-11 03:22:47 +0200: Memory Usage (488736K) : Executing rule cont_opc_Offgrid
2026-10-11 03:22:47 +0200: Memory Usage (488736K) : Executing rule nsd_drw_Offgrid
2026-10-11 03:22:47 +0200: Memory Usage (488736K) : Executing rule nsd_block_Offgrid
2026-10-11 03:22:47 +0200: Memory Usage (489248K) : Executing rule metal1_drw_Offgrid
2026-10-11 03:22:47 +0200: Memory Usage (489248K) : Executing rule metal1_mask_Offgrid
2026-10-11 03:22:47 +0200: Memory Usage (489248K) : Executing rule metal1_filler_Offgrid
2026-10-11 03:22:47 +0200: Memory Usage (489248K) : Executing rule metal1_slit_Offgrid
2026-10-11 03:22:47 +0200: Memory Usage (489248K) : Executing rule metal1_opc_Offgrid
2026-10-11 03:22:47 +0200: Memory Usage (489248K) : Executing rule metal1_noqrc_Offgrid
2026-10-11 03:22:47 +0200: Memory Usage (489248K) : Executing rule metal1_res_Offgrid
2026-10-11 03:22:47 +0200: Memory Usage (489248K) : Executing rule metal1_iprobe_Offgrid
2026-10-11 03:22:47 +0200: Memory Usage (489248K) : Executing rule metal1_diffprb_Offgrid
2026-10-11 03:22:47 +0200: Memory Usage (489248K) : Executing rule passiv_drw_Offgrid
2026-10-11 03:22:47 +0200: Memory Usage (489248K) : Executing rule passiv_pillar_Offgrid
2026-10-11 03:22:47 +0200: Memory Usage (489248K) : Executing rule passiv_sbump_Offgrid
2026-10-11 03:22:47 +0200: Memory Usage (489248K) : Executing rule passiv_pdl_Offgrid
2026-10-11 03:22:47 +0200: Memory Usage (489248K) : Executing rule metal2_drw_Offgrid
2026-10-11 03:22:47 +0200: Memory Usage (489248K) : Executing rule metal2_mask_Offgrid
2026-10-11 03:22:47 +0200: Memory Usage (489248K) : Executing rule metal2_filler_Offgrid
2026-10-11 03:22:47 +0200: Memory Usage (489248K) : Executing rule metal2_slit_Offgrid
2026-10-11 03:22:47 +0200: Memory Usage (489248K) : Executing rule metal2_opc_Offgrid
2026-10-11 03:22:47 +0200: Memory Usage (489248K) : Executing rule metal2_noqrc_Offgrid
2026-10-11 03:22:47 +0200: Memory Usage (489248K) : Executing rule metal2_res_Offgrid
2026-10-11 03:22:47 +0200: Memory Usage (489248K) : Executing rule metal2_iprobe_Offgrid
2026-10-11 03:22:47 +0200: Memory Usage (489248K) : Executing rule metal2_diffprb_Offgrid
2026-10-11 03:22:47 +0200: Memory Usage (489248K) : Executing rule baspoly_drw_Offgrid
2026-10-11 03:22:47 +0200: Memory Usage (489248K) : Executing rule psd_drw_Offgrid
2026-10-11 03:22:47 +0200: Memory Usage (489248K) : Executing rule nldb_drw_Offgrid
2026-10-11 03:22:47 +0200: Memory Usage (489248K) : Executing rule via1_drw_Offgrid
2026-10-11 03:22:47 +0200: Memory Usage (489248K) : Executing rule backmetal1_drw_Offgrid
2026-10-11 03:22:47 +0200: Memory Usage (489248K) : Executing rule backmetal1_mask_Offgrid
2026-10-11 03:22:47 +0200: Memory Usage (489248K) : Executing rule backmetal1_filler_Offgrid
2026-10-11 03:22:47 +0200: Memory Usage (489248K) : Executing rule backmetal1_slit_Offgrid
2026-10-11 03:22:47 +0200: Memory Usage (489248K) : Executing rule backmetal1_opc_Offgrid
2026-10-11 03:22:47 +0200: Memory Usage (489248K) : Executing rule backmetal1_noqrc_Offgrid
2026-10-11 03:22:47 +0200: Memory Usage (489248K) : Executing rule backmetal1_res_Offgrid
2026-10-11 03:22:47 +0200: Memory Usage (489248K) : Executing rule backmetal1_iprobe_Offgrid
2026-10-11 03:22:47 +0200: Memory Usage (489248K) : Executing rule backmetal1_diffprb_Offgrid
2026-10-11 03:22:47 +0200: Memory Usage (489248K) : Executing rule backpassiv_drw_Offgrid
2026-10-11 03:22:47 +0200: Memory Usage (489248K) : Executing rule salblock_drw_Offgrid
2026-10-11 03:22:47 +0200: Memory Usage (489376K) : Executing rule via2_drw_Offgrid
2026-10-11 03:22:47 +0200: Memory Usage (489376K) : Executing rule metal3_drw_Offgrid
2026-10-11 03:22:47 +0200: Memory Usage (489376K) : Executing rule metal3_mask_Offgrid
2026-10-11 03:22:47 +0200: Memory Usage (489376K) : Executing rule metal3_filler_Offgrid
2026-10-11 03:22:47 +0200: Memory Usage (489376K) : Executing rule metal3_slit_Offgrid
2026-10-11 03:22:47 +0200: Memory Usage (489376K) : Executing rule metal3_opc_Offgrid
2026-10-11 03:22:47 +0200: Memory Usage (489376K) : Executing rule metal3_noqrc_Offgrid
2026-10-11 03:22:47 +0200: Memory Usage (489376K) : Executing rule metal3_res_Offgrid
2026-10-11 03:22:47 +0200: Memory Usage (489376K) : Executing rule metal3_iprobe_Offgrid
2026-10-11 03:22:47 +0200: Memory Usage (489376K) : Executing rule metal3_diffprb_Offgrid
2026-10-11 03:22:47 +0200: Memory Usage (489376K) : Executing rule nwell_drw_Offgrid
2026-10-11 03:22:47 +0200: Memory Usage (489376K) : Executing rule nbulay_drw_Offgrid
2026-10-11 03:22:47 +0200: Memory Usage (489376K) : Executing rule nbulay_block_Offgrid
2026-10-11 03:22:47 +0200: Memory Usage (489376K) : Executing rule pwell_drw_Offgrid
2026-10-11 03:22:47 +0200: Memory Usage (489376K) : Executing rule pwell_block_Offgrid
2026-10-11 03:22:47 +0200: Memory Usage (489376K) : Executing rule emwind_drw_Offgrid
2026-10-11 03:22:47 +0200: Memory Usage (489376K) : Executing rule emwind_opc_Offgrid
2026-10-11 03:22:47 +0200: Memory Usage (489376K) : Executing rule deepco_drw_Offgrid
2026-10-11 03:22:47 +0200: Memory Usage (489376K) : Executing rule mim_drw_Offgrid
2026-10-11 03:22:47 +0200: Memory Usage (489376K) : Executing rule substrate_drw_Offgrid
2026-10-11 03:22:47 +0200: Memory Usage (489376K) : Executing rule ic_drw_Offgrid
2026-10-11 03:22:47 +0200: Memory Usage (489376K) : Executing rule via3_drw_Offgrid
2026-10-11 03:22:47 +0200: Memory Usage (489376K) : Executing rule pldb_drw_Offgrid
2026-10-11 03:22:47 +0200: Memory Usage (489376K) : Executing rule metal4_drw_Offgrid
2026-10-11 03:22:47 +0200: Memory Usage (489376K) : Executing rule metal4_mask_Offgrid
2026-10-11 03:22:47 +0200: Memory Usage (489376K) : Executing rule metal4_filler_Offgrid
2026-10-11 03:22:47 +0200: Memory Usage (489376K) : Executing rule metal4_slit_Offgrid
2026-10-11 03:22:47 +0200: Memory Usage (489376K) : Executing rule metal4_opc_Offgrid
2026-10-11 03:22:47 +0200: Memory Usage (489376K) : Executing rule metal4_noqrc_Offgrid
2026-10-11 03:22:47 +0200: Memory Usage (489376K) : Executing rule metal4_res_Offgrid
2026-10-11 03:22:47 +0200: Memory Usage (489376K) : Executing rule metal4_iprobe_Offgrid
2026-10-11 03:22:48 +0200: Memory Usage (489376K) : Executing rule metal4_diffprb_Offgrid
2026-10-11 03:22:48 +0200: Memory Usage (489376K) : Executing rule via4_drw_Offgrid
2026-10-11 03:22:48 +0200: Memory Usage (489504K) : Executing rule metal5_drw_Offgrid
2026-10-11 03:22:48 +0200: Memory Usage (489504K) : Executing rule metal5_mask_Offgrid
2026-10-11 03:22:48 +0200: Memory Usage (489504K) : Executing rule metal5_filler_Offgrid
2026-10-11 03:22:48 +0200: Memory Usage (489632K) : Executing rule metal5_slit_Offgrid
2026-10-11 03:22:48 +0200: Memory Usage (489632K) : Executing rule metal5_opc_Offgrid
2026-10-11 03:22:48 +0200: Memory Usage (489632K) : Executing rule metal5_noqrc_Offgrid
2026-10-11 03:22:48 +0200: Memory Usage (489632K) : Executing rule metal5_res_Offgrid
2026-10-11 03:22:48 +0200: Memory Usage (489888K) : Executing rule metal5_iprobe_Offgrid
2026-10-11 03:22:48 +0200: Memory Usage (490400K) : Executing rule metal5_diffprb_Offgrid
2026-10-11 03:22:48 +0200: Memory Usage (490912K) : Executing rule prboundary_drw_Offgrid
2026-10-11 03:22:48 +0200: Memory Usage (491424K) : Executing rule exchange0_drw_Offgrid
2026-10-11 03:22:48 +0200: Memory Usage (491936K) : Executing rule exchange1_drw_Offgrid
2026-10-11 03:22:48 +0200: Memory Usage (492448K) : Executing rule exchange2_drw_Offgrid
2026-10-11 03:22:48 +0200: Memory Usage (492960K) : Executing rule exchange3_drw_Offgrid
2026-10-11 03:22:48 +0200: Memory Usage (493472K) : Executing rule exchange4_drw_Offgrid
2026-10-11 03:22:48 +0200: Memory Usage (493984K) : Executing rule isonwell_drw_Offgrid
2026-10-11 03:22:48 +0200: Memory Usage (494496K) : Executing rule thickgateox_drw_Offgrid
2026-10-11 03:22:48 +0200: Memory Usage (495008K) : Executing rule pempoly_drw_Offgrid
2026-10-11 03:22:48 +0200: Memory Usage (495520K) : Executing rule fbe_drw_Offgrid
2026-10-11 03:22:48 +0200: Memory Usage (496032K) : Executing rule empoly_drw_Offgrid
2026-10-11 03:22:48 +0200: Memory Usage (496544K) : Executing rule ldmos_drw_Offgrid
2026-10-11 03:22:48 +0200: Memory Usage (497056K) : Executing rule pbiwind_drw_Offgrid
2026-10-11 03:22:48 +0200: Memory Usage (497568K) : Executing rule colopen_drw_Offgrid
2026-10-11 03:22:48 +0200: Memory Usage (498080K) : Executing rule extblock_drw_Offgrid
2026-10-11 03:22:48 +0200: Memory Usage (498592K) : Executing rule nldd_drw_Offgrid
2026-10-11 03:22:48 +0200: Memory Usage (499104K) : Executing rule pldd_drw_Offgrid
2026-10-11 03:22:48 +0200: Memory Usage (499616K) : Executing rule next_drw_Offgrid
2026-10-11 03:22:48 +0200: Memory Usage (500128K) : Executing rule pext_drw_Offgrid
2026-10-11 03:22:48 +0200: Memory Usage (500640K) : Executing rule nexthv_drw_Offgrid
2026-10-11 03:22:48 +0200: Memory Usage (501152K) : Executing rule pexthv_drw_Offgrid
2026-10-11 03:22:48 +0200: Memory Usage (501792K) : Executing rule graphgate_drw_Offgrid
2026-10-11 03:22:48 +0200: Memory Usage (502176K) : Executing rule mempad_drw_Offgrid
2026-10-11 03:22:48 +0200: Memory Usage (502688K) : Executing rule topvia1_drw_Offgrid
2026-10-11 03:22:48 +0200: Memory Usage (505760K) : Executing rule topmetal1_drw_Offgrid
2026-10-11 03:22:48 +0200: Memory Usage (506272K) : Executing rule topmetal1_mask_Offgrid
2026-10-11 03:22:48 +0200: Memory Usage (506784K) : Executing rule topmetal1_filler_Offgrid
2026-10-11 03:22:48 +0200: Memory Usage (506912K) : Executing rule topmetal1_slit_Offgrid
2026-10-11 03:22:48 +0200: Memory Usage (506912K) : Executing rule topmetal1_noqrc_Offgrid
2026-10-11 03:22:48 +0200: Memory Usage (506912K) : Executing rule topmetal1_res_Offgrid
2026-10-11 03:22:48 +0200: Memory Usage (506912K) : Executing rule topmetal1_iprobe_Offgrid
2026-10-11 03:22:48 +0200: Memory Usage (506912K) : Executing rule topmetal1_diffprb_Offgrid
2026-10-11 03:22:48 +0200: Memory Usage (506912K) : Executing rule inldpwl_drw_Offgrid
2026-10-11 03:22:48 +0200: Memory Usage (506912K) : Executing rule polyres_drw_Offgrid
2026-10-11 03:22:48 +0200: Memory Usage (506912K) : Executing rule vmim_drw_Offgrid
2026-10-11 03:22:48 +0200: Memory Usage (506912K) : Executing rule nbulaycut_drw_Offgrid
2026-10-11 03:22:48 +0200: Memory Usage (506912K) : Executing rule antmetal1_drw_Offgrid
2026-10-11 03:22:48 +0200: Memory Usage (506912K) : Executing rule topvia2_drw_Offgrid
2026-10-11 03:22:48 +0200: Memory Usage (506912K) : Executing rule topmetal2_drw_Offgrid
2026-10-11 03:22:48 +0200: Memory Usage (506912K) : Executing rule topmetal2_mask_Offgrid
2026-10-11 03:22:48 +0200: Memory Usage (506912K) : Executing rule topmetal2_filler_Offgrid
2026-10-11 03:22:48 +0200: Memory Usage (506912K) : Executing rule topmetal2_slit_Offgrid
2026-10-11 03:22:48 +0200: Memory Usage (506912K) : Executing rule topmetal2_noqrc_Offgrid
2026-10-11 03:22:48 +0200: Memory Usage (506912K) : Executing rule topmetal2_res_Offgrid
2026-10-11 03:22:48 +0200: Memory Usage (506912K) : Executing rule topmetal2_iprobe_Offgrid
2026-10-11 03:22:48 +0200: Memory Usage (506912K) : Executing rule topmetal2_diffprb_Offgrid
2026-10-11 03:22:48 +0200: Memory Usage (506912K) : Executing rule snsring_drw_Offgrid
2026-10-11 03:22:48 +0200: Memory Usage (506912K) : Executing rule sensor_drw_Offgrid
2026-10-11 03:22:48 +0200: Memory Usage (506912K) : Executing rule snsarms_drw_Offgrid
2026-10-11 03:22:48 +0200: Memory Usage (506912K) : Executing rule snscmosvia_drw_Offgrid
2026-10-11 03:22:48 +0200: Memory Usage (506912K) : Executing rule colwind_drw_Offgrid
2026-10-11 03:22:48 +0200: Memory Usage (506912K) : Executing rule flm_drw_Offgrid
2026-10-11 03:22:48 +0200: Memory Usage (506912K) : Executing rule hafniumox_drw_Offgrid
2026-10-11 03:22:48 +0200: Memory Usage (506912K) : Executing rule memvia_drw_Offgrid
2026-10-11 03:22:48 +0200: Memory Usage (506912K) : Executing rule thinfilmres_drw_Offgrid
2026-10-11 03:22:48 +0200: Memory Usage (506912K) : Executing rule rfmem_drw_Offgrid
2026-10-11 03:22:48 +0200: Memory Usage (506912K) : Executing rule snsbotvia_drw_Offgrid
2026-10-11 03:22:48 +0200: Memory Usage (506912K) : Executing rule snstopvia_drw_Offgrid
2026-10-11 03:22:48 +0200: Memory Usage (506912K) : Executing rule deepvia_drw_Offgrid
2026-10-11 03:22:48 +0200: Memory Usage (506912K) : Executing rule fgetch_drw_Offgrid
2026-10-11 03:22:48 +0200: Memory Usage (506912K) : Executing rule ctrgat_drw_Offgrid
2026-10-11 03:22:48 +0200: Memory Usage (506912K) : Executing rule fgimp_drw_Offgrid
2026-10-11 03:22:48 +0200: Memory Usage (506912K) : Executing rule emwihv_drw_Offgrid
2026-10-11 03:22:48 +0200: Memory Usage (506912K) : Executing rule lbe_drw_Offgrid
2026-10-11 03:22:48 +0200: Memory Usage (506912K) : Executing rule alcustop_drw_Offgrid
2026-10-11 03:22:48 +0200: Memory Usage (506912K) : Starting 3.2. angle table
2026-10-11 03:22:48 +0200: Memory Usage (506912K) : Executing rule activ_drw_Acute
2026-10-11 03:22:48 +0200: Memory Usage (506912K) : Executing rule activ_pin_Acute
2026-10-11 03:22:48 +0200: Memory Usage (506912K) : Executing rule activ_mask_Acute
2026-10-11 03:22:48 +0200: Memory Usage (506912K) : Executing rule activ_filler_Acute
2026-10-11 03:22:48 +0200: Memory Usage (506912K) : Executing rule activ_nofill_Acute
2026-10-11 03:22:48 +0200: Memory Usage (506912K) : Executing rule activ_opc_Acute
2026-10-11 03:22:48 +0200: Memory Usage (506912K) : Executing rule activ_iopc_Acute
2026-10-11 03:22:48 +0200: Memory Usage (507040K) : Executing rule activ_noqrc_Acute
2026-10-11 03:22:48 +0200: Memory Usage (507040K) : Executing rule biwind_drw_Acute
2026-10-11 03:22:48 +0200: Memory Usage (507040K) : Executing rule biwind_opc_Acute
2026-10-11 03:22:48 +0200: Memory Usage (507040K) : Executing rule pemwind_drw_Acute
2026-10-11 03:22:48 +0200: Memory Usage (507040K) : Executing rule gatpoly_drw_Acute
2026-10-11 03:22:48 +0200: Memory Usage (507040K) : Executing rule gatpoly_pin_Acute
2026-10-11 03:22:48 +0200: Memory Usage (507040K) : Executing rule gatpoly_filler_Acute
2026-10-11 03:22:48 +0200: Memory Usage (507040K) : Executing rule gatpoly_nofill_Acute
2026-10-11 03:22:48 +0200: Memory Usage (507040K) : Executing rule gatpoly_opc_Acute
2026-10-11 03:22:49 +0200: Memory Usage (507040K) : Executing rule gatpoly_iopc_Acute
2026-10-11 03:22:49 +0200: Memory Usage (507040K) : Executing rule gatpoly_noqrc_Acute
2026-10-11 03:22:49 +0200: Memory Usage (507040K) : Executing rule cont_drw_Acute
2026-10-11 03:22:49 +0200: Memory Usage (507040K) : Executing rule cont_opc_Acute
2026-10-11 03:22:49 +0200: Memory Usage (507040K) : Executing rule nsd_drw_Acute
2026-10-11 03:22:49 +0200: Memory Usage (507040K) : Executing rule nsd_block_Acute
2026-10-11 03:22:49 +0200: Memory Usage (507040K) : Executing rule metal1_drw_Acute
2026-10-11 03:22:49 +0200: Memory Usage (507040K) : Executing rule metal1_pin_Acute
2026-10-11 03:22:49 +0200: Memory Usage (507040K) : Executing rule metal1_mask_Acute
2026-10-11 03:22:49 +0200: Memory Usage (507040K) : Executing rule metal1_filler_Acute
2026-10-11 03:22:49 +0200: Memory Usage (507040K) : Executing rule metal1_nofill_Acute
2026-10-11 03:22:49 +0200: Memory Usage (507040K) : Executing rule metal1_slit_Acute
2026-10-11 03:22:49 +0200: Memory Usage (507040K) : Executing rule metal1_opc_Acute
2026-10-11 03:22:49 +0200: Memory Usage (507040K) : Executing rule metal1_noqrc_Acute
2026-10-11 03:22:49 +0200: Memory Usage (507040K) : Executing rule metal1_res_Acute
2026-10-11 03:22:49 +0200: Memory Usage (507040K) : Executing rule metal1_iprobe_Acute
2026-10-11 03:22:49 +0200: Memory Usage (507040K) : Executing rule metal1_diffprb_Acute
2026-10-11 03:22:49 +0200: Memory Usage (507040K) : Executing rule passiv_drw_Acute
2026-10-11 03:22:49 +0200: Memory Usage (507040K) : Executing rule passiv_pin_Acute
2026-10-11 03:22:49 +0200: Memory Usage (507040K) : Executing rule passiv_pillar_Acute
2026-10-11 03:22:49 +0200: Memory Usage (507040K) : Executing rule passiv_sbump_Acute
2026-10-11 03:22:49 +0200: Memory Usage (507040K) : Executing rule passiv_pdl_Acute
2026-10-11 03:22:49 +0200: Memory Usage (507040K) : Executing rule metal2_drw_Acute
2026-10-11 03:22:49 +0200: Memory Usage (507040K) : Executing rule metal2_pin_Acute
2026-10-11 03:22:49 +0200: Memory Usage (507040K) : Executing rule metal2_mask_Acute
2026-10-11 03:22:49 +0200: Memory Usage (507040K) : Executing rule metal2_filler_Acute
2026-10-11 03:22:49 +0200: Memory Usage (507040K) : Executing rule metal2_nofill_Acute
2026-10-11 03:22:49 +0200: Memory Usage (507040K) : Executing rule metal2_slit_Acute
2026-10-11 03:22:49 +0200: Memory Usage (507040K) : Executing rule metal2_opc_Acute
2026-10-11 03:22:49 +0200: Memory Usage (507040K) : Executing rule metal2_noqrc_Acute
2026-10-11 03:22:49 +0200: Memory Usage (507040K) : Executing rule metal2_res_Acute
2026-10-11 03:22:49 +0200: Memory Usage (507040K) : Executing rule metal2_iprobe_Acute
2026-10-11 03:22:49 +0200: Memory Usage (507040K) : Executing rule metal2_diffprb_Acute
2026-10-11 03:22:49 +0200: Memory Usage (507040K) : Executing rule baspoly_drw_Acute
2026-10-11 03:22:49 +0200: Memory Usage (507040K) : Executing rule baspoly_pin_Acute
2026-10-11 03:22:49 +0200: Memory Usage (507040K) : Executing rule psd_drw_Acute
2026-10-11 03:22:49 +0200: Memory Usage (507040K) : Executing rule nldb_drw_Acute
2026-10-11 03:22:49 +0200: Memory Usage (507040K) : Executing rule via1_drw_Acute
2026-10-11 03:22:49 +0200: Memory Usage (507040K) : Executing rule backmetal1_drw_Acute
2026-10-11 03:22:49 +0200: Memory Usage (507040K) : Executing rule backmetal1_pin_Acute
2026-10-11 03:22:49 +0200: Memory Usage (507040K) : Executing rule backmetal1_mask_Acute
2026-10-11 03:22:49 +0200: Memory Usage (507040K) : Executing rule backmetal1_filler_Acute
2026-10-11 03:22:49 +0200: Memory Usage (507040K) : Executing rule backmetal1_nofill_Acute
2026-10-11 03:22:49 +0200: Memory Usage (507040K) : Executing rule backmetal1_slit_Acute
2026-10-11 03:22:49 +0200: Memory Usage (507040K) : Executing rule backmetal1_opc_Acute
2026-10-11 03:22:49 +0200: Memory Usage (507040K) : Executing rule backmetal1_noqrc_Acute
2026-10-11 03:22:49 +0200: Memory Usage (507040K) : Executing rule backmetal1_res_Acute
2026-10-11 03:22:49 +0200: Memory Usage (507040K) : Executing rule backmetal1_iprobe_Acute
2026-10-11 03:22:49 +0200: Memory Usage (507040K) : Executing rule backmetal1_diffprb_Acute
2026-10-11 03:22:49 +0200: Memory Usage (507040K) : Executing rule backpassiv_drw_Acute
2026-10-11 03:22:49 +0200: Memory Usage (507040K) : Executing rule salblock_drw_Acute
2026-10-11 03:22:49 +0200: Memory Usage (507040K) : Executing rule via2_drw_Acute
2026-10-11 03:22:49 +0200: Memory Usage (507040K) : Executing rule metal3_drw_Acute
2026-10-11 03:22:49 +0200: Memory Usage (507040K) : Executing rule metal3_pin_Acute
2026-10-11 03:22:49 +0200: Memory Usage (507040K) : Executing rule metal3_mask_Acute
2026-10-11 03:22:49 +0200: Memory Usage (507040K) : Executing rule metal3_filler_Acute
2026-10-11 03:22:49 +0200: Memory Usage (507040K) : Executing rule metal3_nofill_Acute
2026-10-11 03:22:49 +0200: Memory Usage (507040K) : Executing rule metal3_slit_Acute
2026-10-11 03:22:49 +0200: Memory Usage (507040K) : Executing rule metal3_opc_Acute
2026-10-11 03:22:49 +0200: Memory Usage (507040K) : Executing rule metal3_noqrc_Acute
2026-10-11 03:22:49 +0200: Memory Usage (507040K) : Executing rule metal3_res_Acute
2026-10-11 03:22:49 +0200: Memory Usage (507040K) : Executing rule metal3_iprobe_Acute
2026-10-11 03:22:49 +0200: Memory Usage (507040K) : Executing rule metal3_diffprb_Acute
2026-10-11 03:22:49 +0200: Memory Usage (507040K) : Executing rule nwell_drw_Acute
2026-10-11 03:22:49 +0200: Memory Usage (507040K) : Executing rule nwell_pin_Acute
2026-10-11 03:22:49 +0200: Memory Usage (507040K) : Executing rule nbulay_drw_Acute
2026-10-11 03:22:49 +0200: Memory Usage (507040K) : Executing rule nbulay_pin_Acute
2026-10-11 03:22:49 +0200: Memory Usage (507040K) : Executing rule nbulay_block_Acute
2026-10-11 03:22:49 +0200: Memory Usage (507040K) : Executing rule pwell_drw_Acute
2026-10-11 03:22:49 +0200: Memory Usage (507040K) : Executing rule pwell_pin_Acute
2026-10-11 03:22:49 +0200: Memory Usage (507040K) : Executing rule pwell_block_Acute
2026-10-11 03:22:49 +0200: Memory Usage (507040K) : Executing rule emwind_drw_Acute
2026-10-11 03:22:49 +0200: Memory Usage (507040K) : Executing rule emwind_opc_Acute
2026-10-11 03:22:49 +0200: Memory Usage (507040K) : Executing rule deepco_drw_Acute
2026-10-11 03:22:49 +0200: Memory Usage (507040K) : Executing rule mim_drw_Acute
2026-10-11 03:22:49 +0200: Memory Usage (507040K) : Executing rule substrate_drw_Acute
2026-10-11 03:22:49 +0200: Memory Usage (507040K) : Executing rule ic_drw_Acute
2026-10-11 03:22:49 +0200: Memory Usage (507040K) : Executing rule via3_drw_Acute
2026-10-11 03:22:49 +0200: Memory Usage (507040K) : Executing rule pldb_drw_Acute
2026-10-11 03:22:49 +0200: Memory Usage (507040K) : Executing rule metal4_drw_Acute
2026-10-11 03:22:49 +0200: Memory Usage (507040K) : Executing rule metal4_pin_Acute
2026-10-11 03:22:49 +0200: Memory Usage (507040K) : Executing rule metal4_mask_Acute
2026-10-11 03:22:49 +0200: Memory Usage (507040K) : Executing rule metal4_filler_Acute
2026-10-11 03:22:49 +0200: Memory Usage (507040K) : Executing rule metal4_nofill_Acute
2026-10-11 03:22:49 +0200: Memory Usage (507040K) : Executing rule metal4_slit_Acute
2026-10-11 03:22:49 +0200: Memory Usage (507040K) : Executing rule metal4_opc_Acute
2026-10-11 03:22:49 +0200: Memory Usage (507040K) : Executing rule metal4_noqrc_Acute
2026-10-11 03:22:49 +0200: Memory Usage (507040K) : Executing rule metal4_res_Acute
2026-10-11 03:22:49 +0200: Memory Usage (507040K) : Executing rule metal4_iprobe_Acute
2026-10-11 03:22:50 +0200: Memory Usage (507040K) : Executing rule metal4_diffprb_Acute
2026-10-11 03:22:50 +0200: Memory Usage (507040K) : Executing rule via4_drw_Acute
2026-10-11 03:22:50 +0200: Memory Usage (507040K) : Executing rule metal5_drw_Acute
2026-10-11 03:22:50 +0200: Memory Usage (507040K) : Executing rule metal5_pin_Acute
2026-10-11 03:22:50 +0200: Memory Usage (507040K) : Executing rule metal5_mask_Acute
2026-10-11 03:22:50 +0200: Memory Usage (507040K) : Executing rule metal5_filler_Acute
2026-10-11 03:22:50 +0200: Memory Usage (507040K) : Executing rule metal5_nofill_Acute
2026-10-11 03:22:50 +0200: Memory Usage (507040K) : Executing rule metal5_slit_Acute
2026-10-11 03:22:50 +0200: Memory Usage (507040K) : Executing rule metal5_opc_Acute
2026-10-11 03:22:50 +0200: Memory Usage (507040K) : Executing rule metal5_noqrc_Acute
2026-10-11 03:22:50 +0200: Memory Usage (507040K) : Executing rule metal5_res_Acute
2026-10-11 03:22:50 +0200: Memory Usage (507040K) : Executing rule metal5_iprobe_Acute
2026-10-11 03:22:50 +0200: Memory Usage (507040K) : Executing rule metal5_diffprb_Acute
2026-10-11 03:22:50 +0200: Memory Usage (507040K) : Executing rule prboundary_drw_Acute
2026-10-11 03:22:50 +0200: Memory Usage (507040K) : Executing rule exchange0_drw_Acute
2026-10-11 03:22:50 +0200: Memory Usage (507040K) : Executing rule exchange0_pin_Acute
2026-10-11 03:22:50 +0200: Memory Usage (507040K) : Executing rule exchange1_drw_Acute
2026-10-11 03:22:50 +0200: Memory Usage (507040K) : Executing rule exchange1_pin_Acute
2026-10-11 03:22:50 +0200: Memory Usage (507040K) : Executing rule exchange2_drw_Acute
2026-10-11 03:22:50 +0200: Memory Usage (507040K) : Executing rule exchange2_pin_Acute
2026-10-11 03:22:50 +0200: Memory Usage (507040K) : Executing rule exchange3_drw_Acute
2026-10-11 03:22:50 +0200: Memory Usage (507040K) : Executing rule exchange3_pin_Acute
2026-10-11 03:22:50 +0200: Memory Usage (507040K) : Executing rule exchange4_drw_Acute
2026-10-11 03:22:50 +0200: Memory Usage (507040K) : Executing rule exchange4_pin_Acute
2026-10-11 03:22:50 +0200: Memory Usage (507040K) : Executing rule isonwell_drw_Acute
2026-10-11 03:22:50 +0200: Memory Usage (507040K) : Executing rule thickgateox_drw_Acute
2026-10-11 03:22:50 +0200: Memory Usage (507040K) : Executing rule pempoly_drw_Acute
2026-10-11 03:22:50 +0200: Memory Usage (507040K) : Executing rule fbe_drw_Acute
2026-10-11 03:22:50 +0200: Memory Usage (507040K) : Executing rule empoly_drw_Acute
2026-10-11 03:22:50 +0200: Memory Usage (507040K) : Executing rule ldmos_drw_Acute
2026-10-11 03:22:50 +0200: Memory Usage (507040K) : Executing rule pbiwind_drw_Acute
2026-10-11 03:22:50 +0200: Memory Usage (507040K) : Executing rule colopen_drw_Acute
2026-10-11 03:22:50 +0200: Memory Usage (507040K) : Executing rule extblock_drw_Acute
2026-10-11 03:22:50 +0200: Memory Usage (507040K) : Executing rule nldd_drw_Acute
2026-10-11 03:22:50 +0200: Memory Usage (507040K) : Executing rule pldd_drw_Acute
2026-10-11 03:22:50 +0200: Memory Usage (507040K) : Executing rule next_drw_Acute
2026-10-11 03:22:50 +0200: Memory Usage (507040K) : Executing rule pext_drw_Acute
2026-10-11 03:22:50 +0200: Memory Usage (507040K) : Executing rule nexthv_drw_Acute
2026-10-11 03:22:50 +0200: Memory Usage (507040K) : Executing rule pexthv_drw_Acute
2026-10-11 03:22:50 +0200: Memory Usage (507040K) : Executing rule graphgate_drw_Acute
2026-10-11 03:22:50 +0200: Memory Usage (507040K) : Executing rule mempad_drw_Acute
2026-10-11 03:22:50 +0200: Memory Usage (507040K) : Executing rule topvia1_drw_Acute
2026-10-11 03:22:50 +0200: Memory Usage (507040K) : Executing rule topmetal1_drw_Acute
2026-10-11 03:22:50 +0200: Memory Usage (507040K) : Executing rule topmetal1_pin_Acute
2026-10-11 03:22:50 +0200: Memory Usage (507040K) : Executing rule topmetal1_mask_Acute
2026-10-11 03:22:50 +0200: Memory Usage (507040K) : Executing rule topmetal1_filler_Acute
2026-10-11 03:22:50 +0200: Memory Usage (507040K) : Executing rule topmetal1_nofill_Acute
2026-10-11 03:22:50 +0200: Memory Usage (507040K) : Executing rule topmetal1_slit_Acute
2026-10-11 03:22:50 +0200: Memory Usage (507040K) : Executing rule topmetal1_noqrc_Acute
2026-10-11 03:22:50 +0200: Memory Usage (507040K) : Executing rule topmetal1_res_Acute
2026-10-11 03:22:50 +0200: Memory Usage (507040K) : Executing rule topmetal1_iprobe_Acute
2026-10-11 03:22:50 +0200: Memory Usage (507040K) : Executing rule topmetal1_diffprb_Acute
2026-10-11 03:22:50 +0200: Memory Usage (507040K) : Executing rule inldpwl_drw_Acute
2026-10-11 03:22:50 +0200: Memory Usage (507040K) : Executing rule polyres_drw_Acute
2026-10-11 03:22:50 +0200: Memory Usage (507040K) : Executing rule polyres_pin_Acute
2026-10-11 03:22:50 +0200: Memory Usage (507040K) : Executing rule vmim_drw_Acute
2026-10-11 03:22:50 +0200: Memory Usage (507040K) : Executing rule nbulaycut_drw_Acute
2026-10-11 03:22:50 +0200: Memory Usage (507040K) : Executing rule antmetal1_drw_Acute
2026-10-11 03:22:50 +0200: Memory Usage (507040K) : Executing rule topvia2_drw_Acute
2026-10-11 03:22:50 +0200: Memory Usage (507040K) : Executing rule topmetal2_drw_Acute
2026-10-11 03:22:50 +0200: Memory Usage (507040K) : Executing rule topmetal2_pin_Acute
2026-10-11 03:22:50 +0200: Memory Usage (507040K) : Executing rule topmetal2_mask_Acute
2026-10-11 03:22:50 +0200: Memory Usage (507040K) : Executing rule topmetal2_filler_Acute
2026-10-11 03:22:50 +0200: Memory Usage (507040K) : Executing rule topmetal2_nofill_Acute
2026-10-11 03:22:50 +0200: Memory Usage (507040K) : Executing rule topmetal2_slit_Acute
2026-10-11 03:22:50 +0200: Memory Usage (507040K) : Executing rule topmetal2_noqrc_Acute
2026-10-11 03:22:50 +0200: Memory Usage (507040K) : Executing rule topmetal2_res_Acute
2026-10-11 03:22:50 +0200: Memory Usage (507040K) : Executing rule topmetal2_iprobe_Acute
2026-10-11 03:22:50 +0200: Memory Usage (507040K) : Executing rule topmetal2_diffprb_Acute
2026-10-11 03:22:50 +0200: Memory Usage (507040K) : Executing rule snsring_drw_Acute
2026-10-11 03:22:50 +0200: Memory Usage (507040K) : Executing rule sensor_drw_Acute
2026-10-11 03:22:50 +0200: Memory Usage (507040K) : Executing rule snsarms_drw_Acute
2026-10-11 03:22:50 +0200: Memory Usage (507040K) : Executing rule snscmosvia_drw_Acute
2026-10-11 03:22:50 +0200: Memory Usage (507040K) : Executing rule colwind_drw_Acute
2026-10-11 03:22:50 +0200: Memory Usage (507040K) : Executing rule flm_drw_Acute
2026-10-11 03:22:50 +0200: Memory Usage (507040K) : Executing rule hafniumox_drw_Acute
2026-10-11 03:22:50 +0200: Memory Usage (507040K) : Executing rule memvia_drw_Acute
2026-10-11 03:22:50 +0200: Memory Usage (507040K) : Executing rule thinfilmres_drw_Acute
2026-10-11 03:22:50 +0200: Memory Usage (507040K) : Executing rule rfmem_drw_Acute
2026-10-11 03:22:50 +0200: Memory Usage (507040K) : Executing rule snsbotvia_drw_Acute
2026-10-11 03:22:50 +0200: Memory Usage (507040K) : Executing rule snstopvia_drw_Acute
2026-10-11 03:22:50 +0200: Memory Usage (507040K) : Executing rule deepvia_drw_Acute
2026-10-11 03:22:50 +0200: Memory Usage (507040K) : Executing rule fgetch_drw_Acute
2026-10-11 03:22:50 +0200: Memory Usage (507040K) : Executing rule ctrgat_drw_Acute
2026-10-11 03:22:50 +0200: Memory Usage (507040K) : Executing rule fgimp_drw_Acute
2026-10-11 03:22:50 +0200: Memory Usage (507040K) : Executing rule emwihv_drw_Acute
2026-10-11 03:22:50 +0200: Memory Usage (507040K) : Executing rule lbe_drw_Acute
2026-10-11 03:22:50 +0200: Memory Usage (507040K) : Executing rule alcustop_drw_Acute
2026-10-11 03:22:50 +0200: Memory Usage (507040K) : Executing rule cont_drw_Angle90
2026-10-11 03:22:51 +0200: Memory Usage (509344K) : Executing rule via1_drw_Angle90
2026-10-11 03:22:51 +0200: Memory Usage (509600K) : Executing rule via2_drw_Angle90
2026-10-11 03:22:51 +0200: Memory Usage (509468K) : Executing rule via3_drw_Angle90
2026-10-11 03:22:51 +0200: Memory Usage (509596K) : Executing rule via4_drw_Angle90
2026-10-11 03:22:51 +0200: Memory Usage (509588K) : Executing rule vmim_drw_Angle90
2026-10-11 03:22:51 +0200: Memory Usage (509716K) : Executing rule topvia1_drw_Angle90
2026-10-11 03:22:51 +0200: Memory Usage (509844K) : Executing rule topvia2_drw_Angle90
2026-10-11 03:22:51 +0200: Memory Usage (509844K) : Executing rule gatpoly_drw_Angle45
2026-10-11 03:22:51 +0200: Memory Usage (509972K) : Executing rule activ_drw_Angle45
2026-10-11 03:22:51 +0200: Memory Usage (510100K) : Executing rule metal1_drw_Angle45
2026-10-11 03:22:51 +0200: Memory Usage (510356K) : Executing rule metal2_drw_Angle45
2026-10-11 03:22:51 +0200: Memory Usage (510484K) : Executing rule metal3_drw_Angle45
2026-10-11 03:22:51 +0200: Memory Usage (510480K) : Executing rule metal4_drw_Angle45
2026-10-11 03:22:51 +0200: Memory Usage (510732K) : Executing rule metal5_drw_Angle45
2026-10-11 03:22:51 +0200: Memory Usage (510732K) : Executing rule topmetal1_drw_Angle45
2026-10-11 03:22:51 +0200: Memory Usage (510732K) : Executing rule topmetal2_drw_Angle45
2026-10-11 03:22:51 +0200: Memory Usage (510604K) : Starting 3.2. FORBIDDEN table
2026-10-11 03:22:51 +0200: Memory Usage (510604K) : Executing rule forbidden.biwind
2026-10-11 03:22:51 +0200: Memory Usage (510604K) : Executing rule forbidden.pemwind
2026-10-11 03:22:51 +0200: Memory Usage (510604K) : Executing rule forbidden.baspoly
2026-10-11 03:22:51 +0200: Memory Usage (510604K) : Executing rule forbidden.deepco
2026-10-11 03:22:51 +0200: Memory Usage (510604K) : Executing rule forbidden.pempoly
2026-10-11 03:22:51 +0200: Memory Usage (510604K) : Executing rule forbidden.empoly
2026-10-11 03:22:51 +0200: Memory Usage (510604K) : Executing rule forbidden.ldmos
2026-10-11 03:22:51 +0200: Memory Usage (510604K) : Executing rule forbidden.pbiwind
2026-10-11 03:22:51 +0200: Memory Usage (510604K) : Executing rule forbidden.nodrc
2026-10-11 03:22:51 +0200: Memory Usage (510604K) : Executing rule forbidden.flash
2026-10-11 03:22:51 +0200: Memory Usage (510604K) : Executing rule forbidden.colwind
2026-10-11 03:22:51 +0200: Memory Usage (510604K) : KLayout DRC run for tables 'main' completed in 7.49 seconds
