# Logfile created on 2026-10-11 04:29:36 +0200 by logger.rb/v1.5.3
2026-10-11 04:29:36 +0200: Memory Usage (459160K) : Starting running SG13G2 Klayout LVS runset on /foss/designs/radar-chip/lna/layout/lna_layout.gds
2026-10-11 04:29:36 +0200: Memory Usage (459160K) : Ruby Version for klayout: 3.2.3
2026-10-11 04:29:36 +0200: Memory Usage (460628K) : Loading database to memory is complete.
2026-10-11 04:29:36 +0200: Memory Usage (460628K) : SG13G2 Klayout LVS runset output at: /foss/designs/radar-chip/lna/layout/lvs_042932/lna_layout.lvsdb
2026-10-11 04:29:36 +0200: Memory Usage (460628K) : Evaluate switches.
2026-10-11 04:29:36 +0200: Memory Usage (460628K) : Extracted netlist with net names: true
2026-10-11 04:29:36 +0200: Memory Usage (460628K) : Extracted netlist with comments in details: false
2026-10-11 04:29:36 +0200: Memory Usage (460628K) : Selected NET_ONLY option: false
2026-10-11 04:29:36 +0200: Memory Usage (460628K) : Selected LAYOUT_NETLIST option: (none)
2026-10-11 04:29:36 +0200: Memory Usage (460628K) : Selected IGNORE_TOP_PORTS_MISMATCH option: 
2026-10-11 04:29:36 +0200: Memory Usage (460628K) : Selected IMPLICIT_NETS option: (none)
2026-10-11 04:29:36 +0200: Memory Usage (460628K) : Selected TOP_LVL_PINS option: false
2026-10-11 04:29:36 +0200: Memory Usage (460628K) : Selected COMBINE DEVICES option: false
2026-10-11 04:29:36 +0200: Memory Usage (460628K) : Selected PURGE option: false
2026-10-11 04:29:36 +0200: Memory Usage (460628K) : Selected PURGE_NETS option: false
2026-10-11 04:29:36 +0200: Memory Usage (460628K) : Selected SIMPLIFY option: true
2026-10-11 04:29:36 +0200: Memory Usage (460628K) : Selected SERIES_RES option: true
2026-10-11 04:29:36 +0200: Memory Usage (460628K) : Selected PARALLEL_RES option: true
2026-10-11 04:29:36 +0200: Memory Usage (460628K) : Selected DISABLE_TAP_EXTRACTION option: false
2026-10-11 04:29:36 +0200: Memory Usage (460628K) : flat  mode is enabled.
2026-10-11 04:29:36 +0200: Memory Usage (461884K) : Netlist file: /foss/designs/radar-chip/lna/layout/lna_lvs.cdl
2026-10-11 04:29:36 +0200: Memory Usage (461884K) : LVS extracted netlist at: /foss/designs/radar-chip/lna/layout/lvs_042932/lna_layout_extracted.cir
2026-10-11 04:29:36 +0200: Memory Usage (461884K) : Applying SRAM integration support.
2026-10-11 04:29:36 +0200: Memory Usage (461884K) : Starting SG13G2 LVS runset
2026-10-11 04:29:36 +0200: Memory Usage (461884K) : Read in polygons from layers.
2026-10-11 04:29:36 +0200: Memory Usage (462832K) : activ_drw has 20 polygons
2026-10-11 04:29:36 +0200: Memory Usage (462832K) : activ_filler has 0 polygons
2026-10-11 04:29:36 +0200: Memory Usage (462960K) : activ has 20 polygons
2026-10-11 04:29:36 +0200: Memory Usage (462960K) : activ_pin has 0 polygons
2026-10-11 04:29:36 +0200: Memory Usage (462960K) : activ_mask has 4 polygons
2026-10-11 04:29:36 +0200: Memory Usage (462960K) : activ_nofill has 2 polygons
2026-10-11 04:29:36 +0200: Memory Usage (462960K) : activ_OPC has 0 polygons
2026-10-11 04:29:36 +0200: Memory Usage (462960K) : activ_iOPC has 0 polygons
2026-10-11 04:29:36 +0200: Memory Usage (462960K) : activ_noqrc has 7 polygons
2026-10-11 04:29:36 +0200: Memory Usage (463088K) : biwind_drw has 0 polygons
2026-10-11 04:29:36 +0200: Memory Usage (463088K) : biwind_OPC has 0 polygons
2026-10-11 04:29:36 +0200: Memory Usage (463344K) : gatpoly_drw has 12 polygons
2026-10-11 04:29:36 +0200: Memory Usage (463472K) : gatpoly_filler has 0 polygons
2026-10-11 04:29:36 +0200: Memory Usage (463472K) : gatpoly has 12 polygons
2026-10-11 04:29:36 +0200: Memory Usage (463856K) : gatpoly_pin has 0 polygons
2026-10-11 04:29:36 +0200: Memory Usage (463984K) : gatpoly_nofill has 2 polygons
2026-10-11 04:29:36 +0200: Memory Usage (463984K) : gatpoly_OPC has 0 polygons
2026-10-11 04:29:36 +0200: Memory Usage (463984K) : gatpoly_iOPC has 0 polygons
2026-10-11 04:29:36 +0200: Memory Usage (464112K) : gatpoly_noqrc has 0 polygons
2026-10-11 04:29:36 +0200: Memory Usage (467312K) : cont_drw has 12325 polygons
2026-10-11 04:29:36 +0200: Memory Usage (467312K) : cont_OPC has 0 polygons
2026-10-11 04:29:36 +0200: Memory Usage (467312K) : nsd_drw has 3 polygons
2026-10-11 04:29:36 +0200: Memory Usage (467440K) : nsd_block has 4 polygons
2026-10-11 04:29:36 +0200: Memory Usage (467440K) : metal1_drw has 46 polygons
2026-10-11 04:29:36 +0200: Memory Usage (467440K) : metal1_filler has 0 polygons
2026-10-11 04:29:36 +0200: Memory Usage (467568K) : metal1_slit has 0 polygons
2026-10-11 04:29:36 +0200: Memory Usage (467568K) : metal1 has 46 polygons
2026-10-11 04:29:36 +0200: Memory Usage (467568K) : metal1_pin has 32 polygons
2026-10-11 04:29:36 +0200: Memory Usage (467568K) : metal1_mask has 0 polygons
2026-10-11 04:29:36 +0200: Memory Usage (467568K) : metal1_nofill has 2 polygons
2026-10-11 04:29:36 +0200: Memory Usage (467568K) : metal1_text has 0 polygons
2026-10-11 04:29:36 +0200: Memory Usage (467568K) : metal1_OPC has 0 polygons
2026-10-11 04:29:36 +0200: Memory Usage (467568K) : metal1_noqrc has 7 polygons
2026-10-11 04:29:36 +0200: Memory Usage (467568K) : metal1_res has 0 polygons
2026-10-11 04:29:36 +0200: Memory Usage (467568K) : metal1_iprobe has 0 polygons
2026-10-11 04:29:36 +0200: Memory Usage (467952K) : metal1_diffprb has 0 polygons
2026-10-11 04:29:36 +0200: Memory Usage (467952K) : passiv_drw has 10 polygons
2026-10-11 04:29:36 +0200: Memory Usage (467952K) : passiv_pin has 0 polygons
2026-10-11 04:29:36 +0200: Memory Usage (467952K) : passiv_sbump has 0 polygons
2026-10-11 04:29:36 +0200: Memory Usage (467952K) : passiv_pillar has 0 polygons
2026-10-11 04:29:36 +0200: Memory Usage (468080K) : passiv_pdl has 0 polygons
2026-10-11 04:29:36 +0200: Memory Usage (468208K) : metal2_drw has 29 polygons
2026-10-11 04:29:36 +0200: Memory Usage (468464K) : metal2_filler has 0 polygons
2026-10-11 04:29:36 +0200: Memory Usage (468592K) : metal2_slit has 0 polygons
2026-10-11 04:29:36 +0200: Memory Usage (468720K) : metal2 has 29 polygons
2026-10-11 04:29:36 +0200: Memory Usage (468848K) : metal2_pin has 4 polygons
2026-10-11 04:29:36 +0200: Memory Usage (468976K) : metal2_mask has 0 polygons
2026-10-11 04:29:36 +0200: Memory Usage (469104K) : metal2_nofill has 2 polygons
2026-10-11 04:29:36 +0200: Memory Usage (469104K) : metal2_text has 0 polygons
2026-10-11 04:29:36 +0200: Memory Usage (469232K) : metal2_OPC has 0 polygons
2026-10-11 04:29:36 +0200: Memory Usage (469360K) : metal2_noqrc has 7 polygons
2026-10-11 04:29:36 +0200: Memory Usage (469616K) : metal2_res has 0 polygons
2026-10-11 04:29:36 +0200: Memory Usage (469744K) : metal2_iprobe has 0 polygons
2026-10-11 04:29:36 +0200: Memory Usage (469744K) : metal2_diffprb has 0 polygons
2026-10-11 04:29:36 +0200: Memory Usage (469872K) : baspoly_drw has 0 polygons
2026-10-11 04:29:36 +0200: Memory Usage (469872K) : baspoly_pin has 0 polygons
2026-10-11 04:29:36 +0200: Memory Usage (470000K) : psd_drw has 22 polygons
2026-10-11 04:29:36 +0200: Memory Usage (470128K) : nldb_drw has 0 polygons
2026-10-11 04:29:36 +0200: Memory Usage (470256K) : digibnd_drw has 0 polygons
2026-10-11 04:29:36 +0200: Memory Usage (470384K) : via1_drw has 592 polygons
2026-10-11 04:29:36 +0200: Memory Usage (470640K) : backmetal1_drw has 0 polygons
2026-10-11 04:29:36 +0200: Memory Usage (470768K) : backmetal1_pin has 0 polygons
2026-10-11 04:29:36 +0200: Memory Usage (470896K) : backmetal1_mask has 0 polygons
2026-10-11 04:29:36 +0200: Memory Usage (471024K) : backmetal1_filler has 0 polygons
2026-10-11 04:29:36 +0200: Memory Usage (471152K) : backmetal1_nofill has 0 polygons
2026-10-11 04:29:36 +0200: Memory Usage (471280K) : backmetal1_slit has 0 polygons
2026-10-11 04:29:36 +0200: Memory Usage (471408K) : backmetal1_text has 0 polygons
2026-10-11 04:29:36 +0200: Memory Usage (471536K) : backmetal1_OPC has 0 polygons
2026-10-11 04:29:36 +0200: Memory Usage (471664K) : backmetal1_noqrc has 0 polygons
2026-10-11 04:29:36 +0200: Memory Usage (471792K) : backmetal1_res has 0 polygons
2026-10-11 04:29:36 +0200: Memory Usage (471920K) : backmetal1_iprobe has 0 polygons
2026-10-11 04:29:36 +0200: Memory Usage (472048K) : backmetal1_diffprb has 0 polygons
2026-10-11 04:29:36 +0200: Memory Usage (472176K) : backpassiv_drw has 0 polygons
2026-10-11 04:29:36 +0200: Memory Usage (472304K) : res_drw has 0 polygons
2026-10-11 04:29:36 +0200: Memory Usage (472432K) : sram_drw has 0 polygons
2026-10-11 04:29:36 +0200: Memory Usage (472560K) : trans_drw has 4 polygons
2026-10-11 04:29:36 +0200: Memory Usage (472688K) : ind_drw has 2 polygons
2026-10-11 04:29:36 +0200: Memory Usage (472816K) : ind_pin has 4 polygons
2026-10-11 04:29:36 +0200: Memory Usage (473072K) : ind_text has 4 polygons
2026-10-11 04:29:36 +0200: Memory Usage (473200K) : salblock_drw has 6 polygons
2026-10-11 04:29:36 +0200: Memory Usage (473328K) : via2_drw has 464 polygons
2026-10-11 04:29:36 +0200: Memory Usage (473456K) : metal3_drw has 37 polygons
2026-10-11 04:29:36 +0200: Memory Usage (473584K) : metal3_filler has 0 polygons
2026-10-11 04:29:36 +0200: Memory Usage (473712K) : metal3_slit has 0 polygons
2026-10-11 04:29:36 +0200: Memory Usage (473840K) : metal3 has 37 polygons
2026-10-11 04:29:36 +0200: Memory Usage (473968K) : metal3_pin has 0 polygons
2026-10-11 04:29:36 +0200: Memory Usage (474224K) : metal3_mask has 0 polygons
2026-10-11 04:29:36 +0200: Memory Usage (474352K) : metal3_nofill has 2 polygons
2026-10-11 04:29:36 +0200: Memory Usage (474352K) : metal3_text has 0 polygons
2026-10-11 04:29:36 +0200: Memory Usage (474480K) : metal3_OPC has 0 polygons
2026-10-11 04:29:36 +0200: Memory Usage (474608K) : metal3_noqrc has 7 polygons
2026-10-11 04:29:36 +0200: Memory Usage (474736K) : metal3_res has 0 polygons
2026-10-11 04:29:36 +0200: Memory Usage (474864K) : metal3_iprobe has 0 polygons
2026-10-11 04:29:36 +0200: Memory Usage (474992K) : metal3_diffprb has 0 polygons
2026-10-11 04:29:36 +0200: Memory Usage (475248K) : nwell_drw has 0 polygons
2026-10-11 04:29:36 +0200: Memory Usage (475376K) : nwell_pin has 0 polygons
2026-10-11 04:29:36 +0200: Memory Usage (475376K) : nwell_text has 0 polygons
2026-10-11 04:29:36 +0200: Memory Usage (475376K) : nbulay_drw has 0 polygons
2026-10-11 04:29:36 +0200: Memory Usage (475504K) : nbulay_pin has 0 polygons
2026-10-11 04:29:36 +0200: Memory Usage (475760K) : nbulay_block has 0 polygons
2026-10-11 04:29:36 +0200: Memory Usage (475888K) : emwind_drw has 18 polygons
2026-10-11 04:29:36 +0200: Memory Usage (476016K) : emwind_OPC has 0 polygons
2026-10-11 04:29:36 +0200: Memory Usage (476144K) : deepco_drw has 0 polygons
2026-10-11 04:29:36 +0200: Memory Usage (476272K) : mim_drw has 7 polygons
2026-10-11 04:29:36 +0200: Memory Usage (476400K) : edgeseal_drw has 0 polygons
2026-10-11 04:29:36 +0200: Memory Usage (476528K) : substrate_drw has 5 polygons
2026-10-11 04:29:36 +0200: Memory Usage (476656K) : substrate_text has 0 polygons
2026-10-11 04:29:36 +0200: Memory Usage (476784K) : dfpad_drw has 10 polygons
2026-10-11 04:29:36 +0200: Memory Usage (476912K) : dfpad_pillar has 0 polygons
2026-10-11 04:29:36 +0200: Memory Usage (477040K) : dfpad_sbump has 0 polygons
2026-10-11 04:29:36 +0200: Memory Usage (477168K) : thickgateox_drw has 0 polygons
2026-10-11 04:29:36 +0200: Memory Usage (477296K) : pldb_drw has 0 polygons
2026-10-11 04:29:36 +0200: Memory Usage (477424K) : pwell_drw has 0 polygons
2026-10-11 04:29:36 +0200: Memory Usage (477552K) : pwell_pin has 0 polygons
2026-10-11 04:29:36 +0200: Memory Usage (477680K) : pwell_block has 9 polygons
2026-10-11 04:29:36 +0200: Memory Usage (477808K) : ic_drw has 0 polygons
2026-10-11 04:29:36 +0200: Memory Usage (479216K) : via3_drw has 7816 polygons
2026-10-11 04:29:36 +0200: Memory Usage (479344K) : metal4_drw has 16 polygons
2026-10-11 04:29:36 +0200: Memory Usage (479344K) : metal4_filler has 0 polygons
2026-10-11 04:29:36 +0200: Memory Usage (479344K) : metal4_slit has 0 polygons
2026-10-11 04:29:36 +0200: Memory Usage (479344K) : metal4 has 16 polygons
2026-10-11 04:29:36 +0200: Memory Usage (479344K) : metal4_pin has 0 polygons
2026-10-11 04:29:36 +0200: Memory Usage (479344K) : metal4_mask has 0 polygons
2026-10-11 04:29:36 +0200: Memory Usage (479344K) : metal4_nofill has 2 polygons
2026-10-11 04:29:36 +0200: Memory Usage (479728K) : metal4_text has 0 polygons
2026-10-11 04:29:36 +0200: Memory Usage (479728K) : metal4_OPC has 0 polygons
2026-10-11 04:29:36 +0200: Memory Usage (479728K) : metal4_noqrc has 7 polygons
2026-10-11 04:29:36 +0200: Memory Usage (479728K) : metal4_res has 0 polygons
2026-10-11 04:29:36 +0200: Memory Usage (479728K) : metal4_iprobe has 0 polygons
2026-10-11 04:29:36 +0200: Memory Usage (479856K) : metal4_diffprb has 0 polygons
2026-10-11 04:29:36 +0200: Memory Usage (480112K) : heattrans_drw has 18 polygons
2026-10-11 04:29:36 +0200: Memory Usage (480240K) : heatres_drw has 6 polygons
2026-10-11 04:29:36 +0200: Memory Usage (480368K) : fbe_drw has 0 polygons
2026-10-11 04:29:36 +0200: Memory Usage (480496K) : empoly_drw has 0 polygons
2026-10-11 04:29:36 +0200: Memory Usage (480624K) : digisub_drw has 0 polygons
2026-10-11 04:29:36 +0200: Memory Usage (480624K) : text_drw has 70 polygons
2026-10-11 04:29:36 +0200: Memory Usage (482160K) : via4_drw has 7672 polygons
2026-10-11 04:29:36 +0200: Memory Usage (482160K) : metal5_drw has 29 polygons
2026-10-11 04:29:36 +0200: Memory Usage (482160K) : metal5_filler has 0 polygons
2026-10-11 04:29:36 +0200: Memory Usage (482160K) : metal5_slit has 0 polygons
2026-10-11 04:29:36 +0200: Memory Usage (482160K) : metal5 has 29 polygons
2026-10-11 04:29:36 +0200: Memory Usage (482160K) : metal5_pin has 7 polygons
2026-10-11 04:29:36 +0200: Memory Usage (482544K) : metal5_mask has 0 polygons
2026-10-11 04:29:36 +0200: Memory Usage (482544K) : metal5_nofill has 2 polygons
2026-10-11 04:29:36 +0200: Memory Usage (482544K) : metal5_text has 0 polygons
2026-10-11 04:29:36 +0200: Memory Usage (482544K) : metal5_OPC has 0 polygons
2026-10-11 04:29:36 +0200: Memory Usage (482544K) : metal5_noqrc has 7 polygons
2026-10-11 04:29:36 +0200: Memory Usage (482672K) : metal5_res has 0 polygons
2026-10-11 04:29:36 +0200: Memory Usage (482672K) : metal5_iprobe has 0 polygons
2026-10-11 04:29:36 +0200: Memory Usage (482672K) : metal5_diffprb has 0 polygons
2026-10-11 04:29:36 +0200: Memory Usage (482672K) : radhard_drw has 0 polygons
2026-10-11 04:29:36 +0200: Memory Usage (482672K) : memcap_drw has 0 polygons
2026-10-11 04:29:36 +0200: Memory Usage (482672K) : varicap_drw has 0 polygons
2026-10-11 04:29:36 +0200: Memory Usage (482672K) : intbondvia_drw has 0 polygons
2026-10-11 04:29:36 +0200: Memory Usage (482672K) : intbondmet_drw has 0 polygons
2026-10-11 04:29:36 +0200: Memory Usage (482672K) : devbondvia_drw has 0 polygons
2026-10-11 04:29:36 +0200: Memory Usage (482672K) : devbondmet_drw has 0 polygons
2026-10-11 04:29:36 +0200: Memory Usage (482672K) : devtrench_drw has 0 polygons
2026-10-11 04:29:36 +0200: Memory Usage (482672K) : redist_drw has 0 polygons
2026-10-11 04:29:36 +0200: Memory Usage (482672K) : graphbot_drw has 0 polygons
2026-10-11 04:29:36 +0200: Memory Usage (482672K) : graphtop_drw has 0 polygons
2026-10-11 04:29:36 +0200: Memory Usage (482672K) : antvia1_drw has 0 polygons
2026-10-11 04:29:36 +0200: Memory Usage (482672K) : antmetal2_drw has 0 polygons
2026-10-11 04:29:36 +0200: Memory Usage (482672K) : graphcont_drw has 0 polygons
2026-10-11 04:29:36 +0200: Memory Usage (482672K) : siwg_drw has 0 polygons
2026-10-11 04:29:36 +0200: Memory Usage (482672K) : siwg_filler has 0 polygons
2026-10-11 04:29:36 +0200: Memory Usage (482672K) : siwg_nofill has 0 polygons
2026-10-11 04:29:36 +0200: Memory Usage (482672K) : sigrating_drw has 0 polygons
2026-10-11 04:29:36 +0200: Memory Usage (482672K) : singrating_drw has 0 polygons
2026-10-11 04:29:36 +0200: Memory Usage (482672K) : graphpas_drw has 0 polygons
2026-10-11 04:29:36 +0200: Memory Usage (482672K) : emwind3_drw has 0 polygons
2026-10-11 04:29:36 +0200: Memory Usage (482672K) : emwihv3_drw has 0 polygons
2026-10-11 04:29:36 +0200: Memory Usage (482672K) : redbulay_drw has 0 polygons
2026-10-11 04:29:36 +0200: Memory Usage (482672K) : smos_drw has 0 polygons
2026-10-11 04:29:36 +0200: Memory Usage (482672K) : graphpad_drw has 0 polygons
2026-10-11 04:29:36 +0200: Memory Usage (482672K) : polimide_drw has 0 polygons
2026-10-11 04:29:36 +0200: Memory Usage (482672K) : polimide_pin has 0 polygons
2026-10-11 04:29:36 +0200: Memory Usage (482672K) : recog_drw has 0 polygons
2026-10-11 04:29:36 +0200: Memory Usage (482672K) : recog_pin has 0 polygons
2026-10-11 04:29:36 +0200: Memory Usage (482672K) : recog_esd has 0 polygons
2026-10-11 04:29:36 +0200: Memory Usage (482672K) : recog_diode has 0 polygons
2026-10-11 04:29:36 +0200: Memory Usage (482672K) : recog_tsv has 0 polygons
2026-10-11 04:29:36 +0200: Memory Usage (482672K) : recog_iprobe has 0 polygons
2026-10-11 04:29:36 +0200: Memory Usage (482672K) : recog_diffprb has 0 polygons
2026-10-11 04:29:36 +0200: Memory Usage (482672K) : recog_pillar has 0 polygons
2026-10-11 04:29:36 +0200: Memory Usage (482672K) : recog_sbump has 0 polygons
2026-10-11 04:29:36 +0200: Memory Usage (482672K) : recog_otp has 0 polygons
2026-10-11 04:29:36 +0200: Memory Usage (482672K) : recog_pdiode has 0 polygons
2026-10-11 04:29:36 +0200: Memory Usage (482672K) : recog_mom has 0 polygons
2026-10-11 04:29:36 +0200: Memory Usage (482672K) : recog_momf has 0 polygons
2026-10-11 04:29:36 +0200: Memory Usage (482672K) : recog_pcm has 0 polygons
2026-10-11 04:29:36 +0200: Memory Usage (482672K) : colopen_drw has 0 polygons
2026-10-11 04:29:36 +0200: Memory Usage (482672K) : graphmetal1_drw has 0 polygons
2026-10-11 04:29:36 +0200: Memory Usage (482672K) : graphmetal1_filler has 0 polygons
2026-10-11 04:29:37 +0200: Memory Usage (482672K) : graphmetal1_nofill has 0 polygons
2026-10-11 04:29:37 +0200: Memory Usage (482672K) : graphmetal1_slit has 0 polygons
2026-10-11 04:29:37 +0200: Memory Usage (482672K) : graphmetal1_OPC has 0 polygons
2026-10-11 04:29:37 +0200: Memory Usage (482672K) : graphmet1l_drw has 0 polygons
2026-10-11 04:29:37 +0200: Memory Usage (482672K) : graphmet1l_filler has 0 polygons
2026-10-11 04:29:37 +0200: Memory Usage (482672K) : graphmet1l_nofill has 0 polygons
2026-10-11 04:29:37 +0200: Memory Usage (482672K) : graphmet1l_slit has 0 polygons
2026-10-11 04:29:37 +0200: Memory Usage (482672K) : graphmet1l_OPC has 0 polygons
2026-10-11 04:29:37 +0200: Memory Usage (482672K) : extblock_drw has 6 polygons
2026-10-11 04:29:37 +0200: Memory Usage (482672K) : nldd_drw has 0 polygons
2026-10-11 04:29:37 +0200: Memory Usage (482672K) : pldd_drw has 0 polygons
2026-10-11 04:29:37 +0200: Memory Usage (482672K) : next_drw has 0 polygons
2026-10-11 04:29:37 +0200: Memory Usage (482672K) : pext_drw has 0 polygons
2026-10-11 04:29:37 +0200: Memory Usage (482672K) : nexthv_drw has 0 polygons
2026-10-11 04:29:37 +0200: Memory Usage (482672K) : pexthv_drw has 0 polygons
2026-10-11 04:29:37 +0200: Memory Usage (482672K) : graphgate_drw has 0 polygons
2026-10-11 04:29:37 +0200: Memory Usage (482672K) : sinwg_drw has 0 polygons
2026-10-11 04:29:37 +0200: Memory Usage (482672K) : sinwg_filler has 0 polygons
2026-10-11 04:29:37 +0200: Memory Usage (482672K) : sinwg_nofill has 0 polygons
2026-10-11 04:29:37 +0200: Memory Usage (482672K) : mempad_drw has 0 polygons
2026-10-11 04:29:37 +0200: Memory Usage (482672K) : topvia1_drw has 3656 polygons
2026-10-11 04:29:37 +0200: Memory Usage (482672K) : topmetal1_drw has 32 polygons
2026-10-11 04:29:37 +0200: Memory Usage (482672K) : topmetal1_filler has 0 polygons
2026-10-11 04:29:37 +0200: Memory Usage (482672K) : topmetal1_slit has 0 polygons
2026-10-11 04:29:37 +0200: Memory Usage (482672K) : topmetal1 has 32 polygons
2026-10-11 04:29:37 +0200: Memory Usage (482672K) : topmetal1_pin has 11 polygons
2026-10-11 04:29:37 +0200: Memory Usage (482672K) : topmetal1_mask has 0 polygons
2026-10-11 04:29:37 +0200: Memory Usage (482672K) : topmetal1_nofill has 2 polygons
2026-10-11 04:29:37 +0200: Memory Usage (482672K) : topmetal1_text has 0 polygons
2026-10-11 04:29:37 +0200: Memory Usage (482672K) : topmetal1_noqrc has 7 polygons
2026-10-11 04:29:37 +0200: Memory Usage (482672K) : topmetal1_res has 0 polygons
2026-10-11 04:29:37 +0200: Memory Usage (482672K) : topmetal1_iprobe has 0 polygons
2026-10-11 04:29:37 +0200: Memory Usage (482672K) : topmetal1_diffprb has 0 polygons
2026-10-11 04:29:37 +0200: Memory Usage (482672K) : inldpwl_drw has 0 polygons
2026-10-11 04:29:37 +0200: Memory Usage (482672K) : polyres_drw has 6 polygons
2026-10-11 04:29:37 +0200: Memory Usage (482672K) : polyres_pin has 0 polygons
2026-10-11 04:29:37 +0200: Memory Usage (483440K) : vmim_drw has 8250 polygons
2026-10-11 04:29:37 +0200: Memory Usage (483440K) : nbulaycut_drw has 0 polygons
2026-10-11 04:29:37 +0200: Memory Usage (483440K) : antmetal1_drw has 0 polygons
2026-10-11 04:29:37 +0200: Memory Usage (483440K) : topvia2_drw has 1652 polygons
2026-10-11 04:29:37 +0200: Memory Usage (483440K) : topmetal2_drw has 16 polygons
2026-10-11 04:29:37 +0200: Memory Usage (483440K) : topmetal2_filler has 0 polygons
2026-10-11 04:29:37 +0200: Memory Usage (483440K) : topmetal2_slit has 0 polygons
2026-10-11 04:29:37 +0200: Memory Usage (483440K) : topmetal2 has 16 polygons
2026-10-11 04:29:37 +0200: Memory Usage (483440K) : topmetal2_pin has 0 polygons
2026-10-11 04:29:37 +0200: Memory Usage (483440K) : topmetal2_mask has 0 polygons
2026-10-11 04:29:37 +0200: Memory Usage (483440K) : topmetal2_nofill has 2 polygons
2026-10-11 04:29:37 +0200: Memory Usage (483440K) : topmetal2_text has 5 polygons
2026-10-11 04:29:37 +0200: Memory Usage (483440K) : topmetal2_noqrc has 0 polygons
2026-10-11 04:29:37 +0200: Memory Usage (483440K) : topmetal2_res has 0 polygons
2026-10-11 04:29:37 +0200: Memory Usage (483440K) : topmetal2_iprobe has 0 polygons
2026-10-11 04:29:37 +0200: Memory Usage (483440K) : topmetal2_diffprb has 0 polygons
2026-10-11 04:29:37 +0200: Memory Usage (483440K) : snsring_drw has 0 polygons
2026-10-11 04:29:37 +0200: Memory Usage (483440K) : sensor_drw has 0 polygons
2026-10-11 04:29:37 +0200: Memory Usage (483440K) : snsarms_drw has 0 polygons
2026-10-11 04:29:37 +0200: Memory Usage (483440K) : snscmosvia_drw has 0 polygons
2026-10-11 04:29:37 +0200: Memory Usage (483440K) : colwind_drw has 0 polygons
2026-10-11 04:29:37 +0200: Memory Usage (483440K) : flm_drw has 0 polygons
2026-10-11 04:29:37 +0200: Memory Usage (483440K) : hafniumox_drw has 0 polygons
2026-10-11 04:29:37 +0200: Memory Usage (483440K) : memvia_drw has 0 polygons
2026-10-11 04:29:37 +0200: Memory Usage (483440K) : thinfilmres_drw has 0 polygons
2026-10-11 04:29:37 +0200: Memory Usage (483440K) : rfmem_drw has 0 polygons
2026-10-11 04:29:37 +0200: Memory Usage (483440K) : norcx_drw has 2 polygons
2026-10-11 04:29:37 +0200: Memory Usage (483440K) : norcx_m2m3 has 0 polygons
2026-10-11 04:29:37 +0200: Memory Usage (483440K) : norcx_m2m4 has 0 polygons
2026-10-11 04:29:37 +0200: Memory Usage (483440K) : norcx_m2m5 has 0 polygons
2026-10-11 04:29:37 +0200: Memory Usage (483440K) : norcx_m2tm1 has 0 polygons
2026-10-11 04:29:37 +0200: Memory Usage (483440K) : norcx_m2tm2 has 0 polygons
2026-10-11 04:29:37 +0200: Memory Usage (483440K) : norcx_m3m4 has 0 polygons
2026-10-11 04:29:37 +0200: Memory Usage (483440K) : norcx_m3m5 has 0 polygons
2026-10-11 04:29:37 +0200: Memory Usage (483440K) : norcx_m3tm1 has 0 polygons
2026-10-11 04:29:37 +0200: Memory Usage (483440K) : norcx_m3tm2 has 0 polygons
2026-10-11 04:29:37 +0200: Memory Usage (483440K) : norcx_m4m5 has 0 polygons
2026-10-11 04:29:37 +0200: Memory Usage (483440K) : norcx_m4tm1 has 0 polygons
2026-10-11 04:29:37 +0200: Memory Usage (483440K) : norcx_m4tm2 has 0 polygons
2026-10-11 04:29:37 +0200: Memory Usage (483440K) : norcx_m5tm1 has 0 polygons
2026-10-11 04:29:37 +0200: Memory Usage (483440K) : norcx_m5tm2 has 0 polygons
2026-10-11 04:29:37 +0200: Memory Usage (483440K) : norcx_tm1tm2 has 0 polygons
2026-10-11 04:29:37 +0200: Memory Usage (483440K) : norcx_m1sub has 0 polygons
2026-10-11 04:29:37 +0200: Memory Usage (483440K) : norcx_m2sub has 0 polygons
2026-10-11 04:29:37 +0200: Memory Usage (483440K) : norcx_m3sub has 0 polygons
2026-10-11 04:29:37 +0200: Memory Usage (483440K) : norcx_m4sub has 0 polygons
2026-10-11 04:29:37 +0200: Memory Usage (483440K) : norcx_m5sub has 0 polygons
2026-10-11 04:29:37 +0200: Memory Usage (483440K) : norcx_tm1sub has 0 polygons
2026-10-11 04:29:37 +0200: Memory Usage (483440K) : norcx_tm2sub has 0 polygons
2026-10-11 04:29:37 +0200: Memory Usage (483440K) : snsbotvia_drw has 0 polygons
2026-10-11 04:29:37 +0200: Memory Usage (483440K) : snstopvia_drw has 0 polygons
2026-10-11 04:29:37 +0200: Memory Usage (483440K) : deepvia_drw has 0 polygons
2026-10-11 04:29:37 +0200: Memory Usage (483440K) : fgetch_drw has 0 polygons
2026-10-11 04:29:37 +0200: Memory Usage (483824K) : ctrgat_drw has 0 polygons
2026-10-11 04:29:37 +0200: Memory Usage (483824K) : fgimp_drw has 0 polygons
2026-10-11 04:29:37 +0200: Memory Usage (483824K) : emwihv_drw has 0 polygons
2026-10-11 04:29:37 +0200: Memory Usage (483824K) : lbe_drw has 0 polygons
2026-10-11 04:29:37 +0200: Memory Usage (483824K) : alcustop_drw has 0 polygons
2026-10-11 04:29:37 +0200: Memory Usage (483952K) : nometfiller_drw has 0 polygons
2026-10-11 04:29:37 +0200: Memory Usage (483952K) : prboundary_drw has 0 polygons
2026-10-11 04:29:37 +0200: Memory Usage (484080K) : exchange0_drw has 0 polygons
2026-10-11 04:29:37 +0200: Memory Usage (484080K) : exchange0_pin has 0 polygons
2026-10-11 04:29:37 +0200: Memory Usage (484208K) : exchange0_text has 0 polygons
2026-10-11 04:29:37 +0200: Memory Usage (484208K) : exchange1_drw has 0 polygons
2026-10-11 04:29:37 +0200: Memory Usage (484336K) : exchange1_pin has 0 polygons
2026-10-11 04:29:37 +0200: Memory Usage (484336K) : exchange1_text has 0 polygons
2026-10-11 04:29:37 +0200: Memory Usage (484464K) : exchange2_drw has 0 polygons
2026-10-11 04:29:37 +0200: Memory Usage (484464K) : exchange2_pin has 0 polygons
2026-10-11 04:29:37 +0200: Memory Usage (484592K) : exchange2_text has 0 polygons
2026-10-11 04:29:37 +0200: Memory Usage (484720K) : exchange3_drw has 0 polygons
2026-10-11 04:29:37 +0200: Memory Usage (484848K) : exchange3_pin has 0 polygons
2026-10-11 04:29:37 +0200: Memory Usage (484848K) : exchange3_text has 0 polygons
2026-10-11 04:29:37 +0200: Memory Usage (484976K) : exchange4_drw has 0 polygons
2026-10-11 04:29:37 +0200: Memory Usage (485232K) : exchange4_pin has 0 polygons
2026-10-11 04:29:37 +0200: Memory Usage (485232K) : exchange4_text has 0 polygons
2026-10-11 04:29:37 +0200: Memory Usage (485232K) : isonwell_drw has 0 polygons
2026-10-11 04:29:37 +0200: Memory Usage (485232K) : Total no. of polygons in the design is 43010
2026-10-11 04:29:37 +0200: Memory Usage (485232K) : Starting base layers derivations
2026-10-11 04:29:37 +0200: Memory Usage (485232K) : Starting general LVS derivations
2026-10-11 04:29:37 +0200: Memory Usage (489468K) : Starting MOSFET DERIVATIONS
2026-10-11 04:29:37 +0200: Memory Usage (489980K) : Starting NMOS DERIVATIONS
2026-10-11 04:29:37 +0200: Memory Usage (489980K) : Starting PMOS DERIVATIONS
2026-10-11 04:29:37 +0200: Memory Usage (489980K) : Starting RF-MOSFET DERIVATIONS
2026-10-11 04:29:37 +0200: Memory Usage (489980K) : Starting RF-NMOS DERIVATIONS
2026-10-11 04:29:37 +0200: Memory Usage (489980K) : Starting RF-PMOS DERIVATIONS
2026-10-11 04:29:37 +0200: Memory Usage (489980K) : Starting BJT DERIVATIONS
2026-10-11 04:29:37 +0200: Memory Usage (489980K) : Starting NPN-BJT DERIVATIONS
2026-10-11 04:29:37 +0200: Memory Usage (490108K) : Starting PNP-BJT DERIVATIONS
2026-10-11 04:29:37 +0200: Memory Usage (490108K) : Starting DIODE DERIVATIONS
2026-10-11 04:29:37 +0200: Memory Usage (490108K) : Starting RESISTOR DERIVATIONS
2026-10-11 04:29:37 +0200: Memory Usage (490108K) : Starting CAP DERIVATIONS
2026-10-11 04:29:37 +0200: Memory Usage (496252K) : Starting CAP_CMOM DERIVATIONS
2026-10-11 04:29:37 +0200: Memory Usage (496252K) : Starting CAP_CMOMF DERIVATIONS
2026-10-11 04:29:37 +0200: Memory Usage (496252K) : Starting ESD DERIVATIONS
2026-10-11 04:29:38 +0200: Memory Usage (498044K) : Starting Inductor DERIVATIONS
2026-10-11 04:29:38 +0200: Memory Usage (498172K) : Starting Taps DERIVATIONS
2026-10-11 04:29:38 +0200: Memory Usage (498172K) : Starting SG13G2 LVS connectivity setup
2026-10-11 04:29:38 +0200: Memory Usage (498172K) : Starting SG13G2 LVS connectivity setup (Inter-layer)
2026-10-11 04:29:38 +0200: Memory Usage (498684K) : Starting SG13G2 LVS connectivity setup (Global)
2026-10-11 04:29:38 +0200: Memory Usage (498684K) : Starting LVS MOSFET CONNECTIONS
2026-10-11 04:29:38 +0200: Memory Usage (498684K) : Starting LVS RF-MOSFET CONNECTIONS
2026-10-11 04:29:38 +0200: Memory Usage (498684K) : Starting LVS BJT CONNECTIONS
2026-10-11 04:29:38 +0200: Memory Usage (498684K) : Starting LVS DIODE CONNECTIONS
2026-10-11 04:29:38 +0200: Memory Usage (498684K) : Starting RESISTOR CONNECTIONS
2026-10-11 04:29:38 +0200: Memory Usage (498684K) : Starting LVS CAP CONNECTIONS
2026-10-11 04:29:38 +0200: Memory Usage (498684K) : Starting CAP_CMOM CONNECTIONS
2026-10-11 04:29:38 +0200: Memory Usage (498684K) : Starting CAP_CMOMF CONNECTIONS
2026-10-11 04:29:38 +0200: Memory Usage (498684K) : Starting ESD CONNECTIONS
2026-10-11 04:29:38 +0200: Memory Usage (498684K) : Starting Inductor CONNECTIONS
2026-10-11 04:29:38 +0200: Memory Usage (498684K) : Starting LVS Taps CONNECTIONS
2026-10-11 04:29:38 +0200: Memory Usage (498684K) : Starting SG13G2 LVS DEVICES EXTRACTION
2026-10-11 04:29:38 +0200: Memory Usage (498684K) : Starting MOSFET EXTRACTION
2026-10-11 04:29:38 +0200: Memory Usage (498684K) : Starting NMOS EXTRACTION
2026-10-11 04:29:38 +0200: Memory Usage (498684K) : Extraction of NMOS-LV transistor
2026-10-11 04:29:38 +0200: Memory Usage (499068K) : Extraction of NMOS-HV transistor
2026-10-11 04:29:38 +0200: Memory Usage (499068K) : Starting PMOS EXTRACTION
2026-10-11 04:29:38 +0200: Memory Usage (499068K) : Extraction of PMOS-LV transistor
2026-10-11 04:29:38 +0200: Memory Usage (499068K) : Extraction of PMOS-HV transistor
2026-10-11 04:29:38 +0200: Memory Usage (499068K) : Starting RF-MOSFET EXTRACTION
2026-10-11 04:29:38 +0200: Memory Usage (499068K) : Extraction of RF-NMOS-LV transistor
2026-10-11 04:29:38 +0200: Memory Usage (499068K) : Extraction of RF-NMOS-HV transistor
2026-10-11 04:29:38 +0200: Memory Usage (499068K) : Extraction of RF-PMOS-LV transistor
2026-10-11 04:29:38 +0200: Memory Usage (499068K) : Extraction of RF-PMOS-HV transistor
2026-10-11 04:29:38 +0200: Memory Usage (499068K) : Starting BJT EXTRACTION
2026-10-11 04:29:38 +0200: Memory Usage (499068K) : Starting NPN-BJT EXTRACTION
2026-10-11 04:29:38 +0200: Memory Usage (499068K) : Extraction of npn13G2 BJT transistor
2026-10-11 04:29:38 +0200: Memory Usage (499196K) : Extraction of npn13G2L BJT transistor
2026-10-11 04:29:38 +0200: Memory Usage (499332K) : Extraction of npn13G2V BJT transistor
2026-10-11 04:29:38 +0200: Memory Usage (499332K) : Starting PNP-BJT EXTRACTION
2026-10-11 04:29:38 +0200: Memory Usage (499332K) : Extracting pnpMPA BJT
2026-10-11 04:29:38 +0200: Memory Usage (499332K) : Starting DIODE EXTRACTION
2026-10-11 04:29:38 +0200: Memory Usage (499332K) : Extracting dantenna diode
2026-10-11 04:29:38 +0200: Memory Usage (499332K) : Extracting dpantenna diode
2026-10-11 04:29:38 +0200: Memory Usage (499332K) : Extracting schottky_nbl1 diode
2026-10-11 04:29:38 +0200: Memory Usage (499332K) : Extracting isolbox diode
2026-10-11 04:29:38 +0200: Memory Usage (499332K) : Starting RESISTOR EXTRACTION
2026-10-11 04:29:38 +0200: Memory Usage (499332K) : Extracting rsil resistor
2026-10-11 04:29:38 +0200: Memory Usage (499332K) : Extracting rppd resistor
2026-10-11 04:29:38 +0200: Memory Usage (500372K) : Extracting rhigh resistor
2026-10-11 04:29:38 +0200: Memory Usage (500372K) : Extracting res_metal1 resistor
2026-10-11 04:29:38 +0200: Memory Usage (500372K) : Extracting res_metal2 resistor
2026-10-11 04:29:38 +0200: Memory Usage (500372K) : Extracting res_metal3 resistor
2026-10-11 04:29:38 +0200: Memory Usage (500372K) : Extracting res_metal4 resistor
2026-10-11 04:29:38 +0200: Memory Usage (500372K) : Extracting res_metal5 resistor
2026-10-11 04:29:38 +0200: Memory Usage (500372K) : Extracting res_topmetal1 resistor
2026-10-11 04:29:38 +0200: Memory Usage (500372K) : Extracting res_topmetal2 resistor
2026-10-11 04:29:38 +0200: Memory Usage (500372K) : Starting CAP EXTRACTION
2026-10-11 04:29:38 +0200: Memory Usage (500372K) : Extracting cap_cmim device
2026-10-11 04:29:38 +0200: Memory Usage (500372K) : Extracting rfcmim device
2026-10-11 04:29:38 +0200: Memory Usage (500372K) : Extracting sg13_hv_svaricap varactor
2026-10-11 04:29:38 +0200: Memory Usage (500372K) : Extracting cap_cmomi device
2026-10-11 04:29:38 +0200: Memory Usage (500372K) : Extracting cap_cmomf device
2026-10-11 04:29:38 +0200: Memory Usage (500372K) : Extracting sg13_moscap_n capacitor
2026-10-11 04:29:38 +0200: Memory Usage (500372K) : Extracting sg13_moscap_p capacitor
2026-10-11 04:29:38 +0200: Memory Usage (500372K) : Starting ESD EXTRACTION
2026-10-11 04:29:38 +0200: Memory Usage (500372K) : Extracting diodevdd_2kv ESD device
2026-10-11 04:29:38 +0200: Memory Usage (500372K) : Extracting diodevdd_4kv ESD device
2026-10-11 04:29:38 +0200: Memory Usage (500372K) : Extracting diodevss_2kv ESD device
2026-10-11 04:29:38 +0200: Memory Usage (500372K) : Extracting diodevss_4kv ESD device
2026-10-11 04:29:38 +0200: Memory Usage (500372K) : Extracting idiodevdd_2kv ESD device
2026-10-11 04:29:38 +0200: Memory Usage (500372K) : Extracting idiodevdd_4kv ESD device
2026-10-11 04:29:38 +0200: Memory Usage (500372K) : Extracting idiodevss_2kv ESD device
2026-10-11 04:29:38 +0200: Memory Usage (500372K) : Extracting idiodevss_4kv ESD device
2026-10-11 04:29:38 +0200: Memory Usage (500372K) : Extracting nmoscl_2 ESD device
2026-10-11 04:29:38 +0200: Memory Usage (500372K) : Extracting nmoscl_4 ESD device
2026-10-11 04:29:38 +0200: Memory Usage (500372K) : Starting Inductor EXTRACTION
2026-10-11 04:29:38 +0200: Memory Usage (500372K) : Extracting Inductor2 device
2026-10-11 04:29:38 +0200: Memory Usage (500756K) : Extracting Inductor3 device
2026-10-11 04:29:38 +0200: Memory Usage (500756K) : Starting Taps EXTRACTION
2026-10-11 04:29:38 +0200: Memory Usage (500756K) : Extracting ntap1 device
2026-10-11 04:29:38 +0200: Memory Usage (500756K) : Extracting ptap1 device
2026-10-11 04:29:38 +0200: Memory Usage (500756K) : Starting SG13G2 LVS RF MOS Model Mapping
2026-10-11 04:29:38 +0200: Memory Usage (500756K) : [layout_netlist] Apply RF MOS model mapping and rfmode parameter.
2026-10-11 04:29:38 +0200: Memory Usage (500756K) : Starting SG13G2 LVS Options Preparations
2026-10-11 04:29:38 +0200: Memory Usage (500756K) : SG13G2 LVS flow: extraction -> alignment -> option preparation -> comparison.
2026-10-11 04:29:38 +0200: Memory Usage (500756K) : Starting SG13G2 LVS Alignment
2026-10-11 04:29:38 +0200: Memory Usage (500756K) : Starting SG13G2 LVS Simplification
2026-10-11 04:29:38 +0200: Memory Usage (500756K) : [layout_netlist] simplify: ENABLED
2026-10-11 04:29:38 +0200: Memory Usage (500756K) : [layout_netlist] make_top_level_pins: SKIPPED
2026-10-11 04:29:38 +0200: Memory Usage (500756K) : [layout_netlist] combine_devices: SKIPPED
2026-10-11 04:29:38 +0200: Memory Usage (500756K) : [layout_netlist] purge: SKIPPED
2026-10-11 04:29:38 +0200: Memory Usage (500756K) : [layout_netlist] purge_nets: SKIPPED
2026-10-11 04:29:38 +0200: Memory Usage (500756K) : [layout_netlist] purge_devices: SKIPPED
2026-10-11 04:29:38 +0200: Memory Usage (500756K) : [schematic_netlist] simplify: ENABLED
2026-10-11 04:29:38 +0200: Memory Usage (500756K) : [schematic_netlist] make_top_level_pins: SKIPPED
2026-10-11 04:29:38 +0200: Memory Usage (500756K) : [schematic_netlist] combine_devices: SKIPPED
2026-10-11 04:29:38 +0200: Memory Usage (500756K) : [schematic_netlist] purge: SKIPPED
2026-10-11 04:29:38 +0200: Memory Usage (500756K) : [schematic_netlist] purge_nets: SKIPPED
2026-10-11 04:29:38 +0200: Memory Usage (500756K) : [schematic_netlist] purge_devices: SKIPPED
2026-10-11 04:29:38 +0200: Memory Usage (500756K) : Starting SG13G2 LVS Comparison in strict port mode.
2026-10-11 04:29:38 +0200: Memory Usage (500756K) : flag_missing_ports enabled: missing/mislabeled top-level ports are treated as errors.
2026-10-11 04:29:38 +0200: Memory Usage (501012K) : xxxxxxxxxxxxxxxxxxxxxxxxxxxxxxxxxxxxxxxxxx
2026-10-11 04:29:38 +0200: Memory Usage (501012K) : ERROR : Netlists don't match
2026-10-11 04:29:38 +0200: Memory Usage (501012K) : xxxxxxxxxxxxxxxxxxxxxxxxxxxxxxxxxxxxxxxxxx
2026-10-11 04:29:38 +0200: Memory Usage (501012K) : LVS Total Run time 2.220007 seconds
