# Logfile created on 2026-10-11 04:40:41 +0200 by logger.rb/v1.5.3
2026-10-11 04:40:41 +0200: Memory Usage (458712K) : Starting running SG13G2 Klayout LVS runset on /foss/designs/radar-chip/lna/layout/lna_layout.gds
2026-10-11 04:40:41 +0200: Memory Usage (458712K) : Ruby Version for klayout: 3.2.3
2026-10-11 04:40:41 +0200: Memory Usage (460052K) : Loading database to memory is complete.
2026-10-11 04:40:41 +0200: Memory Usage (460052K) : SG13G2 Klayout LVS runset output at: /foss/designs/radar-chip/lna/layout/lvs_044038/lna_layout.lvsdb
2026-10-11 04:40:41 +0200: Memory Usage (460052K) : Evaluate switches.
2026-10-11 04:40:41 +0200: Memory Usage (460052K) : Extracted netlist with net names: true
2026-10-11 04:40:41 +0200: Memory Usage (460052K) : Extracted netlist with comments in details: false
2026-10-11 04:40:41 +0200: Memory Usage (460052K) : Selected NET_ONLY option: false
2026-10-11 04:40:41 +0200: Memory Usage (460052K) : Selected LAYOUT_NETLIST option: (none)
2026-10-11 04:40:41 +0200: Memory Usage (460052K) : Selected IGNORE_TOP_PORTS_MISMATCH option: true
2026-10-11 04:40:41 +0200: Memory Usage (460052K) : Selected IMPLICIT_NETS option: (none)
2026-10-11 04:40:41 +0200: Memory Usage (460052K) : Selected TOP_LVL_PINS option: false
2026-10-11 04:40:41 +0200: Memory Usage (460052K) : Selected COMBINE DEVICES option: false
2026-10-11 04:40:41 +0200: Memory Usage (460052K) : Selected PURGE option: false
2026-10-11 04:40:41 +0200: Memory Usage (460052K) : Selected PURGE_NETS option: false
2026-10-11 04:40:41 +0200: Memory Usage (460052K) : Selected SIMPLIFY option: true
2026-10-11 04:40:41 +0200: Memory Usage (460052K) : Selected SERIES_RES option: true
2026-10-11 04:40:41 +0200: Memory Usage (460052K) : Selected PARALLEL_RES option: true
2026-10-11 04:40:41 +0200: Memory Usage (460052K) : Selected DISABLE_TAP_EXTRACTION option: false
2026-10-11 04:40:41 +0200: Memory Usage (460052K) : flat  mode is enabled.
2026-10-11 04:40:41 +0200: Memory Usage (461324K) : Netlist file: /foss/designs/radar-chip/lna/layout/lna_lvs.cdl
2026-10-11 04:40:41 +0200: Memory Usage (461324K) : LVS extracted netlist at: /foss/designs/radar-chip/lna/layout/lvs_044038/lna_layout_extracted.cir
2026-10-11 04:40:41 +0200: Memory Usage (461324K) : Applying SRAM integration support.
2026-10-11 04:40:41 +0200: Memory Usage (461324K) : Starting SG13G2 LVS runset
2026-10-11 04:40:41 +0200: Memory Usage (461324K) : Read in polygons from layers.
2026-10-11 04:40:41 +0200: Memory Usage (462400K) : activ_drw has 20 polygons
2026-10-11 04:40:41 +0200: Memory Usage (462400K) : activ_filler has 0 polygons
2026-10-11 04:40:41 +0200: Memory Usage (462528K) : activ has 20 polygons
2026-10-11 04:40:41 +0200: Memory Usage (462528K) : activ_pin has 0 polygons
2026-10-11 04:40:41 +0200: Memory Usage (462528K) : activ_mask has 4 polygons
2026-10-11 04:40:41 +0200: Memory Usage (462528K) : activ_nofill has 2 polygons
2026-10-11 04:40:41 +0200: Memory Usage (462528K) : activ_OPC has 0 polygons
2026-10-11 04:40:41 +0200: Memory Usage (462528K) : activ_iOPC has 0 polygons
2026-10-11 04:40:41 +0200: Memory Usage (462528K) : activ_noqrc has 7 polygons
2026-10-11 04:40:41 +0200: Memory Usage (462528K) : biwind_drw has 0 polygons
2026-10-11 04:40:41 +0200: Memory Usage (462656K) : biwind_OPC has 0 polygons
2026-10-11 04:40:41 +0200: Memory Usage (462784K) : gatpoly_drw has 12 polygons
2026-10-11 04:40:41 +0200: Memory Usage (462912K) : gatpoly_filler has 0 polygons
2026-10-11 04:40:41 +0200: Memory Usage (462912K) : gatpoly has 12 polygons
2026-10-11 04:40:41 +0200: Memory Usage (463424K) : gatpoly_pin has 0 polygons
2026-10-11 04:40:41 +0200: Memory Usage (463552K) : gatpoly_nofill has 2 polygons
2026-10-11 04:40:41 +0200: Memory Usage (463552K) : gatpoly_OPC has 0 polygons
2026-10-11 04:40:41 +0200: Memory Usage (463552K) : gatpoly_iOPC has 0 polygons
2026-10-11 04:40:41 +0200: Memory Usage (463680K) : gatpoly_noqrc has 0 polygons
2026-10-11 04:40:41 +0200: Memory Usage (466880K) : cont_drw has 12325 polygons
2026-10-11 04:40:41 +0200: Memory Usage (466880K) : cont_OPC has 0 polygons
2026-10-11 04:40:41 +0200: Memory Usage (466880K) : nsd_drw has 3 polygons
2026-10-11 04:40:41 +0200: Memory Usage (467008K) : nsd_block has 4 polygons
2026-10-11 04:40:41 +0200: Memory Usage (467008K) : metal1_drw has 46 polygons
2026-10-11 04:40:41 +0200: Memory Usage (467008K) : metal1_filler has 0 polygons
2026-10-11 04:40:41 +0200: Memory Usage (467008K) : metal1_slit has 0 polygons
2026-10-11 04:40:41 +0200: Memory Usage (467008K) : metal1 has 46 polygons
2026-10-11 04:40:41 +0200: Memory Usage (467008K) : metal1_pin has 32 polygons
2026-10-11 04:40:41 +0200: Memory Usage (467008K) : metal1_mask has 0 polygons
2026-10-11 04:40:41 +0200: Memory Usage (467136K) : metal1_nofill has 2 polygons
2026-10-11 04:40:41 +0200: Memory Usage (467136K) : metal1_text has 0 polygons
2026-10-11 04:40:41 +0200: Memory Usage (467136K) : metal1_OPC has 0 polygons
2026-10-11 04:40:41 +0200: Memory Usage (467136K) : metal1_noqrc has 7 polygons
2026-10-11 04:40:41 +0200: Memory Usage (467520K) : metal1_res has 0 polygons
2026-10-11 04:40:41 +0200: Memory Usage (467520K) : metal1_iprobe has 0 polygons
2026-10-11 04:40:41 +0200: Memory Usage (467520K) : metal1_diffprb has 0 polygons
2026-10-11 04:40:41 +0200: Memory Usage (467520K) : passiv_drw has 10 polygons
2026-10-11 04:40:41 +0200: Memory Usage (467520K) : passiv_pin has 0 polygons
2026-10-11 04:40:41 +0200: Memory Usage (467648K) : passiv_sbump has 0 polygons
2026-10-11 04:40:41 +0200: Memory Usage (467648K) : passiv_pillar has 0 polygons
2026-10-11 04:40:41 +0200: Memory Usage (467776K) : passiv_pdl has 0 polygons
2026-10-11 04:40:41 +0200: Memory Usage (467776K) : metal2_drw has 29 polygons
2026-10-11 04:40:41 +0200: Memory Usage (468032K) : metal2_filler has 0 polygons
2026-10-11 04:40:41 +0200: Memory Usage (468160K) : metal2_slit has 0 polygons
2026-10-11 04:40:41 +0200: Memory Usage (468288K) : metal2 has 29 polygons
2026-10-11 04:40:41 +0200: Memory Usage (468416K) : metal2_pin has 4 polygons
2026-10-11 04:40:41 +0200: Memory Usage (468544K) : metal2_mask has 0 polygons
2026-10-11 04:40:41 +0200: Memory Usage (468672K) : metal2_nofill has 2 polygons
2026-10-11 04:40:41 +0200: Memory Usage (468672K) : metal2_text has 0 polygons
2026-10-11 04:40:41 +0200: Memory Usage (468800K) : metal2_OPC has 0 polygons
2026-10-11 04:40:41 +0200: Memory Usage (468928K) : metal2_noqrc has 7 polygons
2026-10-11 04:40:41 +0200: Memory Usage (469184K) : metal2_res has 0 polygons
2026-10-11 04:40:41 +0200: Memory Usage (469312K) : metal2_iprobe has 0 polygons
2026-10-11 04:40:41 +0200: Memory Usage (469440K) : metal2_diffprb has 0 polygons
2026-10-11 04:40:41 +0200: Memory Usage (469568K) : baspoly_drw has 0 polygons
2026-10-11 04:40:41 +0200: Memory Usage (469696K) : baspoly_pin has 0 polygons
2026-10-11 04:40:41 +0200: Memory Usage (469696K) : psd_drw has 22 polygons
2026-10-11 04:40:41 +0200: Memory Usage (469824K) : nldb_drw has 0 polygons
2026-10-11 04:40:41 +0200: Memory Usage (469952K) : digibnd_drw has 0 polygons
2026-10-11 04:40:41 +0200: Memory Usage (469952K) : via1_drw has 592 polygons
2026-10-11 04:40:41 +0200: Memory Usage (470208K) : backmetal1_drw has 0 polygons
2026-10-11 04:40:41 +0200: Memory Usage (470336K) : backmetal1_pin has 0 polygons
2026-10-11 04:40:41 +0200: Memory Usage (470464K) : backmetal1_mask has 0 polygons
2026-10-11 04:40:41 +0200: Memory Usage (470592K) : backmetal1_filler has 0 polygons
2026-10-11 04:40:41 +0200: Memory Usage (470720K) : backmetal1_nofill has 0 polygons
2026-10-11 04:40:41 +0200: Memory Usage (470848K) : backmetal1_slit has 0 polygons
2026-10-11 04:40:41 +0200: Memory Usage (470976K) : backmetal1_text has 0 polygons
2026-10-11 04:40:41 +0200: Memory Usage (471104K) : backmetal1_OPC has 0 polygons
2026-10-11 04:40:41 +0200: Memory Usage (471232K) : backmetal1_noqrc has 0 polygons
2026-10-11 04:40:41 +0200: Memory Usage (471360K) : backmetal1_res has 0 polygons
2026-10-11 04:40:41 +0200: Memory Usage (471488K) : backmetal1_iprobe has 0 polygons
2026-10-11 04:40:41 +0200: Memory Usage (471616K) : backmetal1_diffprb has 0 polygons
2026-10-11 04:40:41 +0200: Memory Usage (471744K) : backpassiv_drw has 0 polygons
2026-10-11 04:40:41 +0200: Memory Usage (471872K) : res_drw has 0 polygons
2026-10-11 04:40:41 +0200: Memory Usage (472000K) : sram_drw has 0 polygons
2026-10-11 04:40:41 +0200: Memory Usage (472128K) : trans_drw has 4 polygons
2026-10-11 04:40:41 +0200: Memory Usage (472256K) : ind_drw has 2 polygons
2026-10-11 04:40:41 +0200: Memory Usage (472512K) : ind_pin has 4 polygons
2026-10-11 04:40:41 +0200: Memory Usage (472640K) : ind_text has 4 polygons
2026-10-11 04:40:41 +0200: Memory Usage (472768K) : salblock_drw has 6 polygons
2026-10-11 04:40:41 +0200: Memory Usage (472896K) : via2_drw has 464 polygons
2026-10-11 04:40:41 +0200: Memory Usage (473024K) : metal3_drw has 37 polygons
2026-10-11 04:40:41 +0200: Memory Usage (473152K) : metal3_filler has 0 polygons
2026-10-11 04:40:41 +0200: Memory Usage (473280K) : metal3_slit has 0 polygons
2026-10-11 04:40:41 +0200: Memory Usage (473408K) : metal3 has 37 polygons
2026-10-11 04:40:41 +0200: Memory Usage (473536K) : metal3_pin has 0 polygons
2026-10-11 04:40:41 +0200: Memory Usage (473664K) : metal3_mask has 0 polygons
2026-10-11 04:40:41 +0200: Memory Usage (473792K) : metal3_nofill has 2 polygons
2026-10-11 04:40:41 +0200: Memory Usage (473920K) : metal3_text has 0 polygons
2026-10-11 04:40:41 +0200: Memory Usage (474048K) : metal3_OPC has 0 polygons
2026-10-11 04:40:41 +0200: Memory Usage (474176K) : metal3_noqrc has 7 polygons
2026-10-11 04:40:41 +0200: Memory Usage (474304K) : metal3_res has 0 polygons
2026-10-11 04:40:41 +0200: Memory Usage (474432K) : metal3_iprobe has 0 polygons
2026-10-11 04:40:41 +0200: Memory Usage (474560K) : metal3_diffprb has 0 polygons
2026-10-11 04:40:41 +0200: Memory Usage (474688K) : nwell_drw has 0 polygons
2026-10-11 04:40:41 +0200: Memory Usage (474816K) : nwell_pin has 0 polygons
2026-10-11 04:40:41 +0200: Memory Usage (474944K) : nwell_text has 0 polygons
2026-10-11 04:40:41 +0200: Memory Usage (475072K) : nbulay_drw has 0 polygons
2026-10-11 04:40:41 +0200: Memory Usage (475200K) : nbulay_pin has 0 polygons
2026-10-11 04:40:41 +0200: Memory Usage (475328K) : nbulay_block has 0 polygons
2026-10-11 04:40:41 +0200: Memory Usage (475328K) : emwind_drw has 18 polygons
2026-10-11 04:40:41 +0200: Memory Usage (475456K) : emwind_OPC has 0 polygons
2026-10-11 04:40:41 +0200: Memory Usage (475584K) : deepco_drw has 0 polygons
2026-10-11 04:40:41 +0200: Memory Usage (475712K) : mim_drw has 7 polygons
2026-10-11 04:40:41 +0200: Memory Usage (475968K) : edgeseal_drw has 0 polygons
2026-10-11 04:40:41 +0200: Memory Usage (476096K) : substrate_drw has 5 polygons
2026-10-11 04:40:41 +0200: Memory Usage (476096K) : substrate_text has 0 polygons
2026-10-11 04:40:41 +0200: Memory Usage (476224K) : dfpad_drw has 10 polygons
2026-10-11 04:40:41 +0200: Memory Usage (476352K) : dfpad_pillar has 0 polygons
2026-10-11 04:40:41 +0200: Memory Usage (476480K) : dfpad_sbump has 0 polygons
2026-10-11 04:40:41 +0200: Memory Usage (476608K) : thickgateox_drw has 0 polygons
2026-10-11 04:40:41 +0200: Memory Usage (476864K) : pldb_drw has 0 polygons
2026-10-11 04:40:41 +0200: Memory Usage (476992K) : pwell_drw has 0 polygons
2026-10-11 04:40:41 +0200: Memory Usage (477120K) : pwell_pin has 0 polygons
2026-10-11 04:40:41 +0200: Memory Usage (477248K) : pwell_block has 9 polygons
2026-10-11 04:40:41 +0200: Memory Usage (477376K) : ic_drw has 0 polygons
2026-10-11 04:40:41 +0200: Memory Usage (478912K) : via3_drw has 7816 polygons
2026-10-11 04:40:41 +0200: Memory Usage (478912K) : metal4_drw has 16 polygons
2026-10-11 04:40:41 +0200: Memory Usage (478912K) : metal4_filler has 0 polygons
2026-10-11 04:40:41 +0200: Memory Usage (478912K) : metal4_slit has 0 polygons
2026-10-11 04:40:41 +0200: Memory Usage (478912K) : metal4 has 16 polygons
2026-10-11 04:40:41 +0200: Memory Usage (478912K) : metal4_pin has 0 polygons
2026-10-11 04:40:41 +0200: Memory Usage (478912K) : metal4_mask has 0 polygons
2026-10-11 04:40:41 +0200: Memory Usage (478912K) : metal4_nofill has 2 polygons
2026-10-11 04:40:41 +0200: Memory Usage (478912K) : metal4_text has 0 polygons
2026-10-11 04:40:41 +0200: Memory Usage (478912K) : metal4_OPC has 0 polygons
2026-10-11 04:40:41 +0200: Memory Usage (479296K) : metal4_noqrc has 7 polygons
2026-10-11 04:40:41 +0200: Memory Usage (479296K) : metal4_res has 0 polygons
2026-10-11 04:40:41 +0200: Memory Usage (479296K) : metal4_iprobe has 0 polygons
2026-10-11 04:40:41 +0200: Memory Usage (479296K) : metal4_diffprb has 0 polygons
2026-10-11 04:40:41 +0200: Memory Usage (479424K) : heattrans_drw has 18 polygons
2026-10-11 04:40:41 +0200: Memory Usage (479552K) : heatres_drw has 6 polygons
2026-10-11 04:40:41 +0200: Memory Usage (479680K) : fbe_drw has 0 polygons
2026-10-11 04:40:41 +0200: Memory Usage (479808K) : empoly_drw has 0 polygons
2026-10-11 04:40:41 +0200: Memory Usage (480064K) : digisub_drw has 0 polygons
2026-10-11 04:40:41 +0200: Memory Usage (480064K) : text_drw has 70 polygons
2026-10-11 04:40:41 +0200: Memory Usage (481600K) : via4_drw has 7672 polygons
2026-10-11 04:40:41 +0200: Memory Usage (481600K) : metal5_drw has 29 polygons
2026-10-11 04:40:41 +0200: Memory Usage (481600K) : metal5_filler has 0 polygons
2026-10-11 04:40:41 +0200: Memory Usage (481600K) : metal5_slit has 0 polygons
2026-10-11 04:40:41 +0200: Memory Usage (481600K) : metal5 has 29 polygons
2026-10-11 04:40:41 +0200: Memory Usage (481600K) : metal5_pin has 7 polygons
2026-10-11 04:40:41 +0200: Memory Usage (481600K) : metal5_mask has 0 polygons
2026-10-11 04:40:41 +0200: Memory Usage (481600K) : metal5_nofill has 2 polygons
2026-10-11 04:40:41 +0200: Memory Usage (481600K) : metal5_text has 0 polygons
2026-10-11 04:40:41 +0200: Memory Usage (481600K) : metal5_OPC has 0 polygons
2026-10-11 04:40:41 +0200: Memory Usage (481600K) : metal5_noqrc has 7 polygons
2026-10-11 04:40:41 +0200: Memory Usage (481600K) : metal5_res has 0 polygons
2026-10-11 04:40:41 +0200: Memory Usage (481600K) : metal5_iprobe has 0 polygons
2026-10-11 04:40:41 +0200: Memory Usage (481600K) : metal5_diffprb has 0 polygons
2026-10-11 04:40:41 +0200: Memory Usage (481600K) : radhard_drw has 0 polygons
2026-10-11 04:40:41 +0200: Memory Usage (481600K) : memcap_drw has 0 polygons
2026-10-11 04:40:41 +0200: Memory Usage (481600K) : varicap_drw has 0 polygons
2026-10-11 04:40:41 +0200: Memory Usage (481600K) : intbondvia_drw has 0 polygons
2026-10-11 04:40:41 +0200: Memory Usage (481600K) : intbondmet_drw has 0 polygons
2026-10-11 04:40:41 +0200: Memory Usage (481600K) : devbondvia_drw has 0 polygons
2026-10-11 04:40:41 +0200: Memory Usage (481600K) : devbondmet_drw has 0 polygons
2026-10-11 04:40:41 +0200: Memory Usage (481600K) : devtrench_drw has 0 polygons
2026-10-11 04:40:41 +0200: Memory Usage (481600K) : redist_drw has 0 polygons
2026-10-11 04:40:41 +0200: Memory Usage (481600K) : graphbot_drw has 0 polygons
2026-10-11 04:40:41 +0200: Memory Usage (481600K) : graphtop_drw has 0 polygons
2026-10-11 04:40:41 +0200: Memory Usage (481600K) : antvia1_drw has 0 polygons
2026-10-11 04:40:41 +0200: Memory Usage (481600K) : antmetal2_drw has 0 polygons
2026-10-11 04:40:41 +0200: Memory Usage (481600K) : graphcont_drw has 0 polygons
2026-10-11 04:40:41 +0200: Memory Usage (481600K) : siwg_drw has 0 polygons
2026-10-11 04:40:41 +0200: Memory Usage (481600K) : siwg_filler has 0 polygons
2026-10-11 04:40:41 +0200: Memory Usage (481600K) : siwg_nofill has 0 polygons
2026-10-11 04:40:41 +0200: Memory Usage (481600K) : sigrating_drw has 0 polygons
2026-10-11 04:40:41 +0200: Memory Usage (481600K) : singrating_drw has 0 polygons
2026-10-11 04:40:41 +0200: Memory Usage (481600K) : graphpas_drw has 0 polygons
2026-10-11 04:40:41 +0200: Memory Usage (481600K) : emwind3_drw has 0 polygons
2026-10-11 04:40:41 +0200: Memory Usage (481600K) : emwihv3_drw has 0 polygons
2026-10-11 04:40:41 +0200: Memory Usage (481600K) : redbulay_drw has 0 polygons
2026-10-11 04:40:41 +0200: Memory Usage (481600K) : smos_drw has 0 polygons
2026-10-11 04:40:41 +0200: Memory Usage (481600K) : graphpad_drw has 0 polygons
2026-10-11 04:40:41 +0200: Memory Usage (481600K) : polimide_drw has 0 polygons
2026-10-11 04:40:41 +0200: Memory Usage (481600K) : polimide_pin has 0 polygons
2026-10-11 04:40:41 +0200: Memory Usage (481600K) : recog_drw has 0 polygons
2026-10-11 04:40:41 +0200: Memory Usage (481600K) : recog_pin has 0 polygons
2026-10-11 04:40:41 +0200: Memory Usage (481600K) : recog_esd has 0 polygons
2026-10-11 04:40:41 +0200: Memory Usage (481600K) : recog_diode has 0 polygons
2026-10-11 04:40:41 +0200: Memory Usage (481600K) : recog_tsv has 0 polygons
2026-10-11 04:40:41 +0200: Memory Usage (481600K) : recog_iprobe has 0 polygons
2026-10-11 04:40:41 +0200: Memory Usage (481600K) : recog_diffprb has 0 polygons
2026-10-11 04:40:41 +0200: Memory Usage (481600K) : recog_pillar has 0 polygons
2026-10-11 04:40:41 +0200: Memory Usage (481600K) : recog_sbump has 0 polygons
2026-10-11 04:40:41 +0200: Memory Usage (481600K) : recog_otp has 0 polygons
2026-10-11 04:40:41 +0200: Memory Usage (481600K) : recog_pdiode has 0 polygons
2026-10-11 04:40:41 +0200: Memory Usage (481600K) : recog_mom has 0 polygons
2026-10-11 04:40:41 +0200: Memory Usage (481600K) : recog_momf has 0 polygons
2026-10-11 04:40:41 +0200: Memory Usage (481600K) : recog_pcm has 0 polygons
2026-10-11 04:40:41 +0200: Memory Usage (481600K) : colopen_drw has 0 polygons
2026-10-11 04:40:41 +0200: Memory Usage (481600K) : graphmetal1_drw has 0 polygons
2026-10-11 04:40:41 +0200: Memory Usage (481600K) : graphmetal1_filler has 0 polygons
2026-10-11 04:40:41 +0200: Memory Usage (481600K) : graphmetal1_nofill has 0 polygons
2026-10-11 04:40:41 +0200: Memory Usage (481600K) : graphmetal1_slit has 0 polygons
2026-10-11 04:40:41 +0200: Memory Usage (481600K) : graphmetal1_OPC has 0 polygons
2026-10-11 04:40:41 +0200: Memory Usage (481600K) : graphmet1l_drw has 0 polygons
2026-10-11 04:40:41 +0200: Memory Usage (481600K) : graphmet1l_filler has 0 polygons
2026-10-11 04:40:41 +0200: Memory Usage (481600K) : graphmet1l_nofill has 0 polygons
2026-10-11 04:40:41 +0200: Memory Usage (481600K) : graphmet1l_slit has 0 polygons
2026-10-11 04:40:41 +0200: Memory Usage (481600K) : graphmet1l_OPC has 0 polygons
2026-10-11 04:40:41 +0200: Memory Usage (481600K) : extblock_drw has 6 polygons
2026-10-11 04:40:41 +0200: Memory Usage (481600K) : nldd_drw has 0 polygons
2026-10-11 04:40:41 +0200: Memory Usage (481600K) : pldd_drw has 0 polygons
2026-10-11 04:40:41 +0200: Memory Usage (481600K) : next_drw has 0 polygons
2026-10-11 04:40:41 +0200: Memory Usage (481600K) : pext_drw has 0 polygons
2026-10-11 04:40:41 +0200: Memory Usage (481600K) : nexthv_drw has 0 polygons
2026-10-11 04:40:41 +0200: Memory Usage (481600K) : pexthv_drw has 0 polygons
2026-10-11 04:40:41 +0200: Memory Usage (481600K) : graphgate_drw has 0 polygons
2026-10-11 04:40:41 +0200: Memory Usage (481600K) : sinwg_drw has 0 polygons
2026-10-11 04:40:41 +0200: Memory Usage (481600K) : sinwg_filler has 0 polygons
2026-10-11 04:40:41 +0200: Memory Usage (481600K) : sinwg_nofill has 0 polygons
2026-10-11 04:40:42 +0200: Memory Usage (481600K) : mempad_drw has 0 polygons
2026-10-11 04:40:42 +0200: Memory Usage (481600K) : topvia1_drw has 3656 polygons
2026-10-11 04:40:42 +0200: Memory Usage (481600K) : topmetal1_drw has 32 polygons
2026-10-11 04:40:42 +0200: Memory Usage (481600K) : topmetal1_filler has 0 polygons
2026-10-11 04:40:42 +0200: Memory Usage (481600K) : topmetal1_slit has 0 polygons
2026-10-11 04:40:42 +0200: Memory Usage (481600K) : topmetal1 has 32 polygons
2026-10-11 04:40:42 +0200: Memory Usage (481600K) : topmetal1_pin has 11 polygons
2026-10-11 04:40:42 +0200: Memory Usage (481600K) : topmetal1_mask has 0 polygons
2026-10-11 04:40:42 +0200: Memory Usage (481600K) : topmetal1_nofill has 2 polygons
2026-10-11 04:40:42 +0200: Memory Usage (481600K) : topmetal1_text has 0 polygons
2026-10-11 04:40:42 +0200: Memory Usage (481600K) : topmetal1_noqrc has 7 polygons
2026-10-11 04:40:42 +0200: Memory Usage (481600K) : topmetal1_res has 0 polygons
2026-10-11 04:40:42 +0200: Memory Usage (481600K) : topmetal1_iprobe has 0 polygons
2026-10-11 04:40:42 +0200: Memory Usage (481600K) : topmetal1_diffprb has 0 polygons
2026-10-11 04:40:42 +0200: Memory Usage (481600K) : inldpwl_drw has 0 polygons
2026-10-11 04:40:42 +0200: Memory Usage (481600K) : polyres_drw has 6 polygons
2026-10-11 04:40:42 +0200: Memory Usage (481600K) : polyres_pin has 0 polygons
2026-10-11 04:40:42 +0200: Memory Usage (482240K) : vmim_drw has 8250 polygons
2026-10-11 04:40:42 +0200: Memory Usage (482240K) : nbulaycut_drw has 0 polygons
2026-10-11 04:40:42 +0200: Memory Usage (482240K) : antmetal1_drw has 0 polygons
2026-10-11 04:40:42 +0200: Memory Usage (482240K) : topvia2_drw has 1652 polygons
2026-10-11 04:40:42 +0200: Memory Usage (482240K) : topmetal2_drw has 16 polygons
2026-10-11 04:40:42 +0200: Memory Usage (482240K) : topmetal2_filler has 0 polygons
2026-10-11 04:40:42 +0200: Memory Usage (482240K) : topmetal2_slit has 0 polygons
2026-10-11 04:40:42 +0200: Memory Usage (482240K) : topmetal2 has 16 polygons
2026-10-11 04:40:42 +0200: Memory Usage (482240K) : topmetal2_pin has 0 polygons
2026-10-11 04:40:42 +0200: Memory Usage (482240K) : topmetal2_mask has 0 polygons
2026-10-11 04:40:42 +0200: Memory Usage (482240K) : topmetal2_nofill has 2 polygons
2026-10-11 04:40:42 +0200: Memory Usage (482240K) : topmetal2_text has 5 polygons
2026-10-11 04:40:42 +0200: Memory Usage (482240K) : topmetal2_noqrc has 0 polygons
2026-10-11 04:40:42 +0200: Memory Usage (482240K) : topmetal2_res has 0 polygons
2026-10-11 04:40:42 +0200: Memory Usage (482240K) : topmetal2_iprobe has 0 polygons
2026-10-11 04:40:42 +0200: Memory Usage (482240K) : topmetal2_diffprb has 0 polygons
2026-10-11 04:40:42 +0200: Memory Usage (482240K) : snsring_drw has 0 polygons
2026-10-11 04:40:42 +0200: Memory Usage (482240K) : sensor_drw has 0 polygons
2026-10-11 04:40:42 +0200: Memory Usage (482240K) : snsarms_drw has 0 polygons
2026-10-11 04:40:42 +0200: Memory Usage (482240K) : snscmosvia_drw has 0 polygons
2026-10-11 04:40:42 +0200: Memory Usage (482240K) : colwind_drw has 0 polygons
2026-10-11 04:40:42 +0200: Memory Usage (482240K) : flm_drw has 0 polygons
2026-10-11 04:40:42 +0200: Memory Usage (482240K) : hafniumox_drw has 0 polygons
2026-10-11 04:40:42 +0200: Memory Usage (482240K) : memvia_drw has 0 polygons
2026-10-11 04:40:42 +0200: Memory Usage (482240K) : thinfilmres_drw has 0 polygons
2026-10-11 04:40:42 +0200: Memory Usage (482240K) : rfmem_drw has 0 polygons
2026-10-11 04:40:42 +0200: Memory Usage (482240K) : norcx_drw has 2 polygons
2026-10-11 04:40:42 +0200: Memory Usage (482240K) : norcx_m2m3 has 0 polygons
2026-10-11 04:40:42 +0200: Memory Usage (482240K) : norcx_m2m4 has 0 polygons
2026-10-11 04:40:42 +0200: Memory Usage (482240K) : norcx_m2m5 has 0 polygons
2026-10-11 04:40:42 +0200: Memory Usage (482240K) : norcx_m2tm1 has 0 polygons
2026-10-11 04:40:42 +0200: Memory Usage (482240K) : norcx_m2tm2 has 0 polygons
2026-10-11 04:40:42 +0200: Memory Usage (482240K) : norcx_m3m4 has 0 polygons
2026-10-11 04:40:42 +0200: Memory Usage (482240K) : norcx_m3m5 has 0 polygons
2026-10-11 04:40:42 +0200: Memory Usage (482624K) : norcx_m3tm1 has 0 polygons
2026-10-11 04:40:42 +0200: Memory Usage (482624K) : norcx_m3tm2 has 0 polygons
2026-10-11 04:40:42 +0200: Memory Usage (482624K) : norcx_m4m5 has 0 polygons
2026-10-11 04:40:42 +0200: Memory Usage (482624K) : norcx_m4tm1 has 0 polygons
2026-10-11 04:40:42 +0200: Memory Usage (482752K) : norcx_m4tm2 has 0 polygons
2026-10-11 04:40:42 +0200: Memory Usage (482880K) : norcx_m5tm1 has 0 polygons
2026-10-11 04:40:42 +0200: Memory Usage (482880K) : norcx_m5tm2 has 0 polygons
2026-10-11 04:40:42 +0200: Memory Usage (483008K) : norcx_tm1tm2 has 0 polygons
2026-10-11 04:40:42 +0200: Memory Usage (483008K) : norcx_m1sub has 0 polygons
2026-10-11 04:40:42 +0200: Memory Usage (483136K) : norcx_m2sub has 0 polygons
2026-10-11 04:40:42 +0200: Memory Usage (483264K) : norcx_m3sub has 0 polygons
2026-10-11 04:40:42 +0200: Memory Usage (483264K) : norcx_m4sub has 0 polygons
2026-10-11 04:40:42 +0200: Memory Usage (483392K) : norcx_m5sub has 0 polygons
2026-10-11 04:40:42 +0200: Memory Usage (483392K) : norcx_tm1sub has 0 polygons
2026-10-11 04:40:42 +0200: Memory Usage (483520K) : norcx_tm2sub has 0 polygons
2026-10-11 04:40:42 +0200: Memory Usage (483648K) : snsbotvia_drw has 0 polygons
2026-10-11 04:40:42 +0200: Memory Usage (483648K) : snstopvia_drw has 0 polygons
2026-10-11 04:40:42 +0200: Memory Usage (483776K) : deepvia_drw has 0 polygons
2026-10-11 04:40:42 +0200: Memory Usage (483776K) : fgetch_drw has 0 polygons
2026-10-11 04:40:42 +0200: Memory Usage (483904K) : ctrgat_drw has 0 polygons
2026-10-11 04:40:42 +0200: Memory Usage (483904K) : fgimp_drw has 0 polygons
2026-10-11 04:40:42 +0200: Memory Usage (484032K) : emwihv_drw has 0 polygons
2026-10-11 04:40:42 +0200: Memory Usage (484032K) : lbe_drw has 0 polygons
2026-10-11 04:40:42 +0200: Memory Usage (484288K) : alcustop_drw has 0 polygons
2026-10-11 04:40:42 +0200: Memory Usage (484416K) : nometfiller_drw has 0 polygons
2026-10-11 04:40:42 +0200: Memory Usage (484544K) : prboundary_drw has 0 polygons
2026-10-11 04:40:42 +0200: Memory Usage (484672K) : exchange0_drw has 0 polygons
2026-10-11 04:40:42 +0200: Memory Usage (484800K) : exchange0_pin has 0 polygons
2026-10-11 04:40:42 +0200: Memory Usage (484800K) : exchange0_text has 0 polygons
2026-10-11 04:40:42 +0200: Memory Usage (484928K) : exchange1_drw has 0 polygons
2026-10-11 04:40:42 +0200: Memory Usage (484928K) : exchange1_pin has 0 polygons
2026-10-11 04:40:42 +0200: Memory Usage (485056K) : exchange1_text has 0 polygons
2026-10-11 04:40:42 +0200: Memory Usage (485056K) : exchange2_drw has 0 polygons
2026-10-11 04:40:42 +0200: Memory Usage (485184K) : exchange2_pin has 0 polygons
2026-10-11 04:40:42 +0200: Memory Usage (485184K) : exchange2_text has 0 polygons
2026-10-11 04:40:42 +0200: Memory Usage (485312K) : exchange3_drw has 0 polygons
2026-10-11 04:40:42 +0200: Memory Usage (485312K) : exchange3_pin has 0 polygons
2026-10-11 04:40:42 +0200: Memory Usage (485440K) : exchange3_text has 0 polygons
2026-10-11 04:40:42 +0200: Memory Usage (485440K) : exchange4_drw has 0 polygons
2026-10-11 04:40:42 +0200: Memory Usage (485568K) : exchange4_pin has 0 polygons
2026-10-11 04:40:42 +0200: Memory Usage (485568K) : exchange4_text has 0 polygons
2026-10-11 04:40:42 +0200: Memory Usage (485696K) : isonwell_drw has 0 polygons
2026-10-11 04:40:42 +0200: Memory Usage (485696K) : Total no. of polygons in the design is 43010
2026-10-11 04:40:42 +0200: Memory Usage (485696K) : Starting base layers derivations
2026-10-11 04:40:42 +0200: Memory Usage (485696K) : Starting general LVS derivations
2026-10-11 04:40:42 +0200: Memory Usage (490304K) : Starting MOSFET DERIVATIONS
2026-10-11 04:40:42 +0200: Memory Usage (490304K) : Starting NMOS DERIVATIONS
2026-10-11 04:40:42 +0200: Memory Usage (490304K) : Starting PMOS DERIVATIONS
2026-10-11 04:40:42 +0200: Memory Usage (490304K) : Starting RF-MOSFET DERIVATIONS
2026-10-11 04:40:42 +0200: Memory Usage (490304K) : Starting RF-NMOS DERIVATIONS
2026-10-11 04:40:42 +0200: Memory Usage (490304K) : Starting RF-PMOS DERIVATIONS
2026-10-11 04:40:42 +0200: Memory Usage (490304K) : Starting BJT DERIVATIONS
2026-10-11 04:40:42 +0200: Memory Usage (490304K) : Starting NPN-BJT DERIVATIONS
2026-10-11 04:40:42 +0200: Memory Usage (490560K) : Starting PNP-BJT DERIVATIONS
2026-10-11 04:40:42 +0200: Memory Usage (490560K) : Starting DIODE DERIVATIONS
2026-10-11 04:40:42 +0200: Memory Usage (490560K) : Starting RESISTOR DERIVATIONS
2026-10-11 04:40:42 +0200: Memory Usage (490560K) : Starting CAP DERIVATIONS
2026-10-11 04:40:42 +0200: Memory Usage (495808K) : Starting CAP_CMOM DERIVATIONS
2026-10-11 04:40:42 +0200: Memory Usage (495936K) : Starting CAP_CMOMF DERIVATIONS
2026-10-11 04:40:42 +0200: Memory Usage (496192K) : Starting ESD DERIVATIONS
2026-10-11 04:40:42 +0200: Memory Usage (498112K) : Starting Inductor DERIVATIONS
2026-10-11 04:40:43 +0200: Memory Usage (498368K) : Starting Taps DERIVATIONS
2026-10-11 04:40:43 +0200: Memory Usage (498368K) : Starting SG13G2 LVS connectivity setup
2026-10-11 04:40:43 +0200: Memory Usage (498368K) : Starting SG13G2 LVS connectivity setup (Inter-layer)
2026-10-11 04:40:43 +0200: Memory Usage (498752K) : Starting SG13G2 LVS connectivity setup (Global)
2026-10-11 04:40:43 +0200: Memory Usage (498752K) : Starting LVS MOSFET CONNECTIONS
2026-10-11 04:40:43 +0200: Memory Usage (498752K) : Starting LVS RF-MOSFET CONNECTIONS
2026-10-11 04:40:43 +0200: Memory Usage (498752K) : Starting LVS BJT CONNECTIONS
2026-10-11 04:40:43 +0200: Memory Usage (498752K) : Starting LVS DIODE CONNECTIONS
2026-10-11 04:40:43 +0200: Memory Usage (498752K) : Starting RESISTOR CONNECTIONS
2026-10-11 04:40:43 +0200: Memory Usage (498752K) : Starting LVS CAP CONNECTIONS
2026-10-11 04:40:43 +0200: Memory Usage (498752K) : Starting CAP_CMOM CONNECTIONS
2026-10-11 04:40:43 +0200: Memory Usage (498752K) : Starting CAP_CMOMF CONNECTIONS
2026-10-11 04:40:43 +0200: Memory Usage (498752K) : Starting ESD CONNECTIONS
2026-10-11 04:40:43 +0200: Memory Usage (498752K) : Starting Inductor CONNECTIONS
2026-10-11 04:40:43 +0200: Memory Usage (498752K) : Starting LVS Taps CONNECTIONS
2026-10-11 04:40:43 +0200: Memory Usage (498752K) : Starting SG13G2 LVS DEVICES EXTRACTION
2026-10-11 04:40:43 +0200: Memory Usage (498752K) : Starting MOSFET EXTRACTION
2026-10-11 04:40:43 +0200: Memory Usage (498752K) : Starting NMOS EXTRACTION
2026-10-11 04:40:43 +0200: Memory Usage (498752K) : Extraction of NMOS-LV transistor
2026-10-11 04:40:43 +0200: Memory Usage (499136K) : Extraction of NMOS-HV transistor
2026-10-11 04:40:43 +0200: Memory Usage (499136K) : Starting PMOS EXTRACTION
2026-10-11 04:40:43 +0200: Memory Usage (499136K) : Extraction of PMOS-LV transistor
2026-10-11 04:40:43 +0200: Memory Usage (499136K) : Extraction of PMOS-HV transistor
2026-10-11 04:40:43 +0200: Memory Usage (499136K) : Starting RF-MOSFET EXTRACTION
2026-10-11 04:40:43 +0200: Memory Usage (499136K) : Extraction of RF-NMOS-LV transistor
2026-10-11 04:40:43 +0200: Memory Usage (499136K) : Extraction of RF-NMOS-HV transistor
2026-10-11 04:40:43 +0200: Memory Usage (499136K) : Extraction of RF-PMOS-LV transistor
2026-10-11 04:40:43 +0200: Memory Usage (499136K) : Extraction of RF-PMOS-HV transistor
2026-10-11 04:40:43 +0200: Memory Usage (499136K) : Starting BJT EXTRACTION
2026-10-11 04:40:43 +0200: Memory Usage (499136K) : Starting NPN-BJT EXTRACTION
2026-10-11 04:40:43 +0200: Memory Usage (499136K) : Extraction of npn13G2 BJT transistor
2026-10-11 04:40:43 +0200: Memory Usage (499264K) : Extraction of npn13G2L BJT transistor
2026-10-11 04:40:43 +0200: Memory Usage (499264K) : Extraction of npn13G2V BJT transistor
2026-10-11 04:40:43 +0200: Memory Usage (499264K) : Starting PNP-BJT EXTRACTION
2026-10-11 04:40:43 +0200: Memory Usage (499264K) : Extracting pnpMPA BJT
2026-10-11 04:40:43 +0200: Memory Usage (499264K) : Starting DIODE EXTRACTION
2026-10-11 04:40:43 +0200: Memory Usage (499264K) : Extracting dantenna diode
2026-10-11 04:40:43 +0200: Memory Usage (499264K) : Extracting dpantenna diode
2026-10-11 04:40:43 +0200: Memory Usage (499264K) : Extracting schottky_nbl1 diode
2026-10-11 04:40:43 +0200: Memory Usage (499264K) : Extracting isolbox diode
2026-10-11 04:40:43 +0200: Memory Usage (499264K) : Starting RESISTOR EXTRACTION
2026-10-11 04:40:43 +0200: Memory Usage (499264K) : Extracting rsil resistor
2026-10-11 04:40:43 +0200: Memory Usage (499264K) : Extracting rppd resistor
2026-10-11 04:40:43 +0200: Memory Usage (500468K) : Extracting rhigh resistor
2026-10-11 04:40:43 +0200: Memory Usage (500468K) : Extracting res_metal1 resistor
2026-10-11 04:40:43 +0200: Memory Usage (500468K) : Extracting res_metal2 resistor
2026-10-11 04:40:43 +0200: Memory Usage (500468K) : Extracting res_metal3 resistor
2026-10-11 04:40:43 +0200: Memory Usage (500468K) : Extracting res_metal4 resistor
2026-10-11 04:40:43 +0200: Memory Usage (500468K) : Extracting res_metal5 resistor
2026-10-11 04:40:43 +0200: Memory Usage (500468K) : Extracting res_topmetal1 resistor
2026-10-11 04:40:43 +0200: Memory Usage (500468K) : Extracting res_topmetal2 resistor
2026-10-11 04:40:43 +0200: Memory Usage (500468K) : Starting CAP EXTRACTION
2026-10-11 04:40:43 +0200: Memory Usage (500468K) : Extracting cap_cmim device
2026-10-11 04:40:43 +0200: Memory Usage (500468K) : Extracting rfcmim device
2026-10-11 04:40:43 +0200: Memory Usage (500468K) : Extracting sg13_hv_svaricap varactor
2026-10-11 04:40:43 +0200: Memory Usage (500468K) : Extracting cap_cmomi device
2026-10-11 04:40:43 +0200: Memory Usage (500468K) : Extracting cap_cmomf device
2026-10-11 04:40:43 +0200: Memory Usage (500468K) : Extracting sg13_moscap_n capacitor
2026-10-11 04:40:43 +0200: Memory Usage (500468K) : Extracting sg13_moscap_p capacitor
2026-10-11 04:40:43 +0200: Memory Usage (500468K) : Starting ESD EXTRACTION
2026-10-11 04:40:43 +0200: Memory Usage (500468K) : Extracting diodevdd_2kv ESD device
2026-10-11 04:40:43 +0200: Memory Usage (500468K) : Extracting diodevdd_4kv ESD device
2026-10-11 04:40:43 +0200: Memory Usage (500468K) : Extracting diodevss_2kv ESD device
2026-10-11 04:40:43 +0200: Memory Usage (500468K) : Extracting diodevss_4kv ESD device
2026-10-11 04:40:43 +0200: Memory Usage (500468K) : Extracting idiodevdd_2kv ESD device
2026-10-11 04:40:43 +0200: Memory Usage (500468K) : Extracting idiodevdd_4kv ESD device
2026-10-11 04:40:43 +0200: Memory Usage (500468K) : Extracting idiodevss_2kv ESD device
2026-10-11 04:40:43 +0200: Memory Usage (500468K) : Extracting idiodevss_4kv ESD device
2026-10-11 04:40:43 +0200: Memory Usage (500468K) : Extracting nmoscl_2 ESD device
2026-10-11 04:40:43 +0200: Memory Usage (500468K) : Extracting nmoscl_4 ESD device
2026-10-11 04:40:43 +0200: Memory Usage (500468K) : Starting Inductor EXTRACTION
2026-10-11 04:40:43 +0200: Memory Usage (500468K) : Extracting Inductor2 device
2026-10-11 04:40:43 +0200: Memory Usage (500724K) : Extracting Inductor3 device
2026-10-11 04:40:43 +0200: Memory Usage (500724K) : Starting Taps EXTRACTION
2026-10-11 04:40:43 +0200: Memory Usage (500724K) : Extracting ntap1 device
2026-10-11 04:40:43 +0200: Memory Usage (500724K) : Extracting ptap1 device
2026-10-11 04:40:43 +0200: Memory Usage (500724K) : Starting SG13G2 LVS RF MOS Model Mapping
2026-10-11 04:40:43 +0200: Memory Usage (501108K) : [layout_netlist] Apply RF MOS model mapping and rfmode parameter.
2026-10-11 04:40:43 +0200: Memory Usage (501108K) : Starting SG13G2 LVS Options Preparations
2026-10-11 04:40:43 +0200: Memory Usage (501108K) : SG13G2 LVS flow: extraction -> alignment -> option preparation -> comparison.
2026-10-11 04:40:43 +0200: Memory Usage (501108K) : Starting SG13G2 LVS Alignment
2026-10-11 04:40:43 +0200: Memory Usage (501236K) : Starting SG13G2 LVS Simplification
2026-10-11 04:40:43 +0200: Memory Usage (501236K) : [layout_netlist] simplify: ENABLED
2026-10-11 04:40:43 +0200: Memory Usage (501236K) : [layout_netlist] make_top_level_pins: SKIPPED
2026-10-11 04:40:43 +0200: Memory Usage (501236K) : [layout_netlist] combine_devices: SKIPPED
2026-10-11 04:40:43 +0200: Memory Usage (501236K) : [layout_netlist] purge: SKIPPED
2026-10-11 04:40:43 +0200: Memory Usage (501236K) : [layout_netlist] purge_nets: SKIPPED
2026-10-11 04:40:43 +0200: Memory Usage (501236K) : [layout_netlist] purge_devices: SKIPPED
2026-10-11 04:40:43 +0200: Memory Usage (501236K) : [schematic_netlist] simplify: ENABLED
2026-10-11 04:40:43 +0200: Memory Usage (501236K) : [schematic_netlist] make_top_level_pins: SKIPPED
2026-10-11 04:40:43 +0200: Memory Usage (501236K) : [schematic_netlist] combine_devices: SKIPPED
2026-10-11 04:40:43 +0200: Memory Usage (501236K) : [schematic_netlist] purge: SKIPPED
2026-10-11 04:40:43 +0200: Memory Usage (501236K) : [schematic_netlist] purge_nets: SKIPPED
2026-10-11 04:40:43 +0200: Memory Usage (501236K) : [schematic_netlist] purge_devices: SKIPPED
2026-10-11 04:40:43 +0200: Memory Usage (501236K) : Starting SG13G2 LVS Comparison
2026-10-11 04:40:43 +0200: Memory Usage (501364K) : ==========================================
2026-10-11 04:40:43 +0200: Memory Usage (501364K) : INFO : Congratulations! Netlists match.
2026-10-11 04:40:43 +0200: Memory Usage (501364K) : ==========================================
2026-10-11 04:40:43 +0200: Memory Usage (501364K) : LVS Total Run time 2.210342 seconds
