# Logfile created on 2026-10-11 04:38:53 +0200 by logger.rb/v1.5.3
2026-10-11 04:38:53 +0200: Memory Usage (458564K) : Starting running SG13G2 Klayout LVS runset on /foss/designs/radar-chip/lna/layout/lna_layout.gds
2026-10-11 04:38:53 +0200: Memory Usage (458564K) : Ruby Version for klayout: 3.2.3
2026-10-11 04:38:53 +0200: Memory Usage (459904K) : Loading database to memory is complete.
2026-10-11 04:38:53 +0200: Memory Usage (459904K) : SG13G2 Klayout LVS runset output at: /foss/designs/radar-chip/lna/layout/lvs_043850/lna_layout.lvsdb
2026-10-11 04:38:53 +0200: Memory Usage (459904K) : Evaluate switches.
2026-10-11 04:38:53 +0200: Memory Usage (459904K) : Extracted netlist with net names: true
2026-10-11 04:38:53 +0200: Memory Usage (459904K) : Extracted netlist with comments in details: false
2026-10-11 04:38:53 +0200: Memory Usage (459904K) : Selected NET_ONLY option: false
2026-10-11 04:38:53 +0200: Memory Usage (459904K) : Selected LAYOUT_NETLIST option: (none)
2026-10-11 04:38:53 +0200: Memory Usage (459904K) : Selected IGNORE_TOP_PORTS_MISMATCH option: 
2026-10-11 04:38:53 +0200: Memory Usage (459904K) : Selected IMPLICIT_NETS option: (none)
2026-10-11 04:38:53 +0200: Memory Usage (459904K) : Selected TOP_LVL_PINS option: false
2026-10-11 04:38:53 +0200: Memory Usage (459904K) : Selected COMBINE DEVICES option: false
2026-10-11 04:38:53 +0200: Memory Usage (459904K) : Selected PURGE option: false
2026-10-11 04:38:53 +0200: Memory Usage (459904K) : Selected PURGE_NETS option: false
2026-10-11 04:38:53 +0200: Memory Usage (459904K) : Selected SIMPLIFY option: true
2026-10-11 04:38:53 +0200: Memory Usage (459904K) : Selected SERIES_RES option: true
2026-10-11 04:38:53 +0200: Memory Usage (459904K) : Selected PARALLEL_RES option: true
2026-10-11 04:38:53 +0200: Memory Usage (459904K) : Selected DISABLE_TAP_EXTRACTION option: false
2026-10-11 04:38:53 +0200: Memory Usage (459904K) : flat  mode is enabled.
2026-10-11 04:38:53 +0200: Memory Usage (461176K) : Netlist file: /foss/designs/radar-chip/lna/layout/lna_lvs.cdl
2026-10-11 04:38:53 +0200: Memory Usage (461176K) : LVS extracted netlist at: /foss/designs/radar-chip/lna/layout/lvs_043850/lna_layout_extracted.cir
2026-10-11 04:38:53 +0200: Memory Usage (461176K) : Applying SRAM integration support.
2026-10-11 04:38:53 +0200: Memory Usage (461176K) : Starting SG13G2 LVS runset
2026-10-11 04:38:53 +0200: Memory Usage (461176K) : Read in polygons from layers.
2026-10-11 04:38:53 +0200: Memory Usage (462252K) : activ_drw has 20 polygons
2026-10-11 04:38:53 +0200: Memory Usage (462252K) : activ_filler has 0 polygons
2026-10-11 04:38:53 +0200: Memory Usage (462380K) : activ has 20 polygons
2026-10-11 04:38:53 +0200: Memory Usage (462380K) : activ_pin has 0 polygons
2026-10-11 04:38:53 +0200: Memory Usage (462380K) : activ_mask has 4 polygons
2026-10-11 04:38:53 +0200: Memory Usage (462380K) : activ_nofill has 2 polygons
2026-10-11 04:38:53 +0200: Memory Usage (462380K) : activ_OPC has 0 polygons
2026-10-11 04:38:53 +0200: Memory Usage (462380K) : activ_iOPC has 0 polygons
2026-10-11 04:38:53 +0200: Memory Usage (462380K) : activ_noqrc has 7 polygons
2026-10-11 04:38:53 +0200: Memory Usage (462380K) : biwind_drw has 0 polygons
2026-10-11 04:38:53 +0200: Memory Usage (462508K) : biwind_OPC has 0 polygons
2026-10-11 04:38:53 +0200: Memory Usage (462636K) : gatpoly_drw has 12 polygons
2026-10-11 04:38:53 +0200: Memory Usage (462764K) : gatpoly_filler has 0 polygons
2026-10-11 04:38:53 +0200: Memory Usage (463148K) : gatpoly has 12 polygons
2026-10-11 04:38:53 +0200: Memory Usage (463276K) : gatpoly_pin has 0 polygons
2026-10-11 04:38:53 +0200: Memory Usage (463404K) : gatpoly_nofill has 2 polygons
2026-10-11 04:38:53 +0200: Memory Usage (463404K) : gatpoly_OPC has 0 polygons
2026-10-11 04:38:53 +0200: Memory Usage (463404K) : gatpoly_iOPC has 0 polygons
2026-10-11 04:38:53 +0200: Memory Usage (463532K) : gatpoly_noqrc has 0 polygons
2026-10-11 04:38:53 +0200: Memory Usage (466732K) : cont_drw has 12325 polygons
2026-10-11 04:38:53 +0200: Memory Usage (466732K) : cont_OPC has 0 polygons
2026-10-11 04:38:53 +0200: Memory Usage (466732K) : nsd_drw has 3 polygons
2026-10-11 04:38:53 +0200: Memory Usage (466732K) : nsd_block has 4 polygons
2026-10-11 04:38:53 +0200: Memory Usage (466732K) : metal1_drw has 46 polygons
2026-10-11 04:38:53 +0200: Memory Usage (466732K) : metal1_filler has 0 polygons
2026-10-11 04:38:53 +0200: Memory Usage (466732K) : metal1_slit has 0 polygons
2026-10-11 04:38:53 +0200: Memory Usage (466732K) : metal1 has 46 polygons
2026-10-11 04:38:53 +0200: Memory Usage (466732K) : metal1_pin has 32 polygons
2026-10-11 04:38:53 +0200: Memory Usage (466732K) : metal1_mask has 0 polygons
2026-10-11 04:38:53 +0200: Memory Usage (466732K) : metal1_nofill has 2 polygons
2026-10-11 04:38:53 +0200: Memory Usage (466860K) : metal1_text has 0 polygons
2026-10-11 04:38:53 +0200: Memory Usage (466860K) : metal1_OPC has 0 polygons
2026-10-11 04:38:53 +0200: Memory Usage (466860K) : metal1_noqrc has 7 polygons
2026-10-11 04:38:53 +0200: Memory Usage (467244K) : metal1_res has 0 polygons
2026-10-11 04:38:53 +0200: Memory Usage (467244K) : metal1_iprobe has 0 polygons
2026-10-11 04:38:53 +0200: Memory Usage (467244K) : metal1_diffprb has 0 polygons
2026-10-11 04:38:53 +0200: Memory Usage (467244K) : passiv_drw has 10 polygons
2026-10-11 04:38:53 +0200: Memory Usage (467244K) : passiv_pin has 0 polygons
2026-10-11 04:38:53 +0200: Memory Usage (467372K) : passiv_sbump has 0 polygons
2026-10-11 04:38:53 +0200: Memory Usage (467372K) : passiv_pillar has 0 polygons
2026-10-11 04:38:53 +0200: Memory Usage (467500K) : passiv_pdl has 0 polygons
2026-10-11 04:38:53 +0200: Memory Usage (467628K) : metal2_drw has 29 polygons
2026-10-11 04:38:53 +0200: Memory Usage (467756K) : metal2_filler has 0 polygons
2026-10-11 04:38:53 +0200: Memory Usage (467884K) : metal2_slit has 0 polygons
2026-10-11 04:38:53 +0200: Memory Usage (468012K) : metal2 has 29 polygons
2026-10-11 04:38:53 +0200: Memory Usage (468140K) : metal2_pin has 4 polygons
2026-10-11 04:38:53 +0200: Memory Usage (468268K) : metal2_mask has 0 polygons
2026-10-11 04:38:53 +0200: Memory Usage (468396K) : metal2_nofill has 2 polygons
2026-10-11 04:38:53 +0200: Memory Usage (468524K) : metal2_text has 0 polygons
2026-10-11 04:38:53 +0200: Memory Usage (468524K) : metal2_OPC has 0 polygons
2026-10-11 04:38:53 +0200: Memory Usage (468780K) : metal2_noqrc has 7 polygons
2026-10-11 04:38:53 +0200: Memory Usage (468908K) : metal2_res has 0 polygons
2026-10-11 04:38:53 +0200: Memory Usage (469036K) : metal2_iprobe has 0 polygons
2026-10-11 04:38:53 +0200: Memory Usage (469164K) : metal2_diffprb has 0 polygons
2026-10-11 04:38:53 +0200: Memory Usage (469292K) : baspoly_drw has 0 polygons
2026-10-11 04:38:53 +0200: Memory Usage (469420K) : baspoly_pin has 0 polygons
2026-10-11 04:38:53 +0200: Memory Usage (469548K) : psd_drw has 22 polygons
2026-10-11 04:38:53 +0200: Memory Usage (469548K) : nldb_drw has 0 polygons
2026-10-11 04:38:53 +0200: Memory Usage (469676K) : digibnd_drw has 0 polygons
2026-10-11 04:38:53 +0200: Memory Usage (469676K) : via1_drw has 592 polygons
2026-10-11 04:38:53 +0200: Memory Usage (469932K) : backmetal1_drw has 0 polygons
2026-10-11 04:38:53 +0200: Memory Usage (470060K) : backmetal1_pin has 0 polygons
2026-10-11 04:38:53 +0200: Memory Usage (470188K) : backmetal1_mask has 0 polygons
2026-10-11 04:38:53 +0200: Memory Usage (470316K) : backmetal1_filler has 0 polygons
2026-10-11 04:38:53 +0200: Memory Usage (470444K) : backmetal1_nofill has 0 polygons
2026-10-11 04:38:53 +0200: Memory Usage (470572K) : backmetal1_slit has 0 polygons
2026-10-11 04:38:53 +0200: Memory Usage (470700K) : backmetal1_text has 0 polygons
2026-10-11 04:38:53 +0200: Memory Usage (470828K) : backmetal1_OPC has 0 polygons
2026-10-11 04:38:53 +0200: Memory Usage (470956K) : backmetal1_noqrc has 0 polygons
2026-10-11 04:38:53 +0200: Memory Usage (471084K) : backmetal1_res has 0 polygons
2026-10-11 04:38:53 +0200: Memory Usage (471212K) : backmetal1_iprobe has 0 polygons
2026-10-11 04:38:53 +0200: Memory Usage (471340K) : backmetal1_diffprb has 0 polygons
2026-10-11 04:38:53 +0200: Memory Usage (471468K) : backpassiv_drw has 0 polygons
2026-10-11 04:38:53 +0200: Memory Usage (471596K) : res_drw has 0 polygons
2026-10-11 04:38:53 +0200: Memory Usage (471724K) : sram_drw has 0 polygons
2026-10-11 04:38:53 +0200: Memory Usage (471980K) : trans_drw has 4 polygons
2026-10-11 04:38:53 +0200: Memory Usage (472108K) : ind_drw has 2 polygons
2026-10-11 04:38:53 +0200: Memory Usage (472236K) : ind_pin has 4 polygons
2026-10-11 04:38:53 +0200: Memory Usage (472236K) : ind_text has 0 polygons
2026-10-11 04:38:53 +0200: Memory Usage (472364K) : salblock_drw has 6 polygons
2026-10-11 04:38:53 +0200: Memory Usage (472492K) : via2_drw has 464 polygons
2026-10-11 04:38:53 +0200: Memory Usage (472620K) : metal3_drw has 37 polygons
2026-10-11 04:38:53 +0200: Memory Usage (472748K) : metal3_filler has 0 polygons
2026-10-11 04:38:53 +0200: Memory Usage (472876K) : metal3_slit has 0 polygons
2026-10-11 04:38:53 +0200: Memory Usage (473004K) : metal3 has 37 polygons
2026-10-11 04:38:53 +0200: Memory Usage (473132K) : metal3_pin has 0 polygons
2026-10-11 04:38:53 +0200: Memory Usage (473388K) : metal3_mask has 0 polygons
2026-10-11 04:38:53 +0200: Memory Usage (473516K) : metal3_nofill has 2 polygons
2026-10-11 04:38:53 +0200: Memory Usage (473516K) : metal3_text has 0 polygons
2026-10-11 04:38:53 +0200: Memory Usage (473644K) : metal3_OPC has 0 polygons
2026-10-11 04:38:53 +0200: Memory Usage (473772K) : metal3_noqrc has 7 polygons
2026-10-11 04:38:53 +0200: Memory Usage (473900K) : metal3_res has 0 polygons
2026-10-11 04:38:53 +0200: Memory Usage (474028K) : metal3_iprobe has 0 polygons
2026-10-11 04:38:53 +0200: Memory Usage (474284K) : metal3_diffprb has 0 polygons
2026-10-11 04:38:53 +0200: Memory Usage (474412K) : nwell_drw has 0 polygons
2026-10-11 04:38:53 +0200: Memory Usage (474540K) : nwell_pin has 0 polygons
2026-10-11 04:38:53 +0200: Memory Usage (474540K) : nwell_text has 0 polygons
2026-10-11 04:38:53 +0200: Memory Usage (474668K) : nbulay_drw has 0 polygons
2026-10-11 04:38:53 +0200: Memory Usage (474796K) : nbulay_pin has 0 polygons
2026-10-11 04:38:53 +0200: Memory Usage (474924K) : nbulay_block has 0 polygons
2026-10-11 04:38:53 +0200: Memory Usage (474924K) : emwind_drw has 18 polygons
2026-10-11 04:38:53 +0200: Memory Usage (475180K) : emwind_OPC has 0 polygons
2026-10-11 04:38:53 +0200: Memory Usage (475308K) : deepco_drw has 0 polygons
2026-10-11 04:38:53 +0200: Memory Usage (475436K) : mim_drw has 7 polygons
2026-10-11 04:38:53 +0200: Memory Usage (475564K) : edgeseal_drw has 0 polygons
2026-10-11 04:38:53 +0200: Memory Usage (475692K) : substrate_drw has 5 polygons
2026-10-11 04:38:53 +0200: Memory Usage (475692K) : substrate_text has 0 polygons
2026-10-11 04:38:53 +0200: Memory Usage (475820K) : dfpad_drw has 10 polygons
2026-10-11 04:38:53 +0200: Memory Usage (476076K) : dfpad_pillar has 0 polygons
2026-10-11 04:38:53 +0200: Memory Usage (476204K) : dfpad_sbump has 0 polygons
2026-10-11 04:38:53 +0200: Memory Usage (476332K) : thickgateox_drw has 0 polygons
2026-10-11 04:38:53 +0200: Memory Usage (476460K) : pldb_drw has 0 polygons
2026-10-11 04:38:53 +0200: Memory Usage (476588K) : pwell_drw has 0 polygons
2026-10-11 04:38:53 +0200: Memory Usage (476716K) : pwell_pin has 0 polygons
2026-10-11 04:38:53 +0200: Memory Usage (476844K) : pwell_block has 9 polygons
2026-10-11 04:38:53 +0200: Memory Usage (476972K) : ic_drw has 0 polygons
2026-10-11 04:38:53 +0200: Memory Usage (478508K) : via3_drw has 7816 polygons
2026-10-11 04:38:53 +0200: Memory Usage (478508K) : metal4_drw has 16 polygons
2026-10-11 04:38:53 +0200: Memory Usage (478508K) : metal4_filler has 0 polygons
2026-10-11 04:38:53 +0200: Memory Usage (478508K) : metal4_slit has 0 polygons
2026-10-11 04:38:53 +0200: Memory Usage (478508K) : metal4 has 16 polygons
2026-10-11 04:38:53 +0200: Memory Usage (478508K) : metal4_pin has 0 polygons
2026-10-11 04:38:53 +0200: Memory Usage (478508K) : metal4_mask has 0 polygons
2026-10-11 04:38:53 +0200: Memory Usage (478508K) : metal4_nofill has 2 polygons
2026-10-11 04:38:53 +0200: Memory Usage (478508K) : metal4_text has 0 polygons
2026-10-11 04:38:53 +0200: Memory Usage (478508K) : metal4_OPC has 0 polygons
2026-10-11 04:38:53 +0200: Memory Usage (478892K) : metal4_noqrc has 7 polygons
2026-10-11 04:38:53 +0200: Memory Usage (478892K) : metal4_res has 0 polygons
2026-10-11 04:38:53 +0200: Memory Usage (478892K) : metal4_iprobe has 0 polygons
2026-10-11 04:38:53 +0200: Memory Usage (478892K) : metal4_diffprb has 0 polygons
2026-10-11 04:38:53 +0200: Memory Usage (479020K) : heattrans_drw has 18 polygons
2026-10-11 04:38:53 +0200: Memory Usage (479276K) : heatres_drw has 6 polygons
2026-10-11 04:38:53 +0200: Memory Usage (479404K) : fbe_drw has 0 polygons
2026-10-11 04:38:53 +0200: Memory Usage (479532K) : empoly_drw has 0 polygons
2026-10-11 04:38:53 +0200: Memory Usage (479660K) : digisub_drw has 0 polygons
2026-10-11 04:38:53 +0200: Memory Usage (479660K) : text_drw has 70 polygons
2026-10-11 04:38:53 +0200: Memory Usage (481196K) : via4_drw has 7672 polygons
2026-10-11 04:38:53 +0200: Memory Usage (481196K) : metal5_drw has 29 polygons
2026-10-11 04:38:53 +0200: Memory Usage (481324K) : metal5_filler has 0 polygons
2026-10-11 04:38:53 +0200: Memory Usage (481324K) : metal5_slit has 0 polygons
2026-10-11 04:38:53 +0200: Memory Usage (481324K) : metal5 has 29 polygons
2026-10-11 04:38:53 +0200: Memory Usage (481324K) : metal5_pin has 7 polygons
2026-10-11 04:38:53 +0200: Memory Usage (481324K) : metal5_mask has 0 polygons
2026-10-11 04:38:53 +0200: Memory Usage (481324K) : metal5_nofill has 2 polygons
2026-10-11 04:38:53 +0200: Memory Usage (481324K) : metal5_text has 0 polygons
2026-10-11 04:38:53 +0200: Memory Usage (481324K) : metal5_OPC has 0 polygons
2026-10-11 04:38:53 +0200: Memory Usage (481324K) : metal5_noqrc has 7 polygons
2026-10-11 04:38:53 +0200: Memory Usage (481324K) : metal5_res has 0 polygons
2026-10-11 04:38:53 +0200: Memory Usage (481324K) : metal5_iprobe has 0 polygons
2026-10-11 04:38:53 +0200: Memory Usage (481324K) : metal5_diffprb has 0 polygons
2026-10-11 04:38:53 +0200: Memory Usage (481324K) : radhard_drw has 0 polygons
2026-10-11 04:38:53 +0200: Memory Usage (481324K) : memcap_drw has 0 polygons
2026-10-11 04:38:53 +0200: Memory Usage (481324K) : varicap_drw has 0 polygons
2026-10-11 04:38:53 +0200: Memory Usage (481324K) : intbondvia_drw has 0 polygons
2026-10-11 04:38:53 +0200: Memory Usage (481324K) : intbondmet_drw has 0 polygons
2026-10-11 04:38:53 +0200: Memory Usage (481324K) : devbondvia_drw has 0 polygons
2026-10-11 04:38:53 +0200: Memory Usage (481324K) : devbondmet_drw has 0 polygons
2026-10-11 04:38:53 +0200: Memory Usage (481324K) : devtrench_drw has 0 polygons
2026-10-11 04:38:53 +0200: Memory Usage (481324K) : redist_drw has 0 polygons
2026-10-11 04:38:53 +0200: Memory Usage (481324K) : graphbot_drw has 0 polygons
2026-10-11 04:38:53 +0200: Memory Usage (481324K) : graphtop_drw has 0 polygons
2026-10-11 04:38:53 +0200: Memory Usage (481324K) : antvia1_drw has 0 polygons
2026-10-11 04:38:53 +0200: Memory Usage (481324K) : antmetal2_drw has 0 polygons
2026-10-11 04:38:53 +0200: Memory Usage (481324K) : graphcont_drw has 0 polygons
2026-10-11 04:38:53 +0200: Memory Usage (481324K) : siwg_drw has 0 polygons
2026-10-11 04:38:53 +0200: Memory Usage (481324K) : siwg_filler has 0 polygons
2026-10-11 04:38:53 +0200: Memory Usage (481324K) : siwg_nofill has 0 polygons
2026-10-11 04:38:53 +0200: Memory Usage (481324K) : sigrating_drw has 0 polygons
2026-10-11 04:38:53 +0200: Memory Usage (481324K) : singrating_drw has 0 polygons
2026-10-11 04:38:53 +0200: Memory Usage (481324K) : graphpas_drw has 0 polygons
2026-10-11 04:38:53 +0200: Memory Usage (481324K) : emwind3_drw has 0 polygons
2026-10-11 04:38:53 +0200: Memory Usage (481324K) : emwihv3_drw has 0 polygons
2026-10-11 04:38:53 +0200: Memory Usage (481324K) : redbulay_drw has 0 polygons
2026-10-11 04:38:53 +0200: Memory Usage (481324K) : smos_drw has 0 polygons
2026-10-11 04:38:53 +0200: Memory Usage (481324K) : graphpad_drw has 0 polygons
2026-10-11 04:38:53 +0200: Memory Usage (481324K) : polimide_drw has 0 polygons
2026-10-11 04:38:53 +0200: Memory Usage (481324K) : polimide_pin has 0 polygons
2026-10-11 04:38:53 +0200: Memory Usage (481324K) : recog_drw has 0 polygons
2026-10-11 04:38:53 +0200: Memory Usage (481324K) : recog_pin has 0 polygons
2026-10-11 04:38:53 +0200: Memory Usage (481324K) : recog_esd has 0 polygons
2026-10-11 04:38:53 +0200: Memory Usage (481324K) : recog_diode has 0 polygons
2026-10-11 04:38:53 +0200: Memory Usage (481324K) : recog_tsv has 0 polygons
2026-10-11 04:38:53 +0200: Memory Usage (481324K) : recog_iprobe has 0 polygons
2026-10-11 04:38:53 +0200: Memory Usage (481324K) : recog_diffprb has 0 polygons
2026-10-11 04:38:53 +0200: Memory Usage (481324K) : recog_pillar has 0 polygons
2026-10-11 04:38:53 +0200: Memory Usage (481324K) : recog_sbump has 0 polygons
2026-10-11 04:38:53 +0200: Memory Usage (481324K) : recog_otp has 0 polygons
2026-10-11 04:38:53 +0200: Memory Usage (481324K) : recog_pdiode has 0 polygons
2026-10-11 04:38:53 +0200: Memory Usage (481324K) : recog_mom has 0 polygons
2026-10-11 04:38:53 +0200: Memory Usage (481324K) : recog_momf has 0 polygons
2026-10-11 04:38:53 +0200: Memory Usage (481324K) : recog_pcm has 0 polygons
2026-10-11 04:38:53 +0200: Memory Usage (481324K) : colopen_drw has 0 polygons
2026-10-11 04:38:53 +0200: Memory Usage (481324K) : graphmetal1_drw has 0 polygons
2026-10-11 04:38:53 +0200: Memory Usage (481324K) : graphmetal1_filler has 0 polygons
2026-10-11 04:38:53 +0200: Memory Usage (481324K) : graphmetal1_nofill has 0 polygons
2026-10-11 04:38:53 +0200: Memory Usage (481324K) : graphmetal1_slit has 0 polygons
2026-10-11 04:38:53 +0200: Memory Usage (481324K) : graphmetal1_OPC has 0 polygons
2026-10-11 04:38:53 +0200: Memory Usage (481324K) : graphmet1l_drw has 0 polygons
2026-10-11 04:38:53 +0200: Memory Usage (481324K) : graphmet1l_filler has 0 polygons
2026-10-11 04:38:53 +0200: Memory Usage (481324K) : graphmet1l_nofill has 0 polygons
2026-10-11 04:38:53 +0200: Memory Usage (481324K) : graphmet1l_slit has 0 polygons
2026-10-11 04:38:53 +0200: Memory Usage (481324K) : graphmet1l_OPC has 0 polygons
2026-10-11 04:38:53 +0200: Memory Usage (481324K) : extblock_drw has 6 polygons
2026-10-11 04:38:53 +0200: Memory Usage (481324K) : nldd_drw has 0 polygons
2026-10-11 04:38:53 +0200: Memory Usage (481324K) : pldd_drw has 0 polygons
2026-10-11 04:38:53 +0200: Memory Usage (481324K) : next_drw has 0 polygons
2026-10-11 04:38:53 +0200: Memory Usage (481324K) : pext_drw has 0 polygons
2026-10-11 04:38:53 +0200: Memory Usage (481324K) : nexthv_drw has 0 polygons
2026-10-11 04:38:53 +0200: Memory Usage (481324K) : pexthv_drw has 0 polygons
2026-10-11 04:38:53 +0200: Memory Usage (481324K) : graphgate_drw has 0 polygons
2026-10-11 04:38:53 +0200: Memory Usage (481324K) : sinwg_drw has 0 polygons
2026-10-11 04:38:53 +0200: Memory Usage (481324K) : sinwg_filler has 0 polygons
2026-10-11 04:38:53 +0200: Memory Usage (481324K) : sinwg_nofill has 0 polygons
2026-10-11 04:38:53 +0200: Memory Usage (481324K) : mempad_drw has 0 polygons
2026-10-11 04:38:53 +0200: Memory Usage (481324K) : topvia1_drw has 3656 polygons
2026-10-11 04:38:53 +0200: Memory Usage (481324K) : topmetal1_drw has 32 polygons
2026-10-11 04:38:53 +0200: Memory Usage (481324K) : topmetal1_filler has 0 polygons
2026-10-11 04:38:53 +0200: Memory Usage (481324K) : topmetal1_slit has 0 polygons
2026-10-11 04:38:53 +0200: Memory Usage (481324K) : topmetal1 has 32 polygons
2026-10-11 04:38:53 +0200: Memory Usage (481324K) : topmetal1_pin has 11 polygons
2026-10-11 04:38:53 +0200: Memory Usage (481324K) : topmetal1_mask has 0 polygons
2026-10-11 04:38:53 +0200: Memory Usage (481324K) : topmetal1_nofill has 2 polygons
2026-10-11 04:38:53 +0200: Memory Usage (481324K) : topmetal1_text has 0 polygons
2026-10-11 04:38:53 +0200: Memory Usage (481324K) : topmetal1_noqrc has 7 polygons
2026-10-11 04:38:53 +0200: Memory Usage (481324K) : topmetal1_res has 0 polygons
2026-10-11 04:38:53 +0200: Memory Usage (481324K) : topmetal1_iprobe has 0 polygons
2026-10-11 04:38:53 +0200: Memory Usage (481324K) : topmetal1_diffprb has 0 polygons
2026-10-11 04:38:53 +0200: Memory Usage (481324K) : inldpwl_drw has 0 polygons
2026-10-11 04:38:53 +0200: Memory Usage (481324K) : polyres_drw has 6 polygons
2026-10-11 04:38:53 +0200: Memory Usage (481324K) : polyres_pin has 0 polygons
2026-10-11 04:38:53 +0200: Memory Usage (481708K) : vmim_drw has 8250 polygons
2026-10-11 04:38:53 +0200: Memory Usage (481708K) : nbulaycut_drw has 0 polygons
2026-10-11 04:38:53 +0200: Memory Usage (481708K) : antmetal1_drw has 0 polygons
2026-10-11 04:38:53 +0200: Memory Usage (481708K) : topvia2_drw has 1652 polygons
2026-10-11 04:38:53 +0200: Memory Usage (481708K) : topmetal2_drw has 16 polygons
2026-10-11 04:38:53 +0200: Memory Usage (481708K) : topmetal2_filler has 0 polygons
2026-10-11 04:38:53 +0200: Memory Usage (481708K) : topmetal2_slit has 0 polygons
2026-10-11 04:38:53 +0200: Memory Usage (481708K) : topmetal2 has 16 polygons
2026-10-11 04:38:53 +0200: Memory Usage (481708K) : topmetal2_pin has 0 polygons
2026-10-11 04:38:53 +0200: Memory Usage (481708K) : topmetal2_mask has 0 polygons
2026-10-11 04:38:53 +0200: Memory Usage (481708K) : topmetal2_nofill has 2 polygons
2026-10-11 04:38:53 +0200: Memory Usage (481708K) : topmetal2_text has 5 polygons
2026-10-11 04:38:53 +0200: Memory Usage (481708K) : topmetal2_noqrc has 0 polygons
2026-10-11 04:38:53 +0200: Memory Usage (481708K) : topmetal2_res has 0 polygons
2026-10-11 04:38:53 +0200: Memory Usage (481708K) : topmetal2_iprobe has 0 polygons
2026-10-11 04:38:53 +0200: Memory Usage (481708K) : topmetal2_diffprb has 0 polygons
2026-10-11 04:38:53 +0200: Memory Usage (481708K) : snsring_drw has 0 polygons
2026-10-11 04:38:53 +0200: Memory Usage (481708K) : sensor_drw has 0 polygons
2026-10-11 04:38:53 +0200: Memory Usage (481708K) : snsarms_drw has 0 polygons
2026-10-11 04:38:53 +0200: Memory Usage (481708K) : snscmosvia_drw has 0 polygons
2026-10-11 04:38:53 +0200: Memory Usage (481708K) : colwind_drw has 0 polygons
2026-10-11 04:38:53 +0200: Memory Usage (481708K) : flm_drw has 0 polygons
2026-10-11 04:38:53 +0200: Memory Usage (481708K) : hafniumox_drw has 0 polygons
2026-10-11 04:38:53 +0200: Memory Usage (481708K) : memvia_drw has 0 polygons
2026-10-11 04:38:53 +0200: Memory Usage (481708K) : thinfilmres_drw has 0 polygons
2026-10-11 04:38:53 +0200: Memory Usage (481708K) : rfmem_drw has 0 polygons
2026-10-11 04:38:53 +0200: Memory Usage (481708K) : norcx_drw has 2 polygons
2026-10-11 04:38:53 +0200: Memory Usage (481708K) : norcx_m2m3 has 0 polygons
2026-10-11 04:38:53 +0200: Memory Usage (481708K) : norcx_m2m4 has 0 polygons
2026-10-11 04:38:53 +0200: Memory Usage (481708K) : norcx_m2m5 has 0 polygons
2026-10-11 04:38:54 +0200: Memory Usage (481708K) : norcx_m2tm1 has 0 polygons
2026-10-11 04:38:54 +0200: Memory Usage (481708K) : norcx_m2tm2 has 0 polygons
2026-10-11 04:38:54 +0200: Memory Usage (481708K) : norcx_m3m4 has 0 polygons
2026-10-11 04:38:54 +0200: Memory Usage (482092K) : norcx_m3m5 has 0 polygons
2026-10-11 04:38:54 +0200: Memory Usage (482092K) : norcx_m3tm1 has 0 polygons
2026-10-11 04:38:54 +0200: Memory Usage (482092K) : norcx_m3tm2 has 0 polygons
2026-10-11 04:38:54 +0200: Memory Usage (482092K) : norcx_m4m5 has 0 polygons
2026-10-11 04:38:54 +0200: Memory Usage (482220K) : norcx_m4tm1 has 0 polygons
2026-10-11 04:38:54 +0200: Memory Usage (482348K) : norcx_m4tm2 has 0 polygons
2026-10-11 04:38:54 +0200: Memory Usage (482348K) : norcx_m5tm1 has 0 polygons
2026-10-11 04:38:54 +0200: Memory Usage (482476K) : norcx_m5tm2 has 0 polygons
2026-10-11 04:38:54 +0200: Memory Usage (482476K) : norcx_tm1tm2 has 0 polygons
2026-10-11 04:38:54 +0200: Memory Usage (482604K) : norcx_m1sub has 0 polygons
2026-10-11 04:38:54 +0200: Memory Usage (482732K) : norcx_m2sub has 0 polygons
2026-10-11 04:38:54 +0200: Memory Usage (482732K) : norcx_m3sub has 0 polygons
2026-10-11 04:38:54 +0200: Memory Usage (482860K) : norcx_m4sub has 0 polygons
2026-10-11 04:38:54 +0200: Memory Usage (482860K) : norcx_m5sub has 0 polygons
2026-10-11 04:38:54 +0200: Memory Usage (482988K) : norcx_tm1sub has 0 polygons
2026-10-11 04:38:54 +0200: Memory Usage (483116K) : norcx_tm2sub has 0 polygons
2026-10-11 04:38:54 +0200: Memory Usage (483116K) : snsbotvia_drw has 0 polygons
2026-10-11 04:38:54 +0200: Memory Usage (483244K) : snstopvia_drw has 0 polygons
2026-10-11 04:38:54 +0200: Memory Usage (483244K) : deepvia_drw has 0 polygons
2026-10-11 04:38:54 +0200: Memory Usage (483372K) : fgetch_drw has 0 polygons
2026-10-11 04:38:54 +0200: Memory Usage (483500K) : ctrgat_drw has 0 polygons
2026-10-11 04:38:54 +0200: Memory Usage (483500K) : fgimp_drw has 0 polygons
2026-10-11 04:38:54 +0200: Memory Usage (483628K) : emwihv_drw has 0 polygons
2026-10-11 04:38:54 +0200: Memory Usage (483756K) : lbe_drw has 0 polygons
2026-10-11 04:38:54 +0200: Memory Usage (483884K) : alcustop_drw has 0 polygons
2026-10-11 04:38:54 +0200: Memory Usage (484012K) : nometfiller_drw has 0 polygons
2026-10-11 04:38:54 +0200: Memory Usage (484140K) : prboundary_drw has 0 polygons
2026-10-11 04:38:54 +0200: Memory Usage (484268K) : exchange0_drw has 0 polygons
2026-10-11 04:38:54 +0200: Memory Usage (484396K) : exchange0_pin has 0 polygons
2026-10-11 04:38:54 +0200: Memory Usage (484524K) : exchange0_text has 0 polygons
2026-10-11 04:38:54 +0200: Memory Usage (484524K) : exchange1_drw has 0 polygons
2026-10-11 04:38:54 +0200: Memory Usage (484652K) : exchange1_pin has 0 polygons
2026-10-11 04:38:54 +0200: Memory Usage (484652K) : exchange1_text has 0 polygons
2026-10-11 04:38:54 +0200: Memory Usage (484780K) : exchange2_drw has 0 polygons
2026-10-11 04:38:54 +0200: Memory Usage (484780K) : exchange2_pin has 0 polygons
2026-10-11 04:38:54 +0200: Memory Usage (484908K) : exchange2_text has 0 polygons
2026-10-11 04:38:54 +0200: Memory Usage (484908K) : exchange3_drw has 0 polygons
2026-10-11 04:38:54 +0200: Memory Usage (485036K) : exchange3_pin has 0 polygons
2026-10-11 04:38:54 +0200: Memory Usage (485036K) : exchange3_text has 0 polygons
2026-10-11 04:38:54 +0200: Memory Usage (485164K) : exchange4_drw has 0 polygons
2026-10-11 04:38:54 +0200: Memory Usage (485164K) : exchange4_pin has 0 polygons
2026-10-11 04:38:54 +0200: Memory Usage (485292K) : exchange4_text has 0 polygons
2026-10-11 04:38:54 +0200: Memory Usage (485292K) : isonwell_drw has 0 polygons
2026-10-11 04:38:54 +0200: Memory Usage (485292K) : Total no. of polygons in the design is 43006
2026-10-11 04:38:54 +0200: Memory Usage (485292K) : Starting base layers derivations
2026-10-11 04:38:54 +0200: Memory Usage (485292K) : Starting general LVS derivations
2026-10-11 04:38:54 +0200: Memory Usage (489772K) : Starting MOSFET DERIVATIONS
2026-10-11 04:38:54 +0200: Memory Usage (489772K) : Starting NMOS DERIVATIONS
2026-10-11 04:38:54 +0200: Memory Usage (489772K) : Starting PMOS DERIVATIONS
2026-10-11 04:38:54 +0200: Memory Usage (489772K) : Starting RF-MOSFET DERIVATIONS
2026-10-11 04:38:54 +0200: Memory Usage (489772K) : Starting RF-NMOS DERIVATIONS
2026-10-11 04:38:54 +0200: Memory Usage (489772K) : Starting RF-PMOS DERIVATIONS
2026-10-11 04:38:54 +0200: Memory Usage (489772K) : Starting BJT DERIVATIONS
2026-10-11 04:38:54 +0200: Memory Usage (489772K) : Starting NPN-BJT DERIVATIONS
2026-10-11 04:38:54 +0200: Memory Usage (489900K) : Starting PNP-BJT DERIVATIONS
2026-10-11 04:38:54 +0200: Memory Usage (489900K) : Starting DIODE DERIVATIONS
2026-10-11 04:38:54 +0200: Memory Usage (489900K) : Starting RESISTOR DERIVATIONS
2026-10-11 04:38:54 +0200: Memory Usage (490028K) : Starting CAP DERIVATIONS
2026-10-11 04:38:54 +0200: Memory Usage (496044K) : Starting CAP_CMOM DERIVATIONS
2026-10-11 04:38:54 +0200: Memory Usage (496300K) : Starting CAP_CMOMF DERIVATIONS
2026-10-11 04:38:54 +0200: Memory Usage (496556K) : Starting ESD DERIVATIONS
2026-10-11 04:38:54 +0200: Memory Usage (497196K) : Starting Inductor DERIVATIONS
2026-10-11 04:38:54 +0200: Memory Usage (497324K) : inductor2 marker found but no device recognised: check that the IND:pin rectangles sit on the winding metal, touch the IND edge, and carry LA/LB labels on IND:text
2026-10-11 04:38:54 +0200: Memory Usage (497324K) : Starting Taps DERIVATIONS
2026-10-11 04:38:54 +0200: Memory Usage (497324K) : Starting SG13G2 LVS connectivity setup
2026-10-11 04:38:54 +0200: Memory Usage (497324K) : Starting SG13G2 LVS connectivity setup (Inter-layer)
2026-10-11 04:38:54 +0200: Memory Usage (497836K) : Starting SG13G2 LVS connectivity setup (Global)
2026-10-11 04:38:54 +0200: Memory Usage (497836K) : Starting LVS MOSFET CONNECTIONS
2026-10-11 04:38:54 +0200: Memory Usage (497836K) : Starting LVS RF-MOSFET CONNECTIONS
2026-10-11 04:38:54 +0200: Memory Usage (497836K) : Starting LVS BJT CONNECTIONS
2026-10-11 04:38:54 +0200: Memory Usage (497836K) : Starting LVS DIODE CONNECTIONS
2026-10-11 04:38:54 +0200: Memory Usage (497836K) : Starting RESISTOR CONNECTIONS
2026-10-11 04:38:54 +0200: Memory Usage (497836K) : Starting LVS CAP CONNECTIONS
2026-10-11 04:38:54 +0200: Memory Usage (497836K) : Starting CAP_CMOM CONNECTIONS
2026-10-11 04:38:54 +0200: Memory Usage (497836K) : Starting CAP_CMOMF CONNECTIONS
2026-10-11 04:38:54 +0200: Memory Usage (497836K) : Starting ESD CONNECTIONS
2026-10-11 04:38:54 +0200: Memory Usage (497836K) : Starting Inductor CONNECTIONS
2026-10-11 04:38:54 +0200: Memory Usage (497836K) : Starting LVS Taps CONNECTIONS
2026-10-11 04:38:54 +0200: Memory Usage (497836K) : Starting SG13G2 LVS DEVICES EXTRACTION
2026-10-11 04:38:54 +0200: Memory Usage (497836K) : Starting MOSFET EXTRACTION
2026-10-11 04:38:54 +0200: Memory Usage (497836K) : Starting NMOS EXTRACTION
2026-10-11 04:38:54 +0200: Memory Usage (497836K) : Extraction of NMOS-LV transistor
2026-10-11 04:38:54 +0200: Memory Usage (498220K) : Extraction of NMOS-HV transistor
2026-10-11 04:38:54 +0200: Memory Usage (498220K) : Starting PMOS EXTRACTION
2026-10-11 04:38:54 +0200: Memory Usage (498220K) : Extraction of PMOS-LV transistor
2026-10-11 04:38:54 +0200: Memory Usage (498220K) : Extraction of PMOS-HV transistor
2026-10-11 04:38:54 +0200: Memory Usage (498220K) : Starting RF-MOSFET EXTRACTION
2026-10-11 04:38:54 +0200: Memory Usage (498220K) : Extraction of RF-NMOS-LV transistor
2026-10-11 04:38:54 +0200: Memory Usage (498220K) : Extraction of RF-NMOS-HV transistor
2026-10-11 04:38:55 +0200: Memory Usage (498220K) : Extraction of RF-PMOS-LV transistor
2026-10-11 04:38:55 +0200: Memory Usage (498220K) : Extraction of RF-PMOS-HV transistor
2026-10-11 04:38:55 +0200: Memory Usage (498220K) : Starting BJT EXTRACTION
2026-10-11 04:38:55 +0200: Memory Usage (498220K) : Starting NPN-BJT EXTRACTION
2026-10-11 04:38:55 +0200: Memory Usage (498220K) : Extraction of npn13G2 BJT transistor
2026-10-11 04:38:55 +0200: Memory Usage (498348K) : Extraction of npn13G2L BJT transistor
2026-10-11 04:38:55 +0200: Memory Usage (498348K) : Extraction of npn13G2V BJT transistor
2026-10-11 04:38:55 +0200: Memory Usage (498348K) : Starting PNP-BJT EXTRACTION
2026-10-11 04:38:55 +0200: Memory Usage (498348K) : Extracting pnpMPA BJT
2026-10-11 04:38:55 +0200: Memory Usage (498348K) : Starting DIODE EXTRACTION
2026-10-11 04:38:55 +0200: Memory Usage (498348K) : Extracting dantenna diode
2026-10-11 04:38:55 +0200: Memory Usage (498348K) : Extracting dpantenna diode
2026-10-11 04:38:55 +0200: Memory Usage (498348K) : Extracting schottky_nbl1 diode
2026-10-11 04:38:55 +0200: Memory Usage (498348K) : Extracting isolbox diode
2026-10-11 04:38:55 +0200: Memory Usage (498348K) : Starting RESISTOR EXTRACTION
2026-10-11 04:38:55 +0200: Memory Usage (498348K) : Extracting rsil resistor
2026-10-11 04:38:55 +0200: Memory Usage (498348K) : Extracting rppd resistor
2026-10-11 04:38:55 +0200: Memory Usage (499552K) : Extracting rhigh resistor
2026-10-11 04:38:55 +0200: Memory Usage (499552K) : Extracting res_metal1 resistor
2026-10-11 04:38:55 +0200: Memory Usage (499552K) : Extracting res_metal2 resistor
2026-10-11 04:38:55 +0200: Memory Usage (499552K) : Extracting res_metal3 resistor
2026-10-11 04:38:55 +0200: Memory Usage (499552K) : Extracting res_metal4 resistor
2026-10-11 04:38:55 +0200: Memory Usage (499552K) : Extracting res_metal5 resistor
2026-10-11 04:38:55 +0200: Memory Usage (499552K) : Extracting res_topmetal1 resistor
2026-10-11 04:38:55 +0200: Memory Usage (499552K) : Extracting res_topmetal2 resistor
2026-10-11 04:38:55 +0200: Memory Usage (499552K) : Starting CAP EXTRACTION
2026-10-11 04:38:55 +0200: Memory Usage (499552K) : Extracting cap_cmim device
2026-10-11 04:38:55 +0200: Memory Usage (499552K) : Extracting rfcmim device
2026-10-11 04:38:55 +0200: Memory Usage (499552K) : Extracting sg13_hv_svaricap varactor
2026-10-11 04:38:55 +0200: Memory Usage (499552K) : Extracting cap_cmomi device
2026-10-11 04:38:55 +0200: Memory Usage (499552K) : Extracting cap_cmomf device
2026-10-11 04:38:55 +0200: Memory Usage (499552K) : Extracting sg13_moscap_n capacitor
2026-10-11 04:38:55 +0200: Memory Usage (499552K) : Extracting sg13_moscap_p capacitor
2026-10-11 04:38:55 +0200: Memory Usage (499552K) : Starting ESD EXTRACTION
2026-10-11 04:38:55 +0200: Memory Usage (499552K) : Extracting diodevdd_2kv ESD device
2026-10-11 04:38:55 +0200: Memory Usage (499552K) : Extracting diodevdd_4kv ESD device
2026-10-11 04:38:55 +0200: Memory Usage (499552K) : Extracting diodevss_2kv ESD device
2026-10-11 04:38:55 +0200: Memory Usage (499552K) : Extracting diodevss_4kv ESD device
2026-10-11 04:38:55 +0200: Memory Usage (499552K) : Extracting idiodevdd_2kv ESD device
2026-10-11 04:38:55 +0200: Memory Usage (499552K) : Extracting idiodevdd_4kv ESD device
2026-10-11 04:38:55 +0200: Memory Usage (499552K) : Extracting idiodevss_2kv ESD device
2026-10-11 04:38:55 +0200: Memory Usage (499552K) : Extracting idiodevss_4kv ESD device
2026-10-11 04:38:55 +0200: Memory Usage (499552K) : Extracting nmoscl_2 ESD device
2026-10-11 04:38:55 +0200: Memory Usage (499552K) : Extracting nmoscl_4 ESD device
2026-10-11 04:38:55 +0200: Memory Usage (499552K) : Starting Inductor EXTRACTION
2026-10-11 04:38:55 +0200: Memory Usage (499552K) : Extracting Inductor2 device
2026-10-11 04:38:55 +0200: Memory Usage (499552K) : Extracting Inductor3 device
2026-10-11 04:38:55 +0200: Memory Usage (499552K) : Starting Taps EXTRACTION
2026-10-11 04:38:55 +0200: Memory Usage (499552K) : Extracting ntap1 device
2026-10-11 04:38:55 +0200: Memory Usage (499552K) : Extracting ptap1 device
2026-10-11 04:38:55 +0200: Memory Usage (499552K) : Starting SG13G2 LVS RF MOS Model Mapping
2026-10-11 04:38:55 +0200: Memory Usage (500064K) : [layout_netlist] Apply RF MOS model mapping and rfmode parameter.
2026-10-11 04:38:55 +0200: Memory Usage (500064K) : Starting SG13G2 LVS Options Preparations
2026-10-11 04:38:55 +0200: Memory Usage (500064K) : SG13G2 LVS flow: extraction -> alignment -> option preparation -> comparison.
2026-10-11 04:38:55 +0200: Memory Usage (500064K) : Starting SG13G2 LVS Alignment
2026-10-11 04:38:55 +0200: Memory Usage (500192K) : Starting SG13G2 LVS Simplification
2026-10-11 04:38:55 +0200: Memory Usage (500192K) : [layout_netlist] simplify: ENABLED
2026-10-11 04:38:55 +0200: Memory Usage (500192K) : [layout_netlist] make_top_level_pins: SKIPPED
2026-10-11 04:38:55 +0200: Memory Usage (500192K) : [layout_netlist] combine_devices: SKIPPED
2026-10-11 04:38:55 +0200: Memory Usage (500192K) : [layout_netlist] purge: SKIPPED
2026-10-11 04:38:55 +0200: Memory Usage (500192K) : [layout_netlist] purge_nets: SKIPPED
2026-10-11 04:38:55 +0200: Memory Usage (500192K) : [layout_netlist] purge_devices: SKIPPED
2026-10-11 04:38:55 +0200: Memory Usage (500192K) : [schematic_netlist] simplify: ENABLED
2026-10-11 04:38:55 +0200: Memory Usage (500192K) : [schematic_netlist] make_top_level_pins: SKIPPED
2026-10-11 04:38:55 +0200: Memory Usage (500192K) : [schematic_netlist] combine_devices: SKIPPED
2026-10-11 04:38:55 +0200: Memory Usage (500192K) : [schematic_netlist] purge: SKIPPED
2026-10-11 04:38:55 +0200: Memory Usage (500192K) : [schematic_netlist] purge_nets: SKIPPED
2026-10-11 04:38:55 +0200: Memory Usage (500192K) : [schematic_netlist] purge_devices: SKIPPED
2026-10-11 04:38:55 +0200: Memory Usage (500192K) : Starting SG13G2 LVS Comparison in strict port mode.
2026-10-11 04:38:55 +0200: Memory Usage (500192K) : flag_missing_ports enabled: missing/mislabeled top-level ports are treated as errors.
2026-10-11 04:38:55 +0200: Memory Usage (500320K) : xxxxxxxxxxxxxxxxxxxxxxxxxxxxxxxxxxxxxxxxxx
2026-10-11 04:38:55 +0200: Memory Usage (500320K) : ERROR : Netlists don't match
2026-10-11 04:38:55 +0200: Memory Usage (500320K) : xxxxxxxxxxxxxxxxxxxxxxxxxxxxxxxxxxxxxxxxxx
2026-10-11 04:38:55 +0200: Memory Usage (500320K) : LVS Total Run time 2.269466 seconds
