# Logfile created on 2026-10-11 04:50:03 +0200 by logger.rb/v1.5.3
2026-10-11 04:50:03 +0200: Memory Usage (459364K) : Starting running SG13G2 Klayout LVS runset on /foss/designs/radar-chip/lna/layout/lna_layout.gds
2026-10-11 04:50:03 +0200: Memory Usage (459364K) : Ruby Version for klayout: 3.2.3
2026-10-11 04:50:03 +0200: Memory Usage (460832K) : Loading database to memory is complete.
2026-10-11 04:50:03 +0200: Memory Usage (460832K) : SG13G2 Klayout LVS runset output at: /foss/designs/radar-chip/lna/layout/lvs_045000/lna_layout.lvsdb
2026-10-11 04:50:03 +0200: Memory Usage (460832K) : Evaluate switches.
2026-10-11 04:50:03 +0200: Memory Usage (460832K) : Extracted netlist with net names: true
2026-10-11 04:50:03 +0200: Memory Usage (460832K) : Extracted netlist with comments in details: false
2026-10-11 04:50:03 +0200: Memory Usage (460832K) : Selected NET_ONLY option: false
2026-10-11 04:50:03 +0200: Memory Usage (460832K) : Selected LAYOUT_NETLIST option: (none)
2026-10-11 04:50:03 +0200: Memory Usage (460832K) : Selected IGNORE_TOP_PORTS_MISMATCH option: true
2026-10-11 04:50:03 +0200: Memory Usage (460832K) : Selected IMPLICIT_NETS option: (none)
2026-10-11 04:50:03 +0200: Memory Usage (460832K) : Selected TOP_LVL_PINS option: false
2026-10-11 04:50:03 +0200: Memory Usage (460832K) : Selected COMBINE DEVICES option: false
2026-10-11 04:50:03 +0200: Memory Usage (460832K) : Selected PURGE option: false
2026-10-11 04:50:03 +0200: Memory Usage (460832K) : Selected PURGE_NETS option: false
2026-10-11 04:50:03 +0200: Memory Usage (460832K) : Selected SIMPLIFY option: true
2026-10-11 04:50:03 +0200: Memory Usage (460832K) : Selected SERIES_RES option: true
2026-10-11 04:50:03 +0200: Memory Usage (460832K) : Selected PARALLEL_RES option: true
2026-10-11 04:50:03 +0200: Memory Usage (460832K) : Selected DISABLE_TAP_EXTRACTION option: false
2026-10-11 04:50:03 +0200: Memory Usage (460832K) : flat  mode is enabled.
2026-10-11 04:50:03 +0200: Memory Usage (462088K) : Netlist file: /foss/designs/radar-chip/lna/layout/lna_lvs.cdl
2026-10-11 04:50:03 +0200: Memory Usage (462088K) : LVS extracted netlist at: /foss/designs/radar-chip/lna/layout/lvs_045000/lna_layout_extracted.cir
2026-10-11 04:50:03 +0200: Memory Usage (462088K) : Applying SRAM integration support.
2026-10-11 04:50:03 +0200: Memory Usage (462088K) : Starting SG13G2 LVS runset
2026-10-11 04:50:03 +0200: Memory Usage (462088K) : Read in polygons from layers.
2026-10-11 04:50:03 +0200: Memory Usage (463020K) : activ_drw has 20 polygons
2026-10-11 04:50:03 +0200: Memory Usage (463020K) : activ_filler has 0 polygons
2026-10-11 04:50:03 +0200: Memory Usage (463148K) : activ has 20 polygons
2026-10-11 04:50:03 +0200: Memory Usage (463148K) : activ_pin has 0 polygons
2026-10-11 04:50:03 +0200: Memory Usage (463148K) : activ_mask has 4 polygons
2026-10-11 04:50:03 +0200: Memory Usage (463148K) : activ_nofill has 2 polygons
2026-10-11 04:50:03 +0200: Memory Usage (463148K) : activ_OPC has 0 polygons
2026-10-11 04:50:03 +0200: Memory Usage (463276K) : activ_iOPC has 0 polygons
2026-10-11 04:50:03 +0200: Memory Usage (463276K) : activ_noqrc has 7 polygons
2026-10-11 04:50:03 +0200: Memory Usage (463276K) : biwind_drw has 0 polygons
2026-10-11 04:50:03 +0200: Memory Usage (463276K) : biwind_OPC has 0 polygons
2026-10-11 04:50:03 +0200: Memory Usage (463404K) : gatpoly_drw has 12 polygons
2026-10-11 04:50:03 +0200: Memory Usage (463532K) : gatpoly_filler has 0 polygons
2026-10-11 04:50:03 +0200: Memory Usage (463916K) : gatpoly has 12 polygons
2026-10-11 04:50:03 +0200: Memory Usage (464044K) : gatpoly_pin has 0 polygons
2026-10-11 04:50:03 +0200: Memory Usage (464172K) : gatpoly_nofill has 2 polygons
2026-10-11 04:50:03 +0200: Memory Usage (464172K) : gatpoly_OPC has 0 polygons
2026-10-11 04:50:03 +0200: Memory Usage (464300K) : gatpoly_iOPC has 0 polygons
2026-10-11 04:50:03 +0200: Memory Usage (464428K) : gatpoly_noqrc has 0 polygons
2026-10-11 04:50:03 +0200: Memory Usage (467628K) : cont_drw has 12325 polygons
2026-10-11 04:50:03 +0200: Memory Usage (467628K) : cont_OPC has 0 polygons
2026-10-11 04:50:03 +0200: Memory Usage (467628K) : nsd_drw has 3 polygons
2026-10-11 04:50:03 +0200: Memory Usage (467756K) : nsd_block has 4 polygons
2026-10-11 04:50:03 +0200: Memory Usage (467756K) : metal1_drw has 46 polygons
2026-10-11 04:50:03 +0200: Memory Usage (467756K) : metal1_filler has 0 polygons
2026-10-11 04:50:03 +0200: Memory Usage (467756K) : metal1_slit has 0 polygons
2026-10-11 04:50:03 +0200: Memory Usage (467756K) : metal1 has 46 polygons
2026-10-11 04:50:03 +0200: Memory Usage (467756K) : metal1_pin has 32 polygons
2026-10-11 04:50:03 +0200: Memory Usage (467756K) : metal1_mask has 0 polygons
2026-10-11 04:50:03 +0200: Memory Usage (467756K) : metal1_nofill has 2 polygons
2026-10-11 04:50:03 +0200: Memory Usage (467756K) : metal1_text has 0 polygons
2026-10-11 04:50:03 +0200: Memory Usage (467756K) : metal1_OPC has 0 polygons
2026-10-11 04:50:03 +0200: Memory Usage (467756K) : metal1_noqrc has 7 polygons
2026-10-11 04:50:03 +0200: Memory Usage (468140K) : metal1_res has 0 polygons
2026-10-11 04:50:03 +0200: Memory Usage (468140K) : metal1_iprobe has 0 polygons
2026-10-11 04:50:03 +0200: Memory Usage (468140K) : metal1_diffprb has 0 polygons
2026-10-11 04:50:03 +0200: Memory Usage (468140K) : passiv_drw has 10 polygons
2026-10-11 04:50:03 +0200: Memory Usage (468140K) : passiv_pin has 0 polygons
2026-10-11 04:50:03 +0200: Memory Usage (468268K) : passiv_sbump has 0 polygons
2026-10-11 04:50:03 +0200: Memory Usage (468396K) : passiv_pillar has 0 polygons
2026-10-11 04:50:03 +0200: Memory Usage (468396K) : passiv_pdl has 0 polygons
2026-10-11 04:50:03 +0200: Memory Usage (468524K) : metal2_drw has 29 polygons
2026-10-11 04:50:03 +0200: Memory Usage (468652K) : metal2_filler has 0 polygons
2026-10-11 04:50:03 +0200: Memory Usage (468780K) : metal2_slit has 0 polygons
2026-10-11 04:50:03 +0200: Memory Usage (468908K) : metal2 has 29 polygons
2026-10-11 04:50:03 +0200: Memory Usage (469036K) : metal2_pin has 4 polygons
2026-10-11 04:50:03 +0200: Memory Usage (469164K) : metal2_mask has 0 polygons
2026-10-11 04:50:03 +0200: Memory Usage (469292K) : metal2_nofill has 2 polygons
2026-10-11 04:50:03 +0200: Memory Usage (469292K) : metal2_text has 0 polygons
2026-10-11 04:50:03 +0200: Memory Usage (469420K) : metal2_OPC has 0 polygons
2026-10-11 04:50:03 +0200: Memory Usage (469548K) : metal2_noqrc has 7 polygons
2026-10-11 04:50:03 +0200: Memory Usage (469676K) : metal2_res has 0 polygons
2026-10-11 04:50:03 +0200: Memory Usage (469804K) : metal2_iprobe has 0 polygons
2026-10-11 04:50:03 +0200: Memory Usage (470060K) : metal2_diffprb has 0 polygons
2026-10-11 04:50:03 +0200: Memory Usage (470188K) : baspoly_drw has 0 polygons
2026-10-11 04:50:03 +0200: Memory Usage (470316K) : baspoly_pin has 0 polygons
2026-10-11 04:50:03 +0200: Memory Usage (470316K) : psd_drw has 22 polygons
2026-10-11 04:50:03 +0200: Memory Usage (470444K) : nldb_drw has 0 polygons
2026-10-11 04:50:03 +0200: Memory Usage (470572K) : digibnd_drw has 0 polygons
2026-10-11 04:50:03 +0200: Memory Usage (470572K) : via1_drw has 592 polygons
2026-10-11 04:50:03 +0200: Memory Usage (470828K) : backmetal1_drw has 0 polygons
2026-10-11 04:50:03 +0200: Memory Usage (470956K) : backmetal1_pin has 0 polygons
2026-10-11 04:50:03 +0200: Memory Usage (471084K) : backmetal1_mask has 0 polygons
2026-10-11 04:50:03 +0200: Memory Usage (471212K) : backmetal1_filler has 0 polygons
2026-10-11 04:50:03 +0200: Memory Usage (471340K) : backmetal1_nofill has 0 polygons
2026-10-11 04:50:03 +0200: Memory Usage (471468K) : backmetal1_slit has 0 polygons
2026-10-11 04:50:03 +0200: Memory Usage (471596K) : backmetal1_text has 0 polygons
2026-10-11 04:50:03 +0200: Memory Usage (471724K) : backmetal1_OPC has 0 polygons
2026-10-11 04:50:03 +0200: Memory Usage (471852K) : backmetal1_noqrc has 0 polygons
2026-10-11 04:50:03 +0200: Memory Usage (471980K) : backmetal1_res has 0 polygons
2026-10-11 04:50:03 +0200: Memory Usage (472108K) : backmetal1_iprobe has 0 polygons
2026-10-11 04:50:03 +0200: Memory Usage (472236K) : backmetal1_diffprb has 0 polygons
2026-10-11 04:50:03 +0200: Memory Usage (472364K) : backpassiv_drw has 0 polygons
2026-10-11 04:50:03 +0200: Memory Usage (472492K) : res_drw has 0 polygons
2026-10-11 04:50:03 +0200: Memory Usage (472620K) : sram_drw has 0 polygons
2026-10-11 04:50:03 +0200: Memory Usage (472748K) : trans_drw has 4 polygons
2026-10-11 04:50:03 +0200: Memory Usage (472876K) : ind_drw has 2 polygons
2026-10-11 04:50:03 +0200: Memory Usage (473004K) : ind_pin has 4 polygons
2026-10-11 04:50:03 +0200: Memory Usage (473132K) : ind_text has 4 polygons
2026-10-11 04:50:03 +0200: Memory Usage (473260K) : salblock_drw has 6 polygons
2026-10-11 04:50:03 +0200: Memory Usage (473388K) : via2_drw has 464 polygons
2026-10-11 04:50:03 +0200: Memory Usage (473516K) : metal3_drw has 35 polygons
2026-10-11 04:50:03 +0200: Memory Usage (473644K) : metal3_filler has 0 polygons
2026-10-11 04:50:03 +0200: Memory Usage (473772K) : metal3_slit has 0 polygons
2026-10-11 04:50:03 +0200: Memory Usage (473900K) : metal3 has 35 polygons
2026-10-11 04:50:03 +0200: Memory Usage (474028K) : metal3_pin has 0 polygons
2026-10-11 04:50:03 +0200: Memory Usage (474156K) : metal3_mask has 0 polygons
2026-10-11 04:50:03 +0200: Memory Usage (474284K) : metal3_nofill has 2 polygons
2026-10-11 04:50:03 +0200: Memory Usage (474412K) : metal3_text has 0 polygons
2026-10-11 04:50:03 +0200: Memory Usage (474540K) : metal3_OPC has 0 polygons
2026-10-11 04:50:03 +0200: Memory Usage (474668K) : metal3_noqrc has 7 polygons
2026-10-11 04:50:03 +0200: Memory Usage (474796K) : metal3_res has 0 polygons
2026-10-11 04:50:03 +0200: Memory Usage (474924K) : metal3_iprobe has 0 polygons
2026-10-11 04:50:03 +0200: Memory Usage (475052K) : metal3_diffprb has 0 polygons
2026-10-11 04:50:03 +0200: Memory Usage (475180K) : nwell_drw has 0 polygons
2026-10-11 04:50:03 +0200: Memory Usage (475308K) : nwell_pin has 0 polygons
2026-10-11 04:50:03 +0200: Memory Usage (475436K) : nwell_text has 0 polygons
2026-10-11 04:50:03 +0200: Memory Usage (475564K) : nbulay_drw has 0 polygons
2026-10-11 04:50:03 +0200: Memory Usage (475692K) : nbulay_pin has 0 polygons
2026-10-11 04:50:03 +0200: Memory Usage (475820K) : nbulay_block has 0 polygons
2026-10-11 04:50:03 +0200: Memory Usage (475820K) : emwind_drw has 18 polygons
2026-10-11 04:50:03 +0200: Memory Usage (475948K) : emwind_OPC has 0 polygons
2026-10-11 04:50:03 +0200: Memory Usage (476076K) : deepco_drw has 0 polygons
2026-10-11 04:50:03 +0200: Memory Usage (476332K) : mim_drw has 7 polygons
2026-10-11 04:50:03 +0200: Memory Usage (476460K) : edgeseal_drw has 0 polygons
2026-10-11 04:50:03 +0200: Memory Usage (476588K) : substrate_drw has 5 polygons
2026-10-11 04:50:03 +0200: Memory Usage (476588K) : substrate_text has 0 polygons
2026-10-11 04:50:03 +0200: Memory Usage (476716K) : dfpad_drw has 10 polygons
2026-10-11 04:50:03 +0200: Memory Usage (476844K) : dfpad_pillar has 0 polygons
2026-10-11 04:50:03 +0200: Memory Usage (476972K) : dfpad_sbump has 0 polygons
2026-10-11 04:50:03 +0200: Memory Usage (477228K) : thickgateox_drw has 0 polygons
2026-10-11 04:50:03 +0200: Memory Usage (477356K) : pldb_drw has 0 polygons
2026-10-11 04:50:03 +0200: Memory Usage (477484K) : pwell_drw has 0 polygons
2026-10-11 04:50:03 +0200: Memory Usage (477612K) : pwell_pin has 0 polygons
2026-10-11 04:50:03 +0200: Memory Usage (477740K) : pwell_block has 9 polygons
2026-10-11 04:50:03 +0200: Memory Usage (477868K) : ic_drw has 0 polygons
2026-10-11 04:50:03 +0200: Memory Usage (479148K) : via3_drw has 6336 polygons
2026-10-11 04:50:03 +0200: Memory Usage (479276K) : metal4_drw has 14 polygons
2026-10-11 04:50:03 +0200: Memory Usage (479276K) : metal4_filler has 0 polygons
2026-10-11 04:50:03 +0200: Memory Usage (479276K) : metal4_slit has 0 polygons
2026-10-11 04:50:03 +0200: Memory Usage (479276K) : metal4 has 14 polygons
2026-10-11 04:50:03 +0200: Memory Usage (479276K) : metal4_pin has 0 polygons
2026-10-11 04:50:03 +0200: Memory Usage (479276K) : metal4_mask has 0 polygons
2026-10-11 04:50:03 +0200: Memory Usage (479276K) : metal4_nofill has 2 polygons
2026-10-11 04:50:03 +0200: Memory Usage (479276K) : metal4_text has 0 polygons
2026-10-11 04:50:03 +0200: Memory Usage (479660K) : metal4_OPC has 0 polygons
2026-10-11 04:50:03 +0200: Memory Usage (479660K) : metal4_noqrc has 7 polygons
2026-10-11 04:50:03 +0200: Memory Usage (479660K) : metal4_res has 0 polygons
2026-10-11 04:50:03 +0200: Memory Usage (479660K) : metal4_iprobe has 0 polygons
2026-10-11 04:50:03 +0200: Memory Usage (479916K) : metal4_diffprb has 0 polygons
2026-10-11 04:50:03 +0200: Memory Usage (480044K) : heattrans_drw has 18 polygons
2026-10-11 04:50:03 +0200: Memory Usage (480172K) : heatres_drw has 6 polygons
2026-10-11 04:50:03 +0200: Memory Usage (480300K) : fbe_drw has 0 polygons
2026-10-11 04:50:03 +0200: Memory Usage (480428K) : empoly_drw has 0 polygons
2026-10-11 04:50:03 +0200: Memory Usage (480556K) : digisub_drw has 0 polygons
2026-10-11 04:50:03 +0200: Memory Usage (480684K) : text_drw has 70 polygons
2026-10-11 04:50:03 +0200: Memory Usage (481836K) : via4_drw has 6192 polygons
2026-10-11 04:50:03 +0200: Memory Usage (481836K) : metal5_drw has 27 polygons
2026-10-11 04:50:03 +0200: Memory Usage (481836K) : metal5_filler has 0 polygons
2026-10-11 04:50:03 +0200: Memory Usage (481836K) : metal5_slit has 0 polygons
2026-10-11 04:50:03 +0200: Memory Usage (481836K) : metal5 has 27 polygons
2026-10-11 04:50:03 +0200: Memory Usage (481836K) : metal5_pin has 7 polygons
2026-10-11 04:50:03 +0200: Memory Usage (482220K) : metal5_mask has 0 polygons
2026-10-11 04:50:03 +0200: Memory Usage (482220K) : metal5_nofill has 2 polygons
2026-10-11 04:50:03 +0200: Memory Usage (482220K) : metal5_text has 0 polygons
2026-10-11 04:50:03 +0200: Memory Usage (482348K) : metal5_OPC has 0 polygons
2026-10-11 04:50:03 +0200: Memory Usage (482348K) : metal5_noqrc has 7 polygons
2026-10-11 04:50:03 +0200: Memory Usage (482476K) : metal5_res has 0 polygons
2026-10-11 04:50:03 +0200: Memory Usage (482604K) : metal5_iprobe has 0 polygons
2026-10-11 04:50:03 +0200: Memory Usage (482732K) : metal5_diffprb has 0 polygons
2026-10-11 04:50:03 +0200: Memory Usage (482732K) : radhard_drw has 0 polygons
2026-10-11 04:50:03 +0200: Memory Usage (482732K) : memcap_drw has 0 polygons
2026-10-11 04:50:03 +0200: Memory Usage (482732K) : varicap_drw has 0 polygons
2026-10-11 04:50:03 +0200: Memory Usage (482732K) : intbondvia_drw has 0 polygons
2026-10-11 04:50:03 +0200: Memory Usage (482732K) : intbondmet_drw has 0 polygons
2026-10-11 04:50:03 +0200: Memory Usage (482732K) : devbondvia_drw has 0 polygons
2026-10-11 04:50:03 +0200: Memory Usage (482732K) : devbondmet_drw has 0 polygons
2026-10-11 04:50:03 +0200: Memory Usage (482732K) : devtrench_drw has 0 polygons
2026-10-11 04:50:03 +0200: Memory Usage (482732K) : redist_drw has 0 polygons
2026-10-11 04:50:03 +0200: Memory Usage (482732K) : graphbot_drw has 0 polygons
2026-10-11 04:50:03 +0200: Memory Usage (482732K) : graphtop_drw has 0 polygons
2026-10-11 04:50:03 +0200: Memory Usage (482732K) : antvia1_drw has 0 polygons
2026-10-11 04:50:03 +0200: Memory Usage (482732K) : antmetal2_drw has 0 polygons
2026-10-11 04:50:03 +0200: Memory Usage (482732K) : graphcont_drw has 0 polygons
2026-10-11 04:50:03 +0200: Memory Usage (482732K) : siwg_drw has 0 polygons
2026-10-11 04:50:03 +0200: Memory Usage (482732K) : siwg_filler has 0 polygons
2026-10-11 04:50:03 +0200: Memory Usage (482732K) : siwg_nofill has 0 polygons
2026-10-11 04:50:03 +0200: Memory Usage (482732K) : sigrating_drw has 0 polygons
2026-10-11 04:50:03 +0200: Memory Usage (482732K) : singrating_drw has 0 polygons
2026-10-11 04:50:03 +0200: Memory Usage (482732K) : graphpas_drw has 0 polygons
2026-10-11 04:50:03 +0200: Memory Usage (482732K) : emwind3_drw has 0 polygons
2026-10-11 04:50:03 +0200: Memory Usage (482732K) : emwihv3_drw has 0 polygons
2026-10-11 04:50:03 +0200: Memory Usage (482732K) : redbulay_drw has 0 polygons
2026-10-11 04:50:03 +0200: Memory Usage (482732K) : smos_drw has 0 polygons
2026-10-11 04:50:03 +0200: Memory Usage (482732K) : graphpad_drw has 0 polygons
2026-10-11 04:50:03 +0200: Memory Usage (482732K) : polimide_drw has 0 polygons
2026-10-11 04:50:03 +0200: Memory Usage (482732K) : polimide_pin has 0 polygons
2026-10-11 04:50:03 +0200: Memory Usage (482732K) : recog_drw has 0 polygons
2026-10-11 04:50:03 +0200: Memory Usage (482732K) : recog_pin has 0 polygons
2026-10-11 04:50:03 +0200: Memory Usage (482732K) : recog_esd has 0 polygons
2026-10-11 04:50:03 +0200: Memory Usage (482732K) : recog_diode has 0 polygons
2026-10-11 04:50:03 +0200: Memory Usage (482732K) : recog_tsv has 0 polygons
2026-10-11 04:50:03 +0200: Memory Usage (482732K) : recog_iprobe has 0 polygons
2026-10-11 04:50:03 +0200: Memory Usage (482732K) : recog_diffprb has 0 polygons
2026-10-11 04:50:03 +0200: Memory Usage (482732K) : recog_pillar has 0 polygons
2026-10-11 04:50:03 +0200: Memory Usage (482732K) : recog_sbump has 0 polygons
2026-10-11 04:50:03 +0200: Memory Usage (482732K) : recog_otp has 0 polygons
2026-10-11 04:50:03 +0200: Memory Usage (482732K) : recog_pdiode has 0 polygons
2026-10-11 04:50:03 +0200: Memory Usage (482732K) : recog_mom has 0 polygons
2026-10-11 04:50:03 +0200: Memory Usage (482732K) : recog_momf has 0 polygons
2026-10-11 04:50:03 +0200: Memory Usage (482732K) : recog_pcm has 0 polygons
2026-10-11 04:50:03 +0200: Memory Usage (482732K) : colopen_drw has 0 polygons
2026-10-11 04:50:03 +0200: Memory Usage (482732K) : graphmetal1_drw has 0 polygons
2026-10-11 04:50:03 +0200: Memory Usage (482732K) : graphmetal1_filler has 0 polygons
2026-10-11 04:50:03 +0200: Memory Usage (482732K) : graphmetal1_nofill has 0 polygons
2026-10-11 04:50:03 +0200: Memory Usage (482732K) : graphmetal1_slit has 0 polygons
2026-10-11 04:50:03 +0200: Memory Usage (482732K) : graphmetal1_OPC has 0 polygons
2026-10-11 04:50:03 +0200: Memory Usage (482732K) : graphmet1l_drw has 0 polygons
2026-10-11 04:50:03 +0200: Memory Usage (482732K) : graphmet1l_filler has 0 polygons
2026-10-11 04:50:03 +0200: Memory Usage (482732K) : graphmet1l_nofill has 0 polygons
2026-10-11 04:50:03 +0200: Memory Usage (482732K) : graphmet1l_slit has 0 polygons
2026-10-11 04:50:03 +0200: Memory Usage (482732K) : graphmet1l_OPC has 0 polygons
2026-10-11 04:50:03 +0200: Memory Usage (482732K) : extblock_drw has 6 polygons
2026-10-11 04:50:03 +0200: Memory Usage (482732K) : nldd_drw has 0 polygons
2026-10-11 04:50:03 +0200: Memory Usage (482732K) : pldd_drw has 0 polygons
2026-10-11 04:50:03 +0200: Memory Usage (482732K) : next_drw has 0 polygons
2026-10-11 04:50:03 +0200: Memory Usage (482732K) : pext_drw has 0 polygons
2026-10-11 04:50:03 +0200: Memory Usage (482732K) : nexthv_drw has 0 polygons
2026-10-11 04:50:03 +0200: Memory Usage (482732K) : pexthv_drw has 0 polygons
2026-10-11 04:50:03 +0200: Memory Usage (482732K) : graphgate_drw has 0 polygons
2026-10-11 04:50:03 +0200: Memory Usage (482732K) : sinwg_drw has 0 polygons
2026-10-11 04:50:03 +0200: Memory Usage (482732K) : sinwg_filler has 0 polygons
2026-10-11 04:50:03 +0200: Memory Usage (482732K) : sinwg_nofill has 0 polygons
2026-10-11 04:50:03 +0200: Memory Usage (482732K) : mempad_drw has 0 polygons
2026-10-11 04:50:03 +0200: Memory Usage (482732K) : topvia1_drw has 2936 polygons
2026-10-11 04:50:03 +0200: Memory Usage (482732K) : topmetal1_drw has 32 polygons
2026-10-11 04:50:03 +0200: Memory Usage (482732K) : topmetal1_filler has 0 polygons
2026-10-11 04:50:03 +0200: Memory Usage (482732K) : topmetal1_slit has 0 polygons
2026-10-11 04:50:03 +0200: Memory Usage (482732K) : topmetal1 has 32 polygons
2026-10-11 04:50:03 +0200: Memory Usage (482732K) : topmetal1_pin has 11 polygons
2026-10-11 04:50:03 +0200: Memory Usage (482732K) : topmetal1_mask has 0 polygons
2026-10-11 04:50:03 +0200: Memory Usage (482732K) : topmetal1_nofill has 2 polygons
2026-10-11 04:50:03 +0200: Memory Usage (482732K) : topmetal1_text has 0 polygons
2026-10-11 04:50:03 +0200: Memory Usage (482732K) : topmetal1_noqrc has 7 polygons
2026-10-11 04:50:03 +0200: Memory Usage (482732K) : topmetal1_res has 0 polygons
2026-10-11 04:50:03 +0200: Memory Usage (482732K) : topmetal1_iprobe has 0 polygons
2026-10-11 04:50:03 +0200: Memory Usage (482732K) : topmetal1_diffprb has 0 polygons
2026-10-11 04:50:03 +0200: Memory Usage (482732K) : inldpwl_drw has 0 polygons
2026-10-11 04:50:03 +0200: Memory Usage (482732K) : polyres_drw has 6 polygons
2026-10-11 04:50:03 +0200: Memory Usage (482732K) : polyres_pin has 0 polygons
2026-10-11 04:50:03 +0200: Memory Usage (483244K) : vmim_drw has 8250 polygons
2026-10-11 04:50:03 +0200: Memory Usage (483244K) : nbulaycut_drw has 0 polygons
2026-10-11 04:50:03 +0200: Memory Usage (483244K) : antmetal1_drw has 0 polygons
2026-10-11 04:50:03 +0200: Memory Usage (483244K) : topvia2_drw has 1632 polygons
2026-10-11 04:50:03 +0200: Memory Usage (483244K) : topmetal2_drw has 16 polygons
2026-10-11 04:50:03 +0200: Memory Usage (483244K) : topmetal2_filler has 0 polygons
2026-10-11 04:50:04 +0200: Memory Usage (483244K) : topmetal2_slit has 0 polygons
2026-10-11 04:50:04 +0200: Memory Usage (483244K) : topmetal2 has 16 polygons
2026-10-11 04:50:04 +0200: Memory Usage (483244K) : topmetal2_pin has 0 polygons
2026-10-11 04:50:04 +0200: Memory Usage (483244K) : topmetal2_mask has 0 polygons
2026-10-11 04:50:04 +0200: Memory Usage (483244K) : topmetal2_nofill has 2 polygons
2026-10-11 04:50:04 +0200: Memory Usage (483244K) : topmetal2_text has 5 polygons
2026-10-11 04:50:04 +0200: Memory Usage (483244K) : topmetal2_noqrc has 0 polygons
2026-10-11 04:50:04 +0200: Memory Usage (483244K) : topmetal2_res has 0 polygons
2026-10-11 04:50:04 +0200: Memory Usage (483244K) : topmetal2_iprobe has 0 polygons
2026-10-11 04:50:04 +0200: Memory Usage (483244K) : topmetal2_diffprb has 0 polygons
2026-10-11 04:50:04 +0200: Memory Usage (483244K) : snsring_drw has 0 polygons
2026-10-11 04:50:04 +0200: Memory Usage (483244K) : sensor_drw has 0 polygons
2026-10-11 04:50:04 +0200: Memory Usage (483244K) : snsarms_drw has 0 polygons
2026-10-11 04:50:04 +0200: Memory Usage (483244K) : snscmosvia_drw has 0 polygons
2026-10-11 04:50:04 +0200: Memory Usage (483244K) : colwind_drw has 0 polygons
2026-10-11 04:50:04 +0200: Memory Usage (483244K) : flm_drw has 0 polygons
2026-10-11 04:50:04 +0200: Memory Usage (483244K) : hafniumox_drw has 0 polygons
2026-10-11 04:50:04 +0200: Memory Usage (483244K) : memvia_drw has 0 polygons
2026-10-11 04:50:04 +0200: Memory Usage (483244K) : thinfilmres_drw has 0 polygons
2026-10-11 04:50:04 +0200: Memory Usage (483244K) : rfmem_drw has 0 polygons
2026-10-11 04:50:04 +0200: Memory Usage (483244K) : norcx_drw has 2 polygons
2026-10-11 04:50:04 +0200: Memory Usage (483244K) : norcx_m2m3 has 0 polygons
2026-10-11 04:50:04 +0200: Memory Usage (483244K) : norcx_m2m4 has 0 polygons
2026-10-11 04:50:04 +0200: Memory Usage (483244K) : norcx_m2m5 has 0 polygons
2026-10-11 04:50:04 +0200: Memory Usage (483244K) : norcx_m2tm1 has 0 polygons
2026-10-11 04:50:04 +0200: Memory Usage (483244K) : norcx_m2tm2 has 0 polygons
2026-10-11 04:50:04 +0200: Memory Usage (483244K) : norcx_m3m4 has 0 polygons
2026-10-11 04:50:04 +0200: Memory Usage (483244K) : norcx_m3m5 has 0 polygons
2026-10-11 04:50:04 +0200: Memory Usage (483244K) : norcx_m3tm1 has 0 polygons
2026-10-11 04:50:04 +0200: Memory Usage (483244K) : norcx_m3tm2 has 0 polygons
2026-10-11 04:50:04 +0200: Memory Usage (483244K) : norcx_m4m5 has 0 polygons
2026-10-11 04:50:04 +0200: Memory Usage (483244K) : norcx_m4tm1 has 0 polygons
2026-10-11 04:50:04 +0200: Memory Usage (483244K) : norcx_m4tm2 has 0 polygons
2026-10-11 04:50:04 +0200: Memory Usage (483244K) : norcx_m5tm1 has 0 polygons
2026-10-11 04:50:04 +0200: Memory Usage (483244K) : norcx_m5tm2 has 0 polygons
2026-10-11 04:50:04 +0200: Memory Usage (483244K) : norcx_tm1tm2 has 0 polygons
2026-10-11 04:50:04 +0200: Memory Usage (483244K) : norcx_m1sub has 0 polygons
2026-10-11 04:50:04 +0200: Memory Usage (483244K) : norcx_m2sub has 0 polygons
2026-10-11 04:50:04 +0200: Memory Usage (483244K) : norcx_m3sub has 0 polygons
2026-10-11 04:50:04 +0200: Memory Usage (483244K) : norcx_m4sub has 0 polygons
2026-10-11 04:50:04 +0200: Memory Usage (483244K) : norcx_m5sub has 0 polygons
2026-10-11 04:50:04 +0200: Memory Usage (483244K) : norcx_tm1sub has 0 polygons
2026-10-11 04:50:04 +0200: Memory Usage (483244K) : norcx_tm2sub has 0 polygons
2026-10-11 04:50:04 +0200: Memory Usage (483244K) : snsbotvia_drw has 0 polygons
2026-10-11 04:50:04 +0200: Memory Usage (483244K) : snstopvia_drw has 0 polygons
2026-10-11 04:50:04 +0200: Memory Usage (483244K) : deepvia_drw has 0 polygons
2026-10-11 04:50:04 +0200: Memory Usage (483244K) : fgetch_drw has 0 polygons
2026-10-11 04:50:04 +0200: Memory Usage (483244K) : ctrgat_drw has 0 polygons
2026-10-11 04:50:04 +0200: Memory Usage (483244K) : fgimp_drw has 0 polygons
2026-10-11 04:50:04 +0200: Memory Usage (483244K) : emwihv_drw has 0 polygons
2026-10-11 04:50:04 +0200: Memory Usage (483628K) : lbe_drw has 0 polygons
2026-10-11 04:50:04 +0200: Memory Usage (483628K) : alcustop_drw has 0 polygons
2026-10-11 04:50:04 +0200: Memory Usage (483628K) : nometfiller_drw has 0 polygons
2026-10-11 04:50:04 +0200: Memory Usage (483628K) : prboundary_drw has 0 polygons
2026-10-11 04:50:04 +0200: Memory Usage (483628K) : exchange0_drw has 0 polygons
2026-10-11 04:50:04 +0200: Memory Usage (483756K) : exchange0_pin has 0 polygons
2026-10-11 04:50:04 +0200: Memory Usage (483756K) : exchange0_text has 0 polygons
2026-10-11 04:50:04 +0200: Memory Usage (483756K) : exchange1_drw has 0 polygons
2026-10-11 04:50:04 +0200: Memory Usage (483884K) : exchange1_pin has 0 polygons
2026-10-11 04:50:04 +0200: Memory Usage (483884K) : exchange1_text has 0 polygons
2026-10-11 04:50:04 +0200: Memory Usage (484012K) : exchange2_drw has 0 polygons
2026-10-11 04:50:04 +0200: Memory Usage (484140K) : exchange2_pin has 0 polygons
2026-10-11 04:50:04 +0200: Memory Usage (484140K) : exchange2_text has 0 polygons
2026-10-11 04:50:04 +0200: Memory Usage (484140K) : exchange3_drw has 0 polygons
2026-10-11 04:50:04 +0200: Memory Usage (484268K) : exchange3_pin has 0 polygons
2026-10-11 04:50:04 +0200: Memory Usage (484396K) : exchange3_text has 0 polygons
2026-10-11 04:50:04 +0200: Memory Usage (484524K) : exchange4_drw has 0 polygons
2026-10-11 04:50:04 +0200: Memory Usage (484652K) : exchange4_pin has 0 polygons
2026-10-11 04:50:04 +0200: Memory Usage (484780K) : exchange4_text has 0 polygons
2026-10-11 04:50:04 +0200: Memory Usage (484908K) : isonwell_drw has 0 polygons
2026-10-11 04:50:04 +0200: Memory Usage (484908K) : Total no. of polygons in the design is 39304
2026-10-11 04:50:04 +0200: Memory Usage (484908K) : Starting base layers derivations
2026-10-11 04:50:04 +0200: Memory Usage (484908K) : Starting general LVS derivations
2026-10-11 04:50:04 +0200: Memory Usage (489272K) : Starting MOSFET DERIVATIONS
2026-10-11 04:50:04 +0200: Memory Usage (492600K) : Starting NMOS DERIVATIONS
2026-10-11 04:50:04 +0200: Memory Usage (492600K) : Starting PMOS DERIVATIONS
2026-10-11 04:50:04 +0200: Memory Usage (492600K) : Starting RF-MOSFET DERIVATIONS
2026-10-11 04:50:04 +0200: Memory Usage (492600K) : Starting RF-NMOS DERIVATIONS
2026-10-11 04:50:04 +0200: Memory Usage (492600K) : Starting RF-PMOS DERIVATIONS
2026-10-11 04:50:04 +0200: Memory Usage (492600K) : Starting BJT DERIVATIONS
2026-10-11 04:50:04 +0200: Memory Usage (492600K) : Starting NPN-BJT DERIVATIONS
2026-10-11 04:50:04 +0200: Memory Usage (492728K) : Starting PNP-BJT DERIVATIONS
2026-10-11 04:50:04 +0200: Memory Usage (492728K) : Starting DIODE DERIVATIONS
2026-10-11 04:50:04 +0200: Memory Usage (492728K) : Starting RESISTOR DERIVATIONS
2026-10-11 04:50:04 +0200: Memory Usage (492856K) : Starting CAP DERIVATIONS
2026-10-11 04:50:04 +0200: Memory Usage (493368K) : Starting CAP_CMOM DERIVATIONS
2026-10-11 04:50:04 +0200: Memory Usage (493752K) : Starting CAP_CMOMF DERIVATIONS
2026-10-11 04:50:04 +0200: Memory Usage (494008K) : Starting ESD DERIVATIONS
2026-10-11 04:50:04 +0200: Memory Usage (497592K) : Starting Inductor DERIVATIONS
2026-10-11 04:50:04 +0200: Memory Usage (497720K) : Starting Taps DERIVATIONS
2026-10-11 04:50:04 +0200: Memory Usage (497720K) : Starting SG13G2 LVS connectivity setup
2026-10-11 04:50:04 +0200: Memory Usage (497720K) : Starting SG13G2 LVS connectivity setup (Inter-layer)
2026-10-11 04:50:04 +0200: Memory Usage (498232K) : Starting SG13G2 LVS connectivity setup (Global)
2026-10-11 04:50:04 +0200: Memory Usage (498232K) : Starting LVS MOSFET CONNECTIONS
2026-10-11 04:50:04 +0200: Memory Usage (498232K) : Starting LVS RF-MOSFET CONNECTIONS
2026-10-11 04:50:04 +0200: Memory Usage (498232K) : Starting LVS BJT CONNECTIONS
2026-10-11 04:50:04 +0200: Memory Usage (498232K) : Starting LVS DIODE CONNECTIONS
2026-10-11 04:50:04 +0200: Memory Usage (498232K) : Starting RESISTOR CONNECTIONS
2026-10-11 04:50:04 +0200: Memory Usage (498232K) : Starting LVS CAP CONNECTIONS
2026-10-11 04:50:04 +0200: Memory Usage (498232K) : Starting CAP_CMOM CONNECTIONS
2026-10-11 04:50:04 +0200: Memory Usage (498232K) : Starting CAP_CMOMF CONNECTIONS
2026-10-11 04:50:04 +0200: Memory Usage (498232K) : Starting ESD CONNECTIONS
2026-10-11 04:50:04 +0200: Memory Usage (498232K) : Starting Inductor CONNECTIONS
2026-10-11 04:50:04 +0200: Memory Usage (498232K) : Starting LVS Taps CONNECTIONS
2026-10-11 04:50:04 +0200: Memory Usage (498232K) : Starting SG13G2 LVS DEVICES EXTRACTION
2026-10-11 04:50:04 +0200: Memory Usage (498232K) : Starting MOSFET EXTRACTION
2026-10-11 04:50:04 +0200: Memory Usage (498232K) : Starting NMOS EXTRACTION
2026-10-11 04:50:04 +0200: Memory Usage (498232K) : Extraction of NMOS-LV transistor
2026-10-11 04:50:04 +0200: Memory Usage (498616K) : Extraction of NMOS-HV transistor
2026-10-11 04:50:04 +0200: Memory Usage (498616K) : Starting PMOS EXTRACTION
2026-10-11 04:50:04 +0200: Memory Usage (498616K) : Extraction of PMOS-LV transistor
2026-10-11 04:50:04 +0200: Memory Usage (498616K) : Extraction of PMOS-HV transistor
2026-10-11 04:50:04 +0200: Memory Usage (498616K) : Starting RF-MOSFET EXTRACTION
2026-10-11 04:50:04 +0200: Memory Usage (498616K) : Extraction of RF-NMOS-LV transistor
2026-10-11 04:50:05 +0200: Memory Usage (498616K) : Extraction of RF-NMOS-HV transistor
2026-10-11 04:50:05 +0200: Memory Usage (498616K) : Extraction of RF-PMOS-LV transistor
2026-10-11 04:50:05 +0200: Memory Usage (498616K) : Extraction of RF-PMOS-HV transistor
2026-10-11 04:50:05 +0200: Memory Usage (498616K) : Starting BJT EXTRACTION
2026-10-11 04:50:05 +0200: Memory Usage (498616K) : Starting NPN-BJT EXTRACTION
2026-10-11 04:50:05 +0200: Memory Usage (498616K) : Extraction of npn13G2 BJT transistor
2026-10-11 04:50:05 +0200: Memory Usage (498744K) : Extraction of npn13G2L BJT transistor
2026-10-11 04:50:05 +0200: Memory Usage (498744K) : Extraction of npn13G2V BJT transistor
2026-10-11 04:50:05 +0200: Memory Usage (498744K) : Starting PNP-BJT EXTRACTION
2026-10-11 04:50:05 +0200: Memory Usage (498744K) : Extracting pnpMPA BJT
2026-10-11 04:50:05 +0200: Memory Usage (498744K) : Starting DIODE EXTRACTION
2026-10-11 04:50:05 +0200: Memory Usage (498744K) : Extracting dantenna diode
2026-10-11 04:50:05 +0200: Memory Usage (498744K) : Extracting dpantenna diode
2026-10-11 04:50:05 +0200: Memory Usage (498744K) : Extracting schottky_nbl1 diode
2026-10-11 04:50:05 +0200: Memory Usage (498744K) : Extracting isolbox diode
2026-10-11 04:50:05 +0200: Memory Usage (498744K) : Starting RESISTOR EXTRACTION
2026-10-11 04:50:05 +0200: Memory Usage (498744K) : Extracting rsil resistor
2026-10-11 04:50:05 +0200: Memory Usage (498744K) : Extracting rppd resistor
2026-10-11 04:50:05 +0200: Memory Usage (499792K) : Extracting rhigh resistor
2026-10-11 04:50:05 +0200: Memory Usage (499792K) : Extracting res_metal1 resistor
2026-10-11 04:50:05 +0200: Memory Usage (499792K) : Extracting res_metal2 resistor
2026-10-11 04:50:05 +0200: Memory Usage (499792K) : Extracting res_metal3 resistor
2026-10-11 04:50:05 +0200: Memory Usage (499792K) : Extracting res_metal4 resistor
2026-10-11 04:50:05 +0200: Memory Usage (499792K) : Extracting res_metal5 resistor
2026-10-11 04:50:05 +0200: Memory Usage (499792K) : Extracting res_topmetal1 resistor
2026-10-11 04:50:05 +0200: Memory Usage (499792K) : Extracting res_topmetal2 resistor
2026-10-11 04:50:05 +0200: Memory Usage (499792K) : Starting CAP EXTRACTION
2026-10-11 04:50:05 +0200: Memory Usage (499792K) : Extracting cap_cmim device
2026-10-11 04:50:05 +0200: Memory Usage (499792K) : Extracting rfcmim device
2026-10-11 04:50:05 +0200: Memory Usage (499792K) : Extracting sg13_hv_svaricap varactor
2026-10-11 04:50:05 +0200: Memory Usage (499792K) : Extracting cap_cmomi device
2026-10-11 04:50:05 +0200: Memory Usage (499792K) : Extracting cap_cmomf device
2026-10-11 04:50:05 +0200: Memory Usage (499792K) : Extracting sg13_moscap_n capacitor
2026-10-11 04:50:05 +0200: Memory Usage (499792K) : Extracting sg13_moscap_p capacitor
2026-10-11 04:50:05 +0200: Memory Usage (499792K) : Starting ESD EXTRACTION
2026-10-11 04:50:05 +0200: Memory Usage (499792K) : Extracting diodevdd_2kv ESD device
2026-10-11 04:50:05 +0200: Memory Usage (499792K) : Extracting diodevdd_4kv ESD device
2026-10-11 04:50:05 +0200: Memory Usage (499792K) : Extracting diodevss_2kv ESD device
2026-10-11 04:50:05 +0200: Memory Usage (499792K) : Extracting diodevss_4kv ESD device
2026-10-11 04:50:05 +0200: Memory Usage (499792K) : Extracting idiodevdd_2kv ESD device
2026-10-11 04:50:05 +0200: Memory Usage (499792K) : Extracting idiodevdd_4kv ESD device
2026-10-11 04:50:05 +0200: Memory Usage (499792K) : Extracting idiodevss_2kv ESD device
2026-10-11 04:50:05 +0200: Memory Usage (499792K) : Extracting idiodevss_4kv ESD device
2026-10-11 04:50:05 +0200: Memory Usage (499792K) : Extracting nmoscl_2 ESD device
2026-10-11 04:50:05 +0200: Memory Usage (499792K) : Extracting nmoscl_4 ESD device
2026-10-11 04:50:05 +0200: Memory Usage (499792K) : Starting Inductor EXTRACTION
2026-10-11 04:50:05 +0200: Memory Usage (499792K) : Extracting Inductor2 device
2026-10-11 04:50:05 +0200: Memory Usage (500176K) : Extracting Inductor3 device
2026-10-11 04:50:05 +0200: Memory Usage (500176K) : Starting Taps EXTRACTION
2026-10-11 04:50:05 +0200: Memory Usage (500176K) : Extracting ntap1 device
2026-10-11 04:50:05 +0200: Memory Usage (500176K) : Extracting ptap1 device
2026-10-11 04:50:05 +0200: Memory Usage (500176K) : Starting SG13G2 LVS RF MOS Model Mapping
2026-10-11 04:50:05 +0200: Memory Usage (500304K) : [layout_netlist] Apply RF MOS model mapping and rfmode parameter.
2026-10-11 04:50:05 +0200: Memory Usage (500304K) : Starting SG13G2 LVS Options Preparations
2026-10-11 04:50:05 +0200: Memory Usage (500304K) : SG13G2 LVS flow: extraction -> alignment -> option preparation -> comparison.
2026-10-11 04:50:05 +0200: Memory Usage (500304K) : Starting SG13G2 LVS Alignment
2026-10-11 04:50:05 +0200: Memory Usage (500304K) : Starting SG13G2 LVS Simplification
2026-10-11 04:50:05 +0200: Memory Usage (500304K) : [layout_netlist] simplify: ENABLED
2026-10-11 04:50:05 +0200: Memory Usage (500304K) : [layout_netlist] make_top_level_pins: SKIPPED
2026-10-11 04:50:05 +0200: Memory Usage (500304K) : [layout_netlist] combine_devices: SKIPPED
2026-10-11 04:50:05 +0200: Memory Usage (500304K) : [layout_netlist] purge: SKIPPED
2026-10-11 04:50:05 +0200: Memory Usage (500304K) : [layout_netlist] purge_nets: SKIPPED
2026-10-11 04:50:05 +0200: Memory Usage (500304K) : [layout_netlist] purge_devices: SKIPPED
2026-10-11 04:50:05 +0200: Memory Usage (500304K) : [schematic_netlist] simplify: ENABLED
2026-10-11 04:50:05 +0200: Memory Usage (500304K) : [schematic_netlist] make_top_level_pins: SKIPPED
2026-10-11 04:50:05 +0200: Memory Usage (500304K) : [schematic_netlist] combine_devices: SKIPPED
2026-10-11 04:50:05 +0200: Memory Usage (500304K) : [schematic_netlist] purge: SKIPPED
2026-10-11 04:50:05 +0200: Memory Usage (500304K) : [schematic_netlist] purge_nets: SKIPPED
2026-10-11 04:50:05 +0200: Memory Usage (500304K) : [schematic_netlist] purge_devices: SKIPPED
2026-10-11 04:50:05 +0200: Memory Usage (500304K) : Starting SG13G2 LVS Comparison
2026-10-11 04:50:05 +0200: Memory Usage (500560K) : ==========================================
2026-10-11 04:50:05 +0200: Memory Usage (500560K) : INFO : Congratulations! Netlists match.
2026-10-11 04:50:05 +0200: Memory Usage (500560K) : ==========================================
2026-10-11 04:50:05 +0200: Memory Usage (500560K) : LVS Total Run time 2.121869 seconds
