11-Oct-2026 04:20:51 | INFO    | Your Klayout version is: KLayout 0.30.12 (required >= 0.30.5)
11-Oct-2026 04:20:51 | INFO    | Running SG13G2 LVS checks on design /foss/designs/radar-chip/lna/layout/lna_layout.gds on cell lna
11-Oct-2026 04:20:55 | ERROR   | KLayout run failed with exit code 1.
11-Oct-2026 04:20:55 | ERROR   | KLayout stderr: ERROR: In /foss/pdks/ihp-sg13g2/libs.tech/klayout/tech/lvs/sg13g2.lvs: Not a known element type: 'T' in /foss/designs/radar-chip/lna/layout/lna_lvs.cdl, line 37 in Netlist::read
11-Oct-2026 04:20:55 | ERROR   | KLayout stderr: ERROR: RuntimeError: Not a known element type: 'T' in /foss/designs/radar-chip/lna/layout/lna_lvs.cdl, line 37 in Netlist::read in Executable::execute
11-Oct-2026 04:20:55 | INFO    | ==============================================================================
11-Oct-2026 04:20:55 | INFO    | Important Summary
11-Oct-2026 04:20:55 | INFO    | +------------------+---------------------------------------------------------------------+
11-Oct-2026 04:20:55 | INFO    | | Status           | PASS                                                                |
11-Oct-2026 04:20:55 | INFO    | | Mode             | COMPARE                                                             |
11-Oct-2026 04:20:55 | INFO    | | Outcome          | Comparison mode: completed (no explicit PASS/FAIL signature found). |
11-Oct-2026 04:20:55 | INFO    | | Layout           | lna_layout.gds                                                      |
11-Oct-2026 04:20:55 | INFO    | | Top Cell         | lna                                                                 |
11-Oct-2026 04:20:55 | INFO    | | Results Dir      | /foss/designs/radar-chip/lna/layout/lvs_042050                      |
11-Oct-2026 04:20:55 | INFO    | | Warnings         | 0                                                                   |
11-Oct-2026 04:20:55 | INFO    | | Errors           | 3                                                                   |
11-Oct-2026 04:20:55 | INFO    | | Run Time (s)     | 4.21                                                                |
11-Oct-2026 04:20:55 | INFO    | +------------------+---------------------------------------------------------------------+
11-Oct-2026 04:20:55 | ERROR   | Key errors:
11-Oct-2026 04:20:55 | ERROR   |   - KLayout run failed with exit code 1.
11-Oct-2026 04:20:55 | ERROR   |   - KLayout stderr: ERROR: In /foss/pdks/ihp-sg13g2/libs.tech/klayout/tech/lvs/sg13g2.lvs: Not a known element type: 'T' in /foss/designs/radar-chip/lna/layout/lna_lvs.cdl, line 37 in Netlist::read
11-Oct-2026 04:20:55 | ERROR   |   - KLayout stderr: ERROR: RuntimeError: Not a known element type: 'T' in /foss/designs/radar-chip/lna/layout/lna_lvs.cdl, line 37 in Netlist::read in Executable::execute
11-Oct-2026 04:20:55 | INFO    | ==============================================================================
