# Logfile created on 2026-10-11 04:49:41 +0200 by logger.rb/v1.5.3
2026-10-11 04:49:41 +0200: Memory Usage (458452K) : Starting running IHP-SG13G2 KLayout DRC runset on /foss/designs/radar-chip/lna/layout/lna_layout.gds
2026-10-11 04:49:41 +0200: Memory Usage (458452K) : Ruby Version for klayout: 3.2.3
2026-10-11 04:49:41 +0200: Memory Usage (460076K) : Loading database to memory is complete.
2026-10-11 04:49:41 +0200: Memory Usage (460076K) : IHP-SG13G2 KLayout DRC runset output at: /foss/designs/radar-chip/lna/layout/drc_044937_flat/lna_layout_lna_main.lyrdb
2026-10-11 04:49:41 +0200: Memory Usage (460076K) : Evaluate switches.
2026-10-11 04:49:41 +0200: Memory Usage (460076K) : tables selected: main
2026-10-11 04:49:41 +0200: Memory Usage (460076K) : KLayout will use 16 thread(s) in tiling mode.
2026-10-11 04:49:41 +0200: Memory Usage (460076K) : flat mode is enabled.
2026-10-11 04:49:41 +0200: Memory Usage (460076K) : FEOL enabled: true
2026-10-11 04:49:41 +0200: Memory Usage (460076K) : BEOL enabled: true
2026-10-11 04:49:41 +0200: Memory Usage (460076K) : OFFGRID enabled: true
2026-10-11 04:49:41 +0200: Memory Usage (460076K) : ANGLE enabled: true
2026-10-11 04:49:41 +0200: Memory Usage (460076K) : PIN enabled: true
2026-10-11 04:49:41 +0200: Memory Usage (460076K) : FORBIDDEN enabled: true
2026-10-11 04:49:41 +0200: Memory Usage (460076K) : RECOMMENDED enabled: true
2026-10-11 04:49:41 +0200: Memory Usage (460076K) : PreCheck DRC enabled: false
2026-10-11 04:49:41 +0200: Memory Usage (460076K) : CONNECTIVITY_RULES enabled: true.
2026-10-11 04:49:41 +0200: Memory Usage (460076K) : Read in polygons from layers.
2026-10-11 04:49:41 +0200: Memory Usage (461200K) : activ_drw has 20 polygons
2026-10-11 04:49:41 +0200: Memory Usage (461200K) : activ_pin has 0 polygons
2026-10-11 04:49:41 +0200: Memory Usage (461200K) : activ_mask has 4 polygons
2026-10-11 04:49:41 +0200: Memory Usage (461200K) : activ_filler has 0 polygons
2026-10-11 04:49:41 +0200: Memory Usage (461328K) : activ_nofill has 2 polygons
2026-10-11 04:49:41 +0200: Memory Usage (461328K) : activ_opc has 0 polygons
2026-10-11 04:49:41 +0200: Memory Usage (461456K) : activ_iopc has 0 polygons
2026-10-11 04:49:41 +0200: Memory Usage (461456K) : activ_noqrc has 7 polygons
2026-10-11 04:49:41 +0200: Memory Usage (461456K) : biwind_drw has 0 polygons
2026-10-11 04:49:41 +0200: Memory Usage (461584K) : biwind_opc has 0 polygons
2026-10-11 04:49:41 +0200: Memory Usage (461584K) : pemwind_drw has 0 polygons
2026-10-11 04:49:41 +0200: Memory Usage (461712K) : gatpoly_drw has 12 polygons
2026-10-11 04:49:41 +0200: Memory Usage (461840K) : gatpoly_pin has 0 polygons
2026-10-11 04:49:41 +0200: Memory Usage (461968K) : gatpoly_filler has 0 polygons
2026-10-11 04:49:41 +0200: Memory Usage (462096K) : gatpoly_nofill has 2 polygons
2026-10-11 04:49:41 +0200: Memory Usage (462224K) : gatpoly_opc has 0 polygons
2026-10-11 04:49:41 +0200: Memory Usage (462224K) : gatpoly_iopc has 0 polygons
2026-10-11 04:49:41 +0200: Memory Usage (462224K) : gatpoly_noqrc has 0 polygons
2026-10-11 04:49:41 +0200: Memory Usage (465296K) : cont_drw has 12325 polygons
2026-10-11 04:49:41 +0200: Memory Usage (465424K) : cont_opc has 0 polygons
2026-10-11 04:49:41 +0200: Memory Usage (465424K) : nsd_drw has 3 polygons
2026-10-11 04:49:41 +0200: Memory Usage (465616K) : nsd_block has 4 polygons
2026-10-11 04:49:41 +0200: Memory Usage (465616K) : metal1_drw has 46 polygons
2026-10-11 04:49:41 +0200: Memory Usage (465616K) : metal1_pin has 32 polygons
2026-10-11 04:49:41 +0200: Memory Usage (465616K) : metal1_mask has 0 polygons
2026-10-11 04:49:41 +0200: Memory Usage (465616K) : metal1_filler has 0 polygons
2026-10-11 04:49:41 +0200: Memory Usage (465616K) : metal1_nofill has 2 polygons
2026-10-11 04:49:41 +0200: Memory Usage (465616K) : metal1_slit has 0 polygons
2026-10-11 04:49:41 +0200: Memory Usage (465744K) : metal1_text has 0 polygons
2026-10-11 04:49:41 +0200: Memory Usage (465744K) : metal1_opc has 0 polygons
2026-10-11 04:49:41 +0200: Memory Usage (465744K) : metal1_noqrc has 7 polygons
2026-10-11 04:49:41 +0200: Memory Usage (465744K) : metal1_res has 0 polygons
2026-10-11 04:49:41 +0200: Memory Usage (465744K) : metal1_iprobe has 0 polygons
2026-10-11 04:49:41 +0200: Memory Usage (465744K) : metal1_diffprb has 0 polygons
2026-10-11 04:49:41 +0200: Memory Usage (465744K) : passiv_drw has 10 polygons
2026-10-11 04:49:41 +0200: Memory Usage (465744K) : passiv_pin has 0 polygons
2026-10-11 04:49:41 +0200: Memory Usage (465744K) : passiv_sbump has 0 polygons
2026-10-11 04:49:41 +0200: Memory Usage (465744K) : passiv_pillar has 0 polygons
2026-10-11 04:49:41 +0200: Memory Usage (466000K) : passiv_pdl has 0 polygons
2026-10-11 04:49:41 +0200: Memory Usage (466000K) : metal2_drw has 29 polygons
2026-10-11 04:49:41 +0200: Memory Usage (466128K) : metal2_pin has 4 polygons
2026-10-11 04:49:41 +0200: Memory Usage (466256K) : metal2_mask has 0 polygons
2026-10-11 04:49:41 +0200: Memory Usage (466256K) : metal2_filler has 0 polygons
2026-10-11 04:49:41 +0200: Memory Usage (466384K) : metal2_nofill has 2 polygons
2026-10-11 04:49:41 +0200: Memory Usage (466512K) : metal2_slit has 0 polygons
2026-10-11 04:49:41 +0200: Memory Usage (466640K) : metal2_text has 0 polygons
2026-10-11 04:49:41 +0200: Memory Usage (466640K) : metal2_opc has 0 polygons
2026-10-11 04:49:41 +0200: Memory Usage (466768K) : metal2_noqrc has 7 polygons
2026-10-11 04:49:41 +0200: Memory Usage (466768K) : metal2_res has 0 polygons
2026-10-11 04:49:41 +0200: Memory Usage (466896K) : metal2_iprobe has 0 polygons
2026-10-11 04:49:41 +0200: Memory Usage (466896K) : metal2_diffprb has 0 polygons
2026-10-11 04:49:41 +0200: Memory Usage (467024K) : baspoly_drw has 0 polygons
2026-10-11 04:49:41 +0200: Memory Usage (467152K) : baspoly_pin has 0 polygons
2026-10-11 04:49:41 +0200: Memory Usage (467152K) : psd_drw has 22 polygons
2026-10-11 04:49:41 +0200: Memory Usage (467280K) : nldb_drw has 0 polygons
2026-10-11 04:49:41 +0200: Memory Usage (467280K) : digibnd_drw has 0 polygons
2026-10-11 04:49:41 +0200: Memory Usage (467408K) : via1_drw has 592 polygons
2026-10-11 04:49:41 +0200: Memory Usage (467536K) : backmetal1_drw has 0 polygons
2026-10-11 04:49:41 +0200: Memory Usage (467664K) : backmetal1_pin has 0 polygons
2026-10-11 04:49:41 +0200: Memory Usage (467792K) : backmetal1_mask has 0 polygons
2026-10-11 04:49:41 +0200: Memory Usage (467920K) : backmetal1_filler has 0 polygons
2026-10-11 04:49:41 +0200: Memory Usage (468048K) : backmetal1_nofill has 0 polygons
2026-10-11 04:49:41 +0200: Memory Usage (468048K) : backmetal1_slit has 0 polygons
2026-10-11 04:49:41 +0200: Memory Usage (468176K) : backmetal1_text has 0 polygons
2026-10-11 04:49:41 +0200: Memory Usage (468304K) : backmetal1_opc has 0 polygons
2026-10-11 04:49:41 +0200: Memory Usage (468304K) : backmetal1_noqrc has 0 polygons
2026-10-11 04:49:41 +0200: Memory Usage (468432K) : backmetal1_res has 0 polygons
2026-10-11 04:49:41 +0200: Memory Usage (468560K) : backmetal1_iprobe has 0 polygons
2026-10-11 04:49:41 +0200: Memory Usage (468688K) : backmetal1_diffprb has 0 polygons
2026-10-11 04:49:41 +0200: Memory Usage (468816K) : backpassiv_drw has 0 polygons
2026-10-11 04:49:41 +0200: Memory Usage (468816K) : res_drw has 0 polygons
2026-10-11 04:49:41 +0200: Memory Usage (468944K) : sram_drw has 0 polygons
2026-10-11 04:49:41 +0200: Memory Usage (469072K) : trans_drw has 4 polygons
2026-10-11 04:49:41 +0200: Memory Usage (469072K) : ind_drw has 2 polygons
2026-10-11 04:49:41 +0200: Memory Usage (469200K) : ind_pin has 4 polygons
2026-10-11 04:49:41 +0200: Memory Usage (469200K) : ind_text has 4 polygons
2026-10-11 04:49:41 +0200: Memory Usage (469328K) : salblock_drw has 6 polygons
2026-10-11 04:49:41 +0200: Memory Usage (469456K) : via2_drw has 464 polygons
2026-10-11 04:49:41 +0200: Memory Usage (469584K) : metal3_drw has 35 polygons
2026-10-11 04:49:41 +0200: Memory Usage (469712K) : metal3_pin has 0 polygons
2026-10-11 04:49:41 +0200: Memory Usage (469840K) : metal3_mask has 0 polygons
2026-10-11 04:49:41 +0200: Memory Usage (469968K) : metal3_filler has 0 polygons
2026-10-11 04:49:41 +0200: Memory Usage (469968K) : metal3_nofill has 2 polygons
2026-10-11 04:49:41 +0200: Memory Usage (470096K) : metal3_slit has 0 polygons
2026-10-11 04:49:41 +0200: Memory Usage (470224K) : metal3_text has 0 polygons
2026-10-11 04:49:41 +0200: Memory Usage (470224K) : metal3_opc has 0 polygons
2026-10-11 04:49:41 +0200: Memory Usage (470352K) : metal3_noqrc has 7 polygons
2026-10-11 04:49:41 +0200: Memory Usage (470480K) : metal3_res has 0 polygons
2026-10-11 04:49:41 +0200: Memory Usage (470608K) : metal3_iprobe has 0 polygons
2026-10-11 04:49:41 +0200: Memory Usage (470736K) : metal3_diffprb has 0 polygons
2026-10-11 04:49:41 +0200: Memory Usage (470864K) : nwell_drw has 0 polygons
2026-10-11 04:49:41 +0200: Memory Usage (470864K) : nwell_pin has 0 polygons
2026-10-11 04:49:41 +0200: Memory Usage (470992K) : nbulay_drw has 0 polygons
2026-10-11 04:49:41 +0200: Memory Usage (471120K) : nbulay_pin has 0 polygons
2026-10-11 04:49:41 +0200: Memory Usage (471248K) : nbulay_block has 0 polygons
2026-10-11 04:49:41 +0200: Memory Usage (471248K) : emwind_drw has 18 polygons
2026-10-11 04:49:41 +0200: Memory Usage (471376K) : emwind_opc has 0 polygons
2026-10-11 04:49:41 +0200: Memory Usage (471504K) : deepco_drw has 0 polygons
2026-10-11 04:49:41 +0200: Memory Usage (471632K) : deepco_drw has 0 polygons
2026-10-11 04:49:41 +0200: Memory Usage (471632K) : mim_drw has 7 polygons
2026-10-11 04:49:41 +0200: Memory Usage (471760K) : edgeseal_drw has 0 polygons
2026-10-11 04:49:41 +0200: Memory Usage (471888K) : edgeseal_bound has 0 polygons
2026-10-11 04:49:41 +0200: Memory Usage (472016K) : substrate_drw has 5 polygons
2026-10-11 04:49:41 +0200: Memory Usage (472016K) : substrate_text has 0 polygons
2026-10-11 04:49:41 +0200: Memory Usage (472144K) : dfpad_drw has 10 polygons
2026-10-11 04:49:41 +0200: Memory Usage (472272K) : dfpad_pillar has 0 polygons
2026-10-11 04:49:41 +0200: Memory Usage (472400K) : dfpad_sbump has 0 polygons
2026-10-11 04:49:41 +0200: Memory Usage (472528K) : thickgateox_drw has 0 polygons
2026-10-11 04:49:41 +0200: Memory Usage (472656K) : pldb_drw has 0 polygons
2026-10-11 04:49:41 +0200: Memory Usage (472784K) : pwell_drw has 0 polygons
2026-10-11 04:49:41 +0200: Memory Usage (472784K) : pwell_pin has 0 polygons
2026-10-11 04:49:41 +0200: Memory Usage (472912K) : pwell_block has 9 polygons
2026-10-11 04:49:41 +0200: Memory Usage (473040K) : ic_drw has 0 polygons
2026-10-11 04:49:41 +0200: Memory Usage (474448K) : via3_drw has 6336 polygons
2026-10-11 04:49:41 +0200: Memory Usage (474448K) : metal4_drw has 14 polygons
2026-10-11 04:49:41 +0200: Memory Usage (474448K) : metal4_pin has 0 polygons
2026-10-11 04:49:41 +0200: Memory Usage (474448K) : metal4_mask has 0 polygons
2026-10-11 04:49:41 +0200: Memory Usage (474448K) : metal4_filler has 0 polygons
2026-10-11 04:49:41 +0200: Memory Usage (474448K) : metal4_nofill has 2 polygons
2026-10-11 04:49:41 +0200: Memory Usage (474448K) : metal4_slit has 0 polygons
2026-10-11 04:49:41 +0200: Memory Usage (474448K) : metal4_text has 0 polygons
2026-10-11 04:49:41 +0200: Memory Usage (474448K) : metal4_opc has 0 polygons
2026-10-11 04:49:41 +0200: Memory Usage (474704K) : metal4_noqrc has 7 polygons
2026-10-11 04:49:41 +0200: Memory Usage (474704K) : metal4_res has 0 polygons
2026-10-11 04:49:41 +0200: Memory Usage (474704K) : metal4_iprobe has 0 polygons
2026-10-11 04:49:41 +0200: Memory Usage (474832K) : metal4_diffprb has 0 polygons
2026-10-11 04:49:41 +0200: Memory Usage (474832K) : heattrans_drw has 18 polygons
2026-10-11 04:49:41 +0200: Memory Usage (474960K) : heatres_drw has 6 polygons
2026-10-11 04:49:41 +0200: Memory Usage (475088K) : pempoly_drw has 0 polygons
2026-10-11 04:49:41 +0200: Memory Usage (475216K) : fbe_drw has 0 polygons
2026-10-11 04:49:41 +0200: Memory Usage (475344K) : empoly_drw has 0 polygons
2026-10-11 04:49:41 +0200: Memory Usage (475472K) : ldmos_drw has 0 polygons
2026-10-11 04:49:41 +0200: Memory Usage (475472K) : pbiwind_drw has 0 polygons
2026-10-11 04:49:41 +0200: Memory Usage (475600K) : digisub_drw has 0 polygons
2026-10-11 04:49:41 +0200: Memory Usage (475600K) : nodrc_drw has 0 polygons
2026-10-11 04:49:41 +0200: Memory Usage (475600K) : text_drw has 70 polygons
2026-10-11 04:49:41 +0200: Memory Usage (477264K) : via4_drw has 6192 polygons
2026-10-11 04:49:41 +0200: Memory Usage (477264K) : metal5_drw has 27 polygons
2026-10-11 04:49:41 +0200: Memory Usage (477264K) : metal5_pin has 7 polygons
2026-10-11 04:49:41 +0200: Memory Usage (477264K) : metal5_mask has 0 polygons
2026-10-11 04:49:41 +0200: Memory Usage (477264K) : metal5_filler has 0 polygons
2026-10-11 04:49:41 +0200: Memory Usage (477264K) : metal5_nofill has 2 polygons
2026-10-11 04:49:41 +0200: Memory Usage (477264K) : metal5_slit has 0 polygons
2026-10-11 04:49:41 +0200: Memory Usage (477264K) : metal5_text has 0 polygons
2026-10-11 04:49:41 +0200: Memory Usage (477264K) : metal5_opc has 0 polygons
2026-10-11 04:49:41 +0200: Memory Usage (477392K) : metal5_noqrc has 7 polygons
2026-10-11 04:49:41 +0200: Memory Usage (477392K) : metal5_res has 0 polygons
2026-10-11 04:49:41 +0200: Memory Usage (477392K) : metal5_iprobe has 0 polygons
2026-10-11 04:49:41 +0200: Memory Usage (477520K) : metal5_diffprb has 0 polygons
2026-10-11 04:49:41 +0200: Memory Usage (477648K) : radhard_drw has 0 polygons
2026-10-11 04:49:41 +0200: Memory Usage (477776K) : memcap_drw has 0 polygons
2026-10-11 04:49:41 +0200: Memory Usage (477904K) : varicap_drw has 0 polygons
2026-10-11 04:49:41 +0200: Memory Usage (477904K) : flash_drw has 0 polygons
2026-10-11 04:49:41 +0200: Memory Usage (478032K) : intbondvia_drw has 0 polygons
2026-10-11 04:49:41 +0200: Memory Usage (478160K) : intbondmet_drw has 0 polygons
2026-10-11 04:49:41 +0200: Memory Usage (478288K) : devbondvia_drw has 0 polygons
2026-10-11 04:49:41 +0200: Memory Usage (478416K) : devbondmet_drw has 0 polygons
2026-10-11 04:49:41 +0200: Memory Usage (478544K) : devtrench_drw has 0 polygons
2026-10-11 04:49:41 +0200: Memory Usage (478672K) : redist_drw has 0 polygons
2026-10-11 04:49:41 +0200: Memory Usage (478672K) : graphbot_drw has 0 polygons
2026-10-11 04:49:41 +0200: Memory Usage (478800K) : graphtop_drw has 0 polygons
2026-10-11 04:49:41 +0200: Memory Usage (478928K) : antvia1_drw has 0 polygons
2026-10-11 04:49:41 +0200: Memory Usage (479056K) : antmetal2_drw has 0 polygons
2026-10-11 04:49:41 +0200: Memory Usage (479184K) : graphcont_drw has 0 polygons
2026-10-11 04:49:41 +0200: Memory Usage (479312K) : siwg_drw has 0 polygons
2026-10-11 04:49:41 +0200: Memory Usage (479312K) : siwg_filler has 0 polygons
2026-10-11 04:49:41 +0200: Memory Usage (479440K) : siwg_nofill has 0 polygons
2026-10-11 04:49:41 +0200: Memory Usage (479568K) : sigrating_drw has 0 polygons
2026-10-11 04:49:41 +0200: Memory Usage (479696K) : singrating_drw has 0 polygons
2026-10-11 04:49:41 +0200: Memory Usage (479824K) : graphpas_drw has 0 polygons
2026-10-11 04:49:41 +0200: Memory Usage (479952K) : emwind3_drw has 0 polygons
2026-10-11 04:49:41 +0200: Memory Usage (479952K) : emwihv3_drw has 0 polygons
2026-10-11 04:49:41 +0200: Memory Usage (479952K) : redbulay_drw has 0 polygons
2026-10-11 04:49:41 +0200: Memory Usage (479952K) : smos_drw has 0 polygons
2026-10-11 04:49:41 +0200: Memory Usage (479952K) : graphpad_drw has 0 polygons
2026-10-11 04:49:41 +0200: Memory Usage (479952K) : polimide_drw has 0 polygons
2026-10-11 04:49:41 +0200: Memory Usage (479952K) : polimide_pin has 0 polygons
2026-10-11 04:49:41 +0200: Memory Usage (479952K) : recog_drw has 0 polygons
2026-10-11 04:49:41 +0200: Memory Usage (479952K) : recog_pin has 0 polygons
2026-10-11 04:49:41 +0200: Memory Usage (479952K) : recog_esd has 0 polygons
2026-10-11 04:49:41 +0200: Memory Usage (479952K) : recog_diode has 0 polygons
2026-10-11 04:49:41 +0200: Memory Usage (479952K) : recog_tsv has 0 polygons
2026-10-11 04:49:41 +0200: Memory Usage (479952K) : recog_iprobe has 0 polygons
2026-10-11 04:49:41 +0200: Memory Usage (479952K) : recog_diffprb has 0 polygons
2026-10-11 04:49:41 +0200: Memory Usage (479952K) : recog_pillar has 0 polygons
2026-10-11 04:49:41 +0200: Memory Usage (479952K) : recog_sbump has 0 polygons
2026-10-11 04:49:41 +0200: Memory Usage (479952K) : recog_otp has 0 polygons
2026-10-11 04:49:41 +0200: Memory Usage (479952K) : recog_pdiode has 0 polygons
2026-10-11 04:49:41 +0200: Memory Usage (479952K) : recog_mom has 0 polygons
2026-10-11 04:49:41 +0200: Memory Usage (479952K) : recog_momf has 0 polygons
2026-10-11 04:49:41 +0200: Memory Usage (479952K) : recog_pcm has 0 polygons
2026-10-11 04:49:41 +0200: Memory Usage (479952K) : colopen_drw has 0 polygons
2026-10-11 04:49:41 +0200: Memory Usage (479952K) : graphmetal1_drw has 0 polygons
2026-10-11 04:49:41 +0200: Memory Usage (479952K) : graphmetal1_filler has 0 polygons
2026-10-11 04:49:41 +0200: Memory Usage (479952K) : graphmetal1_nofill has 0 polygons
2026-10-11 04:49:41 +0200: Memory Usage (479952K) : graphmetal1_slit has 0 polygons
2026-10-11 04:49:41 +0200: Memory Usage (479952K) : graphmetal1_opc has 0 polygons
2026-10-11 04:49:41 +0200: Memory Usage (479952K) : graphmet1l_drw has 0 polygons
2026-10-11 04:49:41 +0200: Memory Usage (479952K) : graphmet1l_filler has 0 polygons
2026-10-11 04:49:41 +0200: Memory Usage (479952K) : graphmet1l_nofill has 0 polygons
2026-10-11 04:49:41 +0200: Memory Usage (479952K) : graphmet1l_slit has 0 polygons
2026-10-11 04:49:41 +0200: Memory Usage (479952K) : graphmet1l_opc has 0 polygons
2026-10-11 04:49:41 +0200: Memory Usage (479952K) : extblock_drw has 6 polygons
2026-10-11 04:49:41 +0200: Memory Usage (479952K) : nldd_drw has 0 polygons
2026-10-11 04:49:41 +0200: Memory Usage (479952K) : pldd_drw has 0 polygons
2026-10-11 04:49:41 +0200: Memory Usage (479952K) : next_drw has 0 polygons
2026-10-11 04:49:41 +0200: Memory Usage (479952K) : pext_drw has 0 polygons
2026-10-11 04:49:41 +0200: Memory Usage (479952K) : nexthv_drw has 0 polygons
2026-10-11 04:49:41 +0200: Memory Usage (479952K) : pexthv_drw has 0 polygons
2026-10-11 04:49:41 +0200: Memory Usage (479952K) : graphgate_drw has 0 polygons
2026-10-11 04:49:41 +0200: Memory Usage (479952K) : sinwg_drw has 0 polygons
2026-10-11 04:49:41 +0200: Memory Usage (479952K) : sinwg_filler has 0 polygons
2026-10-11 04:49:41 +0200: Memory Usage (479952K) : sinwg_nofill has 0 polygons
2026-10-11 04:49:41 +0200: Memory Usage (479952K) : mempad_drw has 0 polygons
2026-10-11 04:49:41 +0200: Memory Usage (479952K) : topvia1_drw has 2936 polygons
2026-10-11 04:49:41 +0200: Memory Usage (479952K) : topmetal1_drw has 32 polygons
2026-10-11 04:49:41 +0200: Memory Usage (479952K) : topmetal1_pin has 11 polygons
2026-10-11 04:49:41 +0200: Memory Usage (479952K) : topmetal1_mask has 0 polygons
2026-10-11 04:49:41 +0200: Memory Usage (479952K) : topmetal1_filler has 0 polygons
2026-10-11 04:49:41 +0200: Memory Usage (479952K) : topmetal1_nofill has 2 polygons
2026-10-11 04:49:41 +0200: Memory Usage (479952K) : topmetal1_slit has 0 polygons
2026-10-11 04:49:41 +0200: Memory Usage (479952K) : topmetal1_text has 0 polygons
2026-10-11 04:49:41 +0200: Memory Usage (479952K) : topmetal1_noqrc has 7 polygons
2026-10-11 04:49:41 +0200: Memory Usage (479952K) : topmetal1_res has 0 polygons
2026-10-11 04:49:41 +0200: Memory Usage (479952K) : topmetal1_iprobe has 0 polygons
2026-10-11 04:49:41 +0200: Memory Usage (479952K) : topmetal1_diffprb has 0 polygons
2026-10-11 04:49:41 +0200: Memory Usage (479952K) : inldpwl_drw has 0 polygons
2026-10-11 04:49:41 +0200: Memory Usage (479952K) : polyres_drw has 6 polygons
2026-10-11 04:49:41 +0200: Memory Usage (479952K) : polyres_pin has 0 polygons
2026-10-11 04:49:41 +0200: Memory Usage (479952K) : vmim_drw has 8250 polygons
2026-10-11 04:49:41 +0200: Memory Usage (479952K) : nbulaycut_drw has 0 polygons
2026-10-11 04:49:41 +0200: Memory Usage (479952K) : antmetal1_drw has 0 polygons
2026-10-11 04:49:41 +0200: Memory Usage (479952K) : topvia2_drw has 1632 polygons
2026-10-11 04:49:41 +0200: Memory Usage (479952K) : topmetal2_drw has 16 polygons
2026-10-11 04:49:41 +0200: Memory Usage (479952K) : topmetal2_pin has 0 polygons
2026-10-11 04:49:41 +0200: Memory Usage (479952K) : topmetal2_mask has 0 polygons
2026-10-11 04:49:41 +0200: Memory Usage (479952K) : topmetal2_filler has 0 polygons
2026-10-11 04:49:41 +0200: Memory Usage (479952K) : topmetal2_nofill has 2 polygons
2026-10-11 04:49:41 +0200: Memory Usage (479952K) : topmetal2_slit has 0 polygons
2026-10-11 04:49:41 +0200: Memory Usage (479952K) : topmetal2_text has 5 polygons
2026-10-11 04:49:41 +0200: Memory Usage (479952K) : topmetal2_noqrc has 0 polygons
2026-10-11 04:49:41 +0200: Memory Usage (479952K) : topmetal2_res has 0 polygons
2026-10-11 04:49:41 +0200: Memory Usage (479952K) : topmetal2_iprobe has 0 polygons
2026-10-11 04:49:41 +0200: Memory Usage (479952K) : topmetal2_diffprb has 0 polygons
2026-10-11 04:49:41 +0200: Memory Usage (479952K) : snsring_drw has 0 polygons
2026-10-11 04:49:41 +0200: Memory Usage (479952K) : sensor_drw has 0 polygons
2026-10-11 04:49:41 +0200: Memory Usage (479952K) : snsarms_drw has 0 polygons
2026-10-11 04:49:41 +0200: Memory Usage (479952K) : snscmosvia_drw has 0 polygons
2026-10-11 04:49:41 +0200: Memory Usage (479952K) : colwind_drw has 0 polygons
2026-10-11 04:49:41 +0200: Memory Usage (479952K) : flm_drw has 0 polygons
2026-10-11 04:49:41 +0200: Memory Usage (479952K) : hafniumox_drw has 0 polygons
2026-10-11 04:49:41 +0200: Memory Usage (479952K) : memvia_drw has 0 polygons
2026-10-11 04:49:41 +0200: Memory Usage (479952K) : thinfilmres_drw has 0 polygons
2026-10-11 04:49:41 +0200: Memory Usage (479952K) : rfmem_drw has 0 polygons
2026-10-11 04:49:41 +0200: Memory Usage (479952K) : norcx_drw has 2 polygons
2026-10-11 04:49:41 +0200: Memory Usage (479952K) : norcx_m2m3 has 0 polygons
2026-10-11 04:49:41 +0200: Memory Usage (479952K) : norcx_m2m4 has 0 polygons
2026-10-11 04:49:41 +0200: Memory Usage (479952K) : norcx_m2m5 has 0 polygons
2026-10-11 04:49:41 +0200: Memory Usage (479952K) : norcx_m2tm1 has 0 polygons
2026-10-11 04:49:41 +0200: Memory Usage (479952K) : norcx_m2tm2 has 0 polygons
2026-10-11 04:49:41 +0200: Memory Usage (479952K) : norcx_m3m4 has 0 polygons
2026-10-11 04:49:41 +0200: Memory Usage (479952K) : norcx_m3m5 has 0 polygons
2026-10-11 04:49:41 +0200: Memory Usage (479952K) : norcx_m3tm1 has 0 polygons
2026-10-11 04:49:41 +0200: Memory Usage (479952K) : norcx_m3tm2 has 0 polygons
2026-10-11 04:49:41 +0200: Memory Usage (479952K) : norcx_m4m5 has 0 polygons
2026-10-11 04:49:41 +0200: Memory Usage (479952K) : norcx_m4tm1 has 0 polygons
2026-10-11 04:49:41 +0200: Memory Usage (479952K) : norcx_m4tm2 has 0 polygons
2026-10-11 04:49:41 +0200: Memory Usage (479952K) : norcx_m5tm1 has 0 polygons
2026-10-11 04:49:41 +0200: Memory Usage (479952K) : norcx_m5tm2 has 0 polygons
2026-10-11 04:49:41 +0200: Memory Usage (479952K) : norcx_tm1tm2 has 0 polygons
2026-10-11 04:49:41 +0200: Memory Usage (479952K) : norcx_m1sub has 0 polygons
2026-10-11 04:49:41 +0200: Memory Usage (479952K) : norcx_m2sub has 0 polygons
2026-10-11 04:49:41 +0200: Memory Usage (479952K) : norcx_m3sub has 0 polygons
2026-10-11 04:49:41 +0200: Memory Usage (479952K) : norcx_m4sub has 0 polygons
2026-10-11 04:49:41 +0200: Memory Usage (479952K) : norcx_m5sub has 0 polygons
2026-10-11 04:49:41 +0200: Memory Usage (479952K) : norcx_tm1sub has 0 polygons
2026-10-11 04:49:41 +0200: Memory Usage (479952K) : norcx_tm2sub has 0 polygons
2026-10-11 04:49:41 +0200: Memory Usage (479952K) : snsbotvia_drw has 0 polygons
2026-10-11 04:49:41 +0200: Memory Usage (479952K) : snstopvia_drw has 0 polygons
2026-10-11 04:49:41 +0200: Memory Usage (479952K) : deepvia_drw has 0 polygons
2026-10-11 04:49:41 +0200: Memory Usage (479952K) : fgetch_drw has 0 polygons
2026-10-11 04:49:41 +0200: Memory Usage (479952K) : ctrgat_drw has 0 polygons
2026-10-11 04:49:41 +0200: Memory Usage (479952K) : fgimp_drw has 0 polygons
2026-10-11 04:49:41 +0200: Memory Usage (479952K) : emwihv_drw has 0 polygons
2026-10-11 04:49:41 +0200: Memory Usage (479952K) : lbe_drw has 0 polygons
2026-10-11 04:49:41 +0200: Memory Usage (479952K) : alcustop_drw has 0 polygons
2026-10-11 04:49:41 +0200: Memory Usage (479952K) : nometfiller_drw has 0 polygons
2026-10-11 04:49:41 +0200: Memory Usage (479952K) : prboundary_drw has 0 polygons
2026-10-11 04:49:41 +0200: Memory Usage (479952K) : exchange0_drw has 0 polygons
2026-10-11 04:49:41 +0200: Memory Usage (479952K) : exchange0_pin has 0 polygons
2026-10-11 04:49:41 +0200: Memory Usage (479952K) : exchange0_text has 0 polygons
2026-10-11 04:49:41 +0200: Memory Usage (479952K) : exchange1_drw has 0 polygons
2026-10-11 04:49:41 +0200: Memory Usage (479952K) : exchange1_pin has 0 polygons
2026-10-11 04:49:41 +0200: Memory Usage (479952K) : exchange1_text has 0 polygons
2026-10-11 04:49:41 +0200: Memory Usage (479952K) : exchange2_drw has 0 polygons
2026-10-11 04:49:41 +0200: Memory Usage (479952K) : exchange2_pin has 0 polygons
2026-10-11 04:49:41 +0200: Memory Usage (479952K) : exchange2_text has 0 polygons
2026-10-11 04:49:41 +0200: Memory Usage (479952K) : exchange3_drw has 0 polygons
2026-10-11 04:49:41 +0200: Memory Usage (479952K) : exchange3_pin has 0 polygons
2026-10-11 04:49:41 +0200: Memory Usage (479952K) : exchange3_text has 0 polygons
2026-10-11 04:49:41 +0200: Memory Usage (479952K) : exchange4_drw has 0 polygons
2026-10-11 04:49:41 +0200: Memory Usage (479952K) : exchange4_pin has 0 polygons
2026-10-11 04:49:41 +0200: Memory Usage (479952K) : exchange4_text has 0 polygons
2026-10-11 04:49:41 +0200: Memory Usage (479952K) : isonwell_drw has 0 polygons
2026-10-11 04:49:41 +0200: Memory Usage (479952K) : Total no. of polygons in the design is 39304
2026-10-11 04:49:41 +0200: Memory Usage (480080K) : Loaded TECH DRC rules values from /foss/pdks/ihp-sg13g2/libs.tech/klayout/python/sg13g2_pycell_lib/sg13g2_tech_mod.json
2026-10-11 04:49:41 +0200: Memory Usage (480080K) : Loaded default DRC rules values from /foss/pdks/ihp-sg13g2/libs.tech/klayout/tech/drc/rule_decks/sg13g2_tech_default.json
2026-10-11 04:49:41 +0200: Memory Usage (480080K) : The following rules values were missing in tech json and default values were used:
2026-10-11 04:49:41 +0200: Memory Usage (480080K) :   - NW_f1_digibnd
2026-10-11 04:49:41 +0200: Memory Usage (480080K) :   - Cnt_c_digibnd
2026-10-11 04:49:41 +0200: Memory Usage (480080K) :   - Cnt_c_sram
2026-10-11 04:49:41 +0200: Memory Usage (480080K) :   - Sdiod_b
2026-10-11 04:49:41 +0200: Memory Usage (480080K) :   - Sdiod_c
2026-10-11 04:49:41 +0200: Memory Usage (480080K) : Total area of the design is 329000.0 um^2.
2026-10-11 04:49:41 +0200: Memory Usage (480080K) : The design dimensions are 700.0 µm * 470.0 µm.
2026-10-11 04:49:41 +0200: Memory Usage (480080K) : Starting general IHP-SG13G2 derivations.
2026-10-11 04:49:41 +0200: Memory Usage (480080K) : Starting Pwell derivations
2026-10-11 04:49:41 +0200: Memory Usage (480080K) : Starting n-Activ derivations
2026-10-11 04:49:41 +0200: Memory Usage (480080K) : Starting p-Activ derivations
2026-10-11 04:49:41 +0200: Memory Usage (480080K) : Starting ptap derivations
2026-10-11 04:49:41 +0200: Memory Usage (480080K) : Starting ntap derivations
2026-10-11 04:49:41 +0200: Memory Usage (480080K) : Starting pact FET derivations
2026-10-11 04:49:41 +0200: Memory Usage (480080K) : Starting nact FET derivations
2026-10-11 04:49:41 +0200: Memory Usage (480080K) : Starting Gate derivations
2026-10-11 04:49:41 +0200: Memory Usage (480080K) : Starting cont/contbar general derivations
2026-10-11 04:49:41 +0200: Memory Usage (482048K) : Starting pad general derivations
2026-10-11 04:49:41 +0200: Memory Usage (482048K) : Starting schottky_nbl general derivations
2026-10-11 04:49:41 +0200: Memory Usage (482048K) : Starting SVaricap general derivations
2026-10-11 04:49:41 +0200: Memory Usage (482048K) : Starting HBT general derivations
2026-10-11 04:49:41 +0200: Memory Usage (483472K) : Starting IHP-SG13G2 DRC connectivity related derivations.
2026-10-11 04:49:41 +0200: Memory Usage (486800K) : Starting IHP-SG13G2 DRC connectivity setup
2026-10-11 04:49:42 +0200: Memory Usage (493504K) : Starting IHP-SG13G2 DRC rules.
2026-10-11 04:49:42 +0200: Memory Usage (493504K) : Running all FEOL rules
2026-10-11 04:49:42 +0200: Memory Usage (493504K) : Running all BEOL rules
2026-10-11 04:49:42 +0200: Memory Usage (493504K) : Running all PIN rules
2026-10-11 04:49:42 +0200: Memory Usage (493504K) : Running all FORBIDDEN rules
2026-10-11 04:49:42 +0200: Memory Usage (493504K) : Starting 5.1 NWell table
2026-10-11 04:49:42 +0200: Memory Usage (493504K) : Executing rule NW.b
2026-10-11 04:49:42 +0200: Memory Usage (493632K) : Executing rule NW.b1
2026-10-11 04:49:42 +0200: Memory Usage (493632K) : Executing rule NW.f1
2026-10-11 04:49:42 +0200: Memory Usage (493632K) : Executing rule NW.f1.digibnd
2026-10-11 04:49:42 +0200: Memory Usage (493632K) : Starting 5.2 PWell:block
2026-10-11 04:49:42 +0200: Memory Usage (493632K) : Executing rule PWB.e
2026-10-11 04:49:42 +0200: Memory Usage (493836K) : Executing rule PWB.e1
2026-10-11 04:49:42 +0200: Memory Usage (493836K) : Executing rule PWB.f
2026-10-11 04:49:42 +0200: Memory Usage (493836K) : Executing rule PWB.f1
2026-10-11 04:49:42 +0200: Memory Usage (493836K) : Starting 5.3 nBuLay table
2026-10-11 04:49:42 +0200: Memory Usage (493836K) : Executing rule NBL.b
2026-10-11 04:49:42 +0200: Memory Usage (493836K) : Executing rule NBL.c
2026-10-11 04:49:42 +0200: Memory Usage (493836K) : Executing rule NBL.d
2026-10-11 04:49:42 +0200: Memory Usage (493836K) : Executing rule NBL.e
2026-10-11 04:49:42 +0200: Memory Usage (493836K) : Executing rule NBL.f
2026-10-11 04:49:42 +0200: Memory Usage (493836K) : Starting 5.5. Activ table
2026-10-11 04:49:42 +0200: Memory Usage (493836K) : Executing rule Act.a
2026-10-11 04:49:42 +0200: Memory Usage (493836K) : Executing rule Act.b
2026-10-11 04:49:42 +0200: Memory Usage (493996K) : Starting 5.6 Activ:filler table
2026-10-11 04:49:42 +0200: Memory Usage (494124K) : Executing rule AFil.c1
2026-10-11 04:49:42 +0200: Memory Usage (494124K) : Executing rule AFil.c
2026-10-11 04:49:42 +0200: Memory Usage (494124K) : Executing rule AFil.d
2026-10-11 04:49:42 +0200: Memory Usage (494124K) : Executing rule AFil.e
2026-10-11 04:49:42 +0200: Memory Usage (494124K) : Executing rule AFil.j
2026-10-11 04:49:42 +0200: Memory Usage (494124K) : Starting 5.7. ThickGateOx table
2026-10-11 04:49:42 +0200: Memory Usage (494124K) : Executing rule TGO.f
2026-10-11 04:49:42 +0200: Memory Usage (494124K) : Starting 5.8. GatPoly table
2026-10-11 04:49:42 +0200: Memory Usage (494124K) : Executing rule Gat.a
2026-10-11 04:49:42 +0200: Memory Usage (494124K) : Executing rule Gat.b
2026-10-11 04:49:42 +0200: Memory Usage (494124K) : Executing rule Gat.d
2026-10-11 04:49:42 +0200: Memory Usage (494124K) : Executing rule Gat.a1
2026-10-11 04:49:42 +0200: Memory Usage (494284K) : Executing rule Gat.a2
2026-10-11 04:49:42 +0200: Memory Usage (494284K) : Executing rule Gat.g
2026-10-11 04:49:42 +0200: Memory Usage (494428K) : Starting 5.9 GatPoly:filler
2026-10-11 04:49:42 +0200: Memory Usage (494812K) : Executing rule GFil.d
2026-10-11 04:49:42 +0200: Memory Usage (494812K) : Executing rule GFil.e
2026-10-11 04:49:42 +0200: Memory Usage (494812K) : Executing rule GFil.i
2026-10-11 04:49:42 +0200: Memory Usage (494812K) : Starting 5.10 pSD table
2026-10-11 04:49:42 +0200: Memory Usage (494812K) : Executing rule pSD.c1
2026-10-11 04:49:42 +0200: Memory Usage (494812K) : Starting 5.14. Cont table
2026-10-11 04:49:42 +0200: Memory Usage (494812K) : Executing rule Cnt.a
2026-10-11 04:49:42 +0200: Memory Usage (494812K) : Executing rule Cnt.b
2026-10-11 04:49:42 +0200: Memory Usage (494812K) : Executing rule Cnt.c
2026-10-11 04:49:42 +0200: Memory Usage (494812K) : Executing rule Cnt.c.digibnd
2026-10-11 04:49:42 +0200: Memory Usage (494812K) : Executing rule Cnt.c.SRAM
2026-10-11 04:49:42 +0200: Memory Usage (494812K) : Executing rule Cnt.d
2026-10-11 04:49:42 +0200: Memory Usage (494812K) : Executing rule Cnt.e
2026-10-11 04:49:42 +0200: Memory Usage (495836K) : Executing rule Cnt.g1
2026-10-11 04:49:42 +0200: Memory Usage (495836K) : Executing rule Cnt.g2
2026-10-11 04:49:42 +0200: Memory Usage (496348K) : Starting 5.15. ContBar table
2026-10-11 04:49:42 +0200: Memory Usage (496348K) : Executing rule CntB.a
2026-10-11 04:49:42 +0200: Memory Usage (496492K) : Executing rule CntB.a1
2026-10-11 04:49:42 +0200: Memory Usage (496492K) : Executing rule CntB.b1
2026-10-11 04:49:42 +0200: Memory Usage (496492K) : Executing rule CntB.h1
2026-10-11 04:49:42 +0200: Memory Usage (496492K) : Starting 6.1.3 NPN Substrate-Tie table
2026-10-11 04:49:42 +0200: Memory Usage (496492K) : Executing rule npn13G2.bR 
2026-10-11 04:49:42 +0200: Memory Usage (496492K) : Executing rule npn13G2L.cR 
2026-10-11 04:49:42 +0200: Memory Usage (496492K) : Executing rule npn13G2V.cR 
2026-10-11 04:49:42 +0200: Memory Usage (496492K) : Starting 6.7 Schottky diode table
2026-10-11 04:49:42 +0200: Memory Usage (496492K) : Executing rule Sdiod.b
2026-10-11 04:49:42 +0200: Memory Usage (496492K) : Executing rule Sdiod.c
2026-10-11 04:49:42 +0200: Memory Usage (496492K) : Executing rule Sdiod.d
2026-10-11 04:49:42 +0200: Memory Usage (496492K) : Executing rule Sdiod.e
2026-10-11 04:49:42 +0200: Memory Usage (496492K) : Starting 7.2 Latch-up table
2026-10-11 04:49:42 +0200: Memory Usage (496492K) : Executing rule LU.b
2026-10-11 04:49:42 +0200: Memory Usage (496492K) : Starting 5.16. Metal1 table
2026-10-11 04:49:42 +0200: Memory Usage (496492K) : Executing rule M1.a
2026-10-11 04:49:42 +0200: Memory Usage (496492K) : Executing rule M1.b
2026-10-11 04:49:42 +0200: Memory Usage (496492K) : Executing rule M1.e
2026-10-11 04:49:42 +0200: Memory Usage (496492K) : Executing rule M1.f
2026-10-11 04:49:42 +0200: Memory Usage (496492K) : Executing rule M1.g
2026-10-11 04:49:42 +0200: Memory Usage (496648K) : Executing rule M1.i
2026-10-11 04:49:42 +0200: Memory Usage (496648K) : Starting 5.17 Metaln table
2026-10-11 04:49:42 +0200: Memory Usage (496648K) : Executing rule M2.a
2026-10-11 04:49:42 +0200: Memory Usage (496648K) : Executing rule M2.b
2026-10-11 04:49:42 +0200: Memory Usage (496648K) : Executing rule M2.e
2026-10-11 04:49:42 +0200: Memory Usage (496648K) : Executing rule M2.f
2026-10-11 04:49:42 +0200: Memory Usage (496648K) : Executing rule M2.g
2026-10-11 04:49:42 +0200: Memory Usage (496648K) : Executing rule M2.i
2026-10-11 04:49:42 +0200: Memory Usage (496648K) : Executing rule M3.a
2026-10-11 04:49:42 +0200: Memory Usage (496648K) : Executing rule M3.b
2026-10-11 04:49:42 +0200: Memory Usage (496648K) : Executing rule M3.e
2026-10-11 04:49:43 +0200: Memory Usage (496648K) : Executing rule M3.f
2026-10-11 04:49:43 +0200: Memory Usage (496648K) : Executing rule M3.g
2026-10-11 04:49:43 +0200: Memory Usage (496648K) : Executing rule M3.i
2026-10-11 04:49:43 +0200: Memory Usage (496648K) : Executing rule M4.a
2026-10-11 04:49:43 +0200: Memory Usage (496648K) : Executing rule M4.b
2026-10-11 04:49:43 +0200: Memory Usage (496648K) : Executing rule M4.e
2026-10-11 04:49:43 +0200: Memory Usage (496648K) : Executing rule M4.f
2026-10-11 04:49:43 +0200: Memory Usage (496648K) : Executing rule M4.g
2026-10-11 04:49:43 +0200: Memory Usage (496648K) : Executing rule M4.i
2026-10-11 04:49:43 +0200: Memory Usage (496648K) : Executing rule M5.a
2026-10-11 04:49:43 +0200: Memory Usage (496648K) : Executing rule M5.b
2026-10-11 04:49:43 +0200: Memory Usage (496648K) : Executing rule M5.e
2026-10-11 04:49:43 +0200: Memory Usage (496648K) : Executing rule M5.f
2026-10-11 04:49:43 +0200: Memory Usage (496648K) : Executing rule M5.g
2026-10-11 04:49:43 +0200: Memory Usage (496648K) : Executing rule M5.i
2026-10-11 04:49:43 +0200: Memory Usage (496648K) : Starting 5.18 Metaln:filler table
2026-10-11 04:49:43 +0200: Memory Usage (496648K) : Executing rule M1Fil.c
2026-10-11 04:49:43 +0200: Memory Usage (496648K) : Executing rule M1Fil.a2
2026-10-11 04:49:43 +0200: Memory Usage (496648K) : Executing rule M2Fil.c
2026-10-11 04:49:43 +0200: Memory Usage (496648K) : Executing rule M2Fil.a2
2026-10-11 04:49:43 +0200: Memory Usage (496648K) : Executing rule M3Fil.c
2026-10-11 04:49:43 +0200: Memory Usage (496648K) : Executing rule M3Fil.a2
2026-10-11 04:49:43 +0200: Memory Usage (496648K) : Executing rule M4Fil.c
2026-10-11 04:49:43 +0200: Memory Usage (496648K) : Executing rule M4Fil.a2
2026-10-11 04:49:43 +0200: Memory Usage (496648K) : Executing rule M5Fil.c
2026-10-11 04:49:43 +0200: Memory Usage (496648K) : Executing rule M5Fil.a2
2026-10-11 04:49:43 +0200: Memory Usage (496648K) : Starting 5.19. Via1 table
2026-10-11 04:49:43 +0200: Memory Usage (496648K) : Starting 5.19. Via1 table derivations
2026-10-11 04:49:43 +0200: Memory Usage (496648K) : Executing rule V1.a
2026-10-11 04:49:43 +0200: Memory Usage (496648K) : Executing rule V1.b
2026-10-11 04:49:43 +0200: Memory Usage (496648K) : Executing rule V1.c
2026-10-11 04:49:43 +0200: Memory Usage (496648K) : Starting 5.20. Vian table
2026-10-11 04:49:43 +0200: Memory Usage (496648K) : Executing rule V2.a
2026-10-11 04:49:43 +0200: Memory Usage (496648K) : Executing rule V2.b
2026-10-11 04:49:43 +0200: Memory Usage (496648K) : Executing rule V2.c
2026-10-11 04:49:43 +0200: Memory Usage (496648K) : Executing rule V3.a
2026-10-11 04:49:43 +0200: Memory Usage (496648K) : Executing rule V3.b
2026-10-11 04:49:43 +0200: Memory Usage (496776K) : Executing rule V3.c
2026-10-11 04:49:43 +0200: Memory Usage (496776K) : Executing rule V4.a
2026-10-11 04:49:43 +0200: Memory Usage (496776K) : Executing rule V4.b
2026-10-11 04:49:43 +0200: Memory Usage (496776K) : Executing rule V4.c
2026-10-11 04:49:43 +0200: Memory Usage (496776K) : Starting 5.21. TopVia1 table
2026-10-11 04:49:43 +0200: Memory Usage (496776K) : Executing rule TV1.a
2026-10-11 04:49:43 +0200: Memory Usage (496776K) : Executing rule TV1.b
2026-10-11 04:49:43 +0200: Memory Usage (496776K) : Executing rule TV1.c
2026-10-11 04:49:43 +0200: Memory Usage (496776K) : Executing rule TV1.d
2026-10-11 04:49:43 +0200: Memory Usage (496776K) : Starting 5.22. TopMetal1 table
2026-10-11 04:49:43 +0200: Memory Usage (496776K) : Executing rule TM1.a
2026-10-11 04:49:43 +0200: Memory Usage (496776K) : Executing rule TM1.b
2026-10-11 04:49:43 +0200: Memory Usage (496776K) : Starting 5.23 TopMetal1:filler table
2026-10-11 04:49:43 +0200: Memory Usage (496776K) : Executing rule TM1Fil.c
2026-10-11 04:49:43 +0200: Memory Usage (496776K) : Executing rule TM1Fil.a1
2026-10-11 04:49:43 +0200: Memory Usage (496776K) : Starting 5.24. TopVia2 table
2026-10-11 04:49:43 +0200: Memory Usage (496776K) : Executing rule TV2.a
2026-10-11 04:49:43 +0200: Memory Usage (496776K) : Executing rule TV2.b
2026-10-11 04:49:43 +0200: Memory Usage (496776K) : Executing rule TV2.c
2026-10-11 04:49:43 +0200: Memory Usage (496776K) : Executing rule TV2.d
2026-10-11 04:49:43 +0200: Memory Usage (496776K) : Starting 5.25. TopMetal2 table
2026-10-11 04:49:43 +0200: Memory Usage (496776K) : Executing rule TM2.a
2026-10-11 04:49:43 +0200: Memory Usage (496776K) : Executing rule TM2.b
2026-10-11 04:49:43 +0200: Memory Usage (496776K) : Executing rule TM2.bR
2026-10-11 04:49:43 +0200: Memory Usage (496776K) : Starting 5.26 TopMetal2:filler table
2026-10-11 04:49:43 +0200: Memory Usage (496776K) : Executing rule TM2Fil.c
2026-10-11 04:49:43 +0200: Memory Usage (496776K) : Executing rule TM2Fil.a1
2026-10-11 04:49:43 +0200: Memory Usage (496776K) : Starting 5.27. Passiv table
2026-10-11 04:49:43 +0200: Memory Usage (496776K) : Executing rule Pas.a
2026-10-11 04:49:43 +0200: Memory Usage (496776K) : Executing rule Pas.b
2026-10-11 04:49:43 +0200: Memory Usage (496776K) : Executing rule Pas.c
2026-10-11 04:49:43 +0200: Memory Usage (496776K) : Starting 6.9.2 Copper Pillar table
2026-10-11 04:49:43 +0200: Memory Usage (496776K) : Executing rule Padc.a
2026-10-11 04:49:43 +0200: Memory Usage (496776K) : Executing rule Padc.b
2026-10-11 04:49:43 +0200: Memory Usage (496776K) : Executing rule Padc.c
2026-10-11 04:49:43 +0200: Memory Usage (496776K) : Executing rule Padb.f
2026-10-11 04:49:43 +0200: Memory Usage (496776K) : Starting 6.9 Pad table
2026-10-11 04:49:43 +0200: Memory Usage (496776K) : Executing rule Pad.m
2026-10-11 04:49:43 +0200: Memory Usage (496776K) : Executing rule Pad.fR_M1
2026-10-11 04:49:43 +0200: Memory Usage (496776K) : Executing rule Pad.fR_M2
2026-10-11 04:49:43 +0200: Memory Usage (496776K) : Executing rule Pad.fR_M3
2026-10-11 04:49:43 +0200: Memory Usage (496776K) : Executing rule Pad.fR_M4
2026-10-11 04:49:43 +0200: Memory Usage (496776K) : Executing rule Pad.fR_M5
2026-10-11 04:49:43 +0200: Memory Usage (496776K) : Executing rule Pad.fR_TM1
2026-10-11 04:49:43 +0200: Memory Usage (496776K) : Executing rule Pad.fR_TM2
2026-10-11 04:49:43 +0200: Memory Usage (496776K) : Executing rule Pad.i
2026-10-11 04:49:43 +0200: Memory Usage (496776K) : Starting 6.9.1 Solder Bump
2026-10-11 04:49:43 +0200: Memory Usage (496776K) : Executing rule Padb.a
2026-10-11 04:49:43 +0200: Memory Usage (496776K) : Executing rule Padb.b
2026-10-11 04:49:43 +0200: Memory Usage (496776K) : Executing rule Padb.c
2026-10-11 04:49:43 +0200: Memory Usage (496776K) : Executing rule Padb.f
2026-10-11 04:49:43 +0200: Memory Usage (496776K) : Executing rule Padb.d
2026-10-11 04:49:43 +0200: Memory Usage (496776K) : Starting 6.10 Sealring table
2026-10-11 04:49:43 +0200: Memory Usage (496776K) : Executing rule Seal.l
2026-10-11 04:49:43 +0200: Memory Usage (496776K) : Executing rule Seal.n
2026-10-11 04:49:43 +0200: Memory Usage (496776K) : Executing rule seal.b_metal1
2026-10-11 04:49:43 +0200: Memory Usage (496776K) : Executing rule seal.b_metal2
2026-10-11 04:49:43 +0200: Memory Usage (496776K) : Executing rule seal.b_metal3
2026-10-11 04:49:43 +0200: Memory Usage (496776K) : Executing rule seal.b_metal4
2026-10-11 04:49:43 +0200: Memory Usage (496776K) : Executing rule seal.b_metal5
2026-10-11 04:49:43 +0200: Memory Usage (496776K) : Executing rule seal.b_topmetal1
2026-10-11 04:49:43 +0200: Memory Usage (496776K) : Executing rule seal.b_topmetal2
2026-10-11 04:49:43 +0200: Memory Usage (496776K) : Executing rule seal.b_activ
2026-10-11 04:49:43 +0200: Memory Usage (496776K) : Executing rule seal.b_psd
2026-10-11 04:49:44 +0200: Memory Usage (496776K) : Executing rule Seal.k
2026-10-11 04:49:44 +0200: Memory Usage (496776K) : Executing rule Seal.m
2026-10-11 04:49:44 +0200: Memory Usage (496776K) : Starting 6.11 MIM table
2026-10-11 04:49:44 +0200: Memory Usage (496776K) : Executing rule MIM.c
2026-10-11 04:49:44 +0200: Memory Usage (496776K) : Executing rule MIM.d
2026-10-11 04:49:44 +0200: Memory Usage (496776K) : Executing rule MIM.gR
2026-10-11 04:49:44 +0200: Memory Usage (496776K) : Starting 7.3 Metal Slits table
2026-10-11 04:49:44 +0200: Memory Usage (496776K) : Executing rule Slt.e1_M1
2026-10-11 04:49:44 +0200: Memory Usage (496776K) : Executing rule Slt.e1_M2
2026-10-11 04:49:44 +0200: Memory Usage (496776K) : Executing rule Slt.e1_M3
2026-10-11 04:49:44 +0200: Memory Usage (496776K) : Executing rule Slt.e1_M4
2026-10-11 04:49:44 +0200: Memory Usage (496776K) : Executing rule Slt.e1_M5
2026-10-11 04:49:44 +0200: Memory Usage (496776K) : Executing rule Slt.e1_TM1
2026-10-11 04:49:44 +0200: Memory Usage (496776K) : Executing rule Slt.e1_TM2
2026-10-11 04:49:44 +0200: Memory Usage (496776K) : Starting 9.1. LBE table
2026-10-11 04:49:44 +0200: Memory Usage (496776K) : Executing rule LBE.a
2026-10-11 04:49:44 +0200: Memory Usage (496776K) : Executing rule LBE.b
2026-10-11 04:49:44 +0200: Memory Usage (496776K) : Executing rule LBE.b1
2026-10-11 04:49:44 +0200: Memory Usage (496776K) : Executing rule LBE.c
2026-10-11 04:49:44 +0200: Memory Usage (496776K) : Executing rule LBE.d
2026-10-11 04:49:44 +0200: Memory Usage (496776K) : Executing rule LBE.h
2026-10-11 04:49:44 +0200: Memory Usage (496776K) : Starting 7.4. PIN table
2026-10-11 04:49:44 +0200: Memory Usage (496776K) : Executing rule Pin.a
2026-10-11 04:49:44 +0200: Memory Usage (496776K) : Executing rule Pin.b
2026-10-11 04:49:44 +0200: Memory Usage (496776K) : Executing rule Pin.e
2026-10-11 04:49:44 +0200: Memory Usage (496776K) : Executing rule Pin.f_M2
2026-10-11 04:49:44 +0200: Memory Usage (496776K) : Executing rule Pin.f_M3
2026-10-11 04:49:44 +0200: Memory Usage (496776K) : Executing rule Pin.f_M4
2026-10-11 04:49:44 +0200: Memory Usage (496776K) : Executing rule Pin.f_M5
2026-10-11 04:49:44 +0200: Memory Usage (496776K) : Executing rule Pin.g
2026-10-11 04:49:44 +0200: Memory Usage (496776K) : Executing rule Pin.h
2026-10-11 04:49:44 +0200: Memory Usage (496776K) : Starting 3.1. offgrid table
2026-10-11 04:49:44 +0200: Memory Usage (496776K) : Executing rule activ_drw_Offgrid
2026-10-11 04:49:44 +0200: Memory Usage (496776K) : Executing rule activ_mask_Offgrid
2026-10-11 04:49:44 +0200: Memory Usage (496904K) : Executing rule activ_filler_Offgrid
2026-10-11 04:49:44 +0200: Memory Usage (496904K) : Executing rule activ_opc_Offgrid
2026-10-11 04:49:44 +0200: Memory Usage (496904K) : Executing rule activ_iopc_Offgrid
2026-10-11 04:49:44 +0200: Memory Usage (496904K) : Executing rule biwind_drw_Offgrid
2026-10-11 04:49:44 +0200: Memory Usage (496904K) : Executing rule biwind_opc_Offgrid
2026-10-11 04:49:44 +0200: Memory Usage (497032K) : Executing rule pemwind_drw_Offgrid
2026-10-11 04:49:44 +0200: Memory Usage (497032K) : Executing rule gatpoly_drw_Offgrid
2026-10-11 04:49:44 +0200: Memory Usage (497032K) : Executing rule gatpoly_filler_Offgrid
2026-10-11 04:49:44 +0200: Memory Usage (497032K) : Executing rule gatpoly_opc_Offgrid
2026-10-11 04:49:44 +0200: Memory Usage (497032K) : Executing rule gatpoly_iopc_Offgrid
2026-10-11 04:49:44 +0200: Memory Usage (497160K) : Executing rule gatpoly_noqrc_Offgrid
2026-10-11 04:49:44 +0200: Memory Usage (497160K) : Executing rule cont_drw_Offgrid
2026-10-11 04:49:44 +0200: Memory Usage (502536K) : Executing rule cont_opc_Offgrid
2026-10-11 04:49:44 +0200: Memory Usage (503048K) : Executing rule nsd_drw_Offgrid
2026-10-11 04:49:44 +0200: Memory Usage (503560K) : Executing rule nsd_block_Offgrid
2026-10-11 04:49:44 +0200: Memory Usage (504072K) : Executing rule metal1_drw_Offgrid
2026-10-11 04:49:44 +0200: Memory Usage (504584K) : Executing rule metal1_mask_Offgrid
2026-10-11 04:49:44 +0200: Memory Usage (505096K) : Executing rule metal1_filler_Offgrid
2026-10-11 04:49:44 +0200: Memory Usage (505608K) : Executing rule metal1_slit_Offgrid
2026-10-11 04:49:44 +0200: Memory Usage (506120K) : Executing rule metal1_opc_Offgrid
2026-10-11 04:49:44 +0200: Memory Usage (506120K) : Executing rule metal1_noqrc_Offgrid
2026-10-11 04:49:44 +0200: Memory Usage (506120K) : Executing rule metal1_res_Offgrid
2026-10-11 04:49:44 +0200: Memory Usage (506120K) : Executing rule metal1_iprobe_Offgrid
2026-10-11 04:49:44 +0200: Memory Usage (506248K) : Executing rule metal1_diffprb_Offgrid
2026-10-11 04:49:44 +0200: Memory Usage (506376K) : Executing rule passiv_drw_Offgrid
2026-10-11 04:49:44 +0200: Memory Usage (506376K) : Executing rule passiv_pillar_Offgrid
2026-10-11 04:49:44 +0200: Memory Usage (506376K) : Executing rule passiv_sbump_Offgrid
2026-10-11 04:49:44 +0200: Memory Usage (506376K) : Executing rule passiv_pdl_Offgrid
2026-10-11 04:49:44 +0200: Memory Usage (506376K) : Executing rule metal2_drw_Offgrid
2026-10-11 04:49:44 +0200: Memory Usage (506632K) : Executing rule metal2_mask_Offgrid
2026-10-11 04:49:44 +0200: Memory Usage (506760K) : Executing rule metal2_filler_Offgrid
2026-10-11 04:49:44 +0200: Memory Usage (506760K) : Executing rule metal2_slit_Offgrid
2026-10-11 04:49:44 +0200: Memory Usage (506760K) : Executing rule metal2_opc_Offgrid
2026-10-11 04:49:44 +0200: Memory Usage (506760K) : Executing rule metal2_noqrc_Offgrid
2026-10-11 04:49:44 +0200: Memory Usage (506760K) : Executing rule metal2_res_Offgrid
2026-10-11 04:49:44 +0200: Memory Usage (506760K) : Executing rule metal2_iprobe_Offgrid
2026-10-11 04:49:44 +0200: Memory Usage (506760K) : Executing rule metal2_diffprb_Offgrid
2026-10-11 04:49:44 +0200: Memory Usage (506760K) : Executing rule baspoly_drw_Offgrid
2026-10-11 04:49:44 +0200: Memory Usage (506760K) : Executing rule psd_drw_Offgrid
2026-10-11 04:49:44 +0200: Memory Usage (506760K) : Executing rule nldb_drw_Offgrid
2026-10-11 04:49:44 +0200: Memory Usage (506760K) : Executing rule via1_drw_Offgrid
2026-10-11 04:49:44 +0200: Memory Usage (506760K) : Executing rule backmetal1_drw_Offgrid
2026-10-11 04:49:44 +0200: Memory Usage (506760K) : Executing rule backmetal1_mask_Offgrid
2026-10-11 04:49:44 +0200: Memory Usage (506760K) : Executing rule backmetal1_filler_Offgrid
2026-10-11 04:49:44 +0200: Memory Usage (506760K) : Executing rule backmetal1_slit_Offgrid
2026-10-11 04:49:44 +0200: Memory Usage (506760K) : Executing rule backmetal1_opc_Offgrid
2026-10-11 04:49:44 +0200: Memory Usage (506760K) : Executing rule backmetal1_noqrc_Offgrid
2026-10-11 04:49:44 +0200: Memory Usage (506760K) : Executing rule backmetal1_res_Offgrid
2026-10-11 04:49:44 +0200: Memory Usage (506760K) : Executing rule backmetal1_iprobe_Offgrid
2026-10-11 04:49:44 +0200: Memory Usage (506760K) : Executing rule backmetal1_diffprb_Offgrid
2026-10-11 04:49:44 +0200: Memory Usage (506760K) : Executing rule backpassiv_drw_Offgrid
2026-10-11 04:49:44 +0200: Memory Usage (506760K) : Executing rule salblock_drw_Offgrid
2026-10-11 04:49:44 +0200: Memory Usage (506760K) : Executing rule via2_drw_Offgrid
2026-10-11 04:49:44 +0200: Memory Usage (506760K) : Executing rule metal3_drw_Offgrid
2026-10-11 04:49:44 +0200: Memory Usage (506760K) : Executing rule metal3_mask_Offgrid
2026-10-11 04:49:44 +0200: Memory Usage (506760K) : Executing rule metal3_filler_Offgrid
2026-10-11 04:49:44 +0200: Memory Usage (506760K) : Executing rule metal3_slit_Offgrid
2026-10-11 04:49:44 +0200: Memory Usage (506760K) : Executing rule metal3_opc_Offgrid
2026-10-11 04:49:44 +0200: Memory Usage (506760K) : Executing rule metal3_noqrc_Offgrid
2026-10-11 04:49:44 +0200: Memory Usage (506760K) : Executing rule metal3_res_Offgrid
2026-10-11 04:49:44 +0200: Memory Usage (506760K) : Executing rule metal3_iprobe_Offgrid
2026-10-11 04:49:44 +0200: Memory Usage (506760K) : Executing rule metal3_diffprb_Offgrid
2026-10-11 04:49:44 +0200: Memory Usage (506760K) : Executing rule nwell_drw_Offgrid
2026-10-11 04:49:44 +0200: Memory Usage (506760K) : Executing rule nbulay_drw_Offgrid
2026-10-11 04:49:44 +0200: Memory Usage (506760K) : Executing rule nbulay_block_Offgrid
2026-10-11 04:49:44 +0200: Memory Usage (506760K) : Executing rule pwell_drw_Offgrid
2026-10-11 04:49:44 +0200: Memory Usage (506760K) : Executing rule pwell_block_Offgrid
2026-10-11 04:49:44 +0200: Memory Usage (506760K) : Executing rule emwind_drw_Offgrid
2026-10-11 04:49:44 +0200: Memory Usage (506760K) : Executing rule emwind_opc_Offgrid
2026-10-11 04:49:44 +0200: Memory Usage (506760K) : Executing rule deepco_drw_Offgrid
2026-10-11 04:49:44 +0200: Memory Usage (506760K) : Executing rule mim_drw_Offgrid
2026-10-11 04:49:44 +0200: Memory Usage (506760K) : Executing rule substrate_drw_Offgrid
2026-10-11 04:49:44 +0200: Memory Usage (506760K) : Executing rule ic_drw_Offgrid
2026-10-11 04:49:44 +0200: Memory Usage (506760K) : Executing rule via3_drw_Offgrid
2026-10-11 04:49:44 +0200: Memory Usage (506760K) : Executing rule pldb_drw_Offgrid
2026-10-11 04:49:44 +0200: Memory Usage (506760K) : Executing rule metal4_drw_Offgrid
2026-10-11 04:49:44 +0200: Memory Usage (506760K) : Executing rule metal4_mask_Offgrid
2026-10-11 04:49:44 +0200: Memory Usage (506760K) : Executing rule metal4_filler_Offgrid
2026-10-11 04:49:44 +0200: Memory Usage (506760K) : Executing rule metal4_slit_Offgrid
2026-10-11 04:49:44 +0200: Memory Usage (506888K) : Executing rule metal4_opc_Offgrid
2026-10-11 04:49:44 +0200: Memory Usage (506888K) : Executing rule metal4_noqrc_Offgrid
2026-10-11 04:49:44 +0200: Memory Usage (506888K) : Executing rule metal4_res_Offgrid
2026-10-11 04:49:44 +0200: Memory Usage (506888K) : Executing rule metal4_iprobe_Offgrid
2026-10-11 04:49:44 +0200: Memory Usage (506888K) : Executing rule metal4_diffprb_Offgrid
2026-10-11 04:49:44 +0200: Memory Usage (507016K) : Executing rule via4_drw_Offgrid
2026-10-11 04:49:44 +0200: Memory Usage (509064K) : Executing rule metal5_drw_Offgrid
2026-10-11 04:49:44 +0200: Memory Usage (509576K) : Executing rule metal5_mask_Offgrid
2026-10-11 04:49:44 +0200: Memory Usage (510216K) : Executing rule metal5_filler_Offgrid
2026-10-11 04:49:44 +0200: Memory Usage (510728K) : Executing rule metal5_slit_Offgrid
2026-10-11 04:49:44 +0200: Memory Usage (511240K) : Executing rule metal5_opc_Offgrid
2026-10-11 04:49:44 +0200: Memory Usage (511752K) : Executing rule metal5_noqrc_Offgrid
2026-10-11 04:49:44 +0200: Memory Usage (512264K) : Executing rule metal5_res_Offgrid
2026-10-11 04:49:44 +0200: Memory Usage (512776K) : Executing rule metal5_iprobe_Offgrid
2026-10-11 04:49:44 +0200: Memory Usage (513288K) : Executing rule metal5_diffprb_Offgrid
2026-10-11 04:49:44 +0200: Memory Usage (513928K) : Executing rule prboundary_drw_Offgrid
2026-10-11 04:49:44 +0200: Memory Usage (514440K) : Executing rule exchange0_drw_Offgrid
2026-10-11 04:49:44 +0200: Memory Usage (514952K) : Executing rule exchange1_drw_Offgrid
2026-10-11 04:49:44 +0200: Memory Usage (515464K) : Executing rule exchange2_drw_Offgrid
2026-10-11 04:49:44 +0200: Memory Usage (515976K) : Executing rule exchange3_drw_Offgrid
2026-10-11 04:49:44 +0200: Memory Usage (516488K) : Executing rule exchange4_drw_Offgrid
2026-10-11 04:49:44 +0200: Memory Usage (517000K) : Executing rule isonwell_drw_Offgrid
2026-10-11 04:49:44 +0200: Memory Usage (517128K) : Executing rule thickgateox_drw_Offgrid
2026-10-11 04:49:44 +0200: Memory Usage (517128K) : Executing rule pempoly_drw_Offgrid
2026-10-11 04:49:44 +0200: Memory Usage (517128K) : Executing rule fbe_drw_Offgrid
2026-10-11 04:49:44 +0200: Memory Usage (517128K) : Executing rule empoly_drw_Offgrid
2026-10-11 04:49:44 +0200: Memory Usage (517128K) : Executing rule ldmos_drw_Offgrid
2026-10-11 04:49:44 +0200: Memory Usage (517128K) : Executing rule pbiwind_drw_Offgrid
2026-10-11 04:49:44 +0200: Memory Usage (517128K) : Executing rule colopen_drw_Offgrid
2026-10-11 04:49:44 +0200: Memory Usage (517128K) : Executing rule extblock_drw_Offgrid
2026-10-11 04:49:44 +0200: Memory Usage (517128K) : Executing rule nldd_drw_Offgrid
2026-10-11 04:49:44 +0200: Memory Usage (517128K) : Executing rule pldd_drw_Offgrid
2026-10-11 04:49:44 +0200: Memory Usage (517128K) : Executing rule next_drw_Offgrid
2026-10-11 04:49:44 +0200: Memory Usage (517128K) : Executing rule pext_drw_Offgrid
2026-10-11 04:49:44 +0200: Memory Usage (517128K) : Executing rule nexthv_drw_Offgrid
2026-10-11 04:49:44 +0200: Memory Usage (517128K) : Executing rule pexthv_drw_Offgrid
2026-10-11 04:49:44 +0200: Memory Usage (517128K) : Executing rule graphgate_drw_Offgrid
2026-10-11 04:49:44 +0200: Memory Usage (517128K) : Executing rule mempad_drw_Offgrid
2026-10-11 04:49:44 +0200: Memory Usage (517128K) : Executing rule topvia1_drw_Offgrid
2026-10-11 04:49:44 +0200: Memory Usage (517128K) : Executing rule topmetal1_drw_Offgrid
2026-10-11 04:49:44 +0200: Memory Usage (517128K) : Executing rule topmetal1_mask_Offgrid
2026-10-11 04:49:44 +0200: Memory Usage (517128K) : Executing rule topmetal1_filler_Offgrid
2026-10-11 04:49:44 +0200: Memory Usage (517128K) : Executing rule topmetal1_slit_Offgrid
2026-10-11 04:49:44 +0200: Memory Usage (517128K) : Executing rule topmetal1_noqrc_Offgrid
2026-10-11 04:49:44 +0200: Memory Usage (517128K) : Executing rule topmetal1_res_Offgrid
2026-10-11 04:49:44 +0200: Memory Usage (517128K) : Executing rule topmetal1_iprobe_Offgrid
2026-10-11 04:49:45 +0200: Memory Usage (517128K) : Executing rule topmetal1_diffprb_Offgrid
2026-10-11 04:49:45 +0200: Memory Usage (517128K) : Executing rule inldpwl_drw_Offgrid
2026-10-11 04:49:45 +0200: Memory Usage (517128K) : Executing rule polyres_drw_Offgrid
2026-10-11 04:49:45 +0200: Memory Usage (517128K) : Executing rule vmim_drw_Offgrid
2026-10-11 04:49:45 +0200: Memory Usage (517128K) : Executing rule nbulaycut_drw_Offgrid
2026-10-11 04:49:45 +0200: Memory Usage (517128K) : Executing rule antmetal1_drw_Offgrid
2026-10-11 04:49:45 +0200: Memory Usage (517128K) : Executing rule topvia2_drw_Offgrid
2026-10-11 04:49:45 +0200: Memory Usage (517128K) : Executing rule topmetal2_drw_Offgrid
2026-10-11 04:49:45 +0200: Memory Usage (517128K) : Executing rule topmetal2_mask_Offgrid
2026-10-11 04:49:45 +0200: Memory Usage (517128K) : Executing rule topmetal2_filler_Offgrid
2026-10-11 04:49:45 +0200: Memory Usage (517128K) : Executing rule topmetal2_slit_Offgrid
2026-10-11 04:49:45 +0200: Memory Usage (517128K) : Executing rule topmetal2_noqrc_Offgrid
2026-10-11 04:49:45 +0200: Memory Usage (517128K) : Executing rule topmetal2_res_Offgrid
2026-10-11 04:49:45 +0200: Memory Usage (517128K) : Executing rule topmetal2_iprobe_Offgrid
2026-10-11 04:49:45 +0200: Memory Usage (517128K) : Executing rule topmetal2_diffprb_Offgrid
2026-10-11 04:49:45 +0200: Memory Usage (517128K) : Executing rule snsring_drw_Offgrid
2026-10-11 04:49:45 +0200: Memory Usage (517128K) : Executing rule sensor_drw_Offgrid
2026-10-11 04:49:45 +0200: Memory Usage (517128K) : Executing rule snsarms_drw_Offgrid
2026-10-11 04:49:45 +0200: Memory Usage (517128K) : Executing rule snscmosvia_drw_Offgrid
2026-10-11 04:49:45 +0200: Memory Usage (517128K) : Executing rule colwind_drw_Offgrid
2026-10-11 04:49:45 +0200: Memory Usage (517128K) : Executing rule flm_drw_Offgrid
2026-10-11 04:49:45 +0200: Memory Usage (517128K) : Executing rule hafniumox_drw_Offgrid
2026-10-11 04:49:45 +0200: Memory Usage (517128K) : Executing rule memvia_drw_Offgrid
2026-10-11 04:49:45 +0200: Memory Usage (517128K) : Executing rule thinfilmres_drw_Offgrid
2026-10-11 04:49:45 +0200: Memory Usage (517128K) : Executing rule rfmem_drw_Offgrid
2026-10-11 04:49:45 +0200: Memory Usage (517128K) : Executing rule snsbotvia_drw_Offgrid
2026-10-11 04:49:45 +0200: Memory Usage (517128K) : Executing rule snstopvia_drw_Offgrid
2026-10-11 04:49:45 +0200: Memory Usage (517128K) : Executing rule deepvia_drw_Offgrid
2026-10-11 04:49:45 +0200: Memory Usage (517128K) : Executing rule fgetch_drw_Offgrid
2026-10-11 04:49:45 +0200: Memory Usage (517128K) : Executing rule ctrgat_drw_Offgrid
2026-10-11 04:49:45 +0200: Memory Usage (517128K) : Executing rule fgimp_drw_Offgrid
2026-10-11 04:49:45 +0200: Memory Usage (517128K) : Executing rule emwihv_drw_Offgrid
2026-10-11 04:49:45 +0200: Memory Usage (517128K) : Executing rule lbe_drw_Offgrid
2026-10-11 04:49:45 +0200: Memory Usage (517128K) : Executing rule alcustop_drw_Offgrid
2026-10-11 04:49:45 +0200: Memory Usage (517128K) : Starting 3.2. angle table
2026-10-11 04:49:45 +0200: Memory Usage (517128K) : Executing rule activ_drw_Acute
2026-10-11 04:49:45 +0200: Memory Usage (517128K) : Executing rule activ_pin_Acute
2026-10-11 04:49:45 +0200: Memory Usage (517128K) : Executing rule activ_mask_Acute
2026-10-11 04:49:45 +0200: Memory Usage (517128K) : Executing rule activ_filler_Acute
2026-10-11 04:49:45 +0200: Memory Usage (517128K) : Executing rule activ_nofill_Acute
2026-10-11 04:49:45 +0200: Memory Usage (517128K) : Executing rule activ_opc_Acute
2026-10-11 04:49:45 +0200: Memory Usage (517128K) : Executing rule activ_iopc_Acute
2026-10-11 04:49:45 +0200: Memory Usage (517128K) : Executing rule activ_noqrc_Acute
2026-10-11 04:49:45 +0200: Memory Usage (517128K) : Executing rule biwind_drw_Acute
2026-10-11 04:49:45 +0200: Memory Usage (517128K) : Executing rule biwind_opc_Acute
2026-10-11 04:49:45 +0200: Memory Usage (517128K) : Executing rule pemwind_drw_Acute
2026-10-11 04:49:45 +0200: Memory Usage (517128K) : Executing rule gatpoly_drw_Acute
2026-10-11 04:49:45 +0200: Memory Usage (517128K) : Executing rule gatpoly_pin_Acute
2026-10-11 04:49:45 +0200: Memory Usage (517128K) : Executing rule gatpoly_filler_Acute
2026-10-11 04:49:45 +0200: Memory Usage (517128K) : Executing rule gatpoly_nofill_Acute
2026-10-11 04:49:45 +0200: Memory Usage (517128K) : Executing rule gatpoly_opc_Acute
2026-10-11 04:49:45 +0200: Memory Usage (517128K) : Executing rule gatpoly_iopc_Acute
2026-10-11 04:49:45 +0200: Memory Usage (517128K) : Executing rule gatpoly_noqrc_Acute
2026-10-11 04:49:45 +0200: Memory Usage (517128K) : Executing rule cont_drw_Acute
2026-10-11 04:49:45 +0200: Memory Usage (517128K) : Executing rule cont_opc_Acute
2026-10-11 04:49:45 +0200: Memory Usage (517128K) : Executing rule nsd_drw_Acute
2026-10-11 04:49:45 +0200: Memory Usage (517128K) : Executing rule nsd_block_Acute
2026-10-11 04:49:45 +0200: Memory Usage (517128K) : Executing rule metal1_drw_Acute
2026-10-11 04:49:45 +0200: Memory Usage (517128K) : Executing rule metal1_pin_Acute
2026-10-11 04:49:45 +0200: Memory Usage (517128K) : Executing rule metal1_mask_Acute
2026-10-11 04:49:45 +0200: Memory Usage (517128K) : Executing rule metal1_filler_Acute
2026-10-11 04:49:45 +0200: Memory Usage (517128K) : Executing rule metal1_nofill_Acute
2026-10-11 04:49:45 +0200: Memory Usage (517128K) : Executing rule metal1_slit_Acute
2026-10-11 04:49:45 +0200: Memory Usage (517128K) : Executing rule metal1_opc_Acute
2026-10-11 04:49:45 +0200: Memory Usage (517128K) : Executing rule metal1_noqrc_Acute
2026-10-11 04:49:45 +0200: Memory Usage (517128K) : Executing rule metal1_res_Acute
2026-10-11 04:49:45 +0200: Memory Usage (517128K) : Executing rule metal1_iprobe_Acute
2026-10-11 04:49:45 +0200: Memory Usage (517128K) : Executing rule metal1_diffprb_Acute
2026-10-11 04:49:45 +0200: Memory Usage (517128K) : Executing rule passiv_drw_Acute
2026-10-11 04:49:45 +0200: Memory Usage (517128K) : Executing rule passiv_pin_Acute
2026-10-11 04:49:45 +0200: Memory Usage (517128K) : Executing rule passiv_pillar_Acute
2026-10-11 04:49:45 +0200: Memory Usage (517128K) : Executing rule passiv_sbump_Acute
2026-10-11 04:49:45 +0200: Memory Usage (517128K) : Executing rule passiv_pdl_Acute
2026-10-11 04:49:45 +0200: Memory Usage (517128K) : Executing rule metal2_drw_Acute
2026-10-11 04:49:45 +0200: Memory Usage (517128K) : Executing rule metal2_pin_Acute
2026-10-11 04:49:45 +0200: Memory Usage (517128K) : Executing rule metal2_mask_Acute
2026-10-11 04:49:45 +0200: Memory Usage (517128K) : Executing rule metal2_filler_Acute
2026-10-11 04:49:45 +0200: Memory Usage (517128K) : Executing rule metal2_nofill_Acute
2026-10-11 04:49:45 +0200: Memory Usage (517128K) : Executing rule metal2_slit_Acute
2026-10-11 04:49:45 +0200: Memory Usage (517128K) : Executing rule metal2_opc_Acute
2026-10-11 04:49:45 +0200: Memory Usage (517128K) : Executing rule metal2_noqrc_Acute
2026-10-11 04:49:45 +0200: Memory Usage (517128K) : Executing rule metal2_res_Acute
2026-10-11 04:49:45 +0200: Memory Usage (517128K) : Executing rule metal2_iprobe_Acute
2026-10-11 04:49:45 +0200: Memory Usage (517128K) : Executing rule metal2_diffprb_Acute
2026-10-11 04:49:45 +0200: Memory Usage (517128K) : Executing rule baspoly_drw_Acute
2026-10-11 04:49:45 +0200: Memory Usage (517128K) : Executing rule baspoly_pin_Acute
2026-10-11 04:49:45 +0200: Memory Usage (517128K) : Executing rule psd_drw_Acute
2026-10-11 04:49:45 +0200: Memory Usage (517128K) : Executing rule nldb_drw_Acute
2026-10-11 04:49:45 +0200: Memory Usage (517128K) : Executing rule via1_drw_Acute
2026-10-11 04:49:45 +0200: Memory Usage (517128K) : Executing rule backmetal1_drw_Acute
2026-10-11 04:49:45 +0200: Memory Usage (517128K) : Executing rule backmetal1_pin_Acute
2026-10-11 04:49:45 +0200: Memory Usage (517128K) : Executing rule backmetal1_mask_Acute
2026-10-11 04:49:45 +0200: Memory Usage (517128K) : Executing rule backmetal1_filler_Acute
2026-10-11 04:49:45 +0200: Memory Usage (517128K) : Executing rule backmetal1_nofill_Acute
2026-10-11 04:49:45 +0200: Memory Usage (517128K) : Executing rule backmetal1_slit_Acute
2026-10-11 04:49:45 +0200: Memory Usage (517128K) : Executing rule backmetal1_opc_Acute
2026-10-11 04:49:45 +0200: Memory Usage (517128K) : Executing rule backmetal1_noqrc_Acute
2026-10-11 04:49:45 +0200: Memory Usage (517128K) : Executing rule backmetal1_res_Acute
2026-10-11 04:49:45 +0200: Memory Usage (517128K) : Executing rule backmetal1_iprobe_Acute
2026-10-11 04:49:45 +0200: Memory Usage (517128K) : Executing rule backmetal1_diffprb_Acute
2026-10-11 04:49:45 +0200: Memory Usage (517128K) : Executing rule backpassiv_drw_Acute
2026-10-11 04:49:45 +0200: Memory Usage (517128K) : Executing rule salblock_drw_Acute
2026-10-11 04:49:45 +0200: Memory Usage (517128K) : Executing rule via2_drw_Acute
2026-10-11 04:49:45 +0200: Memory Usage (517128K) : Executing rule metal3_drw_Acute
2026-10-11 04:49:45 +0200: Memory Usage (517128K) : Executing rule metal3_pin_Acute
2026-10-11 04:49:45 +0200: Memory Usage (517128K) : Executing rule metal3_mask_Acute
2026-10-11 04:49:45 +0200: Memory Usage (517128K) : Executing rule metal3_filler_Acute
2026-10-11 04:49:45 +0200: Memory Usage (517128K) : Executing rule metal3_nofill_Acute
2026-10-11 04:49:45 +0200: Memory Usage (517128K) : Executing rule metal3_slit_Acute
2026-10-11 04:49:45 +0200: Memory Usage (517128K) : Executing rule metal3_opc_Acute
2026-10-11 04:49:45 +0200: Memory Usage (517128K) : Executing rule metal3_noqrc_Acute
2026-10-11 04:49:45 +0200: Memory Usage (517128K) : Executing rule metal3_res_Acute
2026-10-11 04:49:45 +0200: Memory Usage (517128K) : Executing rule metal3_iprobe_Acute
2026-10-11 04:49:45 +0200: Memory Usage (517128K) : Executing rule metal3_diffprb_Acute
2026-10-11 04:49:45 +0200: Memory Usage (517128K) : Executing rule nwell_drw_Acute
2026-10-11 04:49:45 +0200: Memory Usage (517128K) : Executing rule nwell_pin_Acute
2026-10-11 04:49:45 +0200: Memory Usage (517128K) : Executing rule nbulay_drw_Acute
2026-10-11 04:49:45 +0200: Memory Usage (517128K) : Executing rule nbulay_pin_Acute
2026-10-11 04:49:45 +0200: Memory Usage (517128K) : Executing rule nbulay_block_Acute
2026-10-11 04:49:45 +0200: Memory Usage (517128K) : Executing rule pwell_drw_Acute
2026-10-11 04:49:45 +0200: Memory Usage (517128K) : Executing rule pwell_pin_Acute
2026-10-11 04:49:45 +0200: Memory Usage (517128K) : Executing rule pwell_block_Acute
2026-10-11 04:49:45 +0200: Memory Usage (517128K) : Executing rule emwind_drw_Acute
2026-10-11 04:49:45 +0200: Memory Usage (517128K) : Executing rule emwind_opc_Acute
2026-10-11 04:49:45 +0200: Memory Usage (517128K) : Executing rule deepco_drw_Acute
2026-10-11 04:49:45 +0200: Memory Usage (517128K) : Executing rule mim_drw_Acute
2026-10-11 04:49:45 +0200: Memory Usage (517128K) : Executing rule substrate_drw_Acute
2026-10-11 04:49:45 +0200: Memory Usage (517128K) : Executing rule ic_drw_Acute
2026-10-11 04:49:45 +0200: Memory Usage (517128K) : Executing rule via3_drw_Acute
2026-10-11 04:49:45 +0200: Memory Usage (517128K) : Executing rule pldb_drw_Acute
2026-10-11 04:49:45 +0200: Memory Usage (517128K) : Executing rule metal4_drw_Acute
2026-10-11 04:49:45 +0200: Memory Usage (517128K) : Executing rule metal4_pin_Acute
2026-10-11 04:49:45 +0200: Memory Usage (517128K) : Executing rule metal4_mask_Acute
2026-10-11 04:49:45 +0200: Memory Usage (517128K) : Executing rule metal4_filler_Acute
2026-10-11 04:49:45 +0200: Memory Usage (517128K) : Executing rule metal4_nofill_Acute
2026-10-11 04:49:46 +0200: Memory Usage (517128K) : Executing rule metal4_slit_Acute
2026-10-11 04:49:46 +0200: Memory Usage (517128K) : Executing rule metal4_opc_Acute
2026-10-11 04:49:46 +0200: Memory Usage (517128K) : Executing rule metal4_noqrc_Acute
2026-10-11 04:49:46 +0200: Memory Usage (517128K) : Executing rule metal4_res_Acute
2026-10-11 04:49:46 +0200: Memory Usage (517128K) : Executing rule metal4_iprobe_Acute
2026-10-11 04:49:46 +0200: Memory Usage (517128K) : Executing rule metal4_diffprb_Acute
2026-10-11 04:49:46 +0200: Memory Usage (517128K) : Executing rule via4_drw_Acute
2026-10-11 04:49:46 +0200: Memory Usage (517128K) : Executing rule metal5_drw_Acute
2026-10-11 04:49:46 +0200: Memory Usage (517128K) : Executing rule metal5_pin_Acute
2026-10-11 04:49:46 +0200: Memory Usage (517128K) : Executing rule metal5_mask_Acute
2026-10-11 04:49:46 +0200: Memory Usage (517128K) : Executing rule metal5_filler_Acute
2026-10-11 04:49:46 +0200: Memory Usage (517128K) : Executing rule metal5_nofill_Acute
2026-10-11 04:49:46 +0200: Memory Usage (517128K) : Executing rule metal5_slit_Acute
2026-10-11 04:49:46 +0200: Memory Usage (517128K) : Executing rule metal5_opc_Acute
2026-10-11 04:49:46 +0200: Memory Usage (517128K) : Executing rule metal5_noqrc_Acute
2026-10-11 04:49:46 +0200: Memory Usage (517128K) : Executing rule metal5_res_Acute
2026-10-11 04:49:46 +0200: Memory Usage (517128K) : Executing rule metal5_iprobe_Acute
2026-10-11 04:49:46 +0200: Memory Usage (517128K) : Executing rule metal5_diffprb_Acute
2026-10-11 04:49:46 +0200: Memory Usage (517128K) : Executing rule prboundary_drw_Acute
2026-10-11 04:49:46 +0200: Memory Usage (517128K) : Executing rule exchange0_drw_Acute
2026-10-11 04:49:46 +0200: Memory Usage (517128K) : Executing rule exchange0_pin_Acute
2026-10-11 04:49:46 +0200: Memory Usage (517128K) : Executing rule exchange1_drw_Acute
2026-10-11 04:49:46 +0200: Memory Usage (517128K) : Executing rule exchange1_pin_Acute
2026-10-11 04:49:46 +0200: Memory Usage (517128K) : Executing rule exchange2_drw_Acute
2026-10-11 04:49:46 +0200: Memory Usage (517128K) : Executing rule exchange2_pin_Acute
2026-10-11 04:49:46 +0200: Memory Usage (517128K) : Executing rule exchange3_drw_Acute
2026-10-11 04:49:46 +0200: Memory Usage (517128K) : Executing rule exchange3_pin_Acute
2026-10-11 04:49:46 +0200: Memory Usage (517128K) : Executing rule exchange4_drw_Acute
2026-10-11 04:49:46 +0200: Memory Usage (517128K) : Executing rule exchange4_pin_Acute
2026-10-11 04:49:46 +0200: Memory Usage (517128K) : Executing rule isonwell_drw_Acute
2026-10-11 04:49:46 +0200: Memory Usage (517128K) : Executing rule thickgateox_drw_Acute
2026-10-11 04:49:46 +0200: Memory Usage (517128K) : Executing rule pempoly_drw_Acute
2026-10-11 04:49:46 +0200: Memory Usage (517128K) : Executing rule fbe_drw_Acute
2026-10-11 04:49:46 +0200: Memory Usage (517128K) : Executing rule empoly_drw_Acute
2026-10-11 04:49:46 +0200: Memory Usage (517128K) : Executing rule ldmos_drw_Acute
2026-10-11 04:49:46 +0200: Memory Usage (517128K) : Executing rule pbiwind_drw_Acute
2026-10-11 04:49:46 +0200: Memory Usage (517128K) : Executing rule colopen_drw_Acute
2026-10-11 04:49:46 +0200: Memory Usage (517128K) : Executing rule extblock_drw_Acute
2026-10-11 04:49:46 +0200: Memory Usage (517128K) : Executing rule nldd_drw_Acute
2026-10-11 04:49:46 +0200: Memory Usage (517128K) : Executing rule pldd_drw_Acute
2026-10-11 04:49:46 +0200: Memory Usage (517128K) : Executing rule next_drw_Acute
2026-10-11 04:49:46 +0200: Memory Usage (517128K) : Executing rule pext_drw_Acute
2026-10-11 04:49:46 +0200: Memory Usage (517128K) : Executing rule nexthv_drw_Acute
2026-10-11 04:49:46 +0200: Memory Usage (517128K) : Executing rule pexthv_drw_Acute
2026-10-11 04:49:46 +0200: Memory Usage (517128K) : Executing rule graphgate_drw_Acute
2026-10-11 04:49:46 +0200: Memory Usage (517128K) : Executing rule mempad_drw_Acute
2026-10-11 04:49:46 +0200: Memory Usage (517128K) : Executing rule topvia1_drw_Acute
2026-10-11 04:49:46 +0200: Memory Usage (517128K) : Executing rule topmetal1_drw_Acute
2026-10-11 04:49:46 +0200: Memory Usage (517128K) : Executing rule topmetal1_pin_Acute
2026-10-11 04:49:46 +0200: Memory Usage (517128K) : Executing rule topmetal1_mask_Acute
2026-10-11 04:49:46 +0200: Memory Usage (517128K) : Executing rule topmetal1_filler_Acute
2026-10-11 04:49:46 +0200: Memory Usage (517128K) : Executing rule topmetal1_nofill_Acute
2026-10-11 04:49:46 +0200: Memory Usage (517128K) : Executing rule topmetal1_slit_Acute
2026-10-11 04:49:46 +0200: Memory Usage (517128K) : Executing rule topmetal1_noqrc_Acute
2026-10-11 04:49:46 +0200: Memory Usage (517128K) : Executing rule topmetal1_res_Acute
2026-10-11 04:49:46 +0200: Memory Usage (517128K) : Executing rule topmetal1_iprobe_Acute
2026-10-11 04:49:46 +0200: Memory Usage (517128K) : Executing rule topmetal1_diffprb_Acute
2026-10-11 04:49:46 +0200: Memory Usage (517128K) : Executing rule inldpwl_drw_Acute
2026-10-11 04:49:46 +0200: Memory Usage (517128K) : Executing rule polyres_drw_Acute
2026-10-11 04:49:46 +0200: Memory Usage (517128K) : Executing rule polyres_pin_Acute
2026-10-11 04:49:46 +0200: Memory Usage (517128K) : Executing rule vmim_drw_Acute
2026-10-11 04:49:46 +0200: Memory Usage (517128K) : Executing rule nbulaycut_drw_Acute
2026-10-11 04:49:46 +0200: Memory Usage (517128K) : Executing rule antmetal1_drw_Acute
2026-10-11 04:49:46 +0200: Memory Usage (517128K) : Executing rule topvia2_drw_Acute
2026-10-11 04:49:46 +0200: Memory Usage (517128K) : Executing rule topmetal2_drw_Acute
2026-10-11 04:49:46 +0200: Memory Usage (517128K) : Executing rule topmetal2_pin_Acute
2026-10-11 04:49:46 +0200: Memory Usage (517128K) : Executing rule topmetal2_mask_Acute
2026-10-11 04:49:46 +0200: Memory Usage (517128K) : Executing rule topmetal2_filler_Acute
2026-10-11 04:49:46 +0200: Memory Usage (517128K) : Executing rule topmetal2_nofill_Acute
2026-10-11 04:49:46 +0200: Memory Usage (517128K) : Executing rule topmetal2_slit_Acute
2026-10-11 04:49:46 +0200: Memory Usage (517128K) : Executing rule topmetal2_noqrc_Acute
2026-10-11 04:49:46 +0200: Memory Usage (517128K) : Executing rule topmetal2_res_Acute
2026-10-11 04:49:46 +0200: Memory Usage (517128K) : Executing rule topmetal2_iprobe_Acute
2026-10-11 04:49:46 +0200: Memory Usage (517128K) : Executing rule topmetal2_diffprb_Acute
2026-10-11 04:49:46 +0200: Memory Usage (517128K) : Executing rule snsring_drw_Acute
2026-10-11 04:49:46 +0200: Memory Usage (517128K) : Executing rule sensor_drw_Acute
2026-10-11 04:49:46 +0200: Memory Usage (517128K) : Executing rule snsarms_drw_Acute
2026-10-11 04:49:46 +0200: Memory Usage (517128K) : Executing rule snscmosvia_drw_Acute
2026-10-11 04:49:46 +0200: Memory Usage (517128K) : Executing rule colwind_drw_Acute
2026-10-11 04:49:46 +0200: Memory Usage (517128K) : Executing rule flm_drw_Acute
2026-10-11 04:49:46 +0200: Memory Usage (517128K) : Executing rule hafniumox_drw_Acute
2026-10-11 04:49:46 +0200: Memory Usage (517128K) : Executing rule memvia_drw_Acute
2026-10-11 04:49:46 +0200: Memory Usage (517128K) : Executing rule thinfilmres_drw_Acute
2026-10-11 04:49:46 +0200: Memory Usage (517128K) : Executing rule rfmem_drw_Acute
2026-10-11 04:49:46 +0200: Memory Usage (517128K) : Executing rule snsbotvia_drw_Acute
2026-10-11 04:49:46 +0200: Memory Usage (517128K) : Executing rule snstopvia_drw_Acute
2026-10-11 04:49:46 +0200: Memory Usage (517128K) : Executing rule deepvia_drw_Acute
2026-10-11 04:49:46 +0200: Memory Usage (517128K) : Executing rule fgetch_drw_Acute
2026-10-11 04:49:46 +0200: Memory Usage (517128K) : Executing rule ctrgat_drw_Acute
2026-10-11 04:49:46 +0200: Memory Usage (517128K) : Executing rule fgimp_drw_Acute
2026-10-11 04:49:46 +0200: Memory Usage (517128K) : Executing rule emwihv_drw_Acute
2026-10-11 04:49:46 +0200: Memory Usage (517128K) : Executing rule lbe_drw_Acute
2026-10-11 04:49:46 +0200: Memory Usage (517128K) : Executing rule alcustop_drw_Acute
2026-10-11 04:49:46 +0200: Memory Usage (517128K) : Executing rule cont_drw_Angle90
2026-10-11 04:49:46 +0200: Memory Usage (518920K) : Executing rule via1_drw_Angle90
2026-10-11 04:49:46 +0200: Memory Usage (518920K) : Executing rule via2_drw_Angle90
2026-10-11 04:49:46 +0200: Memory Usage (518920K) : Executing rule via3_drw_Angle90
2026-10-11 04:49:46 +0200: Memory Usage (519304K) : Executing rule via4_drw_Angle90
2026-10-11 04:49:46 +0200: Memory Usage (520200K) : Executing rule vmim_drw_Angle90
2026-10-11 04:49:46 +0200: Memory Usage (522888K) : Executing rule topvia1_drw_Angle90
2026-10-11 04:49:46 +0200: Memory Usage (522888K) : Executing rule topvia2_drw_Angle90
2026-10-11 04:49:46 +0200: Memory Usage (522888K) : Executing rule gatpoly_drw_Angle45
2026-10-11 04:49:46 +0200: Memory Usage (522888K) : Executing rule activ_drw_Angle45
2026-10-11 04:49:46 +0200: Memory Usage (522888K) : Executing rule metal1_drw_Angle45
2026-10-11 04:49:46 +0200: Memory Usage (522888K) : Executing rule metal2_drw_Angle45
2026-10-11 04:49:46 +0200: Memory Usage (522888K) : Executing rule metal3_drw_Angle45
2026-10-11 04:49:46 +0200: Memory Usage (522888K) : Executing rule metal4_drw_Angle45
2026-10-11 04:49:46 +0200: Memory Usage (522888K) : Executing rule metal5_drw_Angle45
2026-10-11 04:49:46 +0200: Memory Usage (522888K) : Executing rule topmetal1_drw_Angle45
2026-10-11 04:49:46 +0200: Memory Usage (522888K) : Executing rule topmetal2_drw_Angle45
2026-10-11 04:49:47 +0200: Memory Usage (522888K) : Starting 3.2. FORBIDDEN table
2026-10-11 04:49:47 +0200: Memory Usage (522888K) : Executing rule forbidden.biwind
2026-10-11 04:49:47 +0200: Memory Usage (522888K) : Executing rule forbidden.pemwind
2026-10-11 04:49:47 +0200: Memory Usage (522888K) : Executing rule forbidden.baspoly
2026-10-11 04:49:47 +0200: Memory Usage (522888K) : Executing rule forbidden.deepco
2026-10-11 04:49:47 +0200: Memory Usage (522888K) : Executing rule forbidden.pempoly
2026-10-11 04:49:47 +0200: Memory Usage (522888K) : Executing rule forbidden.empoly
2026-10-11 04:49:47 +0200: Memory Usage (522888K) : Executing rule forbidden.ldmos
2026-10-11 04:49:47 +0200: Memory Usage (522888K) : Executing rule forbidden.pbiwind
2026-10-11 04:49:47 +0200: Memory Usage (522888K) : Executing rule forbidden.nodrc
2026-10-11 04:49:47 +0200: Memory Usage (522888K) : Executing rule forbidden.flash
2026-10-11 04:49:47 +0200: Memory Usage (522888K) : Executing rule forbidden.colwind
2026-10-11 04:49:47 +0200: Memory Usage (522888K) : KLayout DRC run for tables 'main' completed in 6.05 seconds
