# Logfile created on 2026-10-11 05:09:52 +0200 by logger.rb/v1.5.3
2026-10-11 05:09:52 +0200: Memory Usage (458756K) : Starting running SG13G2 Klayout LVS runset on /foss/designs/radar-chip/lna/layout/lna_layout.gds
2026-10-11 05:09:52 +0200: Memory Usage (458756K) : Ruby Version for klayout: 3.2.3
2026-10-11 05:09:52 +0200: Memory Usage (460260K) : Loading database to memory is complete.
2026-10-11 05:09:52 +0200: Memory Usage (460260K) : SG13G2 Klayout LVS runset output at: /foss/designs/radar-chip/lna/layout/lvs_050947/lna_layout.lvsdb
2026-10-11 05:09:52 +0200: Memory Usage (460260K) : Evaluate switches.
2026-10-11 05:09:52 +0200: Memory Usage (460260K) : Extracted netlist with net names: true
2026-10-11 05:09:52 +0200: Memory Usage (460260K) : Extracted netlist with comments in details: false
2026-10-11 05:09:52 +0200: Memory Usage (460260K) : Selected NET_ONLY option: false
2026-10-11 05:09:52 +0200: Memory Usage (460260K) : Selected LAYOUT_NETLIST option: (none)
2026-10-11 05:09:52 +0200: Memory Usage (460260K) : Selected IGNORE_TOP_PORTS_MISMATCH option: true
2026-10-11 05:09:52 +0200: Memory Usage (460260K) : Selected IMPLICIT_NETS option: (none)
2026-10-11 05:09:52 +0200: Memory Usage (460260K) : Selected TOP_LVL_PINS option: false
2026-10-11 05:09:52 +0200: Memory Usage (460260K) : Selected COMBINE DEVICES option: false
2026-10-11 05:09:52 +0200: Memory Usage (460260K) : Selected PURGE option: false
2026-10-11 05:09:52 +0200: Memory Usage (460260K) : Selected PURGE_NETS option: false
2026-10-11 05:09:52 +0200: Memory Usage (460260K) : Selected SIMPLIFY option: true
2026-10-11 05:09:52 +0200: Memory Usage (460260K) : Selected SERIES_RES option: true
2026-10-11 05:09:52 +0200: Memory Usage (460260K) : Selected PARALLEL_RES option: true
2026-10-11 05:09:52 +0200: Memory Usage (460260K) : Selected DISABLE_TAP_EXTRACTION option: false
2026-10-11 05:09:52 +0200: Memory Usage (460260K) : flat  mode is enabled.
2026-10-11 05:09:52 +0200: Memory Usage (461600K) : Netlist file: /foss/designs/radar-chip/lna/layout/lna_lvs.cdl
2026-10-11 05:09:52 +0200: Memory Usage (461728K) : LVS extracted netlist at: /foss/designs/radar-chip/lna/layout/lvs_050947/lna_layout_extracted.cir
2026-10-11 05:09:52 +0200: Memory Usage (461728K) : Applying SRAM integration support.
2026-10-11 05:09:52 +0200: Memory Usage (461728K) : Starting SG13G2 LVS runset
2026-10-11 05:09:52 +0200: Memory Usage (461728K) : Read in polygons from layers.
2026-10-11 05:09:52 +0200: Memory Usage (462860K) : activ_drw has 20 polygons
2026-10-11 05:09:52 +0200: Memory Usage (462860K) : activ_filler has 0 polygons
2026-10-11 05:09:52 +0200: Memory Usage (462860K) : activ has 20 polygons
2026-10-11 05:09:52 +0200: Memory Usage (462860K) : activ_pin has 0 polygons
2026-10-11 05:09:52 +0200: Memory Usage (462860K) : activ_mask has 4 polygons
2026-10-11 05:09:52 +0200: Memory Usage (462860K) : activ_nofill has 2 polygons
2026-10-11 05:09:52 +0200: Memory Usage (462860K) : activ_OPC has 0 polygons
2026-10-11 05:09:52 +0200: Memory Usage (462860K) : activ_iOPC has 0 polygons
2026-10-11 05:09:52 +0200: Memory Usage (462860K) : activ_noqrc has 7 polygons
2026-10-11 05:09:52 +0200: Memory Usage (462860K) : biwind_drw has 0 polygons
2026-10-11 05:09:52 +0200: Memory Usage (462860K) : biwind_OPC has 0 polygons
2026-10-11 05:09:52 +0200: Memory Usage (462988K) : gatpoly_drw has 12 polygons
2026-10-11 05:09:52 +0200: Memory Usage (463244K) : gatpoly_filler has 0 polygons
2026-10-11 05:09:52 +0200: Memory Usage (463500K) : gatpoly has 12 polygons
2026-10-11 05:09:52 +0200: Memory Usage (463628K) : gatpoly_pin has 0 polygons
2026-10-11 05:09:52 +0200: Memory Usage (463756K) : gatpoly_nofill has 2 polygons
2026-10-11 05:09:52 +0200: Memory Usage (463756K) : gatpoly_OPC has 0 polygons
2026-10-11 05:09:52 +0200: Memory Usage (463884K) : gatpoly_iOPC has 0 polygons
2026-10-11 05:09:52 +0200: Memory Usage (464012K) : gatpoly_noqrc has 0 polygons
2026-10-11 05:09:52 +0200: Memory Usage (467212K) : cont_drw has 12325 polygons
2026-10-11 05:09:52 +0200: Memory Usage (467212K) : cont_OPC has 0 polygons
2026-10-11 05:09:52 +0200: Memory Usage (467212K) : nsd_drw has 3 polygons
2026-10-11 05:09:52 +0200: Memory Usage (467404K) : nsd_block has 4 polygons
2026-10-11 05:09:52 +0200: Memory Usage (467404K) : metal1_drw has 46 polygons
2026-10-11 05:09:52 +0200: Memory Usage (467404K) : metal1_filler has 0 polygons
2026-10-11 05:09:52 +0200: Memory Usage (467404K) : metal1_slit has 0 polygons
2026-10-11 05:09:52 +0200: Memory Usage (467404K) : metal1 has 46 polygons
2026-10-11 05:09:52 +0200: Memory Usage (467404K) : metal1_pin has 32 polygons
2026-10-11 05:09:52 +0200: Memory Usage (467404K) : metal1_mask has 0 polygons
2026-10-11 05:09:52 +0200: Memory Usage (467404K) : metal1_nofill has 2 polygons
2026-10-11 05:09:52 +0200: Memory Usage (467532K) : metal1_text has 0 polygons
2026-10-11 05:09:52 +0200: Memory Usage (467532K) : metal1_OPC has 0 polygons
2026-10-11 05:09:52 +0200: Memory Usage (467532K) : metal1_noqrc has 7 polygons
2026-10-11 05:09:52 +0200: Memory Usage (468044K) : metal1_res has 0 polygons
2026-10-11 05:09:52 +0200: Memory Usage (468044K) : metal1_iprobe has 0 polygons
2026-10-11 05:09:52 +0200: Memory Usage (468044K) : metal1_diffprb has 0 polygons
2026-10-11 05:09:52 +0200: Memory Usage (468044K) : passiv_drw has 10 polygons
2026-10-11 05:09:52 +0200: Memory Usage (468044K) : passiv_pin has 0 polygons
2026-10-11 05:09:52 +0200: Memory Usage (468044K) : passiv_sbump has 0 polygons
2026-10-11 05:09:52 +0200: Memory Usage (468172K) : passiv_pillar has 0 polygons
2026-10-11 05:09:52 +0200: Memory Usage (468172K) : passiv_pdl has 0 polygons
2026-10-11 05:09:52 +0200: Memory Usage (468300K) : metal2_drw has 29 polygons
2026-10-11 05:09:52 +0200: Memory Usage (468428K) : metal2_filler has 0 polygons
2026-10-11 05:09:53 +0200: Memory Usage (468556K) : metal2_slit has 0 polygons
2026-10-11 05:09:53 +0200: Memory Usage (468684K) : metal2 has 29 polygons
2026-10-11 05:09:53 +0200: Memory Usage (468812K) : metal2_pin has 4 polygons
2026-10-11 05:09:53 +0200: Memory Usage (468940K) : metal2_mask has 0 polygons
2026-10-11 05:09:53 +0200: Memory Usage (469068K) : metal2_nofill has 2 polygons
2026-10-11 05:09:53 +0200: Memory Usage (469196K) : metal2_text has 0 polygons
2026-10-11 05:09:53 +0200: Memory Usage (469196K) : metal2_OPC has 0 polygons
2026-10-11 05:09:53 +0200: Memory Usage (469196K) : metal2_noqrc has 7 polygons
2026-10-11 05:09:53 +0200: Memory Usage (469196K) : metal2_res has 0 polygons
2026-10-11 05:09:53 +0200: Memory Usage (469196K) : metal2_iprobe has 0 polygons
2026-10-11 05:09:53 +0200: Memory Usage (469196K) : metal2_diffprb has 0 polygons
2026-10-11 05:09:53 +0200: Memory Usage (469196K) : baspoly_drw has 0 polygons
2026-10-11 05:09:53 +0200: Memory Usage (469196K) : baspoly_pin has 0 polygons
2026-10-11 05:09:53 +0200: Memory Usage (469196K) : psd_drw has 22 polygons
2026-10-11 05:09:53 +0200: Memory Usage (469196K) : nldb_drw has 0 polygons
2026-10-11 05:09:53 +0200: Memory Usage (469196K) : digibnd_drw has 0 polygons
2026-10-11 05:09:53 +0200: Memory Usage (469196K) : via1_drw has 592 polygons
2026-10-11 05:09:53 +0200: Memory Usage (469196K) : backmetal1_drw has 0 polygons
2026-10-11 05:09:53 +0200: Memory Usage (469196K) : backmetal1_pin has 0 polygons
2026-10-11 05:09:53 +0200: Memory Usage (469196K) : backmetal1_mask has 0 polygons
2026-10-11 05:09:53 +0200: Memory Usage (469196K) : backmetal1_filler has 0 polygons
2026-10-11 05:09:53 +0200: Memory Usage (469196K) : backmetal1_nofill has 0 polygons
2026-10-11 05:09:53 +0200: Memory Usage (469196K) : backmetal1_slit has 0 polygons
2026-10-11 05:09:53 +0200: Memory Usage (469196K) : backmetal1_text has 0 polygons
2026-10-11 05:09:53 +0200: Memory Usage (469196K) : backmetal1_OPC has 0 polygons
2026-10-11 05:09:53 +0200: Memory Usage (469196K) : backmetal1_noqrc has 0 polygons
2026-10-11 05:09:53 +0200: Memory Usage (469196K) : backmetal1_res has 0 polygons
2026-10-11 05:09:53 +0200: Memory Usage (469196K) : backmetal1_iprobe has 0 polygons
2026-10-11 05:09:53 +0200: Memory Usage (469196K) : backmetal1_diffprb has 0 polygons
2026-10-11 05:09:53 +0200: Memory Usage (469196K) : backpassiv_drw has 0 polygons
2026-10-11 05:09:53 +0200: Memory Usage (469196K) : res_drw has 0 polygons
2026-10-11 05:09:53 +0200: Memory Usage (469196K) : sram_drw has 0 polygons
2026-10-11 05:09:53 +0200: Memory Usage (469196K) : trans_drw has 4 polygons
2026-10-11 05:09:53 +0200: Memory Usage (469196K) : ind_drw has 2 polygons
2026-10-11 05:09:53 +0200: Memory Usage (469196K) : ind_pin has 4 polygons
2026-10-11 05:09:53 +0200: Memory Usage (469196K) : ind_text has 4 polygons
2026-10-11 05:09:53 +0200: Memory Usage (469196K) : salblock_drw has 6 polygons
2026-10-11 05:09:53 +0200: Memory Usage (469196K) : via2_drw has 464 polygons
2026-10-11 05:09:53 +0200: Memory Usage (469196K) : metal3_drw has 35 polygons
2026-10-11 05:09:53 +0200: Memory Usage (469196K) : metal3_filler has 0 polygons
2026-10-11 05:09:53 +0200: Memory Usage (469196K) : metal3_slit has 0 polygons
2026-10-11 05:09:53 +0200: Memory Usage (469196K) : metal3 has 35 polygons
2026-10-11 05:09:53 +0200: Memory Usage (469196K) : metal3_pin has 0 polygons
2026-10-11 05:09:53 +0200: Memory Usage (469196K) : metal3_mask has 0 polygons
2026-10-11 05:09:53 +0200: Memory Usage (469196K) : metal3_nofill has 2 polygons
2026-10-11 05:09:53 +0200: Memory Usage (469196K) : metal3_text has 0 polygons
2026-10-11 05:09:53 +0200: Memory Usage (469196K) : metal3_OPC has 0 polygons
2026-10-11 05:09:53 +0200: Memory Usage (469196K) : metal3_noqrc has 7 polygons
2026-10-11 05:09:53 +0200: Memory Usage (469196K) : metal3_res has 0 polygons
2026-10-11 05:09:53 +0200: Memory Usage (469196K) : metal3_iprobe has 0 polygons
2026-10-11 05:09:53 +0200: Memory Usage (469196K) : metal3_diffprb has 0 polygons
2026-10-11 05:09:53 +0200: Memory Usage (469196K) : nwell_drw has 0 polygons
2026-10-11 05:09:53 +0200: Memory Usage (469196K) : nwell_pin has 0 polygons
2026-10-11 05:09:53 +0200: Memory Usage (469196K) : nwell_text has 0 polygons
2026-10-11 05:09:53 +0200: Memory Usage (469196K) : nbulay_drw has 0 polygons
2026-10-11 05:09:53 +0200: Memory Usage (469196K) : nbulay_pin has 0 polygons
2026-10-11 05:09:53 +0200: Memory Usage (469324K) : nbulay_block has 0 polygons
2026-10-11 05:09:53 +0200: Memory Usage (469452K) : emwind_drw has 18 polygons
2026-10-11 05:09:53 +0200: Memory Usage (469580K) : emwind_OPC has 0 polygons
2026-10-11 05:09:53 +0200: Memory Usage (469708K) : deepco_drw has 0 polygons
2026-10-11 05:09:53 +0200: Memory Usage (469836K) : mim_drw has 7 polygons
2026-10-11 05:09:53 +0200: Memory Usage (469964K) : edgeseal_drw has 0 polygons
2026-10-11 05:09:53 +0200: Memory Usage (470220K) : substrate_drw has 5 polygons
2026-10-11 05:09:53 +0200: Memory Usage (470220K) : substrate_text has 0 polygons
2026-10-11 05:09:53 +0200: Memory Usage (470348K) : dfpad_drw has 10 polygons
2026-10-11 05:09:53 +0200: Memory Usage (470476K) : dfpad_pillar has 0 polygons
2026-10-11 05:09:53 +0200: Memory Usage (470604K) : dfpad_sbump has 0 polygons
2026-10-11 05:09:53 +0200: Memory Usage (470732K) : thickgateox_drw has 0 polygons
2026-10-11 05:09:53 +0200: Memory Usage (470860K) : pldb_drw has 0 polygons
2026-10-11 05:09:53 +0200: Memory Usage (470988K) : pwell_drw has 0 polygons
2026-10-11 05:09:53 +0200: Memory Usage (471244K) : pwell_pin has 0 polygons
2026-10-11 05:09:53 +0200: Memory Usage (471372K) : pwell_block has 9 polygons
2026-10-11 05:09:53 +0200: Memory Usage (471500K) : ic_drw has 0 polygons
2026-10-11 05:09:53 +0200: Memory Usage (471500K) : via3_drw has 6336 polygons
2026-10-11 05:09:53 +0200: Memory Usage (471500K) : metal4_drw has 14 polygons
2026-10-11 05:09:53 +0200: Memory Usage (471500K) : metal4_filler has 0 polygons
2026-10-11 05:09:53 +0200: Memory Usage (471500K) : metal4_slit has 0 polygons
2026-10-11 05:09:53 +0200: Memory Usage (471500K) : metal4 has 14 polygons
2026-10-11 05:09:53 +0200: Memory Usage (471500K) : metal4_pin has 0 polygons
2026-10-11 05:09:53 +0200: Memory Usage (471500K) : metal4_mask has 0 polygons
2026-10-11 05:09:53 +0200: Memory Usage (471500K) : metal4_nofill has 2 polygons
2026-10-11 05:09:53 +0200: Memory Usage (471500K) : metal4_text has 0 polygons
2026-10-11 05:09:53 +0200: Memory Usage (471500K) : metal4_OPC has 0 polygons
2026-10-11 05:09:53 +0200: Memory Usage (471500K) : metal4_noqrc has 7 polygons
2026-10-11 05:09:53 +0200: Memory Usage (471500K) : metal4_res has 0 polygons
2026-10-11 05:09:53 +0200: Memory Usage (471500K) : metal4_iprobe has 0 polygons
2026-10-11 05:09:53 +0200: Memory Usage (471500K) : metal4_diffprb has 0 polygons
2026-10-11 05:09:53 +0200: Memory Usage (471500K) : heattrans_drw has 18 polygons
2026-10-11 05:09:53 +0200: Memory Usage (471500K) : heatres_drw has 6 polygons
2026-10-11 05:09:53 +0200: Memory Usage (471500K) : fbe_drw has 0 polygons
2026-10-11 05:09:53 +0200: Memory Usage (471500K) : empoly_drw has 0 polygons
2026-10-11 05:09:53 +0200: Memory Usage (471500K) : digisub_drw has 0 polygons
2026-10-11 05:09:53 +0200: Memory Usage (471500K) : text_drw has 70 polygons
2026-10-11 05:09:53 +0200: Memory Usage (471500K) : via4_drw has 6192 polygons
2026-10-11 05:09:53 +0200: Memory Usage (471500K) : metal5_drw has 27 polygons
2026-10-11 05:09:53 +0200: Memory Usage (471500K) : metal5_filler has 0 polygons
2026-10-11 05:09:53 +0200: Memory Usage (471500K) : metal5_slit has 0 polygons
2026-10-11 05:09:53 +0200: Memory Usage (471500K) : metal5 has 27 polygons
2026-10-11 05:09:53 +0200: Memory Usage (471500K) : metal5_pin has 7 polygons
2026-10-11 05:09:53 +0200: Memory Usage (471500K) : metal5_mask has 0 polygons
2026-10-11 05:09:53 +0200: Memory Usage (471500K) : metal5_nofill has 2 polygons
2026-10-11 05:09:53 +0200: Memory Usage (471500K) : metal5_text has 0 polygons
2026-10-11 05:09:53 +0200: Memory Usage (471500K) : metal5_OPC has 0 polygons
2026-10-11 05:09:53 +0200: Memory Usage (471500K) : metal5_noqrc has 7 polygons
2026-10-11 05:09:53 +0200: Memory Usage (471500K) : metal5_res has 0 polygons
2026-10-11 05:09:53 +0200: Memory Usage (471500K) : metal5_iprobe has 0 polygons
2026-10-11 05:09:53 +0200: Memory Usage (471500K) : metal5_diffprb has 0 polygons
2026-10-11 05:09:53 +0200: Memory Usage (471500K) : radhard_drw has 0 polygons
2026-10-11 05:09:53 +0200: Memory Usage (471500K) : memcap_drw has 0 polygons
2026-10-11 05:09:53 +0200: Memory Usage (471500K) : varicap_drw has 0 polygons
2026-10-11 05:09:53 +0200: Memory Usage (471500K) : intbondvia_drw has 0 polygons
2026-10-11 05:09:53 +0200: Memory Usage (471500K) : intbondmet_drw has 0 polygons
2026-10-11 05:09:53 +0200: Memory Usage (471500K) : devbondvia_drw has 0 polygons
2026-10-11 05:09:53 +0200: Memory Usage (471500K) : devbondmet_drw has 0 polygons
2026-10-11 05:09:53 +0200: Memory Usage (471500K) : devtrench_drw has 0 polygons
2026-10-11 05:09:53 +0200: Memory Usage (471500K) : redist_drw has 0 polygons
2026-10-11 05:09:53 +0200: Memory Usage (471500K) : graphbot_drw has 0 polygons
2026-10-11 05:09:53 +0200: Memory Usage (471500K) : graphtop_drw has 0 polygons
2026-10-11 05:09:53 +0200: Memory Usage (471500K) : antvia1_drw has 0 polygons
2026-10-11 05:09:53 +0200: Memory Usage (471500K) : antmetal2_drw has 0 polygons
2026-10-11 05:09:53 +0200: Memory Usage (471500K) : graphcont_drw has 0 polygons
2026-10-11 05:09:53 +0200: Memory Usage (471500K) : siwg_drw has 0 polygons
2026-10-11 05:09:53 +0200: Memory Usage (471500K) : siwg_filler has 0 polygons
2026-10-11 05:09:54 +0200: Memory Usage (471500K) : siwg_nofill has 0 polygons
2026-10-11 05:09:54 +0200: Memory Usage (471500K) : sigrating_drw has 0 polygons
2026-10-11 05:09:54 +0200: Memory Usage (471500K) : singrating_drw has 0 polygons
2026-10-11 05:09:54 +0200: Memory Usage (471500K) : graphpas_drw has 0 polygons
2026-10-11 05:09:54 +0200: Memory Usage (471500K) : emwind3_drw has 0 polygons
2026-10-11 05:09:54 +0200: Memory Usage (471500K) : emwihv3_drw has 0 polygons
2026-10-11 05:09:54 +0200: Memory Usage (471500K) : redbulay_drw has 0 polygons
2026-10-11 05:09:54 +0200: Memory Usage (471500K) : smos_drw has 0 polygons
2026-10-11 05:09:54 +0200: Memory Usage (471500K) : graphpad_drw has 0 polygons
2026-10-11 05:09:54 +0200: Memory Usage (471500K) : polimide_drw has 0 polygons
2026-10-11 05:09:54 +0200: Memory Usage (471628K) : polimide_pin has 0 polygons
2026-10-11 05:09:54 +0200: Memory Usage (471756K) : recog_drw has 0 polygons
2026-10-11 05:09:54 +0200: Memory Usage (471884K) : recog_pin has 0 polygons
2026-10-11 05:09:54 +0200: Memory Usage (472012K) : recog_esd has 0 polygons
2026-10-11 05:09:54 +0200: Memory Usage (472012K) : recog_diode has 0 polygons
2026-10-11 05:09:54 +0200: Memory Usage (472012K) : recog_tsv has 0 polygons
2026-10-11 05:09:54 +0200: Memory Usage (472012K) : recog_iprobe has 0 polygons
2026-10-11 05:09:54 +0200: Memory Usage (472012K) : recog_diffprb has 0 polygons
2026-10-11 05:09:54 +0200: Memory Usage (472012K) : recog_pillar has 0 polygons
2026-10-11 05:09:54 +0200: Memory Usage (472012K) : recog_sbump has 0 polygons
2026-10-11 05:09:54 +0200: Memory Usage (472012K) : recog_otp has 0 polygons
2026-10-11 05:09:54 +0200: Memory Usage (472012K) : recog_pdiode has 0 polygons
2026-10-11 05:09:54 +0200: Memory Usage (472012K) : recog_mom has 0 polygons
2026-10-11 05:09:54 +0200: Memory Usage (472012K) : recog_momf has 0 polygons
2026-10-11 05:09:54 +0200: Memory Usage (472012K) : recog_pcm has 0 polygons
2026-10-11 05:09:54 +0200: Memory Usage (472012K) : colopen_drw has 0 polygons
2026-10-11 05:09:54 +0200: Memory Usage (472012K) : graphmetal1_drw has 0 polygons
2026-10-11 05:09:54 +0200: Memory Usage (472012K) : graphmetal1_filler has 0 polygons
2026-10-11 05:09:54 +0200: Memory Usage (472012K) : graphmetal1_nofill has 0 polygons
2026-10-11 05:09:54 +0200: Memory Usage (472012K) : graphmetal1_slit has 0 polygons
2026-10-11 05:09:54 +0200: Memory Usage (472012K) : graphmetal1_OPC has 0 polygons
2026-10-11 05:09:54 +0200: Memory Usage (472012K) : graphmet1l_drw has 0 polygons
2026-10-11 05:09:54 +0200: Memory Usage (472012K) : graphmet1l_filler has 0 polygons
2026-10-11 05:09:54 +0200: Memory Usage (472012K) : graphmet1l_nofill has 0 polygons
2026-10-11 05:09:54 +0200: Memory Usage (472012K) : graphmet1l_slit has 0 polygons
2026-10-11 05:09:54 +0200: Memory Usage (472012K) : graphmet1l_OPC has 0 polygons
2026-10-11 05:09:54 +0200: Memory Usage (472012K) : extblock_drw has 6 polygons
2026-10-11 05:09:54 +0200: Memory Usage (472012K) : nldd_drw has 0 polygons
2026-10-11 05:09:54 +0200: Memory Usage (472012K) : pldd_drw has 0 polygons
2026-10-11 05:09:54 +0200: Memory Usage (472012K) : next_drw has 0 polygons
2026-10-11 05:09:54 +0200: Memory Usage (472012K) : pext_drw has 0 polygons
2026-10-11 05:09:54 +0200: Memory Usage (472012K) : nexthv_drw has 0 polygons
2026-10-11 05:09:54 +0200: Memory Usage (472012K) : pexthv_drw has 0 polygons
2026-10-11 05:09:54 +0200: Memory Usage (472012K) : graphgate_drw has 0 polygons
2026-10-11 05:09:54 +0200: Memory Usage (472012K) : sinwg_drw has 0 polygons
2026-10-11 05:09:54 +0200: Memory Usage (472012K) : sinwg_filler has 0 polygons
2026-10-11 05:09:54 +0200: Memory Usage (472012K) : sinwg_nofill has 0 polygons
2026-10-11 05:09:54 +0200: Memory Usage (472012K) : mempad_drw has 0 polygons
2026-10-11 05:09:54 +0200: Memory Usage (472012K) : topvia1_drw has 2936 polygons
2026-10-11 05:09:54 +0200: Memory Usage (472012K) : topmetal1_drw has 32 polygons
2026-10-11 05:09:54 +0200: Memory Usage (472012K) : topmetal1_filler has 0 polygons
2026-10-11 05:09:54 +0200: Memory Usage (472012K) : topmetal1_slit has 0 polygons
2026-10-11 05:09:54 +0200: Memory Usage (472012K) : topmetal1 has 32 polygons
2026-10-11 05:09:54 +0200: Memory Usage (472012K) : topmetal1_pin has 11 polygons
2026-10-11 05:09:54 +0200: Memory Usage (472012K) : topmetal1_mask has 0 polygons
2026-10-11 05:09:54 +0200: Memory Usage (472012K) : topmetal1_nofill has 2 polygons
2026-10-11 05:09:54 +0200: Memory Usage (472012K) : topmetal1_text has 0 polygons
2026-10-11 05:09:54 +0200: Memory Usage (472012K) : topmetal1_noqrc has 7 polygons
2026-10-11 05:09:54 +0200: Memory Usage (472012K) : topmetal1_res has 0 polygons
2026-10-11 05:09:54 +0200: Memory Usage (472012K) : topmetal1_iprobe has 0 polygons
2026-10-11 05:09:54 +0200: Memory Usage (472012K) : topmetal1_diffprb has 0 polygons
2026-10-11 05:09:54 +0200: Memory Usage (472012K) : inldpwl_drw has 0 polygons
2026-10-11 05:09:54 +0200: Memory Usage (472012K) : polyres_drw has 6 polygons
2026-10-11 05:09:54 +0200: Memory Usage (472012K) : polyres_pin has 0 polygons
2026-10-11 05:09:54 +0200: Memory Usage (472268K) : vmim_drw has 8250 polygons
2026-10-11 05:09:54 +0200: Memory Usage (472268K) : nbulaycut_drw has 0 polygons
2026-10-11 05:09:54 +0200: Memory Usage (472268K) : antmetal1_drw has 0 polygons
2026-10-11 05:09:54 +0200: Memory Usage (472268K) : topvia2_drw has 1632 polygons
2026-10-11 05:09:54 +0200: Memory Usage (472268K) : topmetal2_drw has 16 polygons
2026-10-11 05:09:54 +0200: Memory Usage (472268K) : topmetal2_filler has 0 polygons
2026-10-11 05:09:54 +0200: Memory Usage (472268K) : topmetal2_slit has 0 polygons
2026-10-11 05:09:54 +0200: Memory Usage (472268K) : topmetal2 has 16 polygons
2026-10-11 05:09:54 +0200: Memory Usage (472268K) : topmetal2_pin has 0 polygons
2026-10-11 05:09:54 +0200: Memory Usage (472268K) : topmetal2_mask has 0 polygons
2026-10-11 05:09:54 +0200: Memory Usage (472652K) : topmetal2_nofill has 2 polygons
2026-10-11 05:09:54 +0200: Memory Usage (472652K) : topmetal2_text has 5 polygons
2026-10-11 05:09:54 +0200: Memory Usage (472652K) : topmetal2_noqrc has 0 polygons
2026-10-11 05:09:54 +0200: Memory Usage (472652K) : topmetal2_res has 0 polygons
2026-10-11 05:09:54 +0200: Memory Usage (472780K) : topmetal2_iprobe has 0 polygons
2026-10-11 05:09:54 +0200: Memory Usage (472908K) : topmetal2_diffprb has 0 polygons
2026-10-11 05:09:54 +0200: Memory Usage (473036K) : snsring_drw has 0 polygons
2026-10-11 05:09:54 +0200: Memory Usage (473164K) : sensor_drw has 0 polygons
2026-10-11 05:09:54 +0200: Memory Usage (473292K) : snsarms_drw has 0 polygons
2026-10-11 05:09:54 +0200: Memory Usage (473420K) : snscmosvia_drw has 0 polygons
2026-10-11 05:09:54 +0200: Memory Usage (473676K) : colwind_drw has 0 polygons
2026-10-11 05:09:54 +0200: Memory Usage (473804K) : flm_drw has 0 polygons
2026-10-11 05:09:54 +0200: Memory Usage (473932K) : hafniumox_drw has 0 polygons
2026-10-11 05:09:54 +0200: Memory Usage (474060K) : memvia_drw has 0 polygons
2026-10-11 05:09:54 +0200: Memory Usage (474188K) : thinfilmres_drw has 0 polygons
2026-10-11 05:09:54 +0200: Memory Usage (474316K) : rfmem_drw has 0 polygons
2026-10-11 05:09:54 +0200: Memory Usage (474444K) : norcx_drw has 2 polygons
2026-10-11 05:09:54 +0200: Memory Usage (474572K) : norcx_m2m3 has 0 polygons
2026-10-11 05:09:54 +0200: Memory Usage (474700K) : norcx_m2m4 has 0 polygons
2026-10-11 05:09:54 +0200: Memory Usage (474828K) : norcx_m2m5 has 0 polygons
2026-10-11 05:09:54 +0200: Memory Usage (475084K) : norcx_m2tm1 has 0 polygons
2026-10-11 05:09:54 +0200: Memory Usage (475212K) : norcx_m2tm2 has 0 polygons
2026-10-11 05:09:54 +0200: Memory Usage (475340K) : norcx_m3m4 has 0 polygons
2026-10-11 05:09:54 +0200: Memory Usage (475468K) : norcx_m3m5 has 0 polygons
2026-10-11 05:09:54 +0200: Memory Usage (475596K) : norcx_m3tm1 has 0 polygons
2026-10-11 05:09:54 +0200: Memory Usage (475724K) : norcx_m3tm2 has 0 polygons
2026-10-11 05:09:54 +0200: Memory Usage (475852K) : norcx_m4m5 has 0 polygons
2026-10-11 05:09:54 +0200: Memory Usage (475980K) : norcx_m4tm1 has 0 polygons
2026-10-11 05:09:54 +0200: Memory Usage (475980K) : norcx_m4tm2 has 0 polygons
2026-10-11 05:09:54 +0200: Memory Usage (475980K) : norcx_m5tm1 has 0 polygons
2026-10-11 05:09:54 +0200: Memory Usage (475980K) : norcx_m5tm2 has 0 polygons
2026-10-11 05:09:54 +0200: Memory Usage (475980K) : norcx_tm1tm2 has 0 polygons
2026-10-11 05:09:54 +0200: Memory Usage (475980K) : norcx_m1sub has 0 polygons
2026-10-11 05:09:54 +0200: Memory Usage (475980K) : norcx_m2sub has 0 polygons
2026-10-11 05:09:54 +0200: Memory Usage (475980K) : norcx_m3sub has 0 polygons
2026-10-11 05:09:54 +0200: Memory Usage (475980K) : norcx_m4sub has 0 polygons
2026-10-11 05:09:54 +0200: Memory Usage (475980K) : norcx_m5sub has 0 polygons
2026-10-11 05:09:54 +0200: Memory Usage (475980K) : norcx_tm1sub has 0 polygons
2026-10-11 05:09:54 +0200: Memory Usage (475980K) : norcx_tm2sub has 0 polygons
2026-10-11 05:09:54 +0200: Memory Usage (475980K) : snsbotvia_drw has 0 polygons
2026-10-11 05:09:54 +0200: Memory Usage (475980K) : snstopvia_drw has 0 polygons
2026-10-11 05:09:54 +0200: Memory Usage (475980K) : deepvia_drw has 0 polygons
2026-10-11 05:09:54 +0200: Memory Usage (475980K) : fgetch_drw has 0 polygons
2026-10-11 05:09:54 +0200: Memory Usage (475980K) : ctrgat_drw has 0 polygons
2026-10-11 05:09:54 +0200: Memory Usage (475980K) : fgimp_drw has 0 polygons
2026-10-11 05:09:54 +0200: Memory Usage (475980K) : emwihv_drw has 0 polygons
2026-10-11 05:09:54 +0200: Memory Usage (475980K) : lbe_drw has 0 polygons
2026-10-11 05:09:54 +0200: Memory Usage (475980K) : alcustop_drw has 0 polygons
2026-10-11 05:09:54 +0200: Memory Usage (475980K) : nometfiller_drw has 0 polygons
2026-10-11 05:09:54 +0200: Memory Usage (475980K) : prboundary_drw has 0 polygons
2026-10-11 05:09:54 +0200: Memory Usage (475980K) : exchange0_drw has 0 polygons
2026-10-11 05:09:54 +0200: Memory Usage (475980K) : exchange0_pin has 0 polygons
2026-10-11 05:09:54 +0200: Memory Usage (475980K) : exchange0_text has 0 polygons
2026-10-11 05:09:54 +0200: Memory Usage (475980K) : exchange1_drw has 0 polygons
2026-10-11 05:09:54 +0200: Memory Usage (475980K) : exchange1_pin has 0 polygons
2026-10-11 05:09:54 +0200: Memory Usage (475980K) : exchange1_text has 0 polygons
2026-10-11 05:09:54 +0200: Memory Usage (475980K) : exchange2_drw has 0 polygons
2026-10-11 05:09:54 +0200: Memory Usage (475980K) : exchange2_pin has 0 polygons
2026-10-11 05:09:54 +0200: Memory Usage (475980K) : exchange2_text has 0 polygons
2026-10-11 05:09:54 +0200: Memory Usage (475980K) : exchange3_drw has 0 polygons
2026-10-11 05:09:54 +0200: Memory Usage (475980K) : exchange3_pin has 0 polygons
2026-10-11 05:09:54 +0200: Memory Usage (475980K) : exchange3_text has 0 polygons
2026-10-11 05:09:54 +0200: Memory Usage (475980K) : exchange4_drw has 0 polygons
2026-10-11 05:09:54 +0200: Memory Usage (475980K) : exchange4_pin has 0 polygons
2026-10-11 05:09:54 +0200: Memory Usage (475980K) : exchange4_text has 0 polygons
2026-10-11 05:09:54 +0200: Memory Usage (475980K) : isonwell_drw has 0 polygons
2026-10-11 05:09:54 +0200: Memory Usage (475980K) : Total no. of polygons in the design is 39304
2026-10-11 05:09:54 +0200: Memory Usage (475980K) : Starting base layers derivations
2026-10-11 05:09:54 +0200: Memory Usage (475980K) : Starting general LVS derivations
2026-10-11 05:09:54 +0200: Memory Usage (477388K) : Starting MOSFET DERIVATIONS
2026-10-11 05:09:55 +0200: Memory Usage (478284K) : Starting NMOS DERIVATIONS
2026-10-11 05:09:55 +0200: Memory Usage (478284K) : Starting PMOS DERIVATIONS
2026-10-11 05:09:55 +0200: Memory Usage (478668K) : Starting RF-MOSFET DERIVATIONS
2026-10-11 05:09:55 +0200: Memory Usage (478668K) : Starting RF-NMOS DERIVATIONS
2026-10-11 05:09:55 +0200: Memory Usage (478668K) : Starting RF-PMOS DERIVATIONS
2026-10-11 05:09:55 +0200: Memory Usage (478924K) : Starting BJT DERIVATIONS
2026-10-11 05:09:55 +0200: Memory Usage (478924K) : Starting NPN-BJT DERIVATIONS
2026-10-11 05:09:55 +0200: Memory Usage (482508K) : Starting PNP-BJT DERIVATIONS
2026-10-11 05:09:55 +0200: Memory Usage (482508K) : Starting DIODE DERIVATIONS
2026-10-11 05:09:55 +0200: Memory Usage (484172K) : Starting RESISTOR DERIVATIONS
2026-10-11 05:09:55 +0200: Memory Usage (484348K) : Starting CAP DERIVATIONS
2026-10-11 05:09:55 +0200: Memory Usage (487932K) : Starting CAP_CMOM DERIVATIONS
2026-10-11 05:09:55 +0200: Memory Usage (488316K) : Starting CAP_CMOMF DERIVATIONS
2026-10-11 05:09:55 +0200: Memory Usage (488572K) : Starting ESD DERIVATIONS
2026-10-11 05:09:55 +0200: Memory Usage (488828K) : Starting Inductor DERIVATIONS
2026-10-11 05:09:55 +0200: Memory Usage (489116K) : Starting Taps DERIVATIONS
2026-10-11 05:09:55 +0200: Memory Usage (489116K) : Starting SG13G2 LVS connectivity setup
2026-10-11 05:09:55 +0200: Memory Usage (489116K) : Starting SG13G2 LVS connectivity setup (Inter-layer)
2026-10-11 05:09:56 +0200: Memory Usage (489500K) : Starting SG13G2 LVS connectivity setup (Global)
2026-10-11 05:09:56 +0200: Memory Usage (489500K) : Starting LVS MOSFET CONNECTIONS
2026-10-11 05:09:56 +0200: Memory Usage (489500K) : Starting LVS RF-MOSFET CONNECTIONS
2026-10-11 05:09:56 +0200: Memory Usage (489500K) : Starting LVS BJT CONNECTIONS
2026-10-11 05:09:56 +0200: Memory Usage (489500K) : Starting LVS DIODE CONNECTIONS
2026-10-11 05:09:56 +0200: Memory Usage (489500K) : Starting RESISTOR CONNECTIONS
2026-10-11 05:09:56 +0200: Memory Usage (489500K) : Starting LVS CAP CONNECTIONS
2026-10-11 05:09:56 +0200: Memory Usage (489500K) : Starting CAP_CMOM CONNECTIONS
2026-10-11 05:09:56 +0200: Memory Usage (489500K) : Starting CAP_CMOMF CONNECTIONS
2026-10-11 05:09:56 +0200: Memory Usage (489500K) : Starting ESD CONNECTIONS
2026-10-11 05:09:56 +0200: Memory Usage (489500K) : Starting Inductor CONNECTIONS
2026-10-11 05:09:56 +0200: Memory Usage (489500K) : Starting LVS Taps CONNECTIONS
2026-10-11 05:09:56 +0200: Memory Usage (489500K) : Starting SG13G2 LVS DEVICES EXTRACTION
2026-10-11 05:09:56 +0200: Memory Usage (489500K) : Starting MOSFET EXTRACTION
2026-10-11 05:09:56 +0200: Memory Usage (489500K) : Starting NMOS EXTRACTION
2026-10-11 05:09:56 +0200: Memory Usage (489500K) : Extraction of NMOS-LV transistor
2026-10-11 05:09:56 +0200: Memory Usage (489804K) : Extraction of NMOS-HV transistor
2026-10-11 05:09:56 +0200: Memory Usage (489804K) : Starting PMOS EXTRACTION
2026-10-11 05:09:56 +0200: Memory Usage (489804K) : Extraction of PMOS-LV transistor
2026-10-11 05:09:56 +0200: Memory Usage (489804K) : Extraction of PMOS-HV transistor
2026-10-11 05:09:56 +0200: Memory Usage (489804K) : Starting RF-MOSFET EXTRACTION
2026-10-11 05:09:56 +0200: Memory Usage (489804K) : Extraction of RF-NMOS-LV transistor
2026-10-11 05:09:56 +0200: Memory Usage (489804K) : Extraction of RF-NMOS-HV transistor
2026-10-11 05:09:56 +0200: Memory Usage (489804K) : Extraction of RF-PMOS-LV transistor
2026-10-11 05:09:56 +0200: Memory Usage (489804K) : Extraction of RF-PMOS-HV transistor
2026-10-11 05:09:56 +0200: Memory Usage (489804K) : Starting BJT EXTRACTION
2026-10-11 05:09:56 +0200: Memory Usage (489804K) : Starting NPN-BJT EXTRACTION
2026-10-11 05:09:56 +0200: Memory Usage (489804K) : Extraction of npn13G2 BJT transistor
2026-10-11 05:09:56 +0200: Memory Usage (489932K) : Extraction of npn13G2L BJT transistor
2026-10-11 05:09:56 +0200: Memory Usage (489932K) : Extraction of npn13G2V BJT transistor
2026-10-11 05:09:56 +0200: Memory Usage (489932K) : Starting PNP-BJT EXTRACTION
2026-10-11 05:09:56 +0200: Memory Usage (489932K) : Extracting pnpMPA BJT
2026-10-11 05:09:56 +0200: Memory Usage (489932K) : Starting DIODE EXTRACTION
2026-10-11 05:09:56 +0200: Memory Usage (489932K) : Extracting dantenna diode
2026-10-11 05:09:56 +0200: Memory Usage (489932K) : Extracting dpantenna diode
2026-10-11 05:09:56 +0200: Memory Usage (489932K) : Extracting schottky_nbl1 diode
2026-10-11 05:09:56 +0200: Memory Usage (489932K) : Extracting isolbox diode
2026-10-11 05:09:56 +0200: Memory Usage (489932K) : Starting RESISTOR EXTRACTION
2026-10-11 05:09:56 +0200: Memory Usage (489932K) : Extracting rsil resistor
2026-10-11 05:09:56 +0200: Memory Usage (489932K) : Extracting rppd resistor
2026-10-11 05:09:56 +0200: Memory Usage (490928K) : Extracting rhigh resistor
2026-10-11 05:09:56 +0200: Memory Usage (490928K) : Extracting res_metal1 resistor
2026-10-11 05:09:56 +0200: Memory Usage (490928K) : Extracting res_metal2 resistor
2026-10-11 05:09:56 +0200: Memory Usage (490928K) : Extracting res_metal3 resistor
2026-10-11 05:09:56 +0200: Memory Usage (490928K) : Extracting res_metal4 resistor
2026-10-11 05:09:56 +0200: Memory Usage (490928K) : Extracting res_metal5 resistor
2026-10-11 05:09:56 +0200: Memory Usage (490928K) : Extracting res_topmetal1 resistor
2026-10-11 05:09:56 +0200: Memory Usage (490928K) : Extracting res_topmetal2 resistor
2026-10-11 05:09:56 +0200: Memory Usage (490928K) : Starting CAP EXTRACTION
2026-10-11 05:09:56 +0200: Memory Usage (490928K) : Extracting cap_cmim device
2026-10-11 05:09:56 +0200: Memory Usage (490928K) : Extracting rfcmim device
2026-10-11 05:09:56 +0200: Memory Usage (490928K) : Extracting sg13_hv_svaricap varactor
2026-10-11 05:09:56 +0200: Memory Usage (490928K) : Extracting cap_cmomi device
2026-10-11 05:09:56 +0200: Memory Usage (490928K) : Extracting cap_cmomf device
2026-10-11 05:09:56 +0200: Memory Usage (490928K) : Extracting sg13_moscap_n capacitor
2026-10-11 05:09:56 +0200: Memory Usage (490928K) : Extracting sg13_moscap_p capacitor
2026-10-11 05:09:56 +0200: Memory Usage (490928K) : Starting ESD EXTRACTION
2026-10-11 05:09:56 +0200: Memory Usage (490928K) : Extracting diodevdd_2kv ESD device
2026-10-11 05:09:56 +0200: Memory Usage (490928K) : Extracting diodevdd_4kv ESD device
2026-10-11 05:09:56 +0200: Memory Usage (491056K) : Extracting diodevss_2kv ESD device
2026-10-11 05:09:56 +0200: Memory Usage (491056K) : Extracting diodevss_4kv ESD device
2026-10-11 05:09:56 +0200: Memory Usage (491056K) : Extracting idiodevdd_2kv ESD device
2026-10-11 05:09:56 +0200: Memory Usage (491056K) : Extracting idiodevdd_4kv ESD device
2026-10-11 05:09:56 +0200: Memory Usage (491056K) : Extracting idiodevss_2kv ESD device
2026-10-11 05:09:56 +0200: Memory Usage (491056K) : Extracting idiodevss_4kv ESD device
2026-10-11 05:09:56 +0200: Memory Usage (491056K) : Extracting nmoscl_2 ESD device
2026-10-11 05:09:56 +0200: Memory Usage (491056K) : Extracting nmoscl_4 ESD device
2026-10-11 05:09:56 +0200: Memory Usage (491056K) : Starting Inductor EXTRACTION
2026-10-11 05:09:56 +0200: Memory Usage (491056K) : Extracting Inductor2 device
2026-10-11 05:09:56 +0200: Memory Usage (491376K) : Extracting Inductor3 device
2026-10-11 05:09:56 +0200: Memory Usage (491376K) : Starting Taps EXTRACTION
2026-10-11 05:09:56 +0200: Memory Usage (491376K) : Extracting ntap1 device
2026-10-11 05:09:56 +0200: Memory Usage (491376K) : Extracting ptap1 device
2026-10-11 05:09:56 +0200: Memory Usage (491376K) : Starting SG13G2 LVS RF MOS Model Mapping
2026-10-11 05:09:56 +0200: Memory Usage (491888K) : [layout_netlist] Apply RF MOS model mapping and rfmode parameter.
2026-10-11 05:09:56 +0200: Memory Usage (491888K) : Starting SG13G2 LVS Options Preparations
2026-10-11 05:09:56 +0200: Memory Usage (491888K) : SG13G2 LVS flow: extraction -> alignment -> option preparation -> comparison.
2026-10-11 05:09:56 +0200: Memory Usage (491888K) : Starting SG13G2 LVS Alignment
2026-10-11 05:09:56 +0200: Memory Usage (491888K) : Starting SG13G2 LVS Simplification
2026-10-11 05:09:56 +0200: Memory Usage (491888K) : [layout_netlist] simplify: ENABLED
2026-10-11 05:09:56 +0200: Memory Usage (491888K) : [layout_netlist] make_top_level_pins: SKIPPED
2026-10-11 05:09:56 +0200: Memory Usage (491888K) : [layout_netlist] combine_devices: SKIPPED
2026-10-11 05:09:56 +0200: Memory Usage (491888K) : [layout_netlist] purge: SKIPPED
2026-10-11 05:09:56 +0200: Memory Usage (491888K) : [layout_netlist] purge_nets: SKIPPED
2026-10-11 05:09:56 +0200: Memory Usage (491888K) : [layout_netlist] purge_devices: SKIPPED
2026-10-11 05:09:56 +0200: Memory Usage (491888K) : [schematic_netlist] simplify: ENABLED
2026-10-11 05:09:56 +0200: Memory Usage (491888K) : [schematic_netlist] make_top_level_pins: SKIPPED
2026-10-11 05:09:56 +0200: Memory Usage (491888K) : [schematic_netlist] combine_devices: SKIPPED
2026-10-11 05:09:56 +0200: Memory Usage (491888K) : [schematic_netlist] purge: SKIPPED
2026-10-11 05:09:56 +0200: Memory Usage (491888K) : [schematic_netlist] purge_nets: SKIPPED
2026-10-11 05:09:56 +0200: Memory Usage (491888K) : [schematic_netlist] purge_devices: SKIPPED
2026-10-11 05:09:56 +0200: Memory Usage (491888K) : Starting SG13G2 LVS Comparison
2026-10-11 05:09:56 +0200: Memory Usage (492016K) : ==========================================
2026-10-11 05:09:56 +0200: Memory Usage (492016K) : INFO : Congratulations! Netlists match.
2026-10-11 05:09:56 +0200: Memory Usage (492016K) : ==========================================
2026-10-11 05:09:56 +0200: Memory Usage (492016K) : LVS Total Run time 4.163073 seconds
