# Logfile created on 2026-10-11 03:24:44 +0200 by logger.rb/v1.5.3
2026-10-11 03:24:44 +0200: Memory Usage (459620K) : Starting running IHP-SG13G2 KLayout DRC runset on /foss/designs/radar-chip/lna/layout/lna_layout.gds
2026-10-11 03:24:44 +0200: Memory Usage (459620K) : Ruby Version for klayout: 3.2.3
2026-10-11 03:24:44 +0200: Memory Usage (461100K) : Loading database to memory is complete.
2026-10-11 03:24:44 +0200: Memory Usage (461100K) : IHP-SG13G2 KLayout DRC runset output at: /foss/designs/radar-chip/lna/layout/drc_032441_deep/lna_layout_lna_main.lyrdb
2026-10-11 03:24:44 +0200: Memory Usage (461244K) : Evaluate switches.
2026-10-11 03:24:44 +0200: Memory Usage (461244K) : tables selected: main
2026-10-11 03:24:44 +0200: Memory Usage (461244K) : KLayout will use 16 thread(s) in tiling mode.
2026-10-11 03:24:44 +0200: Memory Usage (461244K) : deep mode is enabled.
2026-10-11 03:24:44 +0200: Memory Usage (461244K) : FEOL enabled: true
2026-10-11 03:24:44 +0200: Memory Usage (461244K) : BEOL enabled: true
2026-10-11 03:24:44 +0200: Memory Usage (461244K) : OFFGRID enabled: true
2026-10-11 03:24:44 +0200: Memory Usage (461244K) : ANGLE enabled: true
2026-10-11 03:24:44 +0200: Memory Usage (461244K) : PIN enabled: true
2026-10-11 03:24:44 +0200: Memory Usage (461244K) : FORBIDDEN enabled: true
2026-10-11 03:24:44 +0200: Memory Usage (461244K) : RECOMMENDED enabled: true
2026-10-11 03:24:44 +0200: Memory Usage (461244K) : PreCheck DRC enabled: false
2026-10-11 03:24:44 +0200: Memory Usage (461244K) : CONNECTIVITY_RULES enabled: true.
2026-10-11 03:24:44 +0200: Memory Usage (461244K) : Read in polygons from layers.
2026-10-11 03:24:44 +0200: Memory Usage (462724K) : activ_drw has 31 polygons
2026-10-11 03:24:44 +0200: Memory Usage (462724K) : activ_pin has 0 polygons
2026-10-11 03:24:44 +0200: Memory Usage (462724K) : activ_mask has 16 polygons
2026-10-11 03:24:44 +0200: Memory Usage (462724K) : activ_filler has 0 polygons
2026-10-11 03:24:44 +0200: Memory Usage (462724K) : activ_nofill has 2 polygons
2026-10-11 03:24:44 +0200: Memory Usage (462724K) : activ_opc has 0 polygons
2026-10-11 03:24:44 +0200: Memory Usage (462724K) : activ_iopc has 0 polygons
2026-10-11 03:24:44 +0200: Memory Usage (462724K) : activ_noqrc has 2 polygons
2026-10-11 03:24:44 +0200: Memory Usage (462724K) : biwind_drw has 0 polygons
2026-10-11 03:24:44 +0200: Memory Usage (462724K) : biwind_opc has 0 polygons
2026-10-11 03:24:44 +0200: Memory Usage (462724K) : pemwind_drw has 0 polygons
2026-10-11 03:24:44 +0200: Memory Usage (462724K) : gatpoly_drw has 4 polygons
2026-10-11 03:24:44 +0200: Memory Usage (462852K) : gatpoly_pin has 0 polygons
2026-10-11 03:24:44 +0200: Memory Usage (462852K) : gatpoly_filler has 0 polygons
2026-10-11 03:24:44 +0200: Memory Usage (462852K) : gatpoly_nofill has 2 polygons
2026-10-11 03:24:44 +0200: Memory Usage (462852K) : gatpoly_opc has 0 polygons
2026-10-11 03:24:44 +0200: Memory Usage (462852K) : gatpoly_iopc has 0 polygons
2026-10-11 03:24:44 +0200: Memory Usage (462980K) : gatpoly_noqrc has 0 polygons
2026-10-11 03:24:44 +0200: Memory Usage (462980K) : cont_drw has 2626 polygons
2026-10-11 03:24:44 +0200: Memory Usage (463108K) : cont_opc has 0 polygons
2026-10-11 03:24:44 +0200: Memory Usage (463108K) : nsd_drw has 0 polygons
2026-10-11 03:24:44 +0200: Memory Usage (463236K) : nsd_block has 16 polygons
2026-10-11 03:24:44 +0200: Memory Usage (463236K) : metal1_drw has 35 polygons
2026-10-11 03:24:44 +0200: Memory Usage (463364K) : metal1_pin has 18 polygons
2026-10-11 03:24:44 +0200: Memory Usage (463364K) : metal1_mask has 0 polygons
2026-10-11 03:24:44 +0200: Memory Usage (463492K) : metal1_filler has 0 polygons
2026-10-11 03:24:44 +0200: Memory Usage (463492K) : metal1_nofill has 2 polygons
2026-10-11 03:24:44 +0200: Memory Usage (463620K) : metal1_slit has 0 polygons
2026-10-11 03:24:44 +0200: Memory Usage (463788K) : metal1_text has 0 polygons
2026-10-11 03:24:44 +0200: Memory Usage (463788K) : metal1_opc has 0 polygons
2026-10-11 03:24:44 +0200: Memory Usage (463788K) : metal1_noqrc has 2 polygons
2026-10-11 03:24:44 +0200: Memory Usage (463788K) : metal1_res has 0 polygons
2026-10-11 03:24:44 +0200: Memory Usage (463916K) : metal1_iprobe has 0 polygons
2026-10-11 03:24:44 +0200: Memory Usage (463916K) : metal1_diffprb has 0 polygons
2026-10-11 03:24:44 +0200: Memory Usage (463916K) : passiv_drw has 10 polygons
2026-10-11 03:24:44 +0200: Memory Usage (463916K) : passiv_pin has 0 polygons
2026-10-11 03:24:44 +0200: Memory Usage (463916K) : passiv_sbump has 0 polygons
2026-10-11 03:24:44 +0200: Memory Usage (463916K) : passiv_pillar has 0 polygons
2026-10-11 03:24:44 +0200: Memory Usage (464044K) : passiv_pdl has 0 polygons
2026-10-11 03:24:44 +0200: Memory Usage (464044K) : metal2_drw has 9 polygons
2026-10-11 03:24:44 +0200: Memory Usage (464044K) : metal2_pin has 4 polygons
2026-10-11 03:24:44 +0200: Memory Usage (464044K) : metal2_mask has 0 polygons
2026-10-11 03:24:44 +0200: Memory Usage (464172K) : metal2_filler has 0 polygons
2026-10-11 03:24:44 +0200: Memory Usage (464172K) : metal2_nofill has 2 polygons
2026-10-11 03:24:44 +0200: Memory Usage (464172K) : metal2_slit has 0 polygons
2026-10-11 03:24:44 +0200: Memory Usage (464300K) : metal2_text has 0 polygons
2026-10-11 03:24:44 +0200: Memory Usage (464300K) : metal2_opc has 0 polygons
2026-10-11 03:24:44 +0200: Memory Usage (464428K) : metal2_noqrc has 2 polygons
2026-10-11 03:24:44 +0200: Memory Usage (464428K) : metal2_res has 0 polygons
2026-10-11 03:24:44 +0200: Memory Usage (464428K) : metal2_iprobe has 0 polygons
2026-10-11 03:24:44 +0200: Memory Usage (464556K) : metal2_diffprb has 0 polygons
2026-10-11 03:24:44 +0200: Memory Usage (464556K) : baspoly_drw has 0 polygons
2026-10-11 03:24:44 +0200: Memory Usage (464684K) : baspoly_pin has 0 polygons
2026-10-11 03:24:44 +0200: Memory Usage (464684K) : psd_drw has 16 polygons
2026-10-11 03:24:44 +0200: Memory Usage (464812K) : nldb_drw has 0 polygons
2026-10-11 03:24:44 +0200: Memory Usage (464812K) : digibnd_drw has 0 polygons
2026-10-11 03:24:44 +0200: Memory Usage (464812K) : via1_drw has 176 polygons
2026-10-11 03:24:44 +0200: Memory Usage (464940K) : backmetal1_drw has 0 polygons
2026-10-11 03:24:44 +0200: Memory Usage (465068K) : backmetal1_pin has 0 polygons
2026-10-11 03:24:44 +0200: Memory Usage (465068K) : backmetal1_mask has 0 polygons
2026-10-11 03:24:44 +0200: Memory Usage (465196K) : backmetal1_filler has 0 polygons
2026-10-11 03:24:44 +0200: Memory Usage (465196K) : backmetal1_nofill has 0 polygons
2026-10-11 03:24:44 +0200: Memory Usage (465324K) : backmetal1_slit has 0 polygons
2026-10-11 03:24:44 +0200: Memory Usage (465324K) : backmetal1_text has 0 polygons
2026-10-11 03:24:44 +0200: Memory Usage (465452K) : backmetal1_opc has 0 polygons
2026-10-11 03:24:44 +0200: Memory Usage (465452K) : backmetal1_noqrc has 0 polygons
2026-10-11 03:24:44 +0200: Memory Usage (465580K) : backmetal1_res has 0 polygons
2026-10-11 03:24:44 +0200: Memory Usage (465580K) : backmetal1_iprobe has 0 polygons
2026-10-11 03:24:44 +0200: Memory Usage (465708K) : backmetal1_diffprb has 0 polygons
2026-10-11 03:24:44 +0200: Memory Usage (465708K) : backpassiv_drw has 0 polygons
2026-10-11 03:24:44 +0200: Memory Usage (465708K) : res_drw has 0 polygons
2026-10-11 03:24:44 +0200: Memory Usage (465836K) : sram_drw has 0 polygons
2026-10-11 03:24:44 +0200: Memory Usage (465836K) : trans_drw has 2 polygons
2026-10-11 03:24:44 +0200: Memory Usage (465836K) : ind_drw has 2 polygons
2026-10-11 03:24:44 +0200: Memory Usage (465964K) : ind_pin has 4 polygons
2026-10-11 03:24:44 +0200: Memory Usage (465964K) : ind_text has 4 polygons
2026-10-11 03:24:44 +0200: Memory Usage (465964K) : salblock_drw has 1 polygons
2026-10-11 03:24:44 +0200: Memory Usage (465964K) : via2_drw has 80 polygons
2026-10-11 03:24:44 +0200: Memory Usage (466220K) : metal3_drw has 56 polygons
2026-10-11 03:24:44 +0200: Memory Usage (466220K) : metal3_pin has 0 polygons
2026-10-11 03:24:44 +0200: Memory Usage (466220K) : metal3_mask has 0 polygons
2026-10-11 03:24:44 +0200: Memory Usage (466348K) : metal3_filler has 0 polygons
2026-10-11 03:24:44 +0200: Memory Usage (466348K) : metal3_nofill has 2 polygons
2026-10-11 03:24:44 +0200: Memory Usage (466348K) : metal3_slit has 0 polygons
2026-10-11 03:24:44 +0200: Memory Usage (466348K) : metal3_text has 0 polygons
2026-10-11 03:24:44 +0200: Memory Usage (466476K) : metal3_opc has 0 polygons
2026-10-11 03:24:44 +0200: Memory Usage (466476K) : metal3_noqrc has 2 polygons
2026-10-11 03:24:44 +0200: Memory Usage (466476K) : metal3_res has 0 polygons
2026-10-11 03:24:44 +0200: Memory Usage (466604K) : metal3_iprobe has 0 polygons
2026-10-11 03:24:44 +0200: Memory Usage (466604K) : metal3_diffprb has 0 polygons
2026-10-11 03:24:44 +0200: Memory Usage (466732K) : nwell_drw has 0 polygons
2026-10-11 03:24:44 +0200: Memory Usage (466732K) : nwell_pin has 0 polygons
2026-10-11 03:24:44 +0200: Memory Usage (466860K) : nbulay_drw has 0 polygons
2026-10-11 03:24:44 +0200: Memory Usage (466860K) : nbulay_pin has 0 polygons
2026-10-11 03:24:44 +0200: Memory Usage (466860K) : nbulay_block has 0 polygons
2026-10-11 03:24:44 +0200: Memory Usage (466988K) : emwind_drw has 16 polygons
2026-10-11 03:24:44 +0200: Memory Usage (466988K) : emwind_opc has 0 polygons
2026-10-11 03:24:44 +0200: Memory Usage (467116K) : deepco_drw has 0 polygons
2026-10-11 03:24:44 +0200: Memory Usage (467116K) : deepco_drw has 0 polygons
2026-10-11 03:24:44 +0200: Memory Usage (467244K) : mim_drw has 2 polygons
2026-10-11 03:24:44 +0200: Memory Usage (467244K) : edgeseal_drw has 0 polygons
2026-10-11 03:24:44 +0200: Memory Usage (467372K) : edgeseal_bound has 0 polygons
2026-10-11 03:24:44 +0200: Memory Usage (467372K) : substrate_drw has 0 polygons
2026-10-11 03:24:44 +0200: Memory Usage (467372K) : substrate_text has 0 polygons
2026-10-11 03:24:44 +0200: Memory Usage (467500K) : dfpad_drw has 10 polygons
2026-10-11 03:24:44 +0200: Memory Usage (467500K) : dfpad_pillar has 0 polygons
2026-10-11 03:24:44 +0200: Memory Usage (467628K) : dfpad_sbump has 0 polygons
2026-10-11 03:24:44 +0200: Memory Usage (467628K) : thickgateox_drw has 0 polygons
2026-10-11 03:24:44 +0200: Memory Usage (467628K) : pldb_drw has 0 polygons
2026-10-11 03:24:44 +0200: Memory Usage (467756K) : pwell_drw has 0 polygons
2026-10-11 03:24:44 +0200: Memory Usage (467756K) : pwell_pin has 0 polygons
2026-10-11 03:24:44 +0200: Memory Usage (467756K) : pwell_block has 4 polygons
2026-10-11 03:24:44 +0200: Memory Usage (467884K) : ic_drw has 0 polygons
2026-10-11 03:24:44 +0200: Memory Usage (467884K) : via3_drw has 7448 polygons
2026-10-11 03:24:44 +0200: Memory Usage (467884K) : metal4_drw has 633 polygons
2026-10-11 03:24:44 +0200: Memory Usage (468012K) : metal4_pin has 0 polygons
2026-10-11 03:24:44 +0200: Memory Usage (468012K) : metal4_mask has 0 polygons
2026-10-11 03:24:44 +0200: Memory Usage (468140K) : metal4_filler has 0 polygons
2026-10-11 03:24:44 +0200: Memory Usage (468140K) : metal4_nofill has 2 polygons
2026-10-11 03:24:44 +0200: Memory Usage (468140K) : metal4_slit has 0 polygons
2026-10-11 03:24:44 +0200: Memory Usage (468268K) : metal4_text has 0 polygons
2026-10-11 03:24:44 +0200: Memory Usage (468268K) : metal4_opc has 0 polygons
2026-10-11 03:24:44 +0200: Memory Usage (468396K) : metal4_noqrc has 2 polygons
2026-10-11 03:24:44 +0200: Memory Usage (468396K) : metal4_res has 0 polygons
2026-10-11 03:24:44 +0200: Memory Usage (468396K) : metal4_iprobe has 0 polygons
2026-10-11 03:24:44 +0200: Memory Usage (468524K) : metal4_diffprb has 0 polygons
2026-10-11 03:24:44 +0200: Memory Usage (468524K) : heattrans_drw has 16 polygons
2026-10-11 03:24:44 +0200: Memory Usage (468652K) : heatres_drw has 1 polygons
2026-10-11 03:24:44 +0200: Memory Usage (468652K) : pempoly_drw has 0 polygons
2026-10-11 03:24:44 +0200: Memory Usage (468780K) : fbe_drw has 0 polygons
2026-10-11 03:24:44 +0200: Memory Usage (468780K) : empoly_drw has 0 polygons
2026-10-11 03:24:44 +0200: Memory Usage (468780K) : ldmos_drw has 0 polygons
2026-10-11 03:24:44 +0200: Memory Usage (468908K) : pbiwind_drw has 0 polygons
2026-10-11 03:24:44 +0200: Memory Usage (468908K) : digisub_drw has 0 polygons
2026-10-11 03:24:44 +0200: Memory Usage (469036K) : nodrc_drw has 0 polygons
2026-10-11 03:24:44 +0200: Memory Usage (469036K) : text_drw has 25 polygons
2026-10-11 03:24:44 +0200: Memory Usage (469164K) : via4_drw has 7464 polygons
2026-10-11 03:24:44 +0200: Memory Usage (469164K) : metal5_drw has 62 polygons
2026-10-11 03:24:44 +0200: Memory Usage (469292K) : metal5_pin has 6 polygons
2026-10-11 03:24:44 +0200: Memory Usage (469292K) : metal5_mask has 0 polygons
2026-10-11 03:24:44 +0200: Memory Usage (469420K) : metal5_filler has 0 polygons
2026-10-11 03:24:44 +0200: Memory Usage (469420K) : metal5_nofill has 2 polygons
2026-10-11 03:24:44 +0200: Memory Usage (469420K) : metal5_slit has 0 polygons
2026-10-11 03:24:44 +0200: Memory Usage (469548K) : metal5_text has 0 polygons
2026-10-11 03:24:44 +0200: Memory Usage (469548K) : metal5_opc has 0 polygons
2026-10-11 03:24:44 +0200: Memory Usage (469676K) : metal5_noqrc has 2 polygons
2026-10-11 03:24:44 +0200: Memory Usage (469676K) : metal5_res has 0 polygons
2026-10-11 03:24:44 +0200: Memory Usage (469804K) : metal5_iprobe has 0 polygons
2026-10-11 03:24:44 +0200: Memory Usage (469804K) : metal5_diffprb has 0 polygons
2026-10-11 03:24:44 +0200: Memory Usage (469804K) : radhard_drw has 0 polygons
2026-10-11 03:24:44 +0200: Memory Usage (469932K) : memcap_drw has 0 polygons
2026-10-11 03:24:44 +0200: Memory Usage (469932K) : varicap_drw has 0 polygons
2026-10-11 03:24:44 +0200: Memory Usage (469932K) : flash_drw has 0 polygons
2026-10-11 03:24:44 +0200: Memory Usage (470060K) : intbondvia_drw has 0 polygons
2026-10-11 03:24:44 +0200: Memory Usage (470060K) : intbondmet_drw has 0 polygons
2026-10-11 03:24:44 +0200: Memory Usage (470060K) : devbondvia_drw has 0 polygons
2026-10-11 03:24:44 +0200: Memory Usage (470188K) : devbondmet_drw has 0 polygons
2026-10-11 03:24:44 +0200: Memory Usage (470188K) : devtrench_drw has 0 polygons
2026-10-11 03:24:44 +0200: Memory Usage (470316K) : redist_drw has 0 polygons
2026-10-11 03:24:44 +0200: Memory Usage (470316K) : graphbot_drw has 0 polygons
2026-10-11 03:24:44 +0200: Memory Usage (470316K) : graphtop_drw has 0 polygons
2026-10-11 03:24:44 +0200: Memory Usage (470444K) : antvia1_drw has 0 polygons
2026-10-11 03:24:44 +0200: Memory Usage (470444K) : antmetal2_drw has 0 polygons
2026-10-11 03:24:44 +0200: Memory Usage (470572K) : graphcont_drw has 0 polygons
2026-10-11 03:24:44 +0200: Memory Usage (470572K) : siwg_drw has 0 polygons
2026-10-11 03:24:44 +0200: Memory Usage (470572K) : siwg_filler has 0 polygons
2026-10-11 03:24:44 +0200: Memory Usage (470700K) : siwg_nofill has 0 polygons
2026-10-11 03:24:44 +0200: Memory Usage (470700K) : sigrating_drw has 0 polygons
2026-10-11 03:24:44 +0200: Memory Usage (470828K) : singrating_drw has 0 polygons
2026-10-11 03:24:44 +0200: Memory Usage (470828K) : graphpas_drw has 0 polygons
2026-10-11 03:24:44 +0200: Memory Usage (470956K) : emwind3_drw has 0 polygons
2026-10-11 03:24:44 +0200: Memory Usage (470956K) : emwihv3_drw has 0 polygons
2026-10-11 03:24:44 +0200: Memory Usage (470956K) : redbulay_drw has 0 polygons
2026-10-11 03:24:44 +0200: Memory Usage (471084K) : smos_drw has 0 polygons
2026-10-11 03:24:44 +0200: Memory Usage (471084K) : graphpad_drw has 0 polygons
2026-10-11 03:24:44 +0200: Memory Usage (471212K) : polimide_drw has 0 polygons
2026-10-11 03:24:44 +0200: Memory Usage (471212K) : polimide_pin has 0 polygons
2026-10-11 03:24:44 +0200: Memory Usage (471340K) : recog_drw has 0 polygons
2026-10-11 03:24:44 +0200: Memory Usage (471340K) : recog_pin has 0 polygons
2026-10-11 03:24:44 +0200: Memory Usage (471340K) : recog_esd has 0 polygons
2026-10-11 03:24:44 +0200: Memory Usage (471468K) : recog_diode has 0 polygons
2026-10-11 03:24:44 +0200: Memory Usage (471468K) : recog_tsv has 0 polygons
2026-10-11 03:24:44 +0200: Memory Usage (471596K) : recog_iprobe has 0 polygons
2026-10-11 03:24:44 +0200: Memory Usage (471596K) : recog_diffprb has 0 polygons
2026-10-11 03:24:44 +0200: Memory Usage (471596K) : recog_pillar has 0 polygons
2026-10-11 03:24:44 +0200: Memory Usage (471596K) : recog_sbump has 0 polygons
2026-10-11 03:24:44 +0200: Memory Usage (471596K) : recog_otp has 0 polygons
2026-10-11 03:24:44 +0200: Memory Usage (471724K) : recog_pdiode has 0 polygons
2026-10-11 03:24:44 +0200: Memory Usage (471724K) : recog_mom has 0 polygons
2026-10-11 03:24:44 +0200: Memory Usage (471724K) : recog_momf has 0 polygons
2026-10-11 03:24:44 +0200: Memory Usage (471852K) : recog_pcm has 0 polygons
2026-10-11 03:24:44 +0200: Memory Usage (471852K) : colopen_drw has 0 polygons
2026-10-11 03:24:44 +0200: Memory Usage (471980K) : graphmetal1_drw has 0 polygons
2026-10-11 03:24:44 +0200: Memory Usage (471980K) : graphmetal1_filler has 0 polygons
2026-10-11 03:24:44 +0200: Memory Usage (472108K) : graphmetal1_nofill has 0 polygons
2026-10-11 03:24:45 +0200: Memory Usage (472108K) : graphmetal1_slit has 0 polygons
2026-10-11 03:24:45 +0200: Memory Usage (472108K) : graphmetal1_opc has 0 polygons
2026-10-11 03:24:45 +0200: Memory Usage (472236K) : graphmet1l_drw has 0 polygons
2026-10-11 03:24:45 +0200: Memory Usage (472236K) : graphmet1l_filler has 0 polygons
2026-10-11 03:24:45 +0200: Memory Usage (472364K) : graphmet1l_nofill has 0 polygons
2026-10-11 03:24:45 +0200: Memory Usage (472364K) : graphmet1l_slit has 0 polygons
2026-10-11 03:24:45 +0200: Memory Usage (472492K) : graphmet1l_opc has 0 polygons
2026-10-11 03:24:45 +0200: Memory Usage (472492K) : extblock_drw has 3 polygons
2026-10-11 03:24:45 +0200: Memory Usage (472492K) : nldd_drw has 0 polygons
2026-10-11 03:24:45 +0200: Memory Usage (472620K) : pldd_drw has 0 polygons
2026-10-11 03:24:45 +0200: Memory Usage (472620K) : next_drw has 0 polygons
2026-10-11 03:24:45 +0200: Memory Usage (472748K) : pext_drw has 0 polygons
2026-10-11 03:24:45 +0200: Memory Usage (472748K) : nexthv_drw has 0 polygons
2026-10-11 03:24:45 +0200: Memory Usage (472876K) : pexthv_drw has 0 polygons
2026-10-11 03:24:45 +0200: Memory Usage (472876K) : graphgate_drw has 0 polygons
2026-10-11 03:24:45 +0200: Memory Usage (472876K) : sinwg_drw has 0 polygons
2026-10-11 03:24:45 +0200: Memory Usage (473004K) : sinwg_filler has 0 polygons
2026-10-11 03:24:45 +0200: Memory Usage (473004K) : sinwg_nofill has 0 polygons
2026-10-11 03:24:45 +0200: Memory Usage (473132K) : mempad_drw has 0 polygons
2026-10-11 03:24:45 +0200: Memory Usage (473132K) : topvia1_drw has 3620 polygons
2026-10-11 03:24:45 +0200: Memory Usage (473132K) : topmetal1_drw has 70 polygons
2026-10-11 03:24:45 +0200: Memory Usage (473260K) : topmetal1_pin has 14 polygons
2026-10-11 03:24:45 +0200: Memory Usage (473260K) : topmetal1_mask has 0 polygons
2026-10-11 03:24:45 +0200: Memory Usage (473260K) : topmetal1_filler has 0 polygons
2026-10-11 03:24:45 +0200: Memory Usage (473260K) : topmetal1_nofill has 2 polygons
2026-10-11 03:24:45 +0200: Memory Usage (473260K) : topmetal1_slit has 0 polygons
2026-10-11 03:24:45 +0200: Memory Usage (473260K) : topmetal1_text has 0 polygons
2026-10-11 03:24:45 +0200: Memory Usage (473388K) : topmetal1_noqrc has 2 polygons
2026-10-11 03:24:45 +0200: Memory Usage (473388K) : topmetal1_res has 0 polygons
2026-10-11 03:24:45 +0200: Memory Usage (473388K) : topmetal1_iprobe has 0 polygons
2026-10-11 03:24:45 +0200: Memory Usage (473516K) : topmetal1_diffprb has 0 polygons
2026-10-11 03:24:45 +0200: Memory Usage (473516K) : inldpwl_drw has 0 polygons
2026-10-11 03:24:45 +0200: Memory Usage (473644K) : polyres_drw has 1 polygons
2026-10-11 03:24:45 +0200: Memory Usage (473644K) : polyres_pin has 0 polygons
2026-10-11 03:24:45 +0200: Memory Usage (473644K) : vmim_drw has 1405 polygons
2026-10-11 03:24:45 +0200: Memory Usage (473772K) : nbulaycut_drw has 0 polygons
2026-10-11 03:24:45 +0200: Memory Usage (473772K) : antmetal1_drw has 0 polygons
2026-10-11 03:24:45 +0200: Memory Usage (473900K) : topvia2_drw has 1616 polygons
2026-10-11 03:24:45 +0200: Memory Usage (473900K) : topmetal2_drw has 34 polygons
2026-10-11 03:24:45 +0200: Memory Usage (474028K) : topmetal2_pin has 0 polygons
2026-10-11 03:24:45 +0200: Memory Usage (474028K) : topmetal2_mask has 0 polygons
2026-10-11 03:24:45 +0200: Memory Usage (474156K) : topmetal2_filler has 0 polygons
2026-10-11 03:24:45 +0200: Memory Usage (474156K) : topmetal2_nofill has 2 polygons
2026-10-11 03:24:45 +0200: Memory Usage (474156K) : topmetal2_slit has 0 polygons
2026-10-11 03:24:45 +0200: Memory Usage (474284K) : topmetal2_text has 0 polygons
2026-10-11 03:24:45 +0200: Memory Usage (474284K) : topmetal2_noqrc has 0 polygons
2026-10-11 03:24:45 +0200: Memory Usage (474412K) : topmetal2_res has 0 polygons
2026-10-11 03:24:45 +0200: Memory Usage (474412K) : topmetal2_iprobe has 0 polygons
2026-10-11 03:24:45 +0200: Memory Usage (474540K) : topmetal2_diffprb has 0 polygons
2026-10-11 03:24:45 +0200: Memory Usage (474540K) : snsring_drw has 0 polygons
2026-10-11 03:24:45 +0200: Memory Usage (474540K) : sensor_drw has 0 polygons
2026-10-11 03:24:45 +0200: Memory Usage (474668K) : snsarms_drw has 0 polygons
2026-10-11 03:24:45 +0200: Memory Usage (474668K) : snscmosvia_drw has 0 polygons
2026-10-11 03:24:45 +0200: Memory Usage (474796K) : colwind_drw has 0 polygons
2026-10-11 03:24:45 +0200: Memory Usage (474796K) : flm_drw has 0 polygons
2026-10-11 03:24:45 +0200: Memory Usage (474924K) : hafniumox_drw has 0 polygons
2026-10-11 03:24:45 +0200: Memory Usage (474924K) : memvia_drw has 0 polygons
2026-10-11 03:24:45 +0200: Memory Usage (474924K) : thinfilmres_drw has 0 polygons
2026-10-11 03:24:45 +0200: Memory Usage (474924K) : rfmem_drw has 0 polygons
2026-10-11 03:24:45 +0200: Memory Usage (474924K) : norcx_drw has 2 polygons
2026-10-11 03:24:45 +0200: Memory Usage (474924K) : norcx_m2m3 has 0 polygons
2026-10-11 03:24:45 +0200: Memory Usage (474924K) : norcx_m2m4 has 0 polygons
2026-10-11 03:24:45 +0200: Memory Usage (474924K) : norcx_m2m5 has 0 polygons
2026-10-11 03:24:45 +0200: Memory Usage (474924K) : norcx_m2tm1 has 0 polygons
2026-10-11 03:24:45 +0200: Memory Usage (474924K) : norcx_m2tm2 has 0 polygons
2026-10-11 03:24:45 +0200: Memory Usage (474924K) : norcx_m3m4 has 0 polygons
2026-10-11 03:24:45 +0200: Memory Usage (474924K) : norcx_m3m5 has 0 polygons
2026-10-11 03:24:45 +0200: Memory Usage (474924K) : norcx_m3tm1 has 0 polygons
2026-10-11 03:24:45 +0200: Memory Usage (474924K) : norcx_m3tm2 has 0 polygons
2026-10-11 03:24:45 +0200: Memory Usage (474924K) : norcx_m4m5 has 0 polygons
2026-10-11 03:24:45 +0200: Memory Usage (474924K) : norcx_m4tm1 has 0 polygons
2026-10-11 03:24:45 +0200: Memory Usage (474924K) : norcx_m4tm2 has 0 polygons
2026-10-11 03:24:45 +0200: Memory Usage (474924K) : norcx_m5tm1 has 0 polygons
2026-10-11 03:24:45 +0200: Memory Usage (474924K) : norcx_m5tm2 has 0 polygons
2026-10-11 03:24:45 +0200: Memory Usage (474924K) : norcx_tm1tm2 has 0 polygons
2026-10-11 03:24:45 +0200: Memory Usage (474924K) : norcx_m1sub has 0 polygons
2026-10-11 03:24:45 +0200: Memory Usage (474924K) : norcx_m2sub has 0 polygons
2026-10-11 03:24:45 +0200: Memory Usage (474924K) : norcx_m3sub has 0 polygons
2026-10-11 03:24:45 +0200: Memory Usage (474924K) : norcx_m4sub has 0 polygons
2026-10-11 03:24:45 +0200: Memory Usage (474924K) : norcx_m5sub has 0 polygons
2026-10-11 03:24:45 +0200: Memory Usage (474924K) : norcx_tm1sub has 0 polygons
2026-10-11 03:24:45 +0200: Memory Usage (474924K) : norcx_tm2sub has 0 polygons
2026-10-11 03:24:45 +0200: Memory Usage (474924K) : snsbotvia_drw has 0 polygons
2026-10-11 03:24:45 +0200: Memory Usage (474924K) : snstopvia_drw has 0 polygons
2026-10-11 03:24:45 +0200: Memory Usage (474924K) : deepvia_drw has 0 polygons
2026-10-11 03:24:45 +0200: Memory Usage (474924K) : fgetch_drw has 0 polygons
2026-10-11 03:24:45 +0200: Memory Usage (474924K) : ctrgat_drw has 0 polygons
2026-10-11 03:24:45 +0200: Memory Usage (474924K) : fgimp_drw has 0 polygons
2026-10-11 03:24:45 +0200: Memory Usage (474924K) : emwihv_drw has 0 polygons
2026-10-11 03:24:45 +0200: Memory Usage (474924K) : lbe_drw has 0 polygons
2026-10-11 03:24:45 +0200: Memory Usage (474924K) : alcustop_drw has 0 polygons
2026-10-11 03:24:45 +0200: Memory Usage (474924K) : nometfiller_drw has 0 polygons
2026-10-11 03:24:45 +0200: Memory Usage (474924K) : prboundary_drw has 0 polygons
2026-10-11 03:24:45 +0200: Memory Usage (474924K) : exchange0_drw has 0 polygons
2026-10-11 03:24:45 +0200: Memory Usage (474924K) : exchange0_pin has 0 polygons
2026-10-11 03:24:45 +0200: Memory Usage (474924K) : exchange0_text has 0 polygons
2026-10-11 03:24:45 +0200: Memory Usage (474924K) : exchange1_drw has 0 polygons
2026-10-11 03:24:45 +0200: Memory Usage (474924K) : exchange1_pin has 0 polygons
2026-10-11 03:24:45 +0200: Memory Usage (474924K) : exchange1_text has 0 polygons
2026-10-11 03:24:45 +0200: Memory Usage (474924K) : exchange2_drw has 0 polygons
2026-10-11 03:24:45 +0200: Memory Usage (474924K) : exchange2_pin has 0 polygons
2026-10-11 03:24:45 +0200: Memory Usage (474924K) : exchange2_text has 0 polygons
2026-10-11 03:24:45 +0200: Memory Usage (474924K) : exchange3_drw has 0 polygons
2026-10-11 03:24:45 +0200: Memory Usage (474924K) : exchange3_pin has 0 polygons
2026-10-11 03:24:45 +0200: Memory Usage (474924K) : exchange3_text has 0 polygons
2026-10-11 03:24:45 +0200: Memory Usage (474924K) : exchange4_drw has 0 polygons
2026-10-11 03:24:45 +0200: Memory Usage (474924K) : exchange4_pin has 0 polygons
2026-10-11 03:24:45 +0200: Memory Usage (474924K) : exchange4_text has 0 polygons
2026-10-11 03:24:45 +0200: Memory Usage (474924K) : isonwell_drw has 0 polygons
2026-10-11 03:24:45 +0200: Memory Usage (474924K) : Total no. of polygons in the design is 25594
2026-10-11 03:24:45 +0200: Memory Usage (474924K) : Loaded TECH DRC rules values from /foss/pdks/ihp-sg13g2/libs.tech/klayout/python/sg13g2_pycell_lib/sg13g2_tech_mod.json
2026-10-11 03:24:45 +0200: Memory Usage (474924K) : Loaded default DRC rules values from /foss/pdks/ihp-sg13g2/libs.tech/klayout/tech/drc/rule_decks/sg13g2_tech_default.json
2026-10-11 03:24:45 +0200: Memory Usage (474924K) : The following rules values were missing in tech json and default values were used:
2026-10-11 03:24:45 +0200: Memory Usage (474924K) :   - NW_f1_digibnd
2026-10-11 03:24:45 +0200: Memory Usage (474924K) :   - Cnt_c_digibnd
2026-10-11 03:24:45 +0200: Memory Usage (474924K) :   - Cnt_c_sram
2026-10-11 03:24:45 +0200: Memory Usage (474924K) :   - Sdiod_b
2026-10-11 03:24:45 +0200: Memory Usage (474924K) :   - Sdiod_c
2026-10-11 03:24:45 +0200: Memory Usage (475760K) : Total area of the design is 329000.0 um^2.
2026-10-11 03:24:45 +0200: Memory Usage (475760K) : The design dimensions are 700.0 µm * 470.0 µm.
2026-10-11 03:24:45 +0200: Memory Usage (475760K) : Starting general IHP-SG13G2 derivations.
2026-10-11 03:24:45 +0200: Memory Usage (475760K) : Starting Pwell derivations
2026-10-11 03:24:45 +0200: Memory Usage (477756K) : Starting n-Activ derivations
2026-10-11 03:24:45 +0200: Memory Usage (477884K) : Starting p-Activ derivations
2026-10-11 03:24:45 +0200: Memory Usage (477884K) : Starting ptap derivations
2026-10-11 03:24:45 +0200: Memory Usage (478140K) : Starting ntap derivations
2026-10-11 03:24:45 +0200: Memory Usage (478140K) : Starting pact FET derivations
2026-10-11 03:24:45 +0200: Memory Usage (478140K) : Starting nact FET derivations
2026-10-11 03:24:45 +0200: Memory Usage (478140K) : Starting Gate derivations
2026-10-11 03:24:45 +0200: Memory Usage (478140K) : Starting cont/contbar general derivations
2026-10-11 03:24:45 +0200: Memory Usage (478652K) : Starting pad general derivations
2026-10-11 03:24:45 +0200: Memory Usage (478780K) : Starting schottky_nbl general derivations
2026-10-11 03:24:45 +0200: Memory Usage (478780K) : Starting SVaricap general derivations
2026-10-11 03:24:45 +0200: Memory Usage (478780K) : Starting HBT general derivations
2026-10-11 03:24:45 +0200: Memory Usage (479116K) : Starting IHP-SG13G2 DRC connectivity related derivations.
2026-10-11 03:24:45 +0200: Memory Usage (480016K) : Starting IHP-SG13G2 DRC connectivity setup
2026-10-11 03:24:45 +0200: Memory Usage (480272K) : Starting IHP-SG13G2 DRC rules.
2026-10-11 03:24:45 +0200: Memory Usage (480272K) : Running all FEOL rules
2026-10-11 03:24:45 +0200: Memory Usage (480272K) : Running all BEOL rules
2026-10-11 03:24:45 +0200: Memory Usage (480272K) : Running all PIN rules
2026-10-11 03:24:45 +0200: Memory Usage (480272K) : Running all FORBIDDEN rules
2026-10-11 03:24:45 +0200: Memory Usage (480272K) : Starting 5.1 NWell table
2026-10-11 03:24:45 +0200: Memory Usage (480272K) : Executing rule NW.b
2026-10-11 03:24:45 +0200: Memory Usage (480588K) : Executing rule NW.b1
2026-10-11 03:24:45 +0200: Memory Usage (480588K) : Executing rule NW.f1
2026-10-11 03:24:45 +0200: Memory Usage (480588K) : Executing rule NW.f1.digibnd
2026-10-11 03:24:45 +0200: Memory Usage (480588K) : Starting 5.2 PWell:block
2026-10-11 03:24:45 +0200: Memory Usage (480588K) : Executing rule PWB.e
2026-10-11 03:24:45 +0200: Memory Usage (480588K) : Executing rule PWB.e1
2026-10-11 03:24:45 +0200: Memory Usage (480588K) : Executing rule PWB.f
2026-10-11 03:24:45 +0200: Memory Usage (480716K) : Executing rule PWB.f1
2026-10-11 03:24:45 +0200: Memory Usage (480716K) : Starting 5.3 nBuLay table
2026-10-11 03:24:45 +0200: Memory Usage (480716K) : Executing rule NBL.b
2026-10-11 03:24:45 +0200: Memory Usage (480716K) : Executing rule NBL.c
2026-10-11 03:24:45 +0200: Memory Usage (480716K) : Executing rule NBL.d
2026-10-11 03:24:45 +0200: Memory Usage (480716K) : Executing rule NBL.e
2026-10-11 03:24:45 +0200: Memory Usage (480716K) : Executing rule NBL.f
2026-10-11 03:24:45 +0200: Memory Usage (480716K) : Starting 5.5. Activ table
2026-10-11 03:24:45 +0200: Memory Usage (480716K) : Executing rule Act.a
2026-10-11 03:24:45 +0200: Memory Usage (480716K) : Executing rule Act.b
2026-10-11 03:24:45 +0200: Memory Usage (480716K) : Starting 5.6 Activ:filler table
2026-10-11 03:24:45 +0200: Memory Usage (480716K) : Executing rule AFil.c1
2026-10-11 03:24:45 +0200: Memory Usage (480716K) : Executing rule AFil.c
2026-10-11 03:24:45 +0200: Memory Usage (480716K) : Executing rule AFil.d
2026-10-11 03:24:45 +0200: Memory Usage (480716K) : Executing rule AFil.e
2026-10-11 03:24:45 +0200: Memory Usage (480716K) : Executing rule AFil.j
2026-10-11 03:24:45 +0200: Memory Usage (480716K) : Starting 5.7. ThickGateOx table
2026-10-11 03:24:45 +0200: Memory Usage (480716K) : Executing rule TGO.f
2026-10-11 03:24:45 +0200: Memory Usage (480716K) : Starting 5.8. GatPoly table
2026-10-11 03:24:45 +0200: Memory Usage (480716K) : Executing rule Gat.a
2026-10-11 03:24:45 +0200: Memory Usage (480716K) : Executing rule Gat.b
2026-10-11 03:24:45 +0200: Memory Usage (480588K) : Executing rule Gat.d
2026-10-11 03:24:45 +0200: Memory Usage (480588K) : Executing rule Gat.a1
2026-10-11 03:24:45 +0200: Memory Usage (480972K) : Executing rule Gat.a2
2026-10-11 03:24:45 +0200: Memory Usage (481100K) : Executing rule Gat.g
2026-10-11 03:24:45 +0200: Memory Usage (481228K) : Starting 5.9 GatPoly:filler
2026-10-11 03:24:45 +0200: Memory Usage (481228K) : Executing rule GFil.d
2026-10-11 03:24:45 +0200: Memory Usage (481228K) : Executing rule GFil.e
2026-10-11 03:24:45 +0200: Memory Usage (481228K) : Executing rule GFil.i
2026-10-11 03:24:45 +0200: Memory Usage (481228K) : Starting 5.10 pSD table
2026-10-11 03:24:45 +0200: Memory Usage (481228K) : Executing rule pSD.c1
2026-10-11 03:24:45 +0200: Memory Usage (481096K) : Starting 5.14. Cont table
2026-10-11 03:24:45 +0200: Memory Usage (481096K) : Executing rule Cnt.a
2026-10-11 03:24:45 +0200: Memory Usage (481096K) : Executing rule Cnt.b
2026-10-11 03:24:45 +0200: Memory Usage (481352K) : Executing rule Cnt.c
2026-10-11 03:24:45 +0200: Memory Usage (481860K) : Executing rule Cnt.c.digibnd
2026-10-11 03:24:45 +0200: Memory Usage (481860K) : Executing rule Cnt.c.SRAM
2026-10-11 03:24:45 +0200: Memory Usage (481860K) : Executing rule Cnt.d
2026-10-11 03:24:45 +0200: Memory Usage (481860K) : Executing rule Cnt.e
2026-10-11 03:24:45 +0200: Memory Usage (481860K) : Executing rule Cnt.g1
2026-10-11 03:24:45 +0200: Memory Usage (481860K) : Executing rule Cnt.g2
2026-10-11 03:24:45 +0200: Memory Usage (483140K) : Starting 5.15. ContBar table
2026-10-11 03:24:45 +0200: Memory Usage (483140K) : Executing rule CntB.a
2026-10-11 03:24:46 +0200: Memory Usage (483140K) : Executing rule CntB.a1
2026-10-11 03:24:46 +0200: Memory Usage (483140K) : Executing rule CntB.b1
2026-10-11 03:24:46 +0200: Memory Usage (483268K) : Executing rule CntB.h1
2026-10-11 03:24:46 +0200: Memory Usage (483264K) : Starting 6.1.3 NPN Substrate-Tie table
2026-10-11 03:24:46 +0200: Memory Usage (483264K) : Executing rule npn13G2.bR 
2026-10-11 03:24:46 +0200: Memory Usage (483648K) : Executing rule npn13G2L.cR 
2026-10-11 03:24:46 +0200: Memory Usage (483776K) : Executing rule npn13G2V.cR 
2026-10-11 03:24:46 +0200: Memory Usage (483776K) : Starting 6.7 Schottky diode table
2026-10-11 03:24:46 +0200: Memory Usage (483776K) : Executing rule Sdiod.b
2026-10-11 03:24:46 +0200: Memory Usage (483776K) : Executing rule Sdiod.c
2026-10-11 03:24:46 +0200: Memory Usage (483776K) : Executing rule Sdiod.d
2026-10-11 03:24:46 +0200: Memory Usage (483776K) : Executing rule Sdiod.e
2026-10-11 03:24:46 +0200: Memory Usage (483776K) : Starting 7.2 Latch-up table
2026-10-11 03:24:46 +0200: Memory Usage (483776K) : Executing rule LU.b
2026-10-11 03:24:46 +0200: Memory Usage (483772K) : Starting 5.16. Metal1 table
2026-10-11 03:24:46 +0200: Memory Usage (483772K) : Executing rule M1.a
2026-10-11 03:24:46 +0200: Memory Usage (483772K) : Executing rule M1.b
2026-10-11 03:24:46 +0200: Memory Usage (483516K) : Executing rule M1.e
2026-10-11 03:24:46 +0200: Memory Usage (483516K) : Executing rule M1.f
2026-10-11 03:24:46 +0200: Memory Usage (483516K) : Executing rule M1.g
2026-10-11 03:24:46 +0200: Memory Usage (483516K) : Executing rule M1.i
2026-10-11 03:24:46 +0200: Memory Usage (483644K) : Starting 5.17 Metaln table
2026-10-11 03:24:46 +0200: Memory Usage (483644K) : Executing rule M2.a
2026-10-11 03:24:46 +0200: Memory Usage (483644K) : Executing rule M2.b
2026-10-11 03:24:46 +0200: Memory Usage (483644K) : Executing rule M2.e
2026-10-11 03:24:46 +0200: Memory Usage (483512K) : Executing rule M2.f
2026-10-11 03:24:46 +0200: Memory Usage (483512K) : Executing rule M2.g
2026-10-11 03:24:46 +0200: Memory Usage (483380K) : Executing rule M2.i
2026-10-11 03:24:46 +0200: Memory Usage (483380K) : Executing rule M3.a
2026-10-11 03:24:46 +0200: Memory Usage (483380K) : Executing rule M3.b
2026-10-11 03:24:46 +0200: Memory Usage (483380K) : Executing rule M3.e
2026-10-11 03:24:46 +0200: Memory Usage (483380K) : Executing rule M3.f
2026-10-11 03:24:46 +0200: Memory Usage (483380K) : Executing rule M3.g
2026-10-11 03:24:46 +0200: Memory Usage (483380K) : Executing rule M3.i
2026-10-11 03:24:46 +0200: Memory Usage (483252K) : Executing rule M4.a
2026-10-11 03:24:46 +0200: Memory Usage (483252K) : Executing rule M4.b
2026-10-11 03:24:46 +0200: Memory Usage (483672K) : Executing rule M4.e
2026-10-11 03:24:46 +0200: Memory Usage (484056K) : Executing rule M4.f
2026-10-11 03:24:46 +0200: Memory Usage (484312K) : Executing rule M4.g
2026-10-11 03:24:46 +0200: Memory Usage (484312K) : Executing rule M4.i
2026-10-11 03:24:46 +0200: Memory Usage (484440K) : Executing rule M5.a
2026-10-11 03:24:46 +0200: Memory Usage (484440K) : Executing rule M5.b
2026-10-11 03:24:46 +0200: Memory Usage (484696K) : Executing rule M5.e
2026-10-11 03:24:46 +0200: Memory Usage (484696K) : Executing rule M5.f
2026-10-11 03:24:46 +0200: Memory Usage (484436K) : Executing rule M5.g
2026-10-11 03:24:46 +0200: Memory Usage (484436K) : Executing rule M5.i
2026-10-11 03:24:46 +0200: Memory Usage (484436K) : Starting 5.18 Metaln:filler table
2026-10-11 03:24:46 +0200: Memory Usage (484436K) : Executing rule M1Fil.c
2026-10-11 03:24:46 +0200: Memory Usage (484436K) : Executing rule M1Fil.a2
2026-10-11 03:24:46 +0200: Memory Usage (484436K) : Executing rule M2Fil.c
2026-10-11 03:24:46 +0200: Memory Usage (484436K) : Executing rule M2Fil.a2
2026-10-11 03:24:46 +0200: Memory Usage (484436K) : Executing rule M3Fil.c
2026-10-11 03:24:46 +0200: Memory Usage (484436K) : Executing rule M3Fil.a2
2026-10-11 03:24:46 +0200: Memory Usage (484436K) : Executing rule M4Fil.c
2026-10-11 03:24:46 +0200: Memory Usage (484436K) : Executing rule M4Fil.a2
2026-10-11 03:24:46 +0200: Memory Usage (484436K) : Executing rule M5Fil.c
2026-10-11 03:24:46 +0200: Memory Usage (484436K) : Executing rule M5Fil.a2
2026-10-11 03:24:46 +0200: Memory Usage (484436K) : Starting 5.19. Via1 table
2026-10-11 03:24:46 +0200: Memory Usage (484436K) : Starting 5.19. Via1 table derivations
2026-10-11 03:24:46 +0200: Memory Usage (484436K) : Executing rule V1.a
2026-10-11 03:24:46 +0200: Memory Usage (484436K) : Executing rule V1.b
2026-10-11 03:24:46 +0200: Memory Usage (484436K) : Executing rule V1.c
2026-10-11 03:24:46 +0200: Memory Usage (484436K) : Starting 5.20. Vian table
2026-10-11 03:24:46 +0200: Memory Usage (484436K) : Executing rule V2.a
2026-10-11 03:24:46 +0200: Memory Usage (484436K) : Executing rule V2.b
2026-10-11 03:24:46 +0200: Memory Usage (484436K) : Executing rule V2.c
2026-10-11 03:24:46 +0200: Memory Usage (484436K) : Executing rule V3.a
2026-10-11 03:24:46 +0200: Memory Usage (484436K) : Executing rule V3.b
2026-10-11 03:24:46 +0200: Memory Usage (484436K) : Executing rule V3.c
2026-10-11 03:24:46 +0200: Memory Usage (484436K) : Executing rule V4.a
2026-10-11 03:24:46 +0200: Memory Usage (484436K) : Executing rule V4.b
2026-10-11 03:24:46 +0200: Memory Usage (484436K) : Executing rule V4.c
2026-10-11 03:24:46 +0200: Memory Usage (484564K) : Starting 5.21. TopVia1 table
2026-10-11 03:24:46 +0200: Memory Usage (484564K) : Executing rule TV1.a
2026-10-11 03:24:46 +0200: Memory Usage (484564K) : Executing rule TV1.b
2026-10-11 03:24:46 +0200: Memory Usage (484564K) : Executing rule TV1.c
2026-10-11 03:24:46 +0200: Memory Usage (484692K) : Executing rule TV1.d
2026-10-11 03:24:46 +0200: Memory Usage (484688K) : Starting 5.22. TopMetal1 table
2026-10-11 03:24:46 +0200: Memory Usage (484688K) : Executing rule TM1.a
2026-10-11 03:24:46 +0200: Memory Usage (484688K) : Executing rule TM1.b
2026-10-11 03:24:46 +0200: Memory Usage (484816K) : Starting 5.23 TopMetal1:filler table
2026-10-11 03:24:46 +0200: Memory Usage (484816K) : Executing rule TM1Fil.c
2026-10-11 03:24:46 +0200: Memory Usage (484816K) : Executing rule TM1Fil.a1
2026-10-11 03:24:46 +0200: Memory Usage (484816K) : Starting 5.24. TopVia2 table
2026-10-11 03:24:46 +0200: Memory Usage (484816K) : Executing rule TV2.a
2026-10-11 03:24:46 +0200: Memory Usage (484816K) : Executing rule TV2.b
2026-10-11 03:24:46 +0200: Memory Usage (484684K) : Executing rule TV2.c
2026-10-11 03:24:47 +0200: Memory Usage (484548K) : Executing rule TV2.d
2026-10-11 03:24:47 +0200: Memory Usage (484548K) : Starting 5.25. TopMetal2 table
2026-10-11 03:24:47 +0200: Memory Usage (484548K) : Executing rule TM2.a
2026-10-11 03:24:47 +0200: Memory Usage (484548K) : Executing rule TM2.b
2026-10-11 03:24:47 +0200: Memory Usage (484288K) : Executing rule TM2.bR
2026-10-11 03:24:47 +0200: Memory Usage (484416K) : Starting 5.26 TopMetal2:filler table
2026-10-11 03:24:47 +0200: Memory Usage (484416K) : Executing rule TM2Fil.c
2026-10-11 03:24:47 +0200: Memory Usage (484416K) : Executing rule TM2Fil.a1
2026-10-11 03:24:47 +0200: Memory Usage (484416K) : Starting 5.27. Passiv table
2026-10-11 03:24:47 +0200: Memory Usage (484416K) : Executing rule Pas.a
2026-10-11 03:24:47 +0200: Memory Usage (484416K) : Executing rule Pas.b
2026-10-11 03:24:47 +0200: Memory Usage (484416K) : Executing rule Pas.c
2026-10-11 03:24:47 +0200: Memory Usage (484416K) : Starting 6.9.2 Copper Pillar table
2026-10-11 03:24:47 +0200: Memory Usage (484416K) : Executing rule Padc.a
2026-10-11 03:24:47 +0200: Memory Usage (484416K) : Executing rule Padc.b
2026-10-11 03:24:47 +0200: Memory Usage (484416K) : Executing rule Padc.c
2026-10-11 03:24:47 +0200: Memory Usage (484416K) : Executing rule Padb.f
2026-10-11 03:24:47 +0200: Memory Usage (484416K) : Starting 6.9 Pad table
2026-10-11 03:24:47 +0200: Memory Usage (484416K) : Executing rule Pad.m
2026-10-11 03:24:47 +0200: Memory Usage (484416K) : Executing rule Pad.fR_M1
2026-10-11 03:24:47 +0200: Memory Usage (484544K) : Executing rule Pad.fR_M2
2026-10-11 03:24:47 +0200: Memory Usage (484544K) : Executing rule Pad.fR_M3
2026-10-11 03:24:47 +0200: Memory Usage (484672K) : Executing rule Pad.fR_M4
2026-10-11 03:24:47 +0200: Memory Usage (485464K) : Executing rule Pad.fR_M5
2026-10-11 03:24:47 +0200: Memory Usage (485460K) : Executing rule Pad.fR_TM1
2026-10-11 03:24:47 +0200: Memory Usage (485588K) : Executing rule Pad.fR_TM2
2026-10-11 03:24:47 +0200: Memory Usage (485840K) : Executing rule Pad.i
2026-10-11 03:24:47 +0200: Memory Usage (485840K) : Starting 6.9.1 Solder Bump
2026-10-11 03:24:47 +0200: Memory Usage (485840K) : Executing rule Padb.a
2026-10-11 03:24:47 +0200: Memory Usage (485840K) : Executing rule Padb.b
2026-10-11 03:24:47 +0200: Memory Usage (485840K) : Executing rule Padb.c
2026-10-11 03:24:47 +0200: Memory Usage (485840K) : Executing rule Padb.f
2026-10-11 03:24:47 +0200: Memory Usage (485840K) : Executing rule Padb.d
2026-10-11 03:24:47 +0200: Memory Usage (485840K) : Starting 6.10 Sealring table
2026-10-11 03:24:47 +0200: Memory Usage (485840K) : Executing rule Seal.l
2026-10-11 03:24:47 +0200: Memory Usage (485840K) : Executing rule Seal.n
2026-10-11 03:24:47 +0200: Memory Usage (485840K) : Executing rule seal.b_metal1
2026-10-11 03:24:47 +0200: Memory Usage (485840K) : Executing rule seal.b_metal2
2026-10-11 03:24:47 +0200: Memory Usage (485840K) : Executing rule seal.b_metal3
2026-10-11 03:24:47 +0200: Memory Usage (485840K) : Executing rule seal.b_metal4
2026-10-11 03:24:47 +0200: Memory Usage (485840K) : Executing rule seal.b_metal5
2026-10-11 03:24:47 +0200: Memory Usage (485840K) : Executing rule seal.b_topmetal1
2026-10-11 03:24:47 +0200: Memory Usage (485840K) : Executing rule seal.b_topmetal2
2026-10-11 03:24:47 +0200: Memory Usage (485840K) : Executing rule seal.b_activ
2026-10-11 03:24:47 +0200: Memory Usage (485840K) : Executing rule seal.b_psd
2026-10-11 03:24:47 +0200: Memory Usage (485840K) : Executing rule Seal.k
2026-10-11 03:24:47 +0200: Memory Usage (485840K) : Executing rule Seal.m
2026-10-11 03:24:47 +0200: Memory Usage (485840K) : Starting 6.11 MIM table
2026-10-11 03:24:47 +0200: Memory Usage (485840K) : Executing rule MIM.c
2026-10-11 03:24:47 +0200: Memory Usage (485708K) : Executing rule MIM.d
2026-10-11 03:24:47 +0200: Memory Usage (485708K) : Executing rule MIM.gR
2026-10-11 03:24:47 +0200: Memory Usage (485708K) : Starting 7.3 Metal Slits table
2026-10-11 03:24:47 +0200: Memory Usage (485708K) : Executing rule Slt.e1_M1
2026-10-11 03:24:47 +0200: Memory Usage (485708K) : Executing rule Slt.e1_M2
2026-10-11 03:24:47 +0200: Memory Usage (485708K) : Executing rule Slt.e1_M3
2026-10-11 03:24:47 +0200: Memory Usage (485708K) : Executing rule Slt.e1_M4
2026-10-11 03:24:47 +0200: Memory Usage (485708K) : Executing rule Slt.e1_M5
2026-10-11 03:24:47 +0200: Memory Usage (485708K) : Executing rule Slt.e1_TM1
2026-10-11 03:24:47 +0200: Memory Usage (485708K) : Executing rule Slt.e1_TM2
2026-10-11 03:24:47 +0200: Memory Usage (485708K) : Starting 9.1. LBE table
2026-10-11 03:24:47 +0200: Memory Usage (485708K) : Executing rule LBE.a
2026-10-11 03:24:47 +0200: Memory Usage (485708K) : Executing rule LBE.b
2026-10-11 03:24:47 +0200: Memory Usage (485708K) : Executing rule LBE.b1
2026-10-11 03:24:47 +0200: Memory Usage (485708K) : Executing rule LBE.c
2026-10-11 03:24:47 +0200: Memory Usage (485708K) : Executing rule LBE.d
2026-10-11 03:24:47 +0200: Memory Usage (485708K) : Executing rule LBE.h
2026-10-11 03:24:47 +0200: Memory Usage (485708K) : Starting 7.4. PIN table
2026-10-11 03:24:47 +0200: Memory Usage (485708K) : Executing rule Pin.a
2026-10-11 03:24:47 +0200: Memory Usage (485708K) : Executing rule Pin.b
2026-10-11 03:24:47 +0200: Memory Usage (485708K) : Executing rule Pin.e
2026-10-11 03:24:47 +0200: Memory Usage (485448K) : Executing rule Pin.f_M2
2026-10-11 03:24:47 +0200: Memory Usage (485448K) : Executing rule Pin.f_M3
2026-10-11 03:24:47 +0200: Memory Usage (485448K) : Executing rule Pin.f_M4
2026-10-11 03:24:47 +0200: Memory Usage (485448K) : Executing rule Pin.f_M5
2026-10-11 03:24:47 +0200: Memory Usage (485448K) : Executing rule Pin.g
2026-10-11 03:24:47 +0200: Memory Usage (485448K) : Executing rule Pin.h
2026-10-11 03:24:47 +0200: Memory Usage (485448K) : Starting 3.1. offgrid table
2026-10-11 03:24:47 +0200: Memory Usage (485448K) : Executing rule activ_drw_Offgrid
2026-10-11 03:24:47 +0200: Memory Usage (485448K) : Executing rule activ_mask_Offgrid
2026-10-11 03:24:47 +0200: Memory Usage (485448K) : Executing rule activ_filler_Offgrid
2026-10-11 03:24:47 +0200: Memory Usage (485448K) : Executing rule activ_opc_Offgrid
2026-10-11 03:24:47 +0200: Memory Usage (485448K) : Executing rule activ_iopc_Offgrid
2026-10-11 03:24:47 +0200: Memory Usage (485448K) : Executing rule biwind_drw_Offgrid
2026-10-11 03:24:47 +0200: Memory Usage (485448K) : Executing rule biwind_opc_Offgrid
2026-10-11 03:24:47 +0200: Memory Usage (485448K) : Executing rule pemwind_drw_Offgrid
2026-10-11 03:24:47 +0200: Memory Usage (485448K) : Executing rule gatpoly_drw_Offgrid
2026-10-11 03:24:47 +0200: Memory Usage (485448K) : Executing rule gatpoly_filler_Offgrid
2026-10-11 03:24:47 +0200: Memory Usage (485448K) : Executing rule gatpoly_opc_Offgrid
2026-10-11 03:24:47 +0200: Memory Usage (485448K) : Executing rule gatpoly_iopc_Offgrid
2026-10-11 03:24:47 +0200: Memory Usage (485704K) : Executing rule gatpoly_noqrc_Offgrid
2026-10-11 03:24:47 +0200: Memory Usage (486216K) : Executing rule cont_drw_Offgrid
2026-10-11 03:24:47 +0200: Memory Usage (489416K) : Executing rule cont_opc_Offgrid
2026-10-11 03:24:47 +0200: Memory Usage (489416K) : Executing rule nsd_drw_Offgrid
2026-10-11 03:24:47 +0200: Memory Usage (489416K) : Executing rule nsd_block_Offgrid
2026-10-11 03:24:47 +0200: Memory Usage (489416K) : Executing rule metal1_drw_Offgrid
2026-10-11 03:24:47 +0200: Memory Usage (489416K) : Executing rule metal1_mask_Offgrid
2026-10-11 03:24:47 +0200: Memory Usage (489416K) : Executing rule metal1_filler_Offgrid
2026-10-11 03:24:47 +0200: Memory Usage (489416K) : Executing rule metal1_slit_Offgrid
2026-10-11 03:24:47 +0200: Memory Usage (489416K) : Executing rule metal1_opc_Offgrid
2026-10-11 03:24:47 +0200: Memory Usage (489416K) : Executing rule metal1_noqrc_Offgrid
2026-10-11 03:24:47 +0200: Memory Usage (489416K) : Executing rule metal1_res_Offgrid
2026-10-11 03:24:47 +0200: Memory Usage (489416K) : Executing rule metal1_iprobe_Offgrid
2026-10-11 03:24:47 +0200: Memory Usage (489416K) : Executing rule metal1_diffprb_Offgrid
2026-10-11 03:24:47 +0200: Memory Usage (489416K) : Executing rule passiv_drw_Offgrid
2026-10-11 03:24:47 +0200: Memory Usage (489416K) : Executing rule passiv_pillar_Offgrid
2026-10-11 03:24:47 +0200: Memory Usage (489416K) : Executing rule passiv_sbump_Offgrid
2026-10-11 03:24:47 +0200: Memory Usage (489416K) : Executing rule passiv_pdl_Offgrid
2026-10-11 03:24:47 +0200: Memory Usage (489416K) : Executing rule metal2_drw_Offgrid
2026-10-11 03:24:47 +0200: Memory Usage (489416K) : Executing rule metal2_mask_Offgrid
2026-10-11 03:24:47 +0200: Memory Usage (489416K) : Executing rule metal2_filler_Offgrid
2026-10-11 03:24:47 +0200: Memory Usage (489416K) : Executing rule metal2_slit_Offgrid
2026-10-11 03:24:47 +0200: Memory Usage (489416K) : Executing rule metal2_opc_Offgrid
2026-10-11 03:24:47 +0200: Memory Usage (489416K) : Executing rule metal2_noqrc_Offgrid
2026-10-11 03:24:47 +0200: Memory Usage (489416K) : Executing rule metal2_res_Offgrid
2026-10-11 03:24:47 +0200: Memory Usage (489416K) : Executing rule metal2_iprobe_Offgrid
2026-10-11 03:24:47 +0200: Memory Usage (489416K) : Executing rule metal2_diffprb_Offgrid
2026-10-11 03:24:47 +0200: Memory Usage (489416K) : Executing rule baspoly_drw_Offgrid
2026-10-11 03:24:47 +0200: Memory Usage (489416K) : Executing rule psd_drw_Offgrid
2026-10-11 03:24:48 +0200: Memory Usage (489416K) : Executing rule nldb_drw_Offgrid
2026-10-11 03:24:48 +0200: Memory Usage (489416K) : Executing rule via1_drw_Offgrid
2026-10-11 03:24:48 +0200: Memory Usage (489416K) : Executing rule backmetal1_drw_Offgrid
2026-10-11 03:24:48 +0200: Memory Usage (489416K) : Executing rule backmetal1_mask_Offgrid
2026-10-11 03:24:48 +0200: Memory Usage (489416K) : Executing rule backmetal1_filler_Offgrid
2026-10-11 03:24:48 +0200: Memory Usage (489416K) : Executing rule backmetal1_slit_Offgrid
2026-10-11 03:24:48 +0200: Memory Usage (489416K) : Executing rule backmetal1_opc_Offgrid
2026-10-11 03:24:48 +0200: Memory Usage (489416K) : Executing rule backmetal1_noqrc_Offgrid
2026-10-11 03:24:48 +0200: Memory Usage (489416K) : Executing rule backmetal1_res_Offgrid
2026-10-11 03:24:48 +0200: Memory Usage (489416K) : Executing rule backmetal1_iprobe_Offgrid
2026-10-11 03:24:48 +0200: Memory Usage (489544K) : Executing rule backmetal1_diffprb_Offgrid
2026-10-11 03:24:48 +0200: Memory Usage (489672K) : Executing rule backpassiv_drw_Offgrid
2026-10-11 03:24:48 +0200: Memory Usage (489672K) : Executing rule salblock_drw_Offgrid
2026-10-11 03:24:48 +0200: Memory Usage (489672K) : Executing rule via2_drw_Offgrid
2026-10-11 03:24:48 +0200: Memory Usage (489672K) : Executing rule metal3_drw_Offgrid
2026-10-11 03:24:48 +0200: Memory Usage (489672K) : Executing rule metal3_mask_Offgrid
2026-10-11 03:24:48 +0200: Memory Usage (489672K) : Executing rule metal3_filler_Offgrid
2026-10-11 03:24:48 +0200: Memory Usage (489672K) : Executing rule metal3_slit_Offgrid
2026-10-11 03:24:48 +0200: Memory Usage (489672K) : Executing rule metal3_opc_Offgrid
2026-10-11 03:24:48 +0200: Memory Usage (489672K) : Executing rule metal3_noqrc_Offgrid
2026-10-11 03:24:48 +0200: Memory Usage (489672K) : Executing rule metal3_res_Offgrid
2026-10-11 03:24:48 +0200: Memory Usage (489672K) : Executing rule metal3_iprobe_Offgrid
2026-10-11 03:24:48 +0200: Memory Usage (489672K) : Executing rule metal3_diffprb_Offgrid
2026-10-11 03:24:48 +0200: Memory Usage (489672K) : Executing rule nwell_drw_Offgrid
2026-10-11 03:24:48 +0200: Memory Usage (489672K) : Executing rule nbulay_drw_Offgrid
2026-10-11 03:24:48 +0200: Memory Usage (489672K) : Executing rule nbulay_block_Offgrid
2026-10-11 03:24:48 +0200: Memory Usage (489672K) : Executing rule pwell_drw_Offgrid
2026-10-11 03:24:48 +0200: Memory Usage (489672K) : Executing rule pwell_block_Offgrid
2026-10-11 03:24:48 +0200: Memory Usage (489672K) : Executing rule emwind_drw_Offgrid
2026-10-11 03:24:48 +0200: Memory Usage (489672K) : Executing rule emwind_opc_Offgrid
2026-10-11 03:24:48 +0200: Memory Usage (489672K) : Executing rule deepco_drw_Offgrid
2026-10-11 03:24:48 +0200: Memory Usage (489672K) : Executing rule mim_drw_Offgrid
2026-10-11 03:24:48 +0200: Memory Usage (489672K) : Executing rule substrate_drw_Offgrid
2026-10-11 03:24:48 +0200: Memory Usage (489672K) : Executing rule ic_drw_Offgrid
2026-10-11 03:24:48 +0200: Memory Usage (489672K) : Executing rule via3_drw_Offgrid
2026-10-11 03:24:48 +0200: Memory Usage (489672K) : Executing rule pldb_drw_Offgrid
2026-10-11 03:24:48 +0200: Memory Usage (489672K) : Executing rule metal4_drw_Offgrid
2026-10-11 03:24:48 +0200: Memory Usage (489672K) : Executing rule metal4_mask_Offgrid
2026-10-11 03:24:48 +0200: Memory Usage (489672K) : Executing rule metal4_filler_Offgrid
2026-10-11 03:24:48 +0200: Memory Usage (489672K) : Executing rule metal4_slit_Offgrid
2026-10-11 03:24:48 +0200: Memory Usage (489672K) : Executing rule metal4_opc_Offgrid
2026-10-11 03:24:48 +0200: Memory Usage (489672K) : Executing rule metal4_noqrc_Offgrid
2026-10-11 03:24:48 +0200: Memory Usage (489672K) : Executing rule metal4_res_Offgrid
2026-10-11 03:24:48 +0200: Memory Usage (489672K) : Executing rule metal4_iprobe_Offgrid
2026-10-11 03:24:48 +0200: Memory Usage (489672K) : Executing rule metal4_diffprb_Offgrid
2026-10-11 03:24:48 +0200: Memory Usage (489672K) : Executing rule via4_drw_Offgrid
2026-10-11 03:24:48 +0200: Memory Usage (489928K) : Executing rule metal5_drw_Offgrid
2026-10-11 03:24:48 +0200: Memory Usage (489928K) : Executing rule metal5_mask_Offgrid
2026-10-11 03:24:48 +0200: Memory Usage (489928K) : Executing rule metal5_filler_Offgrid
2026-10-11 03:24:48 +0200: Memory Usage (490056K) : Executing rule metal5_slit_Offgrid
2026-10-11 03:24:48 +0200: Memory Usage (490056K) : Executing rule metal5_opc_Offgrid
2026-10-11 03:24:48 +0200: Memory Usage (490312K) : Executing rule metal5_noqrc_Offgrid
2026-10-11 03:24:48 +0200: Memory Usage (490824K) : Executing rule metal5_res_Offgrid
2026-10-11 03:24:48 +0200: Memory Usage (491336K) : Executing rule metal5_iprobe_Offgrid
2026-10-11 03:24:48 +0200: Memory Usage (491848K) : Executing rule metal5_diffprb_Offgrid
2026-10-11 03:24:48 +0200: Memory Usage (492232K) : Executing rule prboundary_drw_Offgrid
2026-10-11 03:24:48 +0200: Memory Usage (492872K) : Executing rule exchange0_drw_Offgrid
2026-10-11 03:24:48 +0200: Memory Usage (493384K) : Executing rule exchange1_drw_Offgrid
2026-10-11 03:24:48 +0200: Memory Usage (493896K) : Executing rule exchange2_drw_Offgrid
2026-10-11 03:24:48 +0200: Memory Usage (494408K) : Executing rule exchange3_drw_Offgrid
2026-10-11 03:24:48 +0200: Memory Usage (494920K) : Executing rule exchange4_drw_Offgrid
2026-10-11 03:24:48 +0200: Memory Usage (495432K) : Executing rule isonwell_drw_Offgrid
2026-10-11 03:24:48 +0200: Memory Usage (495944K) : Executing rule thickgateox_drw_Offgrid
2026-10-11 03:24:48 +0200: Memory Usage (496456K) : Executing rule pempoly_drw_Offgrid
2026-10-11 03:24:48 +0200: Memory Usage (496968K) : Executing rule fbe_drw_Offgrid
2026-10-11 03:24:48 +0200: Memory Usage (497480K) : Executing rule empoly_drw_Offgrid
2026-10-11 03:24:48 +0200: Memory Usage (497992K) : Executing rule ldmos_drw_Offgrid
2026-10-11 03:24:48 +0200: Memory Usage (498504K) : Executing rule pbiwind_drw_Offgrid
2026-10-11 03:24:48 +0200: Memory Usage (499016K) : Executing rule colopen_drw_Offgrid
2026-10-11 03:24:48 +0200: Memory Usage (499528K) : Executing rule extblock_drw_Offgrid
2026-10-11 03:24:48 +0200: Memory Usage (500040K) : Executing rule nldd_drw_Offgrid
2026-10-11 03:24:48 +0200: Memory Usage (500552K) : Executing rule pldd_drw_Offgrid
2026-10-11 03:24:48 +0200: Memory Usage (501064K) : Executing rule next_drw_Offgrid
2026-10-11 03:24:48 +0200: Memory Usage (501576K) : Executing rule pext_drw_Offgrid
2026-10-11 03:24:48 +0200: Memory Usage (502088K) : Executing rule nexthv_drw_Offgrid
2026-10-11 03:24:48 +0200: Memory Usage (502600K) : Executing rule pexthv_drw_Offgrid
2026-10-11 03:24:48 +0200: Memory Usage (503112K) : Executing rule graphgate_drw_Offgrid
2026-10-11 03:24:48 +0200: Memory Usage (503624K) : Executing rule mempad_drw_Offgrid
2026-10-11 03:24:48 +0200: Memory Usage (504264K) : Executing rule topvia1_drw_Offgrid
2026-10-11 03:24:48 +0200: Memory Usage (506824K) : Executing rule topmetal1_drw_Offgrid
2026-10-11 03:24:48 +0200: Memory Usage (506824K) : Executing rule topmetal1_mask_Offgrid
2026-10-11 03:24:48 +0200: Memory Usage (506824K) : Executing rule topmetal1_filler_Offgrid
2026-10-11 03:24:48 +0200: Memory Usage (506824K) : Executing rule topmetal1_slit_Offgrid
2026-10-11 03:24:48 +0200: Memory Usage (506824K) : Executing rule topmetal1_noqrc_Offgrid
2026-10-11 03:24:48 +0200: Memory Usage (506824K) : Executing rule topmetal1_res_Offgrid
2026-10-11 03:24:48 +0200: Memory Usage (506824K) : Executing rule topmetal1_iprobe_Offgrid
2026-10-11 03:24:48 +0200: Memory Usage (506824K) : Executing rule topmetal1_diffprb_Offgrid
2026-10-11 03:24:48 +0200: Memory Usage (506824K) : Executing rule inldpwl_drw_Offgrid
2026-10-11 03:24:48 +0200: Memory Usage (506824K) : Executing rule polyres_drw_Offgrid
2026-10-11 03:24:48 +0200: Memory Usage (506824K) : Executing rule vmim_drw_Offgrid
2026-10-11 03:24:48 +0200: Memory Usage (506824K) : Executing rule nbulaycut_drw_Offgrid
2026-10-11 03:24:48 +0200: Memory Usage (506824K) : Executing rule antmetal1_drw_Offgrid
2026-10-11 03:24:48 +0200: Memory Usage (506824K) : Executing rule topvia2_drw_Offgrid
2026-10-11 03:24:49 +0200: Memory Usage (506824K) : Executing rule topmetal2_drw_Offgrid
2026-10-11 03:24:49 +0200: Memory Usage (506824K) : Executing rule topmetal2_mask_Offgrid
2026-10-11 03:24:49 +0200: Memory Usage (506824K) : Executing rule topmetal2_filler_Offgrid
2026-10-11 03:24:49 +0200: Memory Usage (506824K) : Executing rule topmetal2_slit_Offgrid
2026-10-11 03:24:49 +0200: Memory Usage (506824K) : Executing rule topmetal2_noqrc_Offgrid
2026-10-11 03:24:49 +0200: Memory Usage (506824K) : Executing rule topmetal2_res_Offgrid
2026-10-11 03:24:49 +0200: Memory Usage (506824K) : Executing rule topmetal2_iprobe_Offgrid
2026-10-11 03:24:49 +0200: Memory Usage (506824K) : Executing rule topmetal2_diffprb_Offgrid
2026-10-11 03:24:49 +0200: Memory Usage (506824K) : Executing rule snsring_drw_Offgrid
2026-10-11 03:24:49 +0200: Memory Usage (506824K) : Executing rule sensor_drw_Offgrid
2026-10-11 03:24:49 +0200: Memory Usage (506824K) : Executing rule snsarms_drw_Offgrid
2026-10-11 03:24:49 +0200: Memory Usage (506824K) : Executing rule snscmosvia_drw_Offgrid
2026-10-11 03:24:49 +0200: Memory Usage (506824K) : Executing rule colwind_drw_Offgrid
2026-10-11 03:24:49 +0200: Memory Usage (506824K) : Executing rule flm_drw_Offgrid
2026-10-11 03:24:49 +0200: Memory Usage (506824K) : Executing rule hafniumox_drw_Offgrid
2026-10-11 03:24:49 +0200: Memory Usage (506824K) : Executing rule memvia_drw_Offgrid
2026-10-11 03:24:49 +0200: Memory Usage (506824K) : Executing rule thinfilmres_drw_Offgrid
2026-10-11 03:24:49 +0200: Memory Usage (506824K) : Executing rule rfmem_drw_Offgrid
2026-10-11 03:24:49 +0200: Memory Usage (506824K) : Executing rule snsbotvia_drw_Offgrid
2026-10-11 03:24:49 +0200: Memory Usage (506824K) : Executing rule snstopvia_drw_Offgrid
2026-10-11 03:24:49 +0200: Memory Usage (506824K) : Executing rule deepvia_drw_Offgrid
2026-10-11 03:24:49 +0200: Memory Usage (506824K) : Executing rule fgetch_drw_Offgrid
2026-10-11 03:24:49 +0200: Memory Usage (506824K) : Executing rule ctrgat_drw_Offgrid
2026-10-11 03:24:49 +0200: Memory Usage (506824K) : Executing rule fgimp_drw_Offgrid
2026-10-11 03:24:49 +0200: Memory Usage (506824K) : Executing rule emwihv_drw_Offgrid
2026-10-11 03:24:49 +0200: Memory Usage (506824K) : Executing rule lbe_drw_Offgrid
2026-10-11 03:24:49 +0200: Memory Usage (506824K) : Executing rule alcustop_drw_Offgrid
2026-10-11 03:24:49 +0200: Memory Usage (506824K) : Starting 3.2. angle table
2026-10-11 03:24:49 +0200: Memory Usage (506824K) : Executing rule activ_drw_Acute
2026-10-11 03:24:49 +0200: Memory Usage (506824K) : Executing rule activ_pin_Acute
2026-10-11 03:24:49 +0200: Memory Usage (506824K) : Executing rule activ_mask_Acute
2026-10-11 03:24:49 +0200: Memory Usage (506952K) : Executing rule activ_filler_Acute
2026-10-11 03:24:49 +0200: Memory Usage (506952K) : Executing rule activ_nofill_Acute
2026-10-11 03:24:49 +0200: Memory Usage (506952K) : Executing rule activ_opc_Acute
2026-10-11 03:24:49 +0200: Memory Usage (506952K) : Executing rule activ_iopc_Acute
2026-10-11 03:24:49 +0200: Memory Usage (507080K) : Executing rule activ_noqrc_Acute
2026-10-11 03:24:49 +0200: Memory Usage (507080K) : Executing rule biwind_drw_Acute
2026-10-11 03:24:49 +0200: Memory Usage (507080K) : Executing rule biwind_opc_Acute
2026-10-11 03:24:49 +0200: Memory Usage (507080K) : Executing rule pemwind_drw_Acute
2026-10-11 03:24:49 +0200: Memory Usage (507080K) : Executing rule gatpoly_drw_Acute
2026-10-11 03:24:49 +0200: Memory Usage (507080K) : Executing rule gatpoly_pin_Acute
2026-10-11 03:24:49 +0200: Memory Usage (507080K) : Executing rule gatpoly_filler_Acute
2026-10-11 03:24:49 +0200: Memory Usage (507080K) : Executing rule gatpoly_nofill_Acute
2026-10-11 03:24:49 +0200: Memory Usage (507080K) : Executing rule gatpoly_opc_Acute
2026-10-11 03:24:49 +0200: Memory Usage (507080K) : Executing rule gatpoly_iopc_Acute
2026-10-11 03:24:49 +0200: Memory Usage (507080K) : Executing rule gatpoly_noqrc_Acute
2026-10-11 03:24:49 +0200: Memory Usage (507080K) : Executing rule cont_drw_Acute
2026-10-11 03:24:49 +0200: Memory Usage (507080K) : Executing rule cont_opc_Acute
2026-10-11 03:24:49 +0200: Memory Usage (507080K) : Executing rule nsd_drw_Acute
2026-10-11 03:24:49 +0200: Memory Usage (507080K) : Executing rule nsd_block_Acute
2026-10-11 03:24:49 +0200: Memory Usage (507080K) : Executing rule metal1_drw_Acute
2026-10-11 03:24:49 +0200: Memory Usage (507080K) : Executing rule metal1_pin_Acute
2026-10-11 03:24:49 +0200: Memory Usage (507080K) : Executing rule metal1_mask_Acute
2026-10-11 03:24:49 +0200: Memory Usage (507080K) : Executing rule metal1_filler_Acute
2026-10-11 03:24:49 +0200: Memory Usage (507080K) : Executing rule metal1_nofill_Acute
2026-10-11 03:24:49 +0200: Memory Usage (507080K) : Executing rule metal1_slit_Acute
2026-10-11 03:24:49 +0200: Memory Usage (507080K) : Executing rule metal1_opc_Acute
2026-10-11 03:24:49 +0200: Memory Usage (507080K) : Executing rule metal1_noqrc_Acute
2026-10-11 03:24:49 +0200: Memory Usage (507080K) : Executing rule metal1_res_Acute
2026-10-11 03:24:49 +0200: Memory Usage (507080K) : Executing rule metal1_iprobe_Acute
2026-10-11 03:24:49 +0200: Memory Usage (507080K) : Executing rule metal1_diffprb_Acute
2026-10-11 03:24:49 +0200: Memory Usage (507080K) : Executing rule passiv_drw_Acute
2026-10-11 03:24:49 +0200: Memory Usage (507080K) : Executing rule passiv_pin_Acute
2026-10-11 03:24:49 +0200: Memory Usage (507080K) : Executing rule passiv_pillar_Acute
2026-10-11 03:24:49 +0200: Memory Usage (507080K) : Executing rule passiv_sbump_Acute
2026-10-11 03:24:49 +0200: Memory Usage (507080K) : Executing rule passiv_pdl_Acute
2026-10-11 03:24:49 +0200: Memory Usage (507080K) : Executing rule metal2_drw_Acute
2026-10-11 03:24:49 +0200: Memory Usage (507080K) : Executing rule metal2_pin_Acute
2026-10-11 03:24:49 +0200: Memory Usage (507080K) : Executing rule metal2_mask_Acute
2026-10-11 03:24:49 +0200: Memory Usage (507080K) : Executing rule metal2_filler_Acute
2026-10-11 03:24:49 +0200: Memory Usage (507080K) : Executing rule metal2_nofill_Acute
2026-10-11 03:24:49 +0200: Memory Usage (507080K) : Executing rule metal2_slit_Acute
2026-10-11 03:24:49 +0200: Memory Usage (507080K) : Executing rule metal2_opc_Acute
2026-10-11 03:24:49 +0200: Memory Usage (507080K) : Executing rule metal2_noqrc_Acute
2026-10-11 03:24:49 +0200: Memory Usage (507080K) : Executing rule metal2_res_Acute
2026-10-11 03:24:49 +0200: Memory Usage (507080K) : Executing rule metal2_iprobe_Acute
2026-10-11 03:24:49 +0200: Memory Usage (507080K) : Executing rule metal2_diffprb_Acute
2026-10-11 03:24:49 +0200: Memory Usage (507080K) : Executing rule baspoly_drw_Acute
2026-10-11 03:24:49 +0200: Memory Usage (507080K) : Executing rule baspoly_pin_Acute
2026-10-11 03:24:49 +0200: Memory Usage (507080K) : Executing rule psd_drw_Acute
2026-10-11 03:24:49 +0200: Memory Usage (507080K) : Executing rule nldb_drw_Acute
2026-10-11 03:24:49 +0200: Memory Usage (507080K) : Executing rule via1_drw_Acute
2026-10-11 03:24:49 +0200: Memory Usage (507080K) : Executing rule backmetal1_drw_Acute
2026-10-11 03:24:49 +0200: Memory Usage (507080K) : Executing rule backmetal1_pin_Acute
2026-10-11 03:24:49 +0200: Memory Usage (507080K) : Executing rule backmetal1_mask_Acute
2026-10-11 03:24:49 +0200: Memory Usage (507208K) : Executing rule backmetal1_filler_Acute
2026-10-11 03:24:49 +0200: Memory Usage (507208K) : Executing rule backmetal1_nofill_Acute
2026-10-11 03:24:49 +0200: Memory Usage (507208K) : Executing rule backmetal1_slit_Acute
2026-10-11 03:24:49 +0200: Memory Usage (507208K) : Executing rule backmetal1_opc_Acute
2026-10-11 03:24:49 +0200: Memory Usage (507208K) : Executing rule backmetal1_noqrc_Acute
2026-10-11 03:24:49 +0200: Memory Usage (507208K) : Executing rule backmetal1_res_Acute
2026-10-11 03:24:49 +0200: Memory Usage (507208K) : Executing rule backmetal1_iprobe_Acute
2026-10-11 03:24:49 +0200: Memory Usage (507208K) : Executing rule backmetal1_diffprb_Acute
2026-10-11 03:24:49 +0200: Memory Usage (507208K) : Executing rule backpassiv_drw_Acute
2026-10-11 03:24:49 +0200: Memory Usage (507208K) : Executing rule salblock_drw_Acute
2026-10-11 03:24:49 +0200: Memory Usage (507208K) : Executing rule via2_drw_Acute
2026-10-11 03:24:50 +0200: Memory Usage (507208K) : Executing rule metal3_drw_Acute
2026-10-11 03:24:50 +0200: Memory Usage (507208K) : Executing rule metal3_pin_Acute
2026-10-11 03:24:50 +0200: Memory Usage (507208K) : Executing rule metal3_mask_Acute
2026-10-11 03:24:50 +0200: Memory Usage (507208K) : Executing rule metal3_filler_Acute
2026-10-11 03:24:50 +0200: Memory Usage (507208K) : Executing rule metal3_nofill_Acute
2026-10-11 03:24:50 +0200: Memory Usage (507208K) : Executing rule metal3_slit_Acute
2026-10-11 03:24:50 +0200: Memory Usage (507208K) : Executing rule metal3_opc_Acute
2026-10-11 03:24:50 +0200: Memory Usage (507208K) : Executing rule metal3_noqrc_Acute
2026-10-11 03:24:50 +0200: Memory Usage (507208K) : Executing rule metal3_res_Acute
2026-10-11 03:24:50 +0200: Memory Usage (507208K) : Executing rule metal3_iprobe_Acute
2026-10-11 03:24:50 +0200: Memory Usage (507208K) : Executing rule metal3_diffprb_Acute
2026-10-11 03:24:50 +0200: Memory Usage (507208K) : Executing rule nwell_drw_Acute
2026-10-11 03:24:50 +0200: Memory Usage (507208K) : Executing rule nwell_pin_Acute
2026-10-11 03:24:50 +0200: Memory Usage (507208K) : Executing rule nbulay_drw_Acute
2026-10-11 03:24:50 +0200: Memory Usage (507208K) : Executing rule nbulay_pin_Acute
2026-10-11 03:24:50 +0200: Memory Usage (507208K) : Executing rule nbulay_block_Acute
2026-10-11 03:24:50 +0200: Memory Usage (507208K) : Executing rule pwell_drw_Acute
2026-10-11 03:24:50 +0200: Memory Usage (507208K) : Executing rule pwell_pin_Acute
2026-10-11 03:24:50 +0200: Memory Usage (507208K) : Executing rule pwell_block_Acute
2026-10-11 03:24:50 +0200: Memory Usage (507208K) : Executing rule emwind_drw_Acute
2026-10-11 03:24:50 +0200: Memory Usage (507208K) : Executing rule emwind_opc_Acute
2026-10-11 03:24:50 +0200: Memory Usage (507208K) : Executing rule deepco_drw_Acute
2026-10-11 03:24:50 +0200: Memory Usage (507208K) : Executing rule mim_drw_Acute
2026-10-11 03:24:50 +0200: Memory Usage (507208K) : Executing rule substrate_drw_Acute
2026-10-11 03:24:50 +0200: Memory Usage (507208K) : Executing rule ic_drw_Acute
2026-10-11 03:24:50 +0200: Memory Usage (507208K) : Executing rule via3_drw_Acute
2026-10-11 03:24:50 +0200: Memory Usage (507208K) : Executing rule pldb_drw_Acute
2026-10-11 03:24:50 +0200: Memory Usage (507208K) : Executing rule metal4_drw_Acute
2026-10-11 03:24:50 +0200: Memory Usage (507208K) : Executing rule metal4_pin_Acute
2026-10-11 03:24:50 +0200: Memory Usage (507208K) : Executing rule metal4_mask_Acute
2026-10-11 03:24:50 +0200: Memory Usage (507208K) : Executing rule metal4_filler_Acute
2026-10-11 03:24:50 +0200: Memory Usage (507208K) : Executing rule metal4_nofill_Acute
2026-10-11 03:24:50 +0200: Memory Usage (507208K) : Executing rule metal4_slit_Acute
2026-10-11 03:24:50 +0200: Memory Usage (507208K) : Executing rule metal4_opc_Acute
2026-10-11 03:24:50 +0200: Memory Usage (507208K) : Executing rule metal4_noqrc_Acute
2026-10-11 03:24:50 +0200: Memory Usage (507208K) : Executing rule metal4_res_Acute
2026-10-11 03:24:50 +0200: Memory Usage (507208K) : Executing rule metal4_iprobe_Acute
2026-10-11 03:24:50 +0200: Memory Usage (507208K) : Executing rule metal4_diffprb_Acute
2026-10-11 03:24:50 +0200: Memory Usage (507208K) : Executing rule via4_drw_Acute
2026-10-11 03:24:50 +0200: Memory Usage (507208K) : Executing rule metal5_drw_Acute
2026-10-11 03:24:50 +0200: Memory Usage (507208K) : Executing rule metal5_pin_Acute
2026-10-11 03:24:50 +0200: Memory Usage (507208K) : Executing rule metal5_mask_Acute
2026-10-11 03:24:50 +0200: Memory Usage (507208K) : Executing rule metal5_filler_Acute
2026-10-11 03:24:50 +0200: Memory Usage (507208K) : Executing rule metal5_nofill_Acute
2026-10-11 03:24:50 +0200: Memory Usage (507208K) : Executing rule metal5_slit_Acute
2026-10-11 03:24:50 +0200: Memory Usage (507208K) : Executing rule metal5_opc_Acute
2026-10-11 03:24:50 +0200: Memory Usage (507208K) : Executing rule metal5_noqrc_Acute
2026-10-11 03:24:50 +0200: Memory Usage (507208K) : Executing rule metal5_res_Acute
2026-10-11 03:24:50 +0200: Memory Usage (507208K) : Executing rule metal5_iprobe_Acute
2026-10-11 03:24:50 +0200: Memory Usage (507208K) : Executing rule metal5_diffprb_Acute
2026-10-11 03:24:50 +0200: Memory Usage (507208K) : Executing rule prboundary_drw_Acute
2026-10-11 03:24:50 +0200: Memory Usage (507208K) : Executing rule exchange0_drw_Acute
2026-10-11 03:24:50 +0200: Memory Usage (507208K) : Executing rule exchange0_pin_Acute
2026-10-11 03:24:50 +0200: Memory Usage (507208K) : Executing rule exchange1_drw_Acute
2026-10-11 03:24:50 +0200: Memory Usage (507208K) : Executing rule exchange1_pin_Acute
2026-10-11 03:24:50 +0200: Memory Usage (507208K) : Executing rule exchange2_drw_Acute
2026-10-11 03:24:50 +0200: Memory Usage (507208K) : Executing rule exchange2_pin_Acute
2026-10-11 03:24:50 +0200: Memory Usage (507208K) : Executing rule exchange3_drw_Acute
2026-10-11 03:24:50 +0200: Memory Usage (507208K) : Executing rule exchange3_pin_Acute
2026-10-11 03:24:50 +0200: Memory Usage (507208K) : Executing rule exchange4_drw_Acute
2026-10-11 03:24:50 +0200: Memory Usage (507208K) : Executing rule exchange4_pin_Acute
2026-10-11 03:24:50 +0200: Memory Usage (507208K) : Executing rule isonwell_drw_Acute
2026-10-11 03:24:50 +0200: Memory Usage (507208K) : Executing rule thickgateox_drw_Acute
2026-10-11 03:24:50 +0200: Memory Usage (507208K) : Executing rule pempoly_drw_Acute
2026-10-11 03:24:50 +0200: Memory Usage (507208K) : Executing rule fbe_drw_Acute
2026-10-11 03:24:50 +0200: Memory Usage (507208K) : Executing rule empoly_drw_Acute
2026-10-11 03:24:50 +0200: Memory Usage (507208K) : Executing rule ldmos_drw_Acute
2026-10-11 03:24:50 +0200: Memory Usage (507208K) : Executing rule pbiwind_drw_Acute
2026-10-11 03:24:50 +0200: Memory Usage (507208K) : Executing rule colopen_drw_Acute
2026-10-11 03:24:50 +0200: Memory Usage (507208K) : Executing rule extblock_drw_Acute
2026-10-11 03:24:50 +0200: Memory Usage (507208K) : Executing rule nldd_drw_Acute
2026-10-11 03:24:50 +0200: Memory Usage (507208K) : Executing rule pldd_drw_Acute
2026-10-11 03:24:50 +0200: Memory Usage (507208K) : Executing rule next_drw_Acute
2026-10-11 03:24:50 +0200: Memory Usage (507208K) : Executing rule pext_drw_Acute
2026-10-11 03:24:50 +0200: Memory Usage (507208K) : Executing rule nexthv_drw_Acute
2026-10-11 03:24:50 +0200: Memory Usage (507208K) : Executing rule pexthv_drw_Acute
2026-10-11 03:24:50 +0200: Memory Usage (507208K) : Executing rule graphgate_drw_Acute
2026-10-11 03:24:50 +0200: Memory Usage (507208K) : Executing rule mempad_drw_Acute
2026-10-11 03:24:50 +0200: Memory Usage (507208K) : Executing rule topvia1_drw_Acute
2026-10-11 03:24:50 +0200: Memory Usage (507208K) : Executing rule topmetal1_drw_Acute
2026-10-11 03:24:50 +0200: Memory Usage (507208K) : Executing rule topmetal1_pin_Acute
2026-10-11 03:24:50 +0200: Memory Usage (507208K) : Executing rule topmetal1_mask_Acute
2026-10-11 03:24:50 +0200: Memory Usage (507208K) : Executing rule topmetal1_filler_Acute
2026-10-11 03:24:50 +0200: Memory Usage (507208K) : Executing rule topmetal1_nofill_Acute
2026-10-11 03:24:50 +0200: Memory Usage (507208K) : Executing rule topmetal1_slit_Acute
2026-10-11 03:24:51 +0200: Memory Usage (507208K) : Executing rule topmetal1_noqrc_Acute
2026-10-11 03:24:51 +0200: Memory Usage (507208K) : Executing rule topmetal1_res_Acute
2026-10-11 03:24:51 +0200: Memory Usage (507208K) : Executing rule topmetal1_iprobe_Acute
2026-10-11 03:24:51 +0200: Memory Usage (507208K) : Executing rule topmetal1_diffprb_Acute
2026-10-11 03:24:51 +0200: Memory Usage (507208K) : Executing rule inldpwl_drw_Acute
2026-10-11 03:24:51 +0200: Memory Usage (507208K) : Executing rule polyres_drw_Acute
2026-10-11 03:24:51 +0200: Memory Usage (507208K) : Executing rule polyres_pin_Acute
2026-10-11 03:24:51 +0200: Memory Usage (507208K) : Executing rule vmim_drw_Acute
2026-10-11 03:24:51 +0200: Memory Usage (507208K) : Executing rule nbulaycut_drw_Acute
2026-10-11 03:24:51 +0200: Memory Usage (507208K) : Executing rule antmetal1_drw_Acute
2026-10-11 03:24:51 +0200: Memory Usage (507208K) : Executing rule topvia2_drw_Acute
2026-10-11 03:24:51 +0200: Memory Usage (507208K) : Executing rule topmetal2_drw_Acute
2026-10-11 03:24:51 +0200: Memory Usage (507208K) : Executing rule topmetal2_pin_Acute
2026-10-11 03:24:51 +0200: Memory Usage (507208K) : Executing rule topmetal2_mask_Acute
2026-10-11 03:24:51 +0200: Memory Usage (507208K) : Executing rule topmetal2_filler_Acute
2026-10-11 03:24:51 +0200: Memory Usage (507208K) : Executing rule topmetal2_nofill_Acute
2026-10-11 03:24:51 +0200: Memory Usage (507208K) : Executing rule topmetal2_slit_Acute
2026-10-11 03:24:51 +0200: Memory Usage (507208K) : Executing rule topmetal2_noqrc_Acute
2026-10-11 03:24:51 +0200: Memory Usage (507208K) : Executing rule topmetal2_res_Acute
2026-10-11 03:24:51 +0200: Memory Usage (507208K) : Executing rule topmetal2_iprobe_Acute
2026-10-11 03:24:51 +0200: Memory Usage (507208K) : Executing rule topmetal2_diffprb_Acute
2026-10-11 03:24:51 +0200: Memory Usage (507208K) : Executing rule snsring_drw_Acute
2026-10-11 03:24:51 +0200: Memory Usage (507208K) : Executing rule sensor_drw_Acute
2026-10-11 03:24:51 +0200: Memory Usage (507208K) : Executing rule snsarms_drw_Acute
2026-10-11 03:24:51 +0200: Memory Usage (507208K) : Executing rule snscmosvia_drw_Acute
2026-10-11 03:24:51 +0200: Memory Usage (507208K) : Executing rule colwind_drw_Acute
2026-10-11 03:24:51 +0200: Memory Usage (507208K) : Executing rule flm_drw_Acute
2026-10-11 03:24:51 +0200: Memory Usage (507208K) : Executing rule hafniumox_drw_Acute
2026-10-11 03:24:51 +0200: Memory Usage (507208K) : Executing rule memvia_drw_Acute
2026-10-11 03:24:51 +0200: Memory Usage (507208K) : Executing rule thinfilmres_drw_Acute
2026-10-11 03:24:51 +0200: Memory Usage (507208K) : Executing rule rfmem_drw_Acute
2026-10-11 03:24:51 +0200: Memory Usage (507208K) : Executing rule snsbotvia_drw_Acute
2026-10-11 03:24:51 +0200: Memory Usage (507208K) : Executing rule snstopvia_drw_Acute
2026-10-11 03:24:51 +0200: Memory Usage (507208K) : Executing rule deepvia_drw_Acute
2026-10-11 03:24:51 +0200: Memory Usage (507208K) : Executing rule fgetch_drw_Acute
2026-10-11 03:24:51 +0200: Memory Usage (507208K) : Executing rule ctrgat_drw_Acute
2026-10-11 03:24:51 +0200: Memory Usage (507208K) : Executing rule fgimp_drw_Acute
2026-10-11 03:24:51 +0200: Memory Usage (507208K) : Executing rule emwihv_drw_Acute
2026-10-11 03:24:51 +0200: Memory Usage (507208K) : Executing rule lbe_drw_Acute
2026-10-11 03:24:51 +0200: Memory Usage (507208K) : Executing rule alcustop_drw_Acute
2026-10-11 03:24:51 +0200: Memory Usage (507208K) : Executing rule cont_drw_Angle90
2026-10-11 03:24:51 +0200: Memory Usage (509256K) : Executing rule via1_drw_Angle90
2026-10-11 03:24:51 +0200: Memory Usage (509384K) : Executing rule via2_drw_Angle90
2026-10-11 03:24:51 +0200: Memory Usage (509512K) : Executing rule via3_drw_Angle90
2026-10-11 03:24:51 +0200: Memory Usage (509384K) : Executing rule via4_drw_Angle90
2026-10-11 03:24:51 +0200: Memory Usage (509512K) : Executing rule vmim_drw_Angle90
2026-10-11 03:24:51 +0200: Memory Usage (509896K) : Executing rule topvia1_drw_Angle90
2026-10-11 03:24:51 +0200: Memory Usage (509896K) : Executing rule topvia2_drw_Angle90
2026-10-11 03:24:51 +0200: Memory Usage (509896K) : Executing rule gatpoly_drw_Angle45
2026-10-11 03:24:51 +0200: Memory Usage (510024K) : Executing rule activ_drw_Angle45
2026-10-11 03:24:51 +0200: Memory Usage (510152K) : Executing rule metal1_drw_Angle45
2026-10-11 03:24:51 +0200: Memory Usage (510316K) : Executing rule metal2_drw_Angle45
2026-10-11 03:24:51 +0200: Memory Usage (510444K) : Executing rule metal3_drw_Angle45
2026-10-11 03:24:51 +0200: Memory Usage (510444K) : Executing rule metal4_drw_Angle45
2026-10-11 03:24:51 +0200: Memory Usage (510444K) : Executing rule metal5_drw_Angle45
2026-10-11 03:24:51 +0200: Memory Usage (510444K) : Executing rule topmetal1_drw_Angle45
2026-10-11 03:24:51 +0200: Memory Usage (510444K) : Executing rule topmetal2_drw_Angle45
2026-10-11 03:24:51 +0200: Memory Usage (510444K) : Starting 3.2. FORBIDDEN table
2026-10-11 03:24:51 +0200: Memory Usage (510444K) : Executing rule forbidden.biwind
2026-10-11 03:24:51 +0200: Memory Usage (510444K) : Executing rule forbidden.pemwind
2026-10-11 03:24:51 +0200: Memory Usage (510444K) : Executing rule forbidden.baspoly
2026-10-11 03:24:51 +0200: Memory Usage (510444K) : Executing rule forbidden.deepco
2026-10-11 03:24:51 +0200: Memory Usage (510444K) : Executing rule forbidden.pempoly
2026-10-11 03:24:51 +0200: Memory Usage (510444K) : Executing rule forbidden.empoly
2026-10-11 03:24:51 +0200: Memory Usage (510444K) : Executing rule forbidden.ldmos
2026-10-11 03:24:51 +0200: Memory Usage (510444K) : Executing rule forbidden.pbiwind
2026-10-11 03:24:51 +0200: Memory Usage (510444K) : Executing rule forbidden.nodrc
2026-10-11 03:24:52 +0200: Memory Usage (510444K) : Executing rule forbidden.flash
2026-10-11 03:24:52 +0200: Memory Usage (510444K) : Executing rule forbidden.colwind
2026-10-11 03:24:52 +0200: Memory Usage (510444K) : KLayout DRC run for tables 'main' completed in 7.38 seconds
