# Logfile created on 2026-10-11 05:09:19 +0200 by logger.rb/v1.5.3
2026-10-11 05:09:19 +0200: Memory Usage (458104K) : Starting running IHP-SG13G2 KLayout DRC runset on /foss/designs/radar-chip/lna/layout/lna_layout.gds
2026-10-11 05:09:19 +0200: Memory Usage (458104K) : Ruby Version for klayout: 3.2.3
2026-10-11 05:09:19 +0200: Memory Usage (459660K) : Loading database to memory is complete.
2026-10-11 05:09:19 +0200: Memory Usage (459660K) : IHP-SG13G2 KLayout DRC runset output at: /foss/designs/radar-chip/lna/layout/drc_050915_flat/lna_layout_lna_main.lyrdb
2026-10-11 05:09:19 +0200: Memory Usage (459788K) : Evaluate switches.
2026-10-11 05:09:19 +0200: Memory Usage (459788K) : tables selected: main
2026-10-11 05:09:19 +0200: Memory Usage (459788K) : KLayout will use 16 thread(s) in tiling mode.
2026-10-11 05:09:19 +0200: Memory Usage (459788K) : flat mode is enabled.
2026-10-11 05:09:19 +0200: Memory Usage (459788K) : FEOL enabled: true
2026-10-11 05:09:19 +0200: Memory Usage (459788K) : BEOL enabled: true
2026-10-11 05:09:19 +0200: Memory Usage (459788K) : OFFGRID enabled: true
2026-10-11 05:09:19 +0200: Memory Usage (459788K) : ANGLE enabled: true
2026-10-11 05:09:19 +0200: Memory Usage (459788K) : PIN enabled: true
2026-10-11 05:09:19 +0200: Memory Usage (459788K) : FORBIDDEN enabled: true
2026-10-11 05:09:19 +0200: Memory Usage (459788K) : RECOMMENDED enabled: true
2026-10-11 05:09:19 +0200: Memory Usage (459788K) : PreCheck DRC enabled: false
2026-10-11 05:09:19 +0200: Memory Usage (459788K) : CONNECTIVITY_RULES enabled: true.
2026-10-11 05:09:19 +0200: Memory Usage (459788K) : Read in polygons from layers.
2026-10-11 05:09:19 +0200: Memory Usage (460796K) : activ_drw has 20 polygons
2026-10-11 05:09:19 +0200: Memory Usage (460796K) : activ_pin has 0 polygons
2026-10-11 05:09:19 +0200: Memory Usage (460796K) : activ_mask has 4 polygons
2026-10-11 05:09:19 +0200: Memory Usage (460796K) : activ_filler has 0 polygons
2026-10-11 05:09:19 +0200: Memory Usage (460796K) : activ_nofill has 2 polygons
2026-10-11 05:09:19 +0200: Memory Usage (460796K) : activ_opc has 0 polygons
2026-10-11 05:09:19 +0200: Memory Usage (460924K) : activ_iopc has 0 polygons
2026-10-11 05:09:19 +0200: Memory Usage (460924K) : activ_noqrc has 7 polygons
2026-10-11 05:09:19 +0200: Memory Usage (460924K) : biwind_drw has 0 polygons
2026-10-11 05:09:19 +0200: Memory Usage (461052K) : biwind_opc has 0 polygons
2026-10-11 05:09:19 +0200: Memory Usage (461180K) : pemwind_drw has 0 polygons
2026-10-11 05:09:19 +0200: Memory Usage (461308K) : gatpoly_drw has 12 polygons
2026-10-11 05:09:19 +0200: Memory Usage (461436K) : gatpoly_pin has 0 polygons
2026-10-11 05:09:19 +0200: Memory Usage (461436K) : gatpoly_filler has 0 polygons
2026-10-11 05:09:19 +0200: Memory Usage (461564K) : gatpoly_nofill has 2 polygons
2026-10-11 05:09:19 +0200: Memory Usage (461692K) : gatpoly_opc has 0 polygons
2026-10-11 05:09:19 +0200: Memory Usage (461692K) : gatpoly_iopc has 0 polygons
2026-10-11 05:09:19 +0200: Memory Usage (461692K) : gatpoly_noqrc has 0 polygons
2026-10-11 05:09:19 +0200: Memory Usage (464892K) : cont_drw has 12325 polygons
2026-10-11 05:09:19 +0200: Memory Usage (464892K) : cont_opc has 0 polygons
2026-10-11 05:09:19 +0200: Memory Usage (464892K) : nsd_drw has 3 polygons
2026-10-11 05:09:19 +0200: Memory Usage (465084K) : nsd_block has 4 polygons
2026-10-11 05:09:19 +0200: Memory Usage (465084K) : metal1_drw has 46 polygons
2026-10-11 05:09:19 +0200: Memory Usage (465084K) : metal1_pin has 32 polygons
2026-10-11 05:09:19 +0200: Memory Usage (465084K) : metal1_mask has 0 polygons
2026-10-11 05:09:19 +0200: Memory Usage (465084K) : metal1_filler has 0 polygons
2026-10-11 05:09:19 +0200: Memory Usage (465084K) : metal1_nofill has 2 polygons
2026-10-11 05:09:19 +0200: Memory Usage (465084K) : metal1_slit has 0 polygons
2026-10-11 05:09:19 +0200: Memory Usage (465212K) : metal1_text has 0 polygons
2026-10-11 05:09:19 +0200: Memory Usage (465212K) : metal1_opc has 0 polygons
2026-10-11 05:09:19 +0200: Memory Usage (465212K) : metal1_noqrc has 7 polygons
2026-10-11 05:09:19 +0200: Memory Usage (465212K) : metal1_res has 0 polygons
2026-10-11 05:09:19 +0200: Memory Usage (465212K) : metal1_iprobe has 0 polygons
2026-10-11 05:09:19 +0200: Memory Usage (465212K) : metal1_diffprb has 0 polygons
2026-10-11 05:09:19 +0200: Memory Usage (465340K) : passiv_drw has 10 polygons
2026-10-11 05:09:19 +0200: Memory Usage (465340K) : passiv_pin has 0 polygons
2026-10-11 05:09:19 +0200: Memory Usage (465340K) : passiv_sbump has 0 polygons
2026-10-11 05:09:19 +0200: Memory Usage (465340K) : passiv_pillar has 0 polygons
2026-10-11 05:09:19 +0200: Memory Usage (465468K) : passiv_pdl has 0 polygons
2026-10-11 05:09:19 +0200: Memory Usage (465468K) : metal2_drw has 29 polygons
2026-10-11 05:09:19 +0200: Memory Usage (465596K) : metal2_pin has 4 polygons
2026-10-11 05:09:19 +0200: Memory Usage (465724K) : metal2_mask has 0 polygons
2026-10-11 05:09:19 +0200: Memory Usage (465852K) : metal2_filler has 0 polygons
2026-10-11 05:09:19 +0200: Memory Usage (465980K) : metal2_nofill has 2 polygons
2026-10-11 05:09:19 +0200: Memory Usage (465980K) : metal2_slit has 0 polygons
2026-10-11 05:09:20 +0200: Memory Usage (466108K) : metal2_text has 0 polygons
2026-10-11 05:09:20 +0200: Memory Usage (466108K) : metal2_opc has 0 polygons
2026-10-11 05:09:20 +0200: Memory Usage (466236K) : metal2_noqrc has 7 polygons
2026-10-11 05:09:20 +0200: Memory Usage (466236K) : metal2_res has 0 polygons
2026-10-11 05:09:20 +0200: Memory Usage (466364K) : metal2_iprobe has 0 polygons
2026-10-11 05:09:20 +0200: Memory Usage (466492K) : metal2_diffprb has 0 polygons
2026-10-11 05:09:20 +0200: Memory Usage (466492K) : baspoly_drw has 0 polygons
2026-10-11 05:09:20 +0200: Memory Usage (466620K) : baspoly_pin has 0 polygons
2026-10-11 05:09:20 +0200: Memory Usage (466620K) : psd_drw has 22 polygons
2026-10-11 05:09:20 +0200: Memory Usage (466748K) : nldb_drw has 0 polygons
2026-10-11 05:09:20 +0200: Memory Usage (466876K) : digibnd_drw has 0 polygons
2026-10-11 05:09:20 +0200: Memory Usage (466876K) : via1_drw has 592 polygons
2026-10-11 05:09:20 +0200: Memory Usage (467132K) : backmetal1_drw has 0 polygons
2026-10-11 05:09:20 +0200: Memory Usage (467132K) : backmetal1_pin has 0 polygons
2026-10-11 05:09:20 +0200: Memory Usage (467260K) : backmetal1_mask has 0 polygons
2026-10-11 05:09:20 +0200: Memory Usage (467388K) : backmetal1_filler has 0 polygons
2026-10-11 05:09:20 +0200: Memory Usage (467516K) : backmetal1_nofill has 0 polygons
2026-10-11 05:09:20 +0200: Memory Usage (467644K) : backmetal1_slit has 0 polygons
2026-10-11 05:09:20 +0200: Memory Usage (467644K) : backmetal1_text has 0 polygons
2026-10-11 05:09:20 +0200: Memory Usage (467772K) : backmetal1_opc has 0 polygons
2026-10-11 05:09:20 +0200: Memory Usage (467900K) : backmetal1_noqrc has 0 polygons
2026-10-11 05:09:20 +0200: Memory Usage (468028K) : backmetal1_res has 0 polygons
2026-10-11 05:09:20 +0200: Memory Usage (468156K) : backmetal1_iprobe has 0 polygons
2026-10-11 05:09:20 +0200: Memory Usage (468156K) : backmetal1_diffprb has 0 polygons
2026-10-11 05:09:20 +0200: Memory Usage (468156K) : backpassiv_drw has 0 polygons
2026-10-11 05:09:20 +0200: Memory Usage (468156K) : res_drw has 0 polygons
2026-10-11 05:09:20 +0200: Memory Usage (468156K) : sram_drw has 0 polygons
2026-10-11 05:09:20 +0200: Memory Usage (468156K) : trans_drw has 4 polygons
2026-10-11 05:09:20 +0200: Memory Usage (468156K) : ind_drw has 2 polygons
2026-10-11 05:09:20 +0200: Memory Usage (468156K) : ind_pin has 4 polygons
2026-10-11 05:09:20 +0200: Memory Usage (468156K) : ind_text has 4 polygons
2026-10-11 05:09:20 +0200: Memory Usage (468156K) : salblock_drw has 6 polygons
2026-10-11 05:09:20 +0200: Memory Usage (468156K) : via2_drw has 464 polygons
2026-10-11 05:09:20 +0200: Memory Usage (468156K) : metal3_drw has 35 polygons
2026-10-11 05:09:20 +0200: Memory Usage (468156K) : metal3_pin has 0 polygons
2026-10-11 05:09:20 +0200: Memory Usage (468156K) : metal3_mask has 0 polygons
2026-10-11 05:09:20 +0200: Memory Usage (468156K) : metal3_filler has 0 polygons
2026-10-11 05:09:20 +0200: Memory Usage (468156K) : metal3_nofill has 2 polygons
2026-10-11 05:09:20 +0200: Memory Usage (468156K) : metal3_slit has 0 polygons
2026-10-11 05:09:20 +0200: Memory Usage (468156K) : metal3_text has 0 polygons
2026-10-11 05:09:20 +0200: Memory Usage (468156K) : metal3_opc has 0 polygons
2026-10-11 05:09:20 +0200: Memory Usage (468156K) : metal3_noqrc has 7 polygons
2026-10-11 05:09:20 +0200: Memory Usage (468156K) : metal3_res has 0 polygons
2026-10-11 05:09:20 +0200: Memory Usage (468156K) : metal3_iprobe has 0 polygons
2026-10-11 05:09:20 +0200: Memory Usage (468156K) : metal3_diffprb has 0 polygons
2026-10-11 05:09:20 +0200: Memory Usage (468156K) : nwell_drw has 0 polygons
2026-10-11 05:09:20 +0200: Memory Usage (468156K) : nwell_pin has 0 polygons
2026-10-11 05:09:20 +0200: Memory Usage (468156K) : nbulay_drw has 0 polygons
2026-10-11 05:09:20 +0200: Memory Usage (468156K) : nbulay_pin has 0 polygons
2026-10-11 05:09:20 +0200: Memory Usage (468156K) : nbulay_block has 0 polygons
2026-10-11 05:09:20 +0200: Memory Usage (468156K) : emwind_drw has 18 polygons
2026-10-11 05:09:20 +0200: Memory Usage (468156K) : emwind_opc has 0 polygons
2026-10-11 05:09:20 +0200: Memory Usage (468156K) : deepco_drw has 0 polygons
2026-10-11 05:09:20 +0200: Memory Usage (468156K) : deepco_drw has 0 polygons
2026-10-11 05:09:20 +0200: Memory Usage (468156K) : mim_drw has 7 polygons
2026-10-11 05:09:20 +0200: Memory Usage (468156K) : edgeseal_drw has 0 polygons
2026-10-11 05:09:20 +0200: Memory Usage (468156K) : edgeseal_bound has 0 polygons
2026-10-11 05:09:20 +0200: Memory Usage (468156K) : substrate_drw has 5 polygons
2026-10-11 05:09:20 +0200: Memory Usage (468156K) : substrate_text has 0 polygons
2026-10-11 05:09:20 +0200: Memory Usage (468156K) : dfpad_drw has 10 polygons
2026-10-11 05:09:20 +0200: Memory Usage (468156K) : dfpad_pillar has 0 polygons
2026-10-11 05:09:20 +0200: Memory Usage (468156K) : dfpad_sbump has 0 polygons
2026-10-11 05:09:20 +0200: Memory Usage (468156K) : thickgateox_drw has 0 polygons
2026-10-11 05:09:20 +0200: Memory Usage (468156K) : pldb_drw has 0 polygons
2026-10-11 05:09:20 +0200: Memory Usage (468156K) : pwell_drw has 0 polygons
2026-10-11 05:09:20 +0200: Memory Usage (468156K) : pwell_pin has 0 polygons
2026-10-11 05:09:20 +0200: Memory Usage (468156K) : pwell_block has 9 polygons
2026-10-11 05:09:20 +0200: Memory Usage (468156K) : ic_drw has 0 polygons
2026-10-11 05:09:20 +0200: Memory Usage (468540K) : via3_drw has 6336 polygons
2026-10-11 05:09:20 +0200: Memory Usage (468540K) : metal4_drw has 14 polygons
2026-10-11 05:09:20 +0200: Memory Usage (468540K) : metal4_pin has 0 polygons
2026-10-11 05:09:20 +0200: Memory Usage (468540K) : metal4_mask has 0 polygons
2026-10-11 05:09:20 +0200: Memory Usage (468540K) : metal4_filler has 0 polygons
2026-10-11 05:09:20 +0200: Memory Usage (468540K) : metal4_nofill has 2 polygons
2026-10-11 05:09:20 +0200: Memory Usage (468540K) : metal4_slit has 0 polygons
2026-10-11 05:09:20 +0200: Memory Usage (468540K) : metal4_text has 0 polygons
2026-10-11 05:09:20 +0200: Memory Usage (468540K) : metal4_opc has 0 polygons
2026-10-11 05:09:20 +0200: Memory Usage (468540K) : metal4_noqrc has 7 polygons
2026-10-11 05:09:20 +0200: Memory Usage (468540K) : metal4_res has 0 polygons
2026-10-11 05:09:20 +0200: Memory Usage (468540K) : metal4_iprobe has 0 polygons
2026-10-11 05:09:20 +0200: Memory Usage (468540K) : metal4_diffprb has 0 polygons
2026-10-11 05:09:20 +0200: Memory Usage (468540K) : heattrans_drw has 18 polygons
2026-10-11 05:09:20 +0200: Memory Usage (468540K) : heatres_drw has 6 polygons
2026-10-11 05:09:20 +0200: Memory Usage (468540K) : pempoly_drw has 0 polygons
2026-10-11 05:09:20 +0200: Memory Usage (468540K) : fbe_drw has 0 polygons
2026-10-11 05:09:20 +0200: Memory Usage (468540K) : empoly_drw has 0 polygons
2026-10-11 05:09:20 +0200: Memory Usage (468540K) : ldmos_drw has 0 polygons
2026-10-11 05:09:20 +0200: Memory Usage (468540K) : pbiwind_drw has 0 polygons
2026-10-11 05:09:20 +0200: Memory Usage (468540K) : digisub_drw has 0 polygons
2026-10-11 05:09:20 +0200: Memory Usage (468540K) : nodrc_drw has 0 polygons
2026-10-11 05:09:20 +0200: Memory Usage (468540K) : text_drw has 70 polygons
2026-10-11 05:09:20 +0200: Memory Usage (469052K) : via4_drw has 6192 polygons
2026-10-11 05:09:20 +0200: Memory Usage (469052K) : metal5_drw has 27 polygons
2026-10-11 05:09:20 +0200: Memory Usage (469052K) : metal5_pin has 7 polygons
2026-10-11 05:09:20 +0200: Memory Usage (469052K) : metal5_mask has 0 polygons
2026-10-11 05:09:20 +0200: Memory Usage (469052K) : metal5_filler has 0 polygons
2026-10-11 05:09:20 +0200: Memory Usage (469052K) : metal5_nofill has 2 polygons
2026-10-11 05:09:20 +0200: Memory Usage (469052K) : metal5_slit has 0 polygons
2026-10-11 05:09:20 +0200: Memory Usage (469052K) : metal5_text has 0 polygons
2026-10-11 05:09:20 +0200: Memory Usage (469052K) : metal5_opc has 0 polygons
2026-10-11 05:09:20 +0200: Memory Usage (469052K) : metal5_noqrc has 7 polygons
2026-10-11 05:09:20 +0200: Memory Usage (469052K) : metal5_res has 0 polygons
2026-10-11 05:09:20 +0200: Memory Usage (469052K) : metal5_iprobe has 0 polygons
2026-10-11 05:09:20 +0200: Memory Usage (469052K) : metal5_diffprb has 0 polygons
2026-10-11 05:09:20 +0200: Memory Usage (469180K) : radhard_drw has 0 polygons
2026-10-11 05:09:20 +0200: Memory Usage (469308K) : memcap_drw has 0 polygons
2026-10-11 05:09:20 +0200: Memory Usage (469308K) : varicap_drw has 0 polygons
2026-10-11 05:09:20 +0200: Memory Usage (469436K) : flash_drw has 0 polygons
2026-10-11 05:09:20 +0200: Memory Usage (469436K) : intbondvia_drw has 0 polygons
2026-10-11 05:09:20 +0200: Memory Usage (469436K) : intbondmet_drw has 0 polygons
2026-10-11 05:09:20 +0200: Memory Usage (469436K) : devbondvia_drw has 0 polygons
2026-10-11 05:09:20 +0200: Memory Usage (469436K) : devbondmet_drw has 0 polygons
2026-10-11 05:09:20 +0200: Memory Usage (469436K) : devtrench_drw has 0 polygons
2026-10-11 05:09:20 +0200: Memory Usage (469436K) : redist_drw has 0 polygons
2026-10-11 05:09:20 +0200: Memory Usage (469436K) : graphbot_drw has 0 polygons
2026-10-11 05:09:20 +0200: Memory Usage (469436K) : graphtop_drw has 0 polygons
2026-10-11 05:09:20 +0200: Memory Usage (469436K) : antvia1_drw has 0 polygons
2026-10-11 05:09:20 +0200: Memory Usage (469436K) : antmetal2_drw has 0 polygons
2026-10-11 05:09:20 +0200: Memory Usage (469436K) : graphcont_drw has 0 polygons
2026-10-11 05:09:20 +0200: Memory Usage (469436K) : siwg_drw has 0 polygons
2026-10-11 05:09:20 +0200: Memory Usage (469436K) : siwg_filler has 0 polygons
2026-10-11 05:09:20 +0200: Memory Usage (469436K) : siwg_nofill has 0 polygons
2026-10-11 05:09:20 +0200: Memory Usage (469436K) : sigrating_drw has 0 polygons
2026-10-11 05:09:20 +0200: Memory Usage (469436K) : singrating_drw has 0 polygons
2026-10-11 05:09:20 +0200: Memory Usage (469436K) : graphpas_drw has 0 polygons
2026-10-11 05:09:20 +0200: Memory Usage (469436K) : emwind3_drw has 0 polygons
2026-10-11 05:09:20 +0200: Memory Usage (469436K) : emwihv3_drw has 0 polygons
2026-10-11 05:09:20 +0200: Memory Usage (469436K) : redbulay_drw has 0 polygons
2026-10-11 05:09:20 +0200: Memory Usage (469436K) : smos_drw has 0 polygons
2026-10-11 05:09:20 +0200: Memory Usage (469436K) : graphpad_drw has 0 polygons
2026-10-11 05:09:20 +0200: Memory Usage (469436K) : polimide_drw has 0 polygons
2026-10-11 05:09:20 +0200: Memory Usage (469436K) : polimide_pin has 0 polygons
2026-10-11 05:09:20 +0200: Memory Usage (469436K) : recog_drw has 0 polygons
2026-10-11 05:09:20 +0200: Memory Usage (469436K) : recog_pin has 0 polygons
2026-10-11 05:09:20 +0200: Memory Usage (469436K) : recog_esd has 0 polygons
2026-10-11 05:09:20 +0200: Memory Usage (469436K) : recog_diode has 0 polygons
2026-10-11 05:09:20 +0200: Memory Usage (469436K) : recog_tsv has 0 polygons
2026-10-11 05:09:20 +0200: Memory Usage (469436K) : recog_iprobe has 0 polygons
2026-10-11 05:09:20 +0200: Memory Usage (469436K) : recog_diffprb has 0 polygons
2026-10-11 05:09:20 +0200: Memory Usage (469436K) : recog_pillar has 0 polygons
2026-10-11 05:09:20 +0200: Memory Usage (469436K) : recog_sbump has 0 polygons
2026-10-11 05:09:20 +0200: Memory Usage (469436K) : recog_otp has 0 polygons
2026-10-11 05:09:20 +0200: Memory Usage (469436K) : recog_pdiode has 0 polygons
2026-10-11 05:09:20 +0200: Memory Usage (469436K) : recog_mom has 0 polygons
2026-10-11 05:09:20 +0200: Memory Usage (469436K) : recog_momf has 0 polygons
2026-10-11 05:09:20 +0200: Memory Usage (469436K) : recog_pcm has 0 polygons
2026-10-11 05:09:20 +0200: Memory Usage (469436K) : colopen_drw has 0 polygons
2026-10-11 05:09:20 +0200: Memory Usage (469436K) : graphmetal1_drw has 0 polygons
2026-10-11 05:09:20 +0200: Memory Usage (469436K) : graphmetal1_filler has 0 polygons
2026-10-11 05:09:20 +0200: Memory Usage (469436K) : graphmetal1_nofill has 0 polygons
2026-10-11 05:09:20 +0200: Memory Usage (469436K) : graphmetal1_slit has 0 polygons
2026-10-11 05:09:20 +0200: Memory Usage (469436K) : graphmetal1_opc has 0 polygons
2026-10-11 05:09:20 +0200: Memory Usage (469436K) : graphmet1l_drw has 0 polygons
2026-10-11 05:09:20 +0200: Memory Usage (469436K) : graphmet1l_filler has 0 polygons
2026-10-11 05:09:20 +0200: Memory Usage (469436K) : graphmet1l_nofill has 0 polygons
2026-10-11 05:09:20 +0200: Memory Usage (469436K) : graphmet1l_slit has 0 polygons
2026-10-11 05:09:20 +0200: Memory Usage (469436K) : graphmet1l_opc has 0 polygons
2026-10-11 05:09:20 +0200: Memory Usage (469436K) : extblock_drw has 6 polygons
2026-10-11 05:09:20 +0200: Memory Usage (469436K) : nldd_drw has 0 polygons
2026-10-11 05:09:20 +0200: Memory Usage (469436K) : pldd_drw has 0 polygons
2026-10-11 05:09:20 +0200: Memory Usage (469436K) : next_drw has 0 polygons
2026-10-11 05:09:20 +0200: Memory Usage (469436K) : pext_drw has 0 polygons
2026-10-11 05:09:20 +0200: Memory Usage (469436K) : nexthv_drw has 0 polygons
2026-10-11 05:09:20 +0200: Memory Usage (469436K) : pexthv_drw has 0 polygons
2026-10-11 05:09:20 +0200: Memory Usage (469436K) : graphgate_drw has 0 polygons
2026-10-11 05:09:20 +0200: Memory Usage (469436K) : sinwg_drw has 0 polygons
2026-10-11 05:09:20 +0200: Memory Usage (469436K) : sinwg_filler has 0 polygons
2026-10-11 05:09:20 +0200: Memory Usage (469436K) : sinwg_nofill has 0 polygons
2026-10-11 05:09:20 +0200: Memory Usage (469436K) : mempad_drw has 0 polygons
2026-10-11 05:09:21 +0200: Memory Usage (469436K) : topvia1_drw has 2936 polygons
2026-10-11 05:09:21 +0200: Memory Usage (469436K) : topmetal1_drw has 32 polygons
2026-10-11 05:09:21 +0200: Memory Usage (469436K) : topmetal1_pin has 11 polygons
2026-10-11 05:09:21 +0200: Memory Usage (469436K) : topmetal1_mask has 0 polygons
2026-10-11 05:09:21 +0200: Memory Usage (469436K) : topmetal1_filler has 0 polygons
2026-10-11 05:09:21 +0200: Memory Usage (469436K) : topmetal1_nofill has 2 polygons
2026-10-11 05:09:21 +0200: Memory Usage (469436K) : topmetal1_slit has 0 polygons
2026-10-11 05:09:21 +0200: Memory Usage (469436K) : topmetal1_text has 0 polygons
2026-10-11 05:09:21 +0200: Memory Usage (469436K) : topmetal1_noqrc has 7 polygons
2026-10-11 05:09:21 +0200: Memory Usage (469436K) : topmetal1_res has 0 polygons
2026-10-11 05:09:21 +0200: Memory Usage (469436K) : topmetal1_iprobe has 0 polygons
2026-10-11 05:09:21 +0200: Memory Usage (469436K) : topmetal1_diffprb has 0 polygons
2026-10-11 05:09:21 +0200: Memory Usage (469436K) : inldpwl_drw has 0 polygons
2026-10-11 05:09:21 +0200: Memory Usage (469436K) : polyres_drw has 6 polygons
2026-10-11 05:09:21 +0200: Memory Usage (469436K) : polyres_pin has 0 polygons
2026-10-11 05:09:21 +0200: Memory Usage (470972K) : vmim_drw has 8250 polygons
2026-10-11 05:09:21 +0200: Memory Usage (470972K) : nbulaycut_drw has 0 polygons
2026-10-11 05:09:21 +0200: Memory Usage (470972K) : antmetal1_drw has 0 polygons
2026-10-11 05:09:21 +0200: Memory Usage (470972K) : topvia2_drw has 1632 polygons
2026-10-11 05:09:21 +0200: Memory Usage (470972K) : topmetal2_drw has 16 polygons
2026-10-11 05:09:21 +0200: Memory Usage (470972K) : topmetal2_pin has 0 polygons
2026-10-11 05:09:21 +0200: Memory Usage (470972K) : topmetal2_mask has 0 polygons
2026-10-11 05:09:21 +0200: Memory Usage (470972K) : topmetal2_filler has 0 polygons
2026-10-11 05:09:21 +0200: Memory Usage (470972K) : topmetal2_nofill has 2 polygons
2026-10-11 05:09:21 +0200: Memory Usage (470972K) : topmetal2_slit has 0 polygons
2026-10-11 05:09:21 +0200: Memory Usage (470972K) : topmetal2_text has 5 polygons
2026-10-11 05:09:21 +0200: Memory Usage (470972K) : topmetal2_noqrc has 0 polygons
2026-10-11 05:09:21 +0200: Memory Usage (470972K) : topmetal2_res has 0 polygons
2026-10-11 05:09:21 +0200: Memory Usage (471228K) : topmetal2_iprobe has 0 polygons
2026-10-11 05:09:21 +0200: Memory Usage (471228K) : topmetal2_diffprb has 0 polygons
2026-10-11 05:09:21 +0200: Memory Usage (471228K) : snsring_drw has 0 polygons
2026-10-11 05:09:21 +0200: Memory Usage (471356K) : sensor_drw has 0 polygons
2026-10-11 05:09:21 +0200: Memory Usage (471484K) : snsarms_drw has 0 polygons
2026-10-11 05:09:21 +0200: Memory Usage (471612K) : snscmosvia_drw has 0 polygons
2026-10-11 05:09:21 +0200: Memory Usage (471612K) : colwind_drw has 0 polygons
2026-10-11 05:09:21 +0200: Memory Usage (471612K) : flm_drw has 0 polygons
2026-10-11 05:09:21 +0200: Memory Usage (471612K) : hafniumox_drw has 0 polygons
2026-10-11 05:09:21 +0200: Memory Usage (471612K) : memvia_drw has 0 polygons
2026-10-11 05:09:21 +0200: Memory Usage (471612K) : thinfilmres_drw has 0 polygons
2026-10-11 05:09:21 +0200: Memory Usage (471612K) : rfmem_drw has 0 polygons
2026-10-11 05:09:21 +0200: Memory Usage (471612K) : norcx_drw has 2 polygons
2026-10-11 05:09:21 +0200: Memory Usage (471612K) : norcx_m2m3 has 0 polygons
2026-10-11 05:09:21 +0200: Memory Usage (471612K) : norcx_m2m4 has 0 polygons
2026-10-11 05:09:21 +0200: Memory Usage (471612K) : norcx_m2m5 has 0 polygons
2026-10-11 05:09:21 +0200: Memory Usage (471612K) : norcx_m2tm1 has 0 polygons
2026-10-11 05:09:21 +0200: Memory Usage (471612K) : norcx_m2tm2 has 0 polygons
2026-10-11 05:09:21 +0200: Memory Usage (471612K) : norcx_m3m4 has 0 polygons
2026-10-11 05:09:21 +0200: Memory Usage (471612K) : norcx_m3m5 has 0 polygons
2026-10-11 05:09:21 +0200: Memory Usage (471612K) : norcx_m3tm1 has 0 polygons
2026-10-11 05:09:21 +0200: Memory Usage (471612K) : norcx_m3tm2 has 0 polygons
2026-10-11 05:09:21 +0200: Memory Usage (471612K) : norcx_m4m5 has 0 polygons
2026-10-11 05:09:21 +0200: Memory Usage (471612K) : norcx_m4tm1 has 0 polygons
2026-10-11 05:09:21 +0200: Memory Usage (471612K) : norcx_m4tm2 has 0 polygons
2026-10-11 05:09:21 +0200: Memory Usage (471612K) : norcx_m5tm1 has 0 polygons
2026-10-11 05:09:21 +0200: Memory Usage (471612K) : norcx_m5tm2 has 0 polygons
2026-10-11 05:09:21 +0200: Memory Usage (471612K) : norcx_tm1tm2 has 0 polygons
2026-10-11 05:09:21 +0200: Memory Usage (471612K) : norcx_m1sub has 0 polygons
2026-10-11 05:09:21 +0200: Memory Usage (471612K) : norcx_m2sub has 0 polygons
2026-10-11 05:09:21 +0200: Memory Usage (471612K) : norcx_m3sub has 0 polygons
2026-10-11 05:09:21 +0200: Memory Usage (471612K) : norcx_m4sub has 0 polygons
2026-10-11 05:09:21 +0200: Memory Usage (471612K) : norcx_m5sub has 0 polygons
2026-10-11 05:09:21 +0200: Memory Usage (471612K) : norcx_tm1sub has 0 polygons
2026-10-11 05:09:21 +0200: Memory Usage (471612K) : norcx_tm2sub has 0 polygons
2026-10-11 05:09:21 +0200: Memory Usage (471612K) : snsbotvia_drw has 0 polygons
2026-10-11 05:09:21 +0200: Memory Usage (471612K) : snstopvia_drw has 0 polygons
2026-10-11 05:09:21 +0200: Memory Usage (471612K) : deepvia_drw has 0 polygons
2026-10-11 05:09:21 +0200: Memory Usage (471612K) : fgetch_drw has 0 polygons
2026-10-11 05:09:21 +0200: Memory Usage (471612K) : ctrgat_drw has 0 polygons
2026-10-11 05:09:21 +0200: Memory Usage (471612K) : fgimp_drw has 0 polygons
2026-10-11 05:09:21 +0200: Memory Usage (471612K) : emwihv_drw has 0 polygons
2026-10-11 05:09:21 +0200: Memory Usage (471612K) : lbe_drw has 0 polygons
2026-10-11 05:09:21 +0200: Memory Usage (471612K) : alcustop_drw has 0 polygons
2026-10-11 05:09:21 +0200: Memory Usage (471612K) : nometfiller_drw has 0 polygons
2026-10-11 05:09:21 +0200: Memory Usage (471612K) : prboundary_drw has 0 polygons
2026-10-11 05:09:21 +0200: Memory Usage (471612K) : exchange0_drw has 0 polygons
2026-10-11 05:09:21 +0200: Memory Usage (471612K) : exchange0_pin has 0 polygons
2026-10-11 05:09:21 +0200: Memory Usage (471612K) : exchange0_text has 0 polygons
2026-10-11 05:09:21 +0200: Memory Usage (471612K) : exchange1_drw has 0 polygons
2026-10-11 05:09:21 +0200: Memory Usage (471612K) : exchange1_pin has 0 polygons
2026-10-11 05:09:21 +0200: Memory Usage (471612K) : exchange1_text has 0 polygons
2026-10-11 05:09:21 +0200: Memory Usage (471612K) : exchange2_drw has 0 polygons
2026-10-11 05:09:21 +0200: Memory Usage (471612K) : exchange2_pin has 0 polygons
2026-10-11 05:09:21 +0200: Memory Usage (471612K) : exchange2_text has 0 polygons
2026-10-11 05:09:21 +0200: Memory Usage (471612K) : exchange3_drw has 0 polygons
2026-10-11 05:09:21 +0200: Memory Usage (471612K) : exchange3_pin has 0 polygons
2026-10-11 05:09:21 +0200: Memory Usage (471612K) : exchange3_text has 0 polygons
2026-10-11 05:09:21 +0200: Memory Usage (471612K) : exchange4_drw has 0 polygons
2026-10-11 05:09:21 +0200: Memory Usage (471612K) : exchange4_pin has 0 polygons
2026-10-11 05:09:21 +0200: Memory Usage (471612K) : exchange4_text has 0 polygons
2026-10-11 05:09:21 +0200: Memory Usage (471612K) : isonwell_drw has 0 polygons
2026-10-11 05:09:21 +0200: Memory Usage (471612K) : Total no. of polygons in the design is 39304
2026-10-11 05:09:21 +0200: Memory Usage (471612K) : Loaded TECH DRC rules values from /foss/pdks/ihp-sg13g2/libs.tech/klayout/python/sg13g2_pycell_lib/sg13g2_tech_mod.json
2026-10-11 05:09:21 +0200: Memory Usage (471612K) : Loaded default DRC rules values from /foss/pdks/ihp-sg13g2/libs.tech/klayout/tech/drc/rule_decks/sg13g2_tech_default.json
2026-10-11 05:09:21 +0200: Memory Usage (471612K) : The following rules values were missing in tech json and default values were used:
2026-10-11 05:09:21 +0200: Memory Usage (471612K) :   - NW_f1_digibnd
2026-10-11 05:09:21 +0200: Memory Usage (471612K) :   - Cnt_c_digibnd
2026-10-11 05:09:21 +0200: Memory Usage (471612K) :   - Cnt_c_sram
2026-10-11 05:09:21 +0200: Memory Usage (471612K) :   - Sdiod_b
2026-10-11 05:09:21 +0200: Memory Usage (471612K) :   - Sdiod_c
2026-10-11 05:09:21 +0200: Memory Usage (471740K) : Total area of the design is 329000.0 um^2.
2026-10-11 05:09:21 +0200: Memory Usage (471740K) : The design dimensions are 700.0 µm * 470.0 µm.
2026-10-11 05:09:21 +0200: Memory Usage (471740K) : Starting general IHP-SG13G2 derivations.
2026-10-11 05:09:21 +0200: Memory Usage (471740K) : Starting Pwell derivations
2026-10-11 05:09:21 +0200: Memory Usage (471740K) : Starting n-Activ derivations
2026-10-11 05:09:21 +0200: Memory Usage (471740K) : Starting p-Activ derivations
2026-10-11 05:09:21 +0200: Memory Usage (471740K) : Starting ptap derivations
2026-10-11 05:09:21 +0200: Memory Usage (471740K) : Starting ntap derivations
2026-10-11 05:09:21 +0200: Memory Usage (471740K) : Starting pact FET derivations
2026-10-11 05:09:21 +0200: Memory Usage (471740K) : Starting nact FET derivations
2026-10-11 05:09:21 +0200: Memory Usage (471740K) : Starting Gate derivations
2026-10-11 05:09:21 +0200: Memory Usage (471740K) : Starting cont/contbar general derivations
2026-10-11 05:09:21 +0200: Memory Usage (473276K) : Starting pad general derivations
2026-10-11 05:09:21 +0200: Memory Usage (473276K) : Starting schottky_nbl general derivations
2026-10-11 05:09:21 +0200: Memory Usage (473276K) : Starting SVaricap general derivations
2026-10-11 05:09:21 +0200: Memory Usage (473276K) : Starting HBT general derivations
2026-10-11 05:09:21 +0200: Memory Usage (474480K) : Starting IHP-SG13G2 DRC connectivity related derivations.
2026-10-11 05:09:21 +0200: Memory Usage (478576K) : Starting IHP-SG13G2 DRC connectivity setup
2026-10-11 05:09:22 +0200: Memory Usage (479520K) : Starting IHP-SG13G2 DRC rules.
2026-10-11 05:09:22 +0200: Memory Usage (479520K) : Running all FEOL rules
2026-10-11 05:09:22 +0200: Memory Usage (479520K) : Running all BEOL rules
2026-10-11 05:09:22 +0200: Memory Usage (479520K) : Running all PIN rules
2026-10-11 05:09:22 +0200: Memory Usage (479520K) : Running all FORBIDDEN rules
2026-10-11 05:09:22 +0200: Memory Usage (479520K) : Starting 5.1 NWell table
2026-10-11 05:09:22 +0200: Memory Usage (479520K) : Executing rule NW.b
2026-10-11 05:09:22 +0200: Memory Usage (479648K) : Executing rule NW.b1
2026-10-11 05:09:22 +0200: Memory Usage (479648K) : Executing rule NW.f1
2026-10-11 05:09:22 +0200: Memory Usage (479648K) : Executing rule NW.f1.digibnd
2026-10-11 05:09:22 +0200: Memory Usage (479648K) : Starting 5.2 PWell:block
2026-10-11 05:09:22 +0200: Memory Usage (479648K) : Executing rule PWB.e
2026-10-11 05:09:22 +0200: Memory Usage (479816K) : Executing rule PWB.e1
2026-10-11 05:09:22 +0200: Memory Usage (479816K) : Executing rule PWB.f
2026-10-11 05:09:22 +0200: Memory Usage (479944K) : Executing rule PWB.f1
2026-10-11 05:09:22 +0200: Memory Usage (479944K) : Starting 5.3 nBuLay table
2026-10-11 05:09:22 +0200: Memory Usage (479944K) : Executing rule NBL.b
2026-10-11 05:09:22 +0200: Memory Usage (479944K) : Executing rule NBL.c
2026-10-11 05:09:22 +0200: Memory Usage (479944K) : Executing rule NBL.d
2026-10-11 05:09:22 +0200: Memory Usage (479944K) : Executing rule NBL.e
2026-10-11 05:09:22 +0200: Memory Usage (479944K) : Executing rule NBL.f
2026-10-11 05:09:22 +0200: Memory Usage (479944K) : Starting 5.5. Activ table
2026-10-11 05:09:22 +0200: Memory Usage (479944K) : Executing rule Act.a
2026-10-11 05:09:22 +0200: Memory Usage (479944K) : Executing rule Act.b
2026-10-11 05:09:22 +0200: Memory Usage (480088K) : Starting 5.6 Activ:filler table
2026-10-11 05:09:22 +0200: Memory Usage (480088K) : Executing rule AFil.c1
2026-10-11 05:09:22 +0200: Memory Usage (480088K) : Executing rule AFil.c
2026-10-11 05:09:22 +0200: Memory Usage (480088K) : Executing rule AFil.d
2026-10-11 05:09:22 +0200: Memory Usage (480088K) : Executing rule AFil.e
2026-10-11 05:09:22 +0200: Memory Usage (480088K) : Executing rule AFil.j
2026-10-11 05:09:22 +0200: Memory Usage (480088K) : Starting 5.7. ThickGateOx table
2026-10-11 05:09:22 +0200: Memory Usage (480088K) : Executing rule TGO.f
2026-10-11 05:09:22 +0200: Memory Usage (480088K) : Starting 5.8. GatPoly table
2026-10-11 05:09:22 +0200: Memory Usage (480088K) : Executing rule Gat.a
2026-10-11 05:09:22 +0200: Memory Usage (480088K) : Executing rule Gat.b
2026-10-11 05:09:22 +0200: Memory Usage (480088K) : Executing rule Gat.d
2026-10-11 05:09:22 +0200: Memory Usage (480088K) : Executing rule Gat.a1
2026-10-11 05:09:22 +0200: Memory Usage (480088K) : Executing rule Gat.a2
2026-10-11 05:09:22 +0200: Memory Usage (480088K) : Executing rule Gat.g
2026-10-11 05:09:22 +0200: Memory Usage (480232K) : Starting 5.9 GatPoly:filler
2026-10-11 05:09:22 +0200: Memory Usage (481128K) : Executing rule GFil.d
2026-10-11 05:09:22 +0200: Memory Usage (483048K) : Executing rule GFil.e
2026-10-11 05:09:22 +0200: Memory Usage (483048K) : Executing rule GFil.i
2026-10-11 05:09:22 +0200: Memory Usage (483048K) : Starting 5.10 pSD table
2026-10-11 05:09:22 +0200: Memory Usage (483048K) : Executing rule pSD.c1
2026-10-11 05:09:22 +0200: Memory Usage (483048K) : Starting 5.14. Cont table
2026-10-11 05:09:22 +0200: Memory Usage (483048K) : Executing rule Cnt.a
2026-10-11 05:09:22 +0200: Memory Usage (483048K) : Executing rule Cnt.b
2026-10-11 05:09:22 +0200: Memory Usage (483048K) : Executing rule Cnt.c
2026-10-11 05:09:22 +0200: Memory Usage (483048K) : Executing rule Cnt.c.digibnd
2026-10-11 05:09:22 +0200: Memory Usage (483048K) : Executing rule Cnt.c.SRAM
2026-10-11 05:09:22 +0200: Memory Usage (483048K) : Executing rule Cnt.d
2026-10-11 05:09:22 +0200: Memory Usage (483048K) : Executing rule Cnt.e
2026-10-11 05:09:23 +0200: Memory Usage (483688K) : Executing rule Cnt.g1
2026-10-11 05:09:23 +0200: Memory Usage (483688K) : Executing rule Cnt.g2
2026-10-11 05:09:23 +0200: Memory Usage (483688K) : Starting 5.15. ContBar table
2026-10-11 05:09:23 +0200: Memory Usage (483688K) : Executing rule CntB.a
2026-10-11 05:09:23 +0200: Memory Usage (483816K) : Executing rule CntB.a1
2026-10-11 05:09:23 +0200: Memory Usage (483816K) : Executing rule CntB.b1
2026-10-11 05:09:23 +0200: Memory Usage (483816K) : Executing rule CntB.h1
2026-10-11 05:09:23 +0200: Memory Usage (483816K) : Starting 6.1.3 NPN Substrate-Tie table
2026-10-11 05:09:23 +0200: Memory Usage (483816K) : Executing rule npn13G2.bR 
2026-10-11 05:09:23 +0200: Memory Usage (483816K) : Executing rule npn13G2L.cR 
2026-10-11 05:09:23 +0200: Memory Usage (483816K) : Executing rule npn13G2V.cR 
2026-10-11 05:09:23 +0200: Memory Usage (483816K) : Starting 6.7 Schottky diode table
2026-10-11 05:09:23 +0200: Memory Usage (483816K) : Executing rule Sdiod.b
2026-10-11 05:09:23 +0200: Memory Usage (483816K) : Executing rule Sdiod.c
2026-10-11 05:09:23 +0200: Memory Usage (483816K) : Executing rule Sdiod.d
2026-10-11 05:09:23 +0200: Memory Usage (483816K) : Executing rule Sdiod.e
2026-10-11 05:09:23 +0200: Memory Usage (483816K) : Starting 7.2 Latch-up table
2026-10-11 05:09:23 +0200: Memory Usage (483816K) : Executing rule LU.b
2026-10-11 05:09:23 +0200: Memory Usage (483816K) : Starting 5.16. Metal1 table
2026-10-11 05:09:23 +0200: Memory Usage (483816K) : Executing rule M1.a
2026-10-11 05:09:23 +0200: Memory Usage (483816K) : Executing rule M1.b
2026-10-11 05:09:23 +0200: Memory Usage (483816K) : Executing rule M1.e
2026-10-11 05:09:23 +0200: Memory Usage (483816K) : Executing rule M1.f
2026-10-11 05:09:23 +0200: Memory Usage (483816K) : Executing rule M1.g
2026-10-11 05:09:23 +0200: Memory Usage (483816K) : Executing rule M1.i
2026-10-11 05:09:23 +0200: Memory Usage (483816K) : Starting 5.17 Metaln table
2026-10-11 05:09:23 +0200: Memory Usage (483816K) : Executing rule M2.a
2026-10-11 05:09:23 +0200: Memory Usage (483816K) : Executing rule M2.b
2026-10-11 05:09:23 +0200: Memory Usage (483816K) : Executing rule M2.e
2026-10-11 05:09:23 +0200: Memory Usage (483816K) : Executing rule M2.f
2026-10-11 05:09:23 +0200: Memory Usage (483816K) : Executing rule M2.g
2026-10-11 05:09:23 +0200: Memory Usage (483816K) : Executing rule M2.i
2026-10-11 05:09:23 +0200: Memory Usage (483816K) : Executing rule M3.a
2026-10-11 05:09:23 +0200: Memory Usage (483816K) : Executing rule M3.b
2026-10-11 05:09:23 +0200: Memory Usage (483816K) : Executing rule M3.e
2026-10-11 05:09:23 +0200: Memory Usage (483816K) : Executing rule M3.f
2026-10-11 05:09:23 +0200: Memory Usage (483816K) : Executing rule M3.g
2026-10-11 05:09:23 +0200: Memory Usage (483816K) : Executing rule M3.i
2026-10-11 05:09:23 +0200: Memory Usage (483816K) : Executing rule M4.a
2026-10-11 05:09:23 +0200: Memory Usage (483816K) : Executing rule M4.b
2026-10-11 05:09:23 +0200: Memory Usage (483816K) : Executing rule M4.e
2026-10-11 05:09:23 +0200: Memory Usage (483816K) : Executing rule M4.f
2026-10-11 05:09:23 +0200: Memory Usage (483816K) : Executing rule M4.g
2026-10-11 05:09:23 +0200: Memory Usage (483816K) : Executing rule M4.i
2026-10-11 05:09:23 +0200: Memory Usage (483816K) : Executing rule M5.a
2026-10-11 05:09:23 +0200: Memory Usage (483816K) : Executing rule M5.b
2026-10-11 05:09:23 +0200: Memory Usage (483816K) : Executing rule M5.e
2026-10-11 05:09:23 +0200: Memory Usage (483816K) : Executing rule M5.f
2026-10-11 05:09:23 +0200: Memory Usage (483816K) : Executing rule M5.g
2026-10-11 05:09:23 +0200: Memory Usage (483816K) : Executing rule M5.i
2026-10-11 05:09:23 +0200: Memory Usage (483816K) : Starting 5.18 Metaln:filler table
2026-10-11 05:09:23 +0200: Memory Usage (483816K) : Executing rule M1Fil.c
2026-10-11 05:09:23 +0200: Memory Usage (483816K) : Executing rule M1Fil.a2
2026-10-11 05:09:23 +0200: Memory Usage (483816K) : Executing rule M2Fil.c
2026-10-11 05:09:23 +0200: Memory Usage (483816K) : Executing rule M2Fil.a2
2026-10-11 05:09:23 +0200: Memory Usage (483816K) : Executing rule M3Fil.c
2026-10-11 05:09:23 +0200: Memory Usage (483816K) : Executing rule M3Fil.a2
2026-10-11 05:09:23 +0200: Memory Usage (483816K) : Executing rule M4Fil.c
2026-10-11 05:09:23 +0200: Memory Usage (483816K) : Executing rule M4Fil.a2
2026-10-11 05:09:23 +0200: Memory Usage (483816K) : Executing rule M5Fil.c
2026-10-11 05:09:23 +0200: Memory Usage (483816K) : Executing rule M5Fil.a2
2026-10-11 05:09:23 +0200: Memory Usage (483816K) : Starting 5.19. Via1 table
2026-10-11 05:09:23 +0200: Memory Usage (483816K) : Starting 5.19. Via1 table derivations
2026-10-11 05:09:23 +0200: Memory Usage (483816K) : Executing rule V1.a
2026-10-11 05:09:23 +0200: Memory Usage (483816K) : Executing rule V1.b
2026-10-11 05:09:23 +0200: Memory Usage (483816K) : Executing rule V1.c
2026-10-11 05:09:23 +0200: Memory Usage (483816K) : Starting 5.20. Vian table
2026-10-11 05:09:23 +0200: Memory Usage (483816K) : Executing rule V2.a
2026-10-11 05:09:23 +0200: Memory Usage (483816K) : Executing rule V2.b
2026-10-11 05:09:23 +0200: Memory Usage (483816K) : Executing rule V2.c
2026-10-11 05:09:23 +0200: Memory Usage (483816K) : Executing rule V3.a
2026-10-11 05:09:23 +0200: Memory Usage (483816K) : Executing rule V3.b
2026-10-11 05:09:23 +0200: Memory Usage (483816K) : Executing rule V3.c
2026-10-11 05:09:23 +0200: Memory Usage (483816K) : Executing rule V4.a
2026-10-11 05:09:23 +0200: Memory Usage (483816K) : Executing rule V4.b
2026-10-11 05:09:23 +0200: Memory Usage (483816K) : Executing rule V4.c
2026-10-11 05:09:24 +0200: Memory Usage (483816K) : Starting 5.21. TopVia1 table
2026-10-11 05:09:24 +0200: Memory Usage (483816K) : Executing rule TV1.a
2026-10-11 05:09:24 +0200: Memory Usage (483816K) : Executing rule TV1.b
2026-10-11 05:09:24 +0200: Memory Usage (483816K) : Executing rule TV1.c
2026-10-11 05:09:24 +0200: Memory Usage (483816K) : Executing rule TV1.d
2026-10-11 05:09:24 +0200: Memory Usage (483816K) : Starting 5.22. TopMetal1 table
2026-10-11 05:09:24 +0200: Memory Usage (483816K) : Executing rule TM1.a
2026-10-11 05:09:24 +0200: Memory Usage (483816K) : Executing rule TM1.b
2026-10-11 05:09:24 +0200: Memory Usage (483816K) : Starting 5.23 TopMetal1:filler table
2026-10-11 05:09:24 +0200: Memory Usage (483816K) : Executing rule TM1Fil.c
2026-10-11 05:09:24 +0200: Memory Usage (483816K) : Executing rule TM1Fil.a1
2026-10-11 05:09:24 +0200: Memory Usage (483816K) : Starting 5.24. TopVia2 table
2026-10-11 05:09:24 +0200: Memory Usage (483816K) : Executing rule TV2.a
2026-10-11 05:09:24 +0200: Memory Usage (483816K) : Executing rule TV2.b
2026-10-11 05:09:24 +0200: Memory Usage (483816K) : Executing rule TV2.c
2026-10-11 05:09:24 +0200: Memory Usage (483816K) : Executing rule TV2.d
2026-10-11 05:09:24 +0200: Memory Usage (483816K) : Starting 5.25. TopMetal2 table
2026-10-11 05:09:24 +0200: Memory Usage (483816K) : Executing rule TM2.a
2026-10-11 05:09:24 +0200: Memory Usage (483816K) : Executing rule TM2.b
2026-10-11 05:09:24 +0200: Memory Usage (483816K) : Executing rule TM2.bR
2026-10-11 05:09:24 +0200: Memory Usage (483816K) : Starting 5.26 TopMetal2:filler table
2026-10-11 05:09:24 +0200: Memory Usage (483816K) : Executing rule TM2Fil.c
2026-10-11 05:09:24 +0200: Memory Usage (483816K) : Executing rule TM2Fil.a1
2026-10-11 05:09:24 +0200: Memory Usage (483816K) : Starting 5.27. Passiv table
2026-10-11 05:09:24 +0200: Memory Usage (483816K) : Executing rule Pas.a
2026-10-11 05:09:24 +0200: Memory Usage (483816K) : Executing rule Pas.b
2026-10-11 05:09:24 +0200: Memory Usage (483816K) : Executing rule Pas.c
2026-10-11 05:09:24 +0200: Memory Usage (483816K) : Starting 6.9.2 Copper Pillar table
2026-10-11 05:09:24 +0200: Memory Usage (483816K) : Executing rule Padc.a
2026-10-11 05:09:24 +0200: Memory Usage (483816K) : Executing rule Padc.b
2026-10-11 05:09:24 +0200: Memory Usage (483816K) : Executing rule Padc.c
2026-10-11 05:09:24 +0200: Memory Usage (483816K) : Executing rule Padb.f
2026-10-11 05:09:24 +0200: Memory Usage (483816K) : Starting 6.9 Pad table
2026-10-11 05:09:24 +0200: Memory Usage (483816K) : Executing rule Pad.m
2026-10-11 05:09:24 +0200: Memory Usage (483816K) : Executing rule Pad.fR_M1
2026-10-11 05:09:24 +0200: Memory Usage (483816K) : Executing rule Pad.fR_M2
2026-10-11 05:09:24 +0200: Memory Usage (483816K) : Executing rule Pad.fR_M3
2026-10-11 05:09:24 +0200: Memory Usage (483816K) : Executing rule Pad.fR_M4
2026-10-11 05:09:24 +0200: Memory Usage (483816K) : Executing rule Pad.fR_M5
2026-10-11 05:09:24 +0200: Memory Usage (483816K) : Executing rule Pad.fR_TM1
2026-10-11 05:09:24 +0200: Memory Usage (483816K) : Executing rule Pad.fR_TM2
2026-10-11 05:09:24 +0200: Memory Usage (483816K) : Executing rule Pad.i
2026-10-11 05:09:24 +0200: Memory Usage (483816K) : Starting 6.9.1 Solder Bump
2026-10-11 05:09:24 +0200: Memory Usage (483816K) : Executing rule Padb.a
2026-10-11 05:09:24 +0200: Memory Usage (483816K) : Executing rule Padb.b
2026-10-11 05:09:24 +0200: Memory Usage (483816K) : Executing rule Padb.c
2026-10-11 05:09:24 +0200: Memory Usage (483816K) : Executing rule Padb.f
2026-10-11 05:09:24 +0200: Memory Usage (483816K) : Executing rule Padb.d
2026-10-11 05:09:24 +0200: Memory Usage (483816K) : Starting 6.10 Sealring table
2026-10-11 05:09:24 +0200: Memory Usage (483816K) : Executing rule Seal.l
2026-10-11 05:09:24 +0200: Memory Usage (483816K) : Executing rule Seal.n
2026-10-11 05:09:24 +0200: Memory Usage (483816K) : Executing rule seal.b_metal1
2026-10-11 05:09:24 +0200: Memory Usage (483816K) : Executing rule seal.b_metal2
2026-10-11 05:09:24 +0200: Memory Usage (483816K) : Executing rule seal.b_metal3
2026-10-11 05:09:24 +0200: Memory Usage (483816K) : Executing rule seal.b_metal4
2026-10-11 05:09:24 +0200: Memory Usage (483816K) : Executing rule seal.b_metal5
2026-10-11 05:09:25 +0200: Memory Usage (483816K) : Executing rule seal.b_topmetal1
2026-10-11 05:09:25 +0200: Memory Usage (483816K) : Executing rule seal.b_topmetal2
2026-10-11 05:09:25 +0200: Memory Usage (483816K) : Executing rule seal.b_activ
2026-10-11 05:09:25 +0200: Memory Usage (483816K) : Executing rule seal.b_psd
2026-10-11 05:09:25 +0200: Memory Usage (483816K) : Executing rule Seal.k
2026-10-11 05:09:25 +0200: Memory Usage (483816K) : Executing rule Seal.m
2026-10-11 05:09:25 +0200: Memory Usage (483816K) : Starting 6.11 MIM table
2026-10-11 05:09:25 +0200: Memory Usage (483816K) : Executing rule MIM.c
2026-10-11 05:09:25 +0200: Memory Usage (483816K) : Executing rule MIM.d
2026-10-11 05:09:25 +0200: Memory Usage (483816K) : Executing rule MIM.gR
2026-10-11 05:09:25 +0200: Memory Usage (483816K) : Starting 7.3 Metal Slits table
2026-10-11 05:09:25 +0200: Memory Usage (483816K) : Executing rule Slt.e1_M1
2026-10-11 05:09:25 +0200: Memory Usage (483816K) : Executing rule Slt.e1_M2
2026-10-11 05:09:25 +0200: Memory Usage (483816K) : Executing rule Slt.e1_M3
2026-10-11 05:09:25 +0200: Memory Usage (483816K) : Executing rule Slt.e1_M4
2026-10-11 05:09:25 +0200: Memory Usage (483816K) : Executing rule Slt.e1_M5
2026-10-11 05:09:25 +0200: Memory Usage (483816K) : Executing rule Slt.e1_TM1
2026-10-11 05:09:25 +0200: Memory Usage (483816K) : Executing rule Slt.e1_TM2
2026-10-11 05:09:25 +0200: Memory Usage (483816K) : Starting 9.1. LBE table
2026-10-11 05:09:25 +0200: Memory Usage (483816K) : Executing rule LBE.a
2026-10-11 05:09:25 +0200: Memory Usage (483816K) : Executing rule LBE.b
2026-10-11 05:09:25 +0200: Memory Usage (483816K) : Executing rule LBE.b1
2026-10-11 05:09:25 +0200: Memory Usage (483816K) : Executing rule LBE.c
2026-10-11 05:09:25 +0200: Memory Usage (483816K) : Executing rule LBE.d
2026-10-11 05:09:25 +0200: Memory Usage (483816K) : Executing rule LBE.h
2026-10-11 05:09:25 +0200: Memory Usage (483816K) : Starting 7.4. PIN table
2026-10-11 05:09:25 +0200: Memory Usage (483816K) : Executing rule Pin.a
2026-10-11 05:09:25 +0200: Memory Usage (483816K) : Executing rule Pin.b
2026-10-11 05:09:25 +0200: Memory Usage (483816K) : Executing rule Pin.e
2026-10-11 05:09:25 +0200: Memory Usage (483816K) : Executing rule Pin.f_M2
2026-10-11 05:09:25 +0200: Memory Usage (483816K) : Executing rule Pin.f_M3
2026-10-11 05:09:25 +0200: Memory Usage (483816K) : Executing rule Pin.f_M4
2026-10-11 05:09:25 +0200: Memory Usage (483816K) : Executing rule Pin.f_M5
2026-10-11 05:09:25 +0200: Memory Usage (483816K) : Executing rule Pin.g
2026-10-11 05:09:25 +0200: Memory Usage (483816K) : Executing rule Pin.h
2026-10-11 05:09:25 +0200: Memory Usage (483816K) : Starting 3.1. offgrid table
2026-10-11 05:09:25 +0200: Memory Usage (483816K) : Executing rule activ_drw_Offgrid
2026-10-11 05:09:25 +0200: Memory Usage (483816K) : Executing rule activ_mask_Offgrid
2026-10-11 05:09:25 +0200: Memory Usage (483816K) : Executing rule activ_filler_Offgrid
2026-10-11 05:09:25 +0200: Memory Usage (483816K) : Executing rule activ_opc_Offgrid
2026-10-11 05:09:25 +0200: Memory Usage (483816K) : Executing rule activ_iopc_Offgrid
2026-10-11 05:09:25 +0200: Memory Usage (483816K) : Executing rule biwind_drw_Offgrid
2026-10-11 05:09:25 +0200: Memory Usage (483816K) : Executing rule biwind_opc_Offgrid
2026-10-11 05:09:25 +0200: Memory Usage (483816K) : Executing rule pemwind_drw_Offgrid
2026-10-11 05:09:25 +0200: Memory Usage (483816K) : Executing rule gatpoly_drw_Offgrid
2026-10-11 05:09:25 +0200: Memory Usage (483816K) : Executing rule gatpoly_filler_Offgrid
2026-10-11 05:09:25 +0200: Memory Usage (483816K) : Executing rule gatpoly_opc_Offgrid
2026-10-11 05:09:25 +0200: Memory Usage (483816K) : Executing rule gatpoly_iopc_Offgrid
2026-10-11 05:09:25 +0200: Memory Usage (483816K) : Executing rule gatpoly_noqrc_Offgrid
2026-10-11 05:09:25 +0200: Memory Usage (483816K) : Executing rule cont_drw_Offgrid
2026-10-11 05:09:25 +0200: Memory Usage (490856K) : Executing rule cont_opc_Offgrid
2026-10-11 05:09:25 +0200: Memory Usage (491240K) : Executing rule nsd_drw_Offgrid
2026-10-11 05:09:25 +0200: Memory Usage (491752K) : Executing rule nsd_block_Offgrid
2026-10-11 05:09:25 +0200: Memory Usage (492264K) : Executing rule metal1_drw_Offgrid
2026-10-11 05:09:25 +0200: Memory Usage (492776K) : Executing rule metal1_mask_Offgrid
2026-10-11 05:09:25 +0200: Memory Usage (493288K) : Executing rule metal1_filler_Offgrid
2026-10-11 05:09:25 +0200: Memory Usage (493800K) : Executing rule metal1_slit_Offgrid
2026-10-11 05:09:25 +0200: Memory Usage (494312K) : Executing rule metal1_opc_Offgrid
2026-10-11 05:09:25 +0200: Memory Usage (494824K) : Executing rule metal1_noqrc_Offgrid
2026-10-11 05:09:25 +0200: Memory Usage (495208K) : Executing rule metal1_res_Offgrid
2026-10-11 05:09:25 +0200: Memory Usage (495848K) : Executing rule metal1_iprobe_Offgrid
2026-10-11 05:09:25 +0200: Memory Usage (496232K) : Executing rule metal1_diffprb_Offgrid
2026-10-11 05:09:25 +0200: Memory Usage (496232K) : Executing rule passiv_drw_Offgrid
2026-10-11 05:09:25 +0200: Memory Usage (496232K) : Executing rule passiv_pillar_Offgrid
2026-10-11 05:09:25 +0200: Memory Usage (496232K) : Executing rule passiv_sbump_Offgrid
2026-10-11 05:09:25 +0200: Memory Usage (496232K) : Executing rule passiv_pdl_Offgrid
2026-10-11 05:09:25 +0200: Memory Usage (496232K) : Executing rule metal2_drw_Offgrid
2026-10-11 05:09:25 +0200: Memory Usage (496232K) : Executing rule metal2_mask_Offgrid
2026-10-11 05:09:25 +0200: Memory Usage (496232K) : Executing rule metal2_filler_Offgrid
2026-10-11 05:09:25 +0200: Memory Usage (496232K) : Executing rule metal2_slit_Offgrid
2026-10-11 05:09:25 +0200: Memory Usage (496232K) : Executing rule metal2_opc_Offgrid
2026-10-11 05:09:25 +0200: Memory Usage (496232K) : Executing rule metal2_noqrc_Offgrid
2026-10-11 05:09:25 +0200: Memory Usage (496232K) : Executing rule metal2_res_Offgrid
2026-10-11 05:09:25 +0200: Memory Usage (496232K) : Executing rule metal2_iprobe_Offgrid
2026-10-11 05:09:25 +0200: Memory Usage (496232K) : Executing rule metal2_diffprb_Offgrid
2026-10-11 05:09:25 +0200: Memory Usage (496232K) : Executing rule baspoly_drw_Offgrid
2026-10-11 05:09:25 +0200: Memory Usage (496232K) : Executing rule psd_drw_Offgrid
2026-10-11 05:09:25 +0200: Memory Usage (496232K) : Executing rule nldb_drw_Offgrid
2026-10-11 05:09:25 +0200: Memory Usage (496232K) : Executing rule via1_drw_Offgrid
2026-10-11 05:09:25 +0200: Memory Usage (496232K) : Executing rule backmetal1_drw_Offgrid
2026-10-11 05:09:25 +0200: Memory Usage (496232K) : Executing rule backmetal1_mask_Offgrid
2026-10-11 05:09:25 +0200: Memory Usage (496232K) : Executing rule backmetal1_filler_Offgrid
2026-10-11 05:09:25 +0200: Memory Usage (496232K) : Executing rule backmetal1_slit_Offgrid
2026-10-11 05:09:25 +0200: Memory Usage (496232K) : Executing rule backmetal1_opc_Offgrid
2026-10-11 05:09:25 +0200: Memory Usage (496232K) : Executing rule backmetal1_noqrc_Offgrid
2026-10-11 05:09:25 +0200: Memory Usage (496232K) : Executing rule backmetal1_res_Offgrid
2026-10-11 05:09:25 +0200: Memory Usage (496232K) : Executing rule backmetal1_iprobe_Offgrid
2026-10-11 05:09:25 +0200: Memory Usage (496232K) : Executing rule backmetal1_diffprb_Offgrid
2026-10-11 05:09:25 +0200: Memory Usage (496232K) : Executing rule backpassiv_drw_Offgrid
2026-10-11 05:09:25 +0200: Memory Usage (496232K) : Executing rule salblock_drw_Offgrid
2026-10-11 05:09:25 +0200: Memory Usage (496232K) : Executing rule via2_drw_Offgrid
2026-10-11 05:09:25 +0200: Memory Usage (496232K) : Executing rule metal3_drw_Offgrid
2026-10-11 05:09:25 +0200: Memory Usage (496232K) : Executing rule metal3_mask_Offgrid
2026-10-11 05:09:25 +0200: Memory Usage (496232K) : Executing rule metal3_filler_Offgrid
2026-10-11 05:09:25 +0200: Memory Usage (496232K) : Executing rule metal3_slit_Offgrid
2026-10-11 05:09:26 +0200: Memory Usage (496232K) : Executing rule metal3_opc_Offgrid
2026-10-11 05:09:26 +0200: Memory Usage (496232K) : Executing rule metal3_noqrc_Offgrid
2026-10-11 05:09:26 +0200: Memory Usage (496232K) : Executing rule metal3_res_Offgrid
2026-10-11 05:09:26 +0200: Memory Usage (496232K) : Executing rule metal3_iprobe_Offgrid
2026-10-11 05:09:26 +0200: Memory Usage (496232K) : Executing rule metal3_diffprb_Offgrid
2026-10-11 05:09:26 +0200: Memory Usage (496232K) : Executing rule nwell_drw_Offgrid
2026-10-11 05:09:26 +0200: Memory Usage (496232K) : Executing rule nbulay_drw_Offgrid
2026-10-11 05:09:26 +0200: Memory Usage (496232K) : Executing rule nbulay_block_Offgrid
2026-10-11 05:09:26 +0200: Memory Usage (496232K) : Executing rule pwell_drw_Offgrid
2026-10-11 05:09:26 +0200: Memory Usage (496232K) : Executing rule pwell_block_Offgrid
2026-10-11 05:09:26 +0200: Memory Usage (496232K) : Executing rule emwind_drw_Offgrid
2026-10-11 05:09:26 +0200: Memory Usage (496232K) : Executing rule emwind_opc_Offgrid
2026-10-11 05:09:26 +0200: Memory Usage (496232K) : Executing rule deepco_drw_Offgrid
2026-10-11 05:09:26 +0200: Memory Usage (496232K) : Executing rule mim_drw_Offgrid
2026-10-11 05:09:26 +0200: Memory Usage (496232K) : Executing rule substrate_drw_Offgrid
2026-10-11 05:09:26 +0200: Memory Usage (496232K) : Executing rule ic_drw_Offgrid
2026-10-11 05:09:26 +0200: Memory Usage (496232K) : Executing rule via3_drw_Offgrid
2026-10-11 05:09:26 +0200: Memory Usage (496232K) : Executing rule pldb_drw_Offgrid
2026-10-11 05:09:26 +0200: Memory Usage (496232K) : Executing rule metal4_drw_Offgrid
2026-10-11 05:09:26 +0200: Memory Usage (496232K) : Executing rule metal4_mask_Offgrid
2026-10-11 05:09:26 +0200: Memory Usage (496232K) : Executing rule metal4_filler_Offgrid
2026-10-11 05:09:26 +0200: Memory Usage (496232K) : Executing rule metal4_slit_Offgrid
2026-10-11 05:09:26 +0200: Memory Usage (496232K) : Executing rule metal4_opc_Offgrid
2026-10-11 05:09:26 +0200: Memory Usage (496232K) : Executing rule metal4_noqrc_Offgrid
2026-10-11 05:09:26 +0200: Memory Usage (496232K) : Executing rule metal4_res_Offgrid
2026-10-11 05:09:26 +0200: Memory Usage (496232K) : Executing rule metal4_iprobe_Offgrid
2026-10-11 05:09:26 +0200: Memory Usage (496232K) : Executing rule metal4_diffprb_Offgrid
2026-10-11 05:09:26 +0200: Memory Usage (496232K) : Executing rule via4_drw_Offgrid
2026-10-11 05:09:26 +0200: Memory Usage (496232K) : Executing rule metal5_drw_Offgrid
2026-10-11 05:09:26 +0200: Memory Usage (496232K) : Executing rule metal5_mask_Offgrid
2026-10-11 05:09:26 +0200: Memory Usage (496232K) : Executing rule metal5_filler_Offgrid
2026-10-11 05:09:26 +0200: Memory Usage (496232K) : Executing rule metal5_slit_Offgrid
2026-10-11 05:09:26 +0200: Memory Usage (496232K) : Executing rule metal5_opc_Offgrid
2026-10-11 05:09:26 +0200: Memory Usage (496232K) : Executing rule metal5_noqrc_Offgrid
2026-10-11 05:09:26 +0200: Memory Usage (496232K) : Executing rule metal5_res_Offgrid
2026-10-11 05:09:26 +0200: Memory Usage (496232K) : Executing rule metal5_iprobe_Offgrid
2026-10-11 05:09:26 +0200: Memory Usage (496232K) : Executing rule metal5_diffprb_Offgrid
2026-10-11 05:09:26 +0200: Memory Usage (496232K) : Executing rule prboundary_drw_Offgrid
2026-10-11 05:09:26 +0200: Memory Usage (496232K) : Executing rule exchange0_drw_Offgrid
2026-10-11 05:09:26 +0200: Memory Usage (496232K) : Executing rule exchange1_drw_Offgrid
2026-10-11 05:09:26 +0200: Memory Usage (496232K) : Executing rule exchange2_drw_Offgrid
2026-10-11 05:09:26 +0200: Memory Usage (496232K) : Executing rule exchange3_drw_Offgrid
2026-10-11 05:09:26 +0200: Memory Usage (496232K) : Executing rule exchange4_drw_Offgrid
2026-10-11 05:09:26 +0200: Memory Usage (496232K) : Executing rule isonwell_drw_Offgrid
2026-10-11 05:09:26 +0200: Memory Usage (496232K) : Executing rule thickgateox_drw_Offgrid
2026-10-11 05:09:26 +0200: Memory Usage (496232K) : Executing rule pempoly_drw_Offgrid
2026-10-11 05:09:26 +0200: Memory Usage (496360K) : Executing rule fbe_drw_Offgrid
2026-10-11 05:09:26 +0200: Memory Usage (496488K) : Executing rule empoly_drw_Offgrid
2026-10-11 05:09:26 +0200: Memory Usage (497000K) : Executing rule ldmos_drw_Offgrid
2026-10-11 05:09:26 +0200: Memory Usage (497512K) : Executing rule pbiwind_drw_Offgrid
2026-10-11 05:09:26 +0200: Memory Usage (498024K) : Executing rule colopen_drw_Offgrid
2026-10-11 05:09:26 +0200: Memory Usage (498408K) : Executing rule extblock_drw_Offgrid
2026-10-11 05:09:26 +0200: Memory Usage (499048K) : Executing rule nldd_drw_Offgrid
2026-10-11 05:09:26 +0200: Memory Usage (499560K) : Executing rule pldd_drw_Offgrid
2026-10-11 05:09:26 +0200: Memory Usage (500072K) : Executing rule next_drw_Offgrid
2026-10-11 05:09:26 +0200: Memory Usage (500584K) : Executing rule pext_drw_Offgrid
2026-10-11 05:09:26 +0200: Memory Usage (501096K) : Executing rule nexthv_drw_Offgrid
2026-10-11 05:09:26 +0200: Memory Usage (501608K) : Executing rule pexthv_drw_Offgrid
2026-10-11 05:09:26 +0200: Memory Usage (502120K) : Executing rule graphgate_drw_Offgrid
2026-10-11 05:09:26 +0200: Memory Usage (502248K) : Executing rule mempad_drw_Offgrid
2026-10-11 05:09:26 +0200: Memory Usage (502248K) : Executing rule topvia1_drw_Offgrid
2026-10-11 05:09:26 +0200: Memory Usage (502248K) : Executing rule topmetal1_drw_Offgrid
2026-10-11 05:09:26 +0200: Memory Usage (502248K) : Executing rule topmetal1_mask_Offgrid
2026-10-11 05:09:26 +0200: Memory Usage (502248K) : Executing rule topmetal1_filler_Offgrid
2026-10-11 05:09:26 +0200: Memory Usage (502248K) : Executing rule topmetal1_slit_Offgrid
2026-10-11 05:09:26 +0200: Memory Usage (502248K) : Executing rule topmetal1_noqrc_Offgrid
2026-10-11 05:09:26 +0200: Memory Usage (502248K) : Executing rule topmetal1_res_Offgrid
2026-10-11 05:09:26 +0200: Memory Usage (502248K) : Executing rule topmetal1_iprobe_Offgrid
2026-10-11 05:09:26 +0200: Memory Usage (502248K) : Executing rule topmetal1_diffprb_Offgrid
2026-10-11 05:09:26 +0200: Memory Usage (502248K) : Executing rule inldpwl_drw_Offgrid
2026-10-11 05:09:26 +0200: Memory Usage (502248K) : Executing rule polyres_drw_Offgrid
2026-10-11 05:09:26 +0200: Memory Usage (502248K) : Executing rule vmim_drw_Offgrid
2026-10-11 05:09:26 +0200: Memory Usage (502504K) : Executing rule nbulaycut_drw_Offgrid
2026-10-11 05:09:26 +0200: Memory Usage (502504K) : Executing rule antmetal1_drw_Offgrid
2026-10-11 05:09:26 +0200: Memory Usage (502504K) : Executing rule topvia2_drw_Offgrid
2026-10-11 05:09:26 +0200: Memory Usage (502504K) : Executing rule topmetal2_drw_Offgrid
2026-10-11 05:09:26 +0200: Memory Usage (502632K) : Executing rule topmetal2_mask_Offgrid
2026-10-11 05:09:26 +0200: Memory Usage (502632K) : Executing rule topmetal2_filler_Offgrid
2026-10-11 05:09:26 +0200: Memory Usage (502632K) : Executing rule topmetal2_slit_Offgrid
2026-10-11 05:09:26 +0200: Memory Usage (502632K) : Executing rule topmetal2_noqrc_Offgrid
2026-10-11 05:09:27 +0200: Memory Usage (502760K) : Executing rule topmetal2_res_Offgrid
2026-10-11 05:09:27 +0200: Memory Usage (502760K) : Executing rule topmetal2_iprobe_Offgrid
2026-10-11 05:09:27 +0200: Memory Usage (502760K) : Executing rule topmetal2_diffprb_Offgrid
2026-10-11 05:09:27 +0200: Memory Usage (502760K) : Executing rule snsring_drw_Offgrid
2026-10-11 05:09:27 +0200: Memory Usage (502888K) : Executing rule sensor_drw_Offgrid
2026-10-11 05:09:27 +0200: Memory Usage (502888K) : Executing rule snsarms_drw_Offgrid
2026-10-11 05:09:27 +0200: Memory Usage (502888K) : Executing rule snscmosvia_drw_Offgrid
2026-10-11 05:09:27 +0200: Memory Usage (502888K) : Executing rule colwind_drw_Offgrid
2026-10-11 05:09:27 +0200: Memory Usage (503016K) : Executing rule flm_drw_Offgrid
2026-10-11 05:09:27 +0200: Memory Usage (503016K) : Executing rule hafniumox_drw_Offgrid
2026-10-11 05:09:27 +0200: Memory Usage (503016K) : Executing rule memvia_drw_Offgrid
2026-10-11 05:09:27 +0200: Memory Usage (503016K) : Executing rule thinfilmres_drw_Offgrid
2026-10-11 05:09:27 +0200: Memory Usage (503144K) : Executing rule rfmem_drw_Offgrid
2026-10-11 05:09:27 +0200: Memory Usage (503144K) : Executing rule snsbotvia_drw_Offgrid
2026-10-11 05:09:27 +0200: Memory Usage (503144K) : Executing rule snstopvia_drw_Offgrid
2026-10-11 05:09:27 +0200: Memory Usage (503144K) : Executing rule deepvia_drw_Offgrid
2026-10-11 05:09:27 +0200: Memory Usage (503272K) : Executing rule fgetch_drw_Offgrid
2026-10-11 05:09:27 +0200: Memory Usage (503272K) : Executing rule ctrgat_drw_Offgrid
2026-10-11 05:09:27 +0200: Memory Usage (503272K) : Executing rule fgimp_drw_Offgrid
2026-10-11 05:09:27 +0200: Memory Usage (503272K) : Executing rule emwihv_drw_Offgrid
2026-10-11 05:09:27 +0200: Memory Usage (503400K) : Executing rule lbe_drw_Offgrid
2026-10-11 05:09:27 +0200: Memory Usage (503528K) : Executing rule alcustop_drw_Offgrid
2026-10-11 05:09:27 +0200: Memory Usage (503912K) : Starting 3.2. angle table
2026-10-11 05:09:27 +0200: Memory Usage (503912K) : Executing rule activ_drw_Acute
2026-10-11 05:09:27 +0200: Memory Usage (503912K) : Executing rule activ_pin_Acute
2026-10-11 05:09:27 +0200: Memory Usage (503912K) : Executing rule activ_mask_Acute
2026-10-11 05:09:27 +0200: Memory Usage (503912K) : Executing rule activ_filler_Acute
2026-10-11 05:09:27 +0200: Memory Usage (503912K) : Executing rule activ_nofill_Acute
2026-10-11 05:09:27 +0200: Memory Usage (503912K) : Executing rule activ_opc_Acute
2026-10-11 05:09:27 +0200: Memory Usage (503912K) : Executing rule activ_iopc_Acute
2026-10-11 05:09:27 +0200: Memory Usage (503912K) : Executing rule activ_noqrc_Acute
2026-10-11 05:09:27 +0200: Memory Usage (503912K) : Executing rule biwind_drw_Acute
2026-10-11 05:09:27 +0200: Memory Usage (503912K) : Executing rule biwind_opc_Acute
2026-10-11 05:09:27 +0200: Memory Usage (503912K) : Executing rule pemwind_drw_Acute
2026-10-11 05:09:27 +0200: Memory Usage (503912K) : Executing rule gatpoly_drw_Acute
2026-10-11 05:09:27 +0200: Memory Usage (503912K) : Executing rule gatpoly_pin_Acute
2026-10-11 05:09:27 +0200: Memory Usage (503912K) : Executing rule gatpoly_filler_Acute
2026-10-11 05:09:27 +0200: Memory Usage (503912K) : Executing rule gatpoly_nofill_Acute
2026-10-11 05:09:27 +0200: Memory Usage (503912K) : Executing rule gatpoly_opc_Acute
2026-10-11 05:09:27 +0200: Memory Usage (503912K) : Executing rule gatpoly_iopc_Acute
2026-10-11 05:09:27 +0200: Memory Usage (503912K) : Executing rule gatpoly_noqrc_Acute
2026-10-11 05:09:27 +0200: Memory Usage (503912K) : Executing rule cont_drw_Acute
2026-10-11 05:09:27 +0200: Memory Usage (504424K) : Executing rule cont_opc_Acute
2026-10-11 05:09:27 +0200: Memory Usage (504424K) : Executing rule nsd_drw_Acute
2026-10-11 05:09:27 +0200: Memory Usage (504424K) : Executing rule nsd_block_Acute
2026-10-11 05:09:27 +0200: Memory Usage (504424K) : Executing rule metal1_drw_Acute
2026-10-11 05:09:27 +0200: Memory Usage (504424K) : Executing rule metal1_pin_Acute
2026-10-11 05:09:27 +0200: Memory Usage (504424K) : Executing rule metal1_mask_Acute
2026-10-11 05:09:27 +0200: Memory Usage (504424K) : Executing rule metal1_filler_Acute
2026-10-11 05:09:27 +0200: Memory Usage (504424K) : Executing rule metal1_nofill_Acute
2026-10-11 05:09:27 +0200: Memory Usage (504424K) : Executing rule metal1_slit_Acute
2026-10-11 05:09:27 +0200: Memory Usage (504424K) : Executing rule metal1_opc_Acute
2026-10-11 05:09:27 +0200: Memory Usage (504424K) : Executing rule metal1_noqrc_Acute
2026-10-11 05:09:27 +0200: Memory Usage (504424K) : Executing rule metal1_res_Acute
2026-10-11 05:09:27 +0200: Memory Usage (504424K) : Executing rule metal1_iprobe_Acute
2026-10-11 05:09:27 +0200: Memory Usage (504424K) : Executing rule metal1_diffprb_Acute
2026-10-11 05:09:27 +0200: Memory Usage (504424K) : Executing rule passiv_drw_Acute
2026-10-11 05:09:27 +0200: Memory Usage (504424K) : Executing rule passiv_pin_Acute
2026-10-11 05:09:27 +0200: Memory Usage (504424K) : Executing rule passiv_pillar_Acute
2026-10-11 05:09:27 +0200: Memory Usage (504424K) : Executing rule passiv_sbump_Acute
2026-10-11 05:09:27 +0200: Memory Usage (504424K) : Executing rule passiv_pdl_Acute
2026-10-11 05:09:27 +0200: Memory Usage (504424K) : Executing rule metal2_drw_Acute
2026-10-11 05:09:27 +0200: Memory Usage (504424K) : Executing rule metal2_pin_Acute
2026-10-11 05:09:27 +0200: Memory Usage (504424K) : Executing rule metal2_mask_Acute
2026-10-11 05:09:27 +0200: Memory Usage (504424K) : Executing rule metal2_filler_Acute
2026-10-11 05:09:27 +0200: Memory Usage (504424K) : Executing rule metal2_nofill_Acute
2026-10-11 05:09:27 +0200: Memory Usage (504424K) : Executing rule metal2_slit_Acute
2026-10-11 05:09:27 +0200: Memory Usage (504936K) : Executing rule metal2_opc_Acute
2026-10-11 05:09:27 +0200: Memory Usage (505448K) : Executing rule metal2_noqrc_Acute
2026-10-11 05:09:27 +0200: Memory Usage (506088K) : Executing rule metal2_res_Acute
2026-10-11 05:09:27 +0200: Memory Usage (506344K) : Executing rule metal2_iprobe_Acute
2026-10-11 05:09:27 +0200: Memory Usage (506344K) : Executing rule metal2_diffprb_Acute
2026-10-11 05:09:27 +0200: Memory Usage (506344K) : Executing rule baspoly_drw_Acute
2026-10-11 05:09:27 +0200: Memory Usage (506344K) : Executing rule baspoly_pin_Acute
2026-10-11 05:09:27 +0200: Memory Usage (506344K) : Executing rule psd_drw_Acute
2026-10-11 05:09:27 +0200: Memory Usage (506344K) : Executing rule nldb_drw_Acute
2026-10-11 05:09:27 +0200: Memory Usage (506344K) : Executing rule via1_drw_Acute
2026-10-11 05:09:27 +0200: Memory Usage (506344K) : Executing rule backmetal1_drw_Acute
2026-10-11 05:09:27 +0200: Memory Usage (506344K) : Executing rule backmetal1_pin_Acute
2026-10-11 05:09:27 +0200: Memory Usage (506344K) : Executing rule backmetal1_mask_Acute
2026-10-11 05:09:27 +0200: Memory Usage (506344K) : Executing rule backmetal1_filler_Acute
2026-10-11 05:09:27 +0200: Memory Usage (506344K) : Executing rule backmetal1_nofill_Acute
2026-10-11 05:09:27 +0200: Memory Usage (506344K) : Executing rule backmetal1_slit_Acute
2026-10-11 05:09:27 +0200: Memory Usage (506344K) : Executing rule backmetal1_opc_Acute
2026-10-11 05:09:27 +0200: Memory Usage (506344K) : Executing rule backmetal1_noqrc_Acute
2026-10-11 05:09:28 +0200: Memory Usage (506344K) : Executing rule backmetal1_res_Acute
2026-10-11 05:09:28 +0200: Memory Usage (506344K) : Executing rule backmetal1_iprobe_Acute
2026-10-11 05:09:28 +0200: Memory Usage (506344K) : Executing rule backmetal1_diffprb_Acute
2026-10-11 05:09:28 +0200: Memory Usage (506344K) : Executing rule backpassiv_drw_Acute
2026-10-11 05:09:28 +0200: Memory Usage (506344K) : Executing rule salblock_drw_Acute
2026-10-11 05:09:28 +0200: Memory Usage (506344K) : Executing rule via2_drw_Acute
2026-10-11 05:09:28 +0200: Memory Usage (506344K) : Executing rule metal3_drw_Acute
2026-10-11 05:09:28 +0200: Memory Usage (506344K) : Executing rule metal3_pin_Acute
2026-10-11 05:09:28 +0200: Memory Usage (506344K) : Executing rule metal3_mask_Acute
2026-10-11 05:09:28 +0200: Memory Usage (506344K) : Executing rule metal3_filler_Acute
2026-10-11 05:09:28 +0200: Memory Usage (506344K) : Executing rule metal3_nofill_Acute
2026-10-11 05:09:28 +0200: Memory Usage (506344K) : Executing rule metal3_slit_Acute
2026-10-11 05:09:28 +0200: Memory Usage (506344K) : Executing rule metal3_opc_Acute
2026-10-11 05:09:28 +0200: Memory Usage (506344K) : Executing rule metal3_noqrc_Acute
2026-10-11 05:09:28 +0200: Memory Usage (506344K) : Executing rule metal3_res_Acute
2026-10-11 05:09:28 +0200: Memory Usage (506344K) : Executing rule metal3_iprobe_Acute
2026-10-11 05:09:28 +0200: Memory Usage (506344K) : Executing rule metal3_diffprb_Acute
2026-10-11 05:09:28 +0200: Memory Usage (506344K) : Executing rule nwell_drw_Acute
2026-10-11 05:09:28 +0200: Memory Usage (506344K) : Executing rule nwell_pin_Acute
2026-10-11 05:09:28 +0200: Memory Usage (506344K) : Executing rule nbulay_drw_Acute
2026-10-11 05:09:28 +0200: Memory Usage (506344K) : Executing rule nbulay_pin_Acute
2026-10-11 05:09:28 +0200: Memory Usage (506344K) : Executing rule nbulay_block_Acute
2026-10-11 05:09:28 +0200: Memory Usage (506344K) : Executing rule pwell_drw_Acute
2026-10-11 05:09:28 +0200: Memory Usage (506344K) : Executing rule pwell_pin_Acute
2026-10-11 05:09:28 +0200: Memory Usage (506472K) : Executing rule pwell_block_Acute
2026-10-11 05:09:28 +0200: Memory Usage (506472K) : Executing rule emwind_drw_Acute
2026-10-11 05:09:28 +0200: Memory Usage (506472K) : Executing rule emwind_opc_Acute
2026-10-11 05:09:28 +0200: Memory Usage (506472K) : Executing rule deepco_drw_Acute
2026-10-11 05:09:28 +0200: Memory Usage (506472K) : Executing rule mim_drw_Acute
2026-10-11 05:09:28 +0200: Memory Usage (506472K) : Executing rule substrate_drw_Acute
2026-10-11 05:09:28 +0200: Memory Usage (506472K) : Executing rule ic_drw_Acute
2026-10-11 05:09:28 +0200: Memory Usage (506472K) : Executing rule via3_drw_Acute
2026-10-11 05:09:28 +0200: Memory Usage (506472K) : Executing rule pldb_drw_Acute
2026-10-11 05:09:28 +0200: Memory Usage (506472K) : Executing rule metal4_drw_Acute
2026-10-11 05:09:28 +0200: Memory Usage (506472K) : Executing rule metal4_pin_Acute
2026-10-11 05:09:28 +0200: Memory Usage (506472K) : Executing rule metal4_mask_Acute
2026-10-11 05:09:28 +0200: Memory Usage (506472K) : Executing rule metal4_filler_Acute
2026-10-11 05:09:28 +0200: Memory Usage (506472K) : Executing rule metal4_nofill_Acute
2026-10-11 05:09:28 +0200: Memory Usage (506472K) : Executing rule metal4_slit_Acute
2026-10-11 05:09:28 +0200: Memory Usage (506472K) : Executing rule metal4_opc_Acute
2026-10-11 05:09:28 +0200: Memory Usage (506472K) : Executing rule metal4_noqrc_Acute
2026-10-11 05:09:28 +0200: Memory Usage (506472K) : Executing rule metal4_res_Acute
2026-10-11 05:09:28 +0200: Memory Usage (506472K) : Executing rule metal4_iprobe_Acute
2026-10-11 05:09:28 +0200: Memory Usage (506472K) : Executing rule metal4_diffprb_Acute
2026-10-11 05:09:28 +0200: Memory Usage (506472K) : Executing rule via4_drw_Acute
2026-10-11 05:09:28 +0200: Memory Usage (506600K) : Executing rule metal5_drw_Acute
2026-10-11 05:09:28 +0200: Memory Usage (506600K) : Executing rule metal5_pin_Acute
2026-10-11 05:09:28 +0200: Memory Usage (506600K) : Executing rule metal5_mask_Acute
2026-10-11 05:09:28 +0200: Memory Usage (506600K) : Executing rule metal5_filler_Acute
2026-10-11 05:09:28 +0200: Memory Usage (506600K) : Executing rule metal5_nofill_Acute
2026-10-11 05:09:28 +0200: Memory Usage (506600K) : Executing rule metal5_slit_Acute
2026-10-11 05:09:28 +0200: Memory Usage (506600K) : Executing rule metal5_opc_Acute
2026-10-11 05:09:28 +0200: Memory Usage (506600K) : Executing rule metal5_noqrc_Acute
2026-10-11 05:09:28 +0200: Memory Usage (506600K) : Executing rule metal5_res_Acute
2026-10-11 05:09:28 +0200: Memory Usage (506600K) : Executing rule metal5_iprobe_Acute
2026-10-11 05:09:28 +0200: Memory Usage (506600K) : Executing rule metal5_diffprb_Acute
2026-10-11 05:09:28 +0200: Memory Usage (506600K) : Executing rule prboundary_drw_Acute
2026-10-11 05:09:28 +0200: Memory Usage (506600K) : Executing rule exchange0_drw_Acute
2026-10-11 05:09:28 +0200: Memory Usage (506600K) : Executing rule exchange0_pin_Acute
2026-10-11 05:09:28 +0200: Memory Usage (506600K) : Executing rule exchange1_drw_Acute
2026-10-11 05:09:28 +0200: Memory Usage (506600K) : Executing rule exchange1_pin_Acute
2026-10-11 05:09:28 +0200: Memory Usage (506600K) : Executing rule exchange2_drw_Acute
2026-10-11 05:09:28 +0200: Memory Usage (506600K) : Executing rule exchange2_pin_Acute
2026-10-11 05:09:28 +0200: Memory Usage (506600K) : Executing rule exchange3_drw_Acute
2026-10-11 05:09:28 +0200: Memory Usage (506600K) : Executing rule exchange3_pin_Acute
2026-10-11 05:09:28 +0200: Memory Usage (506600K) : Executing rule exchange4_drw_Acute
2026-10-11 05:09:28 +0200: Memory Usage (506600K) : Executing rule exchange4_pin_Acute
2026-10-11 05:09:28 +0200: Memory Usage (506600K) : Executing rule isonwell_drw_Acute
2026-10-11 05:09:28 +0200: Memory Usage (506600K) : Executing rule thickgateox_drw_Acute
2026-10-11 05:09:28 +0200: Memory Usage (506600K) : Executing rule pempoly_drw_Acute
2026-10-11 05:09:28 +0200: Memory Usage (506600K) : Executing rule fbe_drw_Acute
2026-10-11 05:09:28 +0200: Memory Usage (506600K) : Executing rule empoly_drw_Acute
2026-10-11 05:09:29 +0200: Memory Usage (506600K) : Executing rule ldmos_drw_Acute
2026-10-11 05:09:29 +0200: Memory Usage (506600K) : Executing rule pbiwind_drw_Acute
2026-10-11 05:09:29 +0200: Memory Usage (506600K) : Executing rule colopen_drw_Acute
2026-10-11 05:09:29 +0200: Memory Usage (506600K) : Executing rule extblock_drw_Acute
2026-10-11 05:09:29 +0200: Memory Usage (506600K) : Executing rule nldd_drw_Acute
2026-10-11 05:09:29 +0200: Memory Usage (506600K) : Executing rule pldd_drw_Acute
2026-10-11 05:09:29 +0200: Memory Usage (506600K) : Executing rule next_drw_Acute
2026-10-11 05:09:29 +0200: Memory Usage (506600K) : Executing rule pext_drw_Acute
2026-10-11 05:09:29 +0200: Memory Usage (506600K) : Executing rule nexthv_drw_Acute
2026-10-11 05:09:29 +0200: Memory Usage (506600K) : Executing rule pexthv_drw_Acute
2026-10-11 05:09:29 +0200: Memory Usage (506600K) : Executing rule graphgate_drw_Acute
2026-10-11 05:09:29 +0200: Memory Usage (506600K) : Executing rule mempad_drw_Acute
2026-10-11 05:09:29 +0200: Memory Usage (506600K) : Executing rule topvia1_drw_Acute
2026-10-11 05:09:29 +0200: Memory Usage (506600K) : Executing rule topmetal1_drw_Acute
2026-10-11 05:09:29 +0200: Memory Usage (506600K) : Executing rule topmetal1_pin_Acute
2026-10-11 05:09:29 +0200: Memory Usage (506600K) : Executing rule topmetal1_mask_Acute
2026-10-11 05:09:29 +0200: Memory Usage (506600K) : Executing rule topmetal1_filler_Acute
2026-10-11 05:09:29 +0200: Memory Usage (506600K) : Executing rule topmetal1_nofill_Acute
2026-10-11 05:09:29 +0200: Memory Usage (506600K) : Executing rule topmetal1_slit_Acute
2026-10-11 05:09:29 +0200: Memory Usage (506600K) : Executing rule topmetal1_noqrc_Acute
2026-10-11 05:09:29 +0200: Memory Usage (506600K) : Executing rule topmetal1_res_Acute
2026-10-11 05:09:29 +0200: Memory Usage (506600K) : Executing rule topmetal1_iprobe_Acute
2026-10-11 05:09:29 +0200: Memory Usage (506600K) : Executing rule topmetal1_diffprb_Acute
2026-10-11 05:09:29 +0200: Memory Usage (506600K) : Executing rule inldpwl_drw_Acute
2026-10-11 05:09:29 +0200: Memory Usage (506600K) : Executing rule polyres_drw_Acute
2026-10-11 05:09:29 +0200: Memory Usage (506600K) : Executing rule polyres_pin_Acute
2026-10-11 05:09:29 +0200: Memory Usage (506600K) : Executing rule vmim_drw_Acute
2026-10-11 05:09:29 +0200: Memory Usage (506600K) : Executing rule nbulaycut_drw_Acute
2026-10-11 05:09:29 +0200: Memory Usage (506600K) : Executing rule antmetal1_drw_Acute
2026-10-11 05:09:29 +0200: Memory Usage (506600K) : Executing rule topvia2_drw_Acute
2026-10-11 05:09:29 +0200: Memory Usage (506600K) : Executing rule topmetal2_drw_Acute
2026-10-11 05:09:29 +0200: Memory Usage (506600K) : Executing rule topmetal2_pin_Acute
2026-10-11 05:09:29 +0200: Memory Usage (506600K) : Executing rule topmetal2_mask_Acute
2026-10-11 05:09:29 +0200: Memory Usage (506600K) : Executing rule topmetal2_filler_Acute
2026-10-11 05:09:29 +0200: Memory Usage (506600K) : Executing rule topmetal2_nofill_Acute
2026-10-11 05:09:29 +0200: Memory Usage (506600K) : Executing rule topmetal2_slit_Acute
2026-10-11 05:09:29 +0200: Memory Usage (506600K) : Executing rule topmetal2_noqrc_Acute
2026-10-11 05:09:29 +0200: Memory Usage (506600K) : Executing rule topmetal2_res_Acute
2026-10-11 05:09:29 +0200: Memory Usage (506600K) : Executing rule topmetal2_iprobe_Acute
2026-10-11 05:09:29 +0200: Memory Usage (506600K) : Executing rule topmetal2_diffprb_Acute
2026-10-11 05:09:29 +0200: Memory Usage (506600K) : Executing rule snsring_drw_Acute
2026-10-11 05:09:29 +0200: Memory Usage (506600K) : Executing rule sensor_drw_Acute
2026-10-11 05:09:29 +0200: Memory Usage (506600K) : Executing rule snsarms_drw_Acute
2026-10-11 05:09:29 +0200: Memory Usage (506600K) : Executing rule snscmosvia_drw_Acute
2026-10-11 05:09:29 +0200: Memory Usage (506600K) : Executing rule colwind_drw_Acute
2026-10-11 05:09:29 +0200: Memory Usage (506600K) : Executing rule flm_drw_Acute
2026-10-11 05:09:29 +0200: Memory Usage (506600K) : Executing rule hafniumox_drw_Acute
2026-10-11 05:09:29 +0200: Memory Usage (506600K) : Executing rule memvia_drw_Acute
2026-10-11 05:09:29 +0200: Memory Usage (506600K) : Executing rule thinfilmres_drw_Acute
2026-10-11 05:09:29 +0200: Memory Usage (506600K) : Executing rule rfmem_drw_Acute
2026-10-11 05:09:29 +0200: Memory Usage (506600K) : Executing rule snsbotvia_drw_Acute
2026-10-11 05:09:29 +0200: Memory Usage (506600K) : Executing rule snstopvia_drw_Acute
2026-10-11 05:09:29 +0200: Memory Usage (506600K) : Executing rule deepvia_drw_Acute
2026-10-11 05:09:29 +0200: Memory Usage (506600K) : Executing rule fgetch_drw_Acute
2026-10-11 05:09:29 +0200: Memory Usage (506600K) : Executing rule ctrgat_drw_Acute
2026-10-11 05:09:29 +0200: Memory Usage (506600K) : Executing rule fgimp_drw_Acute
2026-10-11 05:09:29 +0200: Memory Usage (506600K) : Executing rule emwihv_drw_Acute
2026-10-11 05:09:29 +0200: Memory Usage (506600K) : Executing rule lbe_drw_Acute
2026-10-11 05:09:29 +0200: Memory Usage (506600K) : Executing rule alcustop_drw_Acute
2026-10-11 05:09:29 +0200: Memory Usage (506600K) : Executing rule cont_drw_Angle90
2026-10-11 05:09:29 +0200: Memory Usage (509160K) : Executing rule via1_drw_Angle90
2026-10-11 05:09:29 +0200: Memory Usage (509160K) : Executing rule via2_drw_Angle90
2026-10-11 05:09:29 +0200: Memory Usage (509160K) : Executing rule via3_drw_Angle90
2026-10-11 05:09:30 +0200: Memory Usage (510056K) : Executing rule via4_drw_Angle90
2026-10-11 05:09:30 +0200: Memory Usage (510056K) : Executing rule vmim_drw_Angle90
2026-10-11 05:09:30 +0200: Memory Usage (510568K) : Executing rule topvia1_drw_Angle90
2026-10-11 05:09:30 +0200: Memory Usage (510568K) : Executing rule topvia2_drw_Angle90
2026-10-11 05:09:30 +0200: Memory Usage (510568K) : Executing rule gatpoly_drw_Angle45
2026-10-11 05:09:30 +0200: Memory Usage (510568K) : Executing rule activ_drw_Angle45
2026-10-11 05:09:30 +0200: Memory Usage (510568K) : Executing rule metal1_drw_Angle45
2026-10-11 05:09:30 +0200: Memory Usage (510568K) : Executing rule metal2_drw_Angle45
2026-10-11 05:09:30 +0200: Memory Usage (510568K) : Executing rule metal3_drw_Angle45
2026-10-11 05:09:30 +0200: Memory Usage (510568K) : Executing rule metal4_drw_Angle45
2026-10-11 05:09:30 +0200: Memory Usage (510568K) : Executing rule metal5_drw_Angle45
2026-10-11 05:09:30 +0200: Memory Usage (510568K) : Executing rule topmetal1_drw_Angle45
2026-10-11 05:09:30 +0200: Memory Usage (510568K) : Executing rule topmetal2_drw_Angle45
2026-10-11 05:09:30 +0200: Memory Usage (510568K) : Starting 3.2. FORBIDDEN table
2026-10-11 05:09:30 +0200: Memory Usage (510568K) : Executing rule forbidden.biwind
2026-10-11 05:09:30 +0200: Memory Usage (510568K) : Executing rule forbidden.pemwind
2026-10-11 05:09:30 +0200: Memory Usage (510568K) : Executing rule forbidden.baspoly
2026-10-11 05:09:30 +0200: Memory Usage (510568K) : Executing rule forbidden.deepco
2026-10-11 05:09:30 +0200: Memory Usage (510568K) : Executing rule forbidden.pempoly
2026-10-11 05:09:30 +0200: Memory Usage (510568K) : Executing rule forbidden.empoly
2026-10-11 05:09:30 +0200: Memory Usage (510568K) : Executing rule forbidden.ldmos
2026-10-11 05:09:30 +0200: Memory Usage (510568K) : Executing rule forbidden.pbiwind
2026-10-11 05:09:30 +0200: Memory Usage (510568K) : Executing rule forbidden.nodrc
2026-10-11 05:09:30 +0200: Memory Usage (510568K) : Executing rule forbidden.flash
2026-10-11 05:09:30 +0200: Memory Usage (510568K) : Executing rule forbidden.colwind
2026-10-11 05:09:30 +0200: Memory Usage (510568K) : KLayout DRC run for tables 'main' completed in 10.63 seconds
