# Logfile created on 2026-10-11 03:31:00 +0200 by logger.rb/v1.5.3
2026-10-11 03:31:00 +0200: Memory Usage (459072K) : Starting running IHP-SG13G2 KLayout DRC runset on /foss/designs/radar-chip/lna/layout/lna_layout.gds
2026-10-11 03:31:00 +0200: Memory Usage (459072K) : Ruby Version for klayout: 3.2.3
2026-10-11 03:31:00 +0200: Memory Usage (460620K) : Loading database to memory is complete.
2026-10-11 03:31:00 +0200: Memory Usage (460620K) : IHP-SG13G2 KLayout DRC runset output at: /foss/designs/radar-chip/lna/layout/drc_033056_deep/lna_layout_lna_main.lyrdb
2026-10-11 03:31:00 +0200: Memory Usage (460764K) : Evaluate switches.
2026-10-11 03:31:00 +0200: Memory Usage (460764K) : tables selected: main
2026-10-11 03:31:00 +0200: Memory Usage (460764K) : KLayout will use 16 thread(s) in tiling mode.
2026-10-11 03:31:00 +0200: Memory Usage (460764K) : deep mode is enabled.
2026-10-11 03:31:00 +0200: Memory Usage (460764K) : FEOL enabled: true
2026-10-11 03:31:00 +0200: Memory Usage (460764K) : BEOL enabled: true
2026-10-11 03:31:00 +0200: Memory Usage (460764K) : OFFGRID enabled: true
2026-10-11 03:31:00 +0200: Memory Usage (460764K) : ANGLE enabled: true
2026-10-11 03:31:00 +0200: Memory Usage (460764K) : PIN enabled: true
2026-10-11 03:31:00 +0200: Memory Usage (460764K) : FORBIDDEN enabled: true
2026-10-11 03:31:00 +0200: Memory Usage (460764K) : RECOMMENDED enabled: true
2026-10-11 03:31:00 +0200: Memory Usage (460764K) : PreCheck DRC enabled: false
2026-10-11 03:31:00 +0200: Memory Usage (460764K) : CONNECTIVITY_RULES enabled: true.
2026-10-11 03:31:00 +0200: Memory Usage (460764K) : Read in polygons from layers.
2026-10-11 03:31:00 +0200: Memory Usage (462308K) : activ_drw has 43 polygons
2026-10-11 03:31:00 +0200: Memory Usage (462308K) : activ_pin has 0 polygons
2026-10-11 03:31:00 +0200: Memory Usage (462308K) : activ_mask has 16 polygons
2026-10-11 03:31:00 +0200: Memory Usage (462308K) : activ_filler has 0 polygons
2026-10-11 03:31:00 +0200: Memory Usage (462308K) : activ_nofill has 2 polygons
2026-10-11 03:31:00 +0200: Memory Usage (462308K) : activ_opc has 0 polygons
2026-10-11 03:31:00 +0200: Memory Usage (462308K) : activ_iopc has 0 polygons
2026-10-11 03:31:00 +0200: Memory Usage (462308K) : activ_noqrc has 4 polygons
2026-10-11 03:31:00 +0200: Memory Usage (462308K) : biwind_drw has 0 polygons
2026-10-11 03:31:00 +0200: Memory Usage (462308K) : biwind_opc has 0 polygons
2026-10-11 03:31:00 +0200: Memory Usage (462308K) : pemwind_drw has 0 polygons
2026-10-11 03:31:00 +0200: Memory Usage (462308K) : gatpoly_drw has 4 polygons
2026-10-11 03:31:00 +0200: Memory Usage (462436K) : gatpoly_pin has 0 polygons
2026-10-11 03:31:00 +0200: Memory Usage (462436K) : gatpoly_filler has 0 polygons
2026-10-11 03:31:00 +0200: Memory Usage (462436K) : gatpoly_nofill has 2 polygons
2026-10-11 03:31:00 +0200: Memory Usage (462436K) : gatpoly_opc has 0 polygons
2026-10-11 03:31:00 +0200: Memory Usage (462436K) : gatpoly_iopc has 0 polygons
2026-10-11 03:31:00 +0200: Memory Usage (462564K) : gatpoly_noqrc has 0 polygons
2026-10-11 03:31:00 +0200: Memory Usage (462564K) : cont_drw has 6450 polygons
2026-10-11 03:31:00 +0200: Memory Usage (462692K) : cont_opc has 0 polygons
2026-10-11 03:31:00 +0200: Memory Usage (462692K) : nsd_drw has 0 polygons
2026-10-11 03:31:00 +0200: Memory Usage (462820K) : nsd_block has 16 polygons
2026-10-11 03:31:00 +0200: Memory Usage (462820K) : metal1_drw has 55 polygons
2026-10-11 03:31:00 +0200: Memory Usage (462948K) : metal1_pin has 24 polygons
2026-10-11 03:31:00 +0200: Memory Usage (462948K) : metal1_mask has 0 polygons
2026-10-11 03:31:00 +0200: Memory Usage (463076K) : metal1_filler has 0 polygons
2026-10-11 03:31:00 +0200: Memory Usage (463076K) : metal1_nofill has 2 polygons
2026-10-11 03:31:00 +0200: Memory Usage (463204K) : metal1_slit has 0 polygons
2026-10-11 03:31:00 +0200: Memory Usage (463380K) : metal1_text has 0 polygons
2026-10-11 03:31:00 +0200: Memory Usage (463380K) : metal1_opc has 0 polygons
2026-10-11 03:31:00 +0200: Memory Usage (463380K) : metal1_noqrc has 4 polygons
2026-10-11 03:31:00 +0200: Memory Usage (463380K) : metal1_res has 0 polygons
2026-10-11 03:31:00 +0200: Memory Usage (463508K) : metal1_iprobe has 0 polygons
2026-10-11 03:31:00 +0200: Memory Usage (463508K) : metal1_diffprb has 0 polygons
2026-10-11 03:31:00 +0200: Memory Usage (463508K) : passiv_drw has 10 polygons
2026-10-11 03:31:00 +0200: Memory Usage (463508K) : passiv_pin has 0 polygons
2026-10-11 03:31:00 +0200: Memory Usage (463508K) : passiv_sbump has 0 polygons
2026-10-11 03:31:00 +0200: Memory Usage (463508K) : passiv_pillar has 0 polygons
2026-10-11 03:31:00 +0200: Memory Usage (463636K) : passiv_pdl has 0 polygons
2026-10-11 03:31:00 +0200: Memory Usage (463636K) : metal2_drw has 15 polygons
2026-10-11 03:31:00 +0200: Memory Usage (463636K) : metal2_pin has 4 polygons
2026-10-11 03:31:00 +0200: Memory Usage (463636K) : metal2_mask has 0 polygons
2026-10-11 03:31:00 +0200: Memory Usage (463764K) : metal2_filler has 0 polygons
2026-10-11 03:31:00 +0200: Memory Usage (463764K) : metal2_nofill has 2 polygons
2026-10-11 03:31:00 +0200: Memory Usage (463764K) : metal2_slit has 0 polygons
2026-10-11 03:31:00 +0200: Memory Usage (463892K) : metal2_text has 0 polygons
2026-10-11 03:31:00 +0200: Memory Usage (463892K) : metal2_opc has 0 polygons
2026-10-11 03:31:00 +0200: Memory Usage (464020K) : metal2_noqrc has 4 polygons
2026-10-11 03:31:00 +0200: Memory Usage (464020K) : metal2_res has 0 polygons
2026-10-11 03:31:00 +0200: Memory Usage (464020K) : metal2_iprobe has 0 polygons
2026-10-11 03:31:00 +0200: Memory Usage (464148K) : metal2_diffprb has 0 polygons
2026-10-11 03:31:00 +0200: Memory Usage (464148K) : baspoly_drw has 0 polygons
2026-10-11 03:31:00 +0200: Memory Usage (464276K) : baspoly_pin has 0 polygons
2026-10-11 03:31:00 +0200: Memory Usage (464276K) : psd_drw has 24 polygons
2026-10-11 03:31:00 +0200: Memory Usage (464404K) : nldb_drw has 0 polygons
2026-10-11 03:31:00 +0200: Memory Usage (464404K) : digibnd_drw has 0 polygons
2026-10-11 03:31:00 +0200: Memory Usage (464404K) : via1_drw has 272 polygons
2026-10-11 03:31:00 +0200: Memory Usage (464532K) : backmetal1_drw has 0 polygons
2026-10-11 03:31:00 +0200: Memory Usage (464660K) : backmetal1_pin has 0 polygons
2026-10-11 03:31:00 +0200: Memory Usage (464660K) : backmetal1_mask has 0 polygons
2026-10-11 03:31:00 +0200: Memory Usage (464788K) : backmetal1_filler has 0 polygons
2026-10-11 03:31:00 +0200: Memory Usage (464788K) : backmetal1_nofill has 0 polygons
2026-10-11 03:31:00 +0200: Memory Usage (464916K) : backmetal1_slit has 0 polygons
2026-10-11 03:31:00 +0200: Memory Usage (464916K) : backmetal1_text has 0 polygons
2026-10-11 03:31:00 +0200: Memory Usage (464916K) : backmetal1_opc has 0 polygons
2026-10-11 03:31:00 +0200: Memory Usage (465044K) : backmetal1_noqrc has 0 polygons
2026-10-11 03:31:00 +0200: Memory Usage (465172K) : backmetal1_res has 0 polygons
2026-10-11 03:31:00 +0200: Memory Usage (465172K) : backmetal1_iprobe has 0 polygons
2026-10-11 03:31:00 +0200: Memory Usage (465300K) : backmetal1_diffprb has 0 polygons
2026-10-11 03:31:00 +0200: Memory Usage (465300K) : backpassiv_drw has 0 polygons
2026-10-11 03:31:00 +0200: Memory Usage (465300K) : res_drw has 0 polygons
2026-10-11 03:31:00 +0200: Memory Usage (465428K) : sram_drw has 0 polygons
2026-10-11 03:31:00 +0200: Memory Usage (465428K) : trans_drw has 2 polygons
2026-10-11 03:31:00 +0200: Memory Usage (465556K) : ind_drw has 2 polygons
2026-10-11 03:31:00 +0200: Memory Usage (465556K) : ind_pin has 4 polygons
2026-10-11 03:31:00 +0200: Memory Usage (465684K) : ind_text has 4 polygons
2026-10-11 03:31:00 +0200: Memory Usage (465684K) : salblock_drw has 1 polygons
2026-10-11 03:31:00 +0200: Memory Usage (465812K) : via2_drw has 176 polygons
2026-10-11 03:31:00 +0200: Memory Usage (465812K) : metal3_drw has 62 polygons
2026-10-11 03:31:00 +0200: Memory Usage (465812K) : metal3_pin has 0 polygons
2026-10-11 03:31:00 +0200: Memory Usage (465940K) : metal3_mask has 0 polygons
2026-10-11 03:31:00 +0200: Memory Usage (465940K) : metal3_filler has 0 polygons
2026-10-11 03:31:00 +0200: Memory Usage (465940K) : metal3_nofill has 2 polygons
2026-10-11 03:31:00 +0200: Memory Usage (466068K) : metal3_slit has 0 polygons
2026-10-11 03:31:00 +0200: Memory Usage (466068K) : metal3_text has 0 polygons
2026-10-11 03:31:00 +0200: Memory Usage (466068K) : metal3_opc has 0 polygons
2026-10-11 03:31:00 +0200: Memory Usage (466068K) : metal3_noqrc has 4 polygons
2026-10-11 03:31:00 +0200: Memory Usage (466196K) : metal3_res has 0 polygons
2026-10-11 03:31:00 +0200: Memory Usage (466196K) : metal3_iprobe has 0 polygons
2026-10-11 03:31:00 +0200: Memory Usage (466196K) : metal3_diffprb has 0 polygons
2026-10-11 03:31:00 +0200: Memory Usage (466324K) : nwell_drw has 0 polygons
2026-10-11 03:31:00 +0200: Memory Usage (466324K) : nwell_pin has 0 polygons
2026-10-11 03:31:00 +0200: Memory Usage (466452K) : nbulay_drw has 0 polygons
2026-10-11 03:31:00 +0200: Memory Usage (466452K) : nbulay_pin has 0 polygons
2026-10-11 03:31:00 +0200: Memory Usage (466452K) : nbulay_block has 0 polygons
2026-10-11 03:31:00 +0200: Memory Usage (466580K) : emwind_drw has 16 polygons
2026-10-11 03:31:00 +0200: Memory Usage (466580K) : emwind_opc has 0 polygons
2026-10-11 03:31:00 +0200: Memory Usage (466708K) : deepco_drw has 0 polygons
2026-10-11 03:31:00 +0200: Memory Usage (466708K) : deepco_drw has 0 polygons
2026-10-11 03:31:00 +0200: Memory Usage (466836K) : mim_drw has 4 polygons
2026-10-11 03:31:00 +0200: Memory Usage (466836K) : edgeseal_drw has 0 polygons
2026-10-11 03:31:00 +0200: Memory Usage (466964K) : edgeseal_bound has 0 polygons
2026-10-11 03:31:00 +0200: Memory Usage (466964K) : substrate_drw has 0 polygons
2026-10-11 03:31:00 +0200: Memory Usage (466964K) : substrate_text has 0 polygons
2026-10-11 03:31:00 +0200: Memory Usage (467092K) : dfpad_drw has 10 polygons
2026-10-11 03:31:00 +0200: Memory Usage (467092K) : dfpad_pillar has 0 polygons
2026-10-11 03:31:00 +0200: Memory Usage (467220K) : dfpad_sbump has 0 polygons
2026-10-11 03:31:00 +0200: Memory Usage (467220K) : thickgateox_drw has 0 polygons
2026-10-11 03:31:00 +0200: Memory Usage (467220K) : pldb_drw has 0 polygons
2026-10-11 03:31:00 +0200: Memory Usage (467348K) : pwell_drw has 0 polygons
2026-10-11 03:31:00 +0200: Memory Usage (467348K) : pwell_pin has 0 polygons
2026-10-11 03:31:00 +0200: Memory Usage (467476K) : pwell_block has 6 polygons
2026-10-11 03:31:00 +0200: Memory Usage (467476K) : ic_drw has 0 polygons
2026-10-11 03:31:00 +0200: Memory Usage (467476K) : via3_drw has 7544 polygons
2026-10-11 03:31:00 +0200: Memory Usage (467604K) : metal4_drw has 521 polygons
2026-10-11 03:31:00 +0200: Memory Usage (467604K) : metal4_pin has 0 polygons
2026-10-11 03:31:00 +0200: Memory Usage (467604K) : metal4_mask has 0 polygons
2026-10-11 03:31:00 +0200: Memory Usage (467732K) : metal4_filler has 0 polygons
2026-10-11 03:31:00 +0200: Memory Usage (467732K) : metal4_nofill has 2 polygons
2026-10-11 03:31:00 +0200: Memory Usage (467732K) : metal4_slit has 0 polygons
2026-10-11 03:31:00 +0200: Memory Usage (467860K) : metal4_text has 0 polygons
2026-10-11 03:31:00 +0200: Memory Usage (467860K) : metal4_opc has 0 polygons
2026-10-11 03:31:00 +0200: Memory Usage (467988K) : metal4_noqrc has 4 polygons
2026-10-11 03:31:00 +0200: Memory Usage (467988K) : metal4_res has 0 polygons
2026-10-11 03:31:00 +0200: Memory Usage (467988K) : metal4_iprobe has 0 polygons
2026-10-11 03:31:00 +0200: Memory Usage (468116K) : metal4_diffprb has 0 polygons
2026-10-11 03:31:00 +0200: Memory Usage (468116K) : heattrans_drw has 16 polygons
2026-10-11 03:31:00 +0200: Memory Usage (468244K) : heatres_drw has 1 polygons
2026-10-11 03:31:00 +0200: Memory Usage (468244K) : pempoly_drw has 0 polygons
2026-10-11 03:31:00 +0200: Memory Usage (468372K) : fbe_drw has 0 polygons
2026-10-11 03:31:00 +0200: Memory Usage (468372K) : empoly_drw has 0 polygons
2026-10-11 03:31:00 +0200: Memory Usage (468500K) : ldmos_drw has 0 polygons
2026-10-11 03:31:00 +0200: Memory Usage (468500K) : pbiwind_drw has 0 polygons
2026-10-11 03:31:00 +0200: Memory Usage (468500K) : digisub_drw has 0 polygons
2026-10-11 03:31:00 +0200: Memory Usage (468628K) : nodrc_drw has 0 polygons
2026-10-11 03:31:00 +0200: Memory Usage (468628K) : text_drw has 35 polygons
2026-10-11 03:31:00 +0200: Memory Usage (468756K) : via4_drw has 7528 polygons
2026-10-11 03:31:00 +0200: Memory Usage (468756K) : metal5_drw has 76 polygons
2026-10-11 03:31:00 +0200: Memory Usage (468884K) : metal5_pin has 12 polygons
2026-10-11 03:31:00 +0200: Memory Usage (468884K) : metal5_mask has 0 polygons
2026-10-11 03:31:00 +0200: Memory Usage (469012K) : metal5_filler has 0 polygons
2026-10-11 03:31:00 +0200: Memory Usage (469012K) : metal5_nofill has 2 polygons
2026-10-11 03:31:00 +0200: Memory Usage (469012K) : metal5_slit has 0 polygons
2026-10-11 03:31:00 +0200: Memory Usage (469140K) : metal5_text has 0 polygons
2026-10-11 03:31:00 +0200: Memory Usage (469140K) : metal5_opc has 0 polygons
2026-10-11 03:31:00 +0200: Memory Usage (469268K) : metal5_noqrc has 4 polygons
2026-10-11 03:31:00 +0200: Memory Usage (469268K) : metal5_res has 0 polygons
2026-10-11 03:31:00 +0200: Memory Usage (469396K) : metal5_iprobe has 0 polygons
2026-10-11 03:31:00 +0200: Memory Usage (469396K) : metal5_diffprb has 0 polygons
2026-10-11 03:31:00 +0200: Memory Usage (469396K) : radhard_drw has 0 polygons
2026-10-11 03:31:00 +0200: Memory Usage (469524K) : memcap_drw has 0 polygons
2026-10-11 03:31:00 +0200: Memory Usage (469524K) : varicap_drw has 0 polygons
2026-10-11 03:31:00 +0200: Memory Usage (469524K) : flash_drw has 0 polygons
2026-10-11 03:31:00 +0200: Memory Usage (469652K) : intbondvia_drw has 0 polygons
2026-10-11 03:31:00 +0200: Memory Usage (469652K) : intbondmet_drw has 0 polygons
2026-10-11 03:31:00 +0200: Memory Usage (469652K) : devbondvia_drw has 0 polygons
2026-10-11 03:31:00 +0200: Memory Usage (469780K) : devbondmet_drw has 0 polygons
2026-10-11 03:31:00 +0200: Memory Usage (469780K) : devtrench_drw has 0 polygons
2026-10-11 03:31:00 +0200: Memory Usage (469908K) : redist_drw has 0 polygons
2026-10-11 03:31:00 +0200: Memory Usage (469908K) : graphbot_drw has 0 polygons
2026-10-11 03:31:00 +0200: Memory Usage (469908K) : graphtop_drw has 0 polygons
2026-10-11 03:31:00 +0200: Memory Usage (470036K) : antvia1_drw has 0 polygons
2026-10-11 03:31:00 +0200: Memory Usage (470036K) : antmetal2_drw has 0 polygons
2026-10-11 03:31:00 +0200: Memory Usage (470164K) : graphcont_drw has 0 polygons
2026-10-11 03:31:00 +0200: Memory Usage (470164K) : siwg_drw has 0 polygons
2026-10-11 03:31:00 +0200: Memory Usage (470292K) : siwg_filler has 0 polygons
2026-10-11 03:31:00 +0200: Memory Usage (470292K) : siwg_nofill has 0 polygons
2026-10-11 03:31:00 +0200: Memory Usage (470292K) : sigrating_drw has 0 polygons
2026-10-11 03:31:00 +0200: Memory Usage (470420K) : singrating_drw has 0 polygons
2026-10-11 03:31:00 +0200: Memory Usage (470420K) : graphpas_drw has 0 polygons
2026-10-11 03:31:00 +0200: Memory Usage (470548K) : emwind3_drw has 0 polygons
2026-10-11 03:31:00 +0200: Memory Usage (470548K) : emwihv3_drw has 0 polygons
2026-10-11 03:31:00 +0200: Memory Usage (470676K) : redbulay_drw has 0 polygons
2026-10-11 03:31:00 +0200: Memory Usage (470676K) : smos_drw has 0 polygons
2026-10-11 03:31:00 +0200: Memory Usage (470676K) : graphpad_drw has 0 polygons
2026-10-11 03:31:00 +0200: Memory Usage (470804K) : polimide_drw has 0 polygons
2026-10-11 03:31:00 +0200: Memory Usage (470804K) : polimide_pin has 0 polygons
2026-10-11 03:31:00 +0200: Memory Usage (470932K) : recog_drw has 0 polygons
2026-10-11 03:31:00 +0200: Memory Usage (470932K) : recog_pin has 0 polygons
2026-10-11 03:31:00 +0200: Memory Usage (471060K) : recog_esd has 0 polygons
2026-10-11 03:31:00 +0200: Memory Usage (471060K) : recog_diode has 0 polygons
2026-10-11 03:31:00 +0200: Memory Usage (471060K) : recog_tsv has 0 polygons
2026-10-11 03:31:00 +0200: Memory Usage (471188K) : recog_iprobe has 0 polygons
2026-10-11 03:31:00 +0200: Memory Usage (471188K) : recog_diffprb has 0 polygons
2026-10-11 03:31:00 +0200: Memory Usage (471188K) : recog_pillar has 0 polygons
2026-10-11 03:31:00 +0200: Memory Usage (471188K) : recog_sbump has 0 polygons
2026-10-11 03:31:00 +0200: Memory Usage (471188K) : recog_otp has 0 polygons
2026-10-11 03:31:00 +0200: Memory Usage (471316K) : recog_pdiode has 0 polygons
2026-10-11 03:31:00 +0200: Memory Usage (471316K) : recog_mom has 0 polygons
2026-10-11 03:31:00 +0200: Memory Usage (471444K) : recog_momf has 0 polygons
2026-10-11 03:31:00 +0200: Memory Usage (471444K) : recog_pcm has 0 polygons
2026-10-11 03:31:00 +0200: Memory Usage (471444K) : colopen_drw has 0 polygons
2026-10-11 03:31:00 +0200: Memory Usage (471572K) : graphmetal1_drw has 0 polygons
2026-10-11 03:31:00 +0200: Memory Usage (471572K) : graphmetal1_filler has 0 polygons
2026-10-11 03:31:00 +0200: Memory Usage (471700K) : graphmetal1_nofill has 0 polygons
2026-10-11 03:31:00 +0200: Memory Usage (471700K) : graphmetal1_slit has 0 polygons
2026-10-11 03:31:00 +0200: Memory Usage (471828K) : graphmetal1_opc has 0 polygons
2026-10-11 03:31:00 +0200: Memory Usage (471828K) : graphmet1l_drw has 0 polygons
2026-10-11 03:31:00 +0200: Memory Usage (471828K) : graphmet1l_filler has 0 polygons
2026-10-11 03:31:00 +0200: Memory Usage (471956K) : graphmet1l_nofill has 0 polygons
2026-10-11 03:31:00 +0200: Memory Usage (471956K) : graphmet1l_slit has 0 polygons
2026-10-11 03:31:00 +0200: Memory Usage (472084K) : graphmet1l_opc has 0 polygons
2026-10-11 03:31:00 +0200: Memory Usage (472084K) : extblock_drw has 3 polygons
2026-10-11 03:31:00 +0200: Memory Usage (472212K) : nldd_drw has 0 polygons
2026-10-11 03:31:00 +0200: Memory Usage (472212K) : pldd_drw has 0 polygons
2026-10-11 03:31:00 +0200: Memory Usage (472212K) : next_drw has 0 polygons
2026-10-11 03:31:00 +0200: Memory Usage (472340K) : pext_drw has 0 polygons
2026-10-11 03:31:00 +0200: Memory Usage (472340K) : nexthv_drw has 0 polygons
2026-10-11 03:31:00 +0200: Memory Usage (472468K) : pexthv_drw has 0 polygons
2026-10-11 03:31:00 +0200: Memory Usage (472468K) : graphgate_drw has 0 polygons
2026-10-11 03:31:00 +0200: Memory Usage (472596K) : sinwg_drw has 0 polygons
2026-10-11 03:31:00 +0200: Memory Usage (472596K) : sinwg_filler has 0 polygons
2026-10-11 03:31:00 +0200: Memory Usage (472596K) : sinwg_nofill has 0 polygons
2026-10-11 03:31:00 +0200: Memory Usage (472724K) : mempad_drw has 0 polygons
2026-10-11 03:31:00 +0200: Memory Usage (472724K) : topvia1_drw has 3632 polygons
2026-10-11 03:31:00 +0200: Memory Usage (472852K) : topmetal1_drw has 83 polygons
2026-10-11 03:31:00 +0200: Memory Usage (472852K) : topmetal1_pin has 20 polygons
2026-10-11 03:31:00 +0200: Memory Usage (472980K) : topmetal1_mask has 0 polygons
2026-10-11 03:31:00 +0200: Memory Usage (472980K) : topmetal1_filler has 0 polygons
2026-10-11 03:31:00 +0200: Memory Usage (472980K) : topmetal1_nofill has 2 polygons
2026-10-11 03:31:00 +0200: Memory Usage (472980K) : topmetal1_slit has 0 polygons
2026-10-11 03:31:00 +0200: Memory Usage (472980K) : topmetal1_text has 0 polygons
2026-10-11 03:31:00 +0200: Memory Usage (472980K) : topmetal1_noqrc has 4 polygons
2026-10-11 03:31:00 +0200: Memory Usage (472980K) : topmetal1_res has 0 polygons
2026-10-11 03:31:00 +0200: Memory Usage (473108K) : topmetal1_iprobe has 0 polygons
2026-10-11 03:31:00 +0200: Memory Usage (473108K) : topmetal1_diffprb has 0 polygons
2026-10-11 03:31:00 +0200: Memory Usage (473108K) : inldpwl_drw has 0 polygons
2026-10-11 03:31:00 +0200: Memory Usage (473236K) : polyres_drw has 1 polygons
2026-10-11 03:31:00 +0200: Memory Usage (473236K) : polyres_pin has 0 polygons
2026-10-11 03:31:00 +0200: Memory Usage (473364K) : vmim_drw has 4143 polygons
2026-10-11 03:31:00 +0200: Memory Usage (473364K) : nbulaycut_drw has 0 polygons
2026-10-11 03:31:00 +0200: Memory Usage (473492K) : antmetal1_drw has 0 polygons
2026-10-11 03:31:00 +0200: Memory Usage (473492K) : topvia2_drw has 1640 polygons
2026-10-11 03:31:00 +0200: Memory Usage (473620K) : topmetal2_drw has 43 polygons
2026-10-11 03:31:00 +0200: Memory Usage (473620K) : topmetal2_pin has 0 polygons
2026-10-11 03:31:00 +0200: Memory Usage (473620K) : topmetal2_mask has 0 polygons
2026-10-11 03:31:00 +0200: Memory Usage (473748K) : topmetal2_filler has 0 polygons
2026-10-11 03:31:00 +0200: Memory Usage (473748K) : topmetal2_nofill has 2 polygons
2026-10-11 03:31:00 +0200: Memory Usage (473876K) : topmetal2_slit has 0 polygons
2026-10-11 03:31:00 +0200: Memory Usage (473876K) : topmetal2_text has 0 polygons
2026-10-11 03:31:00 +0200: Memory Usage (474004K) : topmetal2_noqrc has 0 polygons
2026-10-11 03:31:00 +0200: Memory Usage (474004K) : topmetal2_res has 0 polygons
2026-10-11 03:31:00 +0200: Memory Usage (474004K) : topmetal2_iprobe has 0 polygons
2026-10-11 03:31:00 +0200: Memory Usage (474132K) : topmetal2_diffprb has 0 polygons
2026-10-11 03:31:00 +0200: Memory Usage (474132K) : snsring_drw has 0 polygons
2026-10-11 03:31:00 +0200: Memory Usage (474260K) : sensor_drw has 0 polygons
2026-10-11 03:31:00 +0200: Memory Usage (474260K) : snsarms_drw has 0 polygons
2026-10-11 03:31:00 +0200: Memory Usage (474388K) : snscmosvia_drw has 0 polygons
2026-10-11 03:31:00 +0200: Memory Usage (474388K) : colwind_drw has 0 polygons
2026-10-11 03:31:00 +0200: Memory Usage (474388K) : flm_drw has 0 polygons
2026-10-11 03:31:00 +0200: Memory Usage (474388K) : hafniumox_drw has 0 polygons
2026-10-11 03:31:00 +0200: Memory Usage (474388K) : memvia_drw has 0 polygons
2026-10-11 03:31:00 +0200: Memory Usage (474388K) : thinfilmres_drw has 0 polygons
2026-10-11 03:31:00 +0200: Memory Usage (474388K) : rfmem_drw has 0 polygons
2026-10-11 03:31:00 +0200: Memory Usage (474388K) : norcx_drw has 2 polygons
2026-10-11 03:31:00 +0200: Memory Usage (474388K) : norcx_m2m3 has 0 polygons
2026-10-11 03:31:00 +0200: Memory Usage (474388K) : norcx_m2m4 has 0 polygons
2026-10-11 03:31:00 +0200: Memory Usage (474388K) : norcx_m2m5 has 0 polygons
2026-10-11 03:31:00 +0200: Memory Usage (474388K) : norcx_m2tm1 has 0 polygons
2026-10-11 03:31:00 +0200: Memory Usage (474388K) : norcx_m2tm2 has 0 polygons
2026-10-11 03:31:00 +0200: Memory Usage (474388K) : norcx_m3m4 has 0 polygons
2026-10-11 03:31:00 +0200: Memory Usage (474388K) : norcx_m3m5 has 0 polygons
2026-10-11 03:31:00 +0200: Memory Usage (474388K) : norcx_m3tm1 has 0 polygons
2026-10-11 03:31:00 +0200: Memory Usage (474388K) : norcx_m3tm2 has 0 polygons
2026-10-11 03:31:00 +0200: Memory Usage (474388K) : norcx_m4m5 has 0 polygons
2026-10-11 03:31:00 +0200: Memory Usage (474388K) : norcx_m4tm1 has 0 polygons
2026-10-11 03:31:00 +0200: Memory Usage (474388K) : norcx_m4tm2 has 0 polygons
2026-10-11 03:31:00 +0200: Memory Usage (474388K) : norcx_m5tm1 has 0 polygons
2026-10-11 03:31:00 +0200: Memory Usage (474388K) : norcx_m5tm2 has 0 polygons
2026-10-11 03:31:00 +0200: Memory Usage (474388K) : norcx_tm1tm2 has 0 polygons
2026-10-11 03:31:00 +0200: Memory Usage (474388K) : norcx_m1sub has 0 polygons
2026-10-11 03:31:00 +0200: Memory Usage (474388K) : norcx_m2sub has 0 polygons
2026-10-11 03:31:00 +0200: Memory Usage (474388K) : norcx_m3sub has 0 polygons
2026-10-11 03:31:00 +0200: Memory Usage (474388K) : norcx_m4sub has 0 polygons
2026-10-11 03:31:00 +0200: Memory Usage (474388K) : norcx_m5sub has 0 polygons
2026-10-11 03:31:00 +0200: Memory Usage (474388K) : norcx_tm1sub has 0 polygons
2026-10-11 03:31:00 +0200: Memory Usage (474388K) : norcx_tm2sub has 0 polygons
2026-10-11 03:31:00 +0200: Memory Usage (474388K) : snsbotvia_drw has 0 polygons
2026-10-11 03:31:00 +0200: Memory Usage (474388K) : snstopvia_drw has 0 polygons
2026-10-11 03:31:00 +0200: Memory Usage (474388K) : deepvia_drw has 0 polygons
2026-10-11 03:31:00 +0200: Memory Usage (474388K) : fgetch_drw has 0 polygons
2026-10-11 03:31:00 +0200: Memory Usage (474388K) : ctrgat_drw has 0 polygons
2026-10-11 03:31:00 +0200: Memory Usage (474388K) : fgimp_drw has 0 polygons
2026-10-11 03:31:00 +0200: Memory Usage (474388K) : emwihv_drw has 0 polygons
2026-10-11 03:31:00 +0200: Memory Usage (474388K) : lbe_drw has 0 polygons
2026-10-11 03:31:00 +0200: Memory Usage (474388K) : alcustop_drw has 0 polygons
2026-10-11 03:31:00 +0200: Memory Usage (474388K) : nometfiller_drw has 0 polygons
2026-10-11 03:31:00 +0200: Memory Usage (474388K) : prboundary_drw has 0 polygons
2026-10-11 03:31:00 +0200: Memory Usage (474388K) : exchange0_drw has 0 polygons
2026-10-11 03:31:00 +0200: Memory Usage (474388K) : exchange0_pin has 0 polygons
2026-10-11 03:31:00 +0200: Memory Usage (474388K) : exchange0_text has 0 polygons
2026-10-11 03:31:00 +0200: Memory Usage (474388K) : exchange1_drw has 0 polygons
2026-10-11 03:31:00 +0200: Memory Usage (474388K) : exchange1_pin has 0 polygons
2026-10-11 03:31:00 +0200: Memory Usage (474388K) : exchange1_text has 0 polygons
2026-10-11 03:31:00 +0200: Memory Usage (474388K) : exchange2_drw has 0 polygons
2026-10-11 03:31:00 +0200: Memory Usage (474388K) : exchange2_pin has 0 polygons
2026-10-11 03:31:00 +0200: Memory Usage (474388K) : exchange2_text has 0 polygons
2026-10-11 03:31:00 +0200: Memory Usage (474388K) : exchange3_drw has 0 polygons
2026-10-11 03:31:00 +0200: Memory Usage (474388K) : exchange3_pin has 0 polygons
2026-10-11 03:31:00 +0200: Memory Usage (474388K) : exchange3_text has 0 polygons
2026-10-11 03:31:00 +0200: Memory Usage (474388K) : exchange4_drw has 0 polygons
2026-10-11 03:31:00 +0200: Memory Usage (474388K) : exchange4_pin has 0 polygons
2026-10-11 03:31:00 +0200: Memory Usage (474388K) : exchange4_text has 0 polygons
2026-10-11 03:31:00 +0200: Memory Usage (474388K) : isonwell_drw has 0 polygons
2026-10-11 03:31:00 +0200: Memory Usage (474388K) : Total no. of polygons in the design is 32566
2026-10-11 03:31:00 +0200: Memory Usage (474388K) : Loaded TECH DRC rules values from /foss/pdks/ihp-sg13g2/libs.tech/klayout/python/sg13g2_pycell_lib/sg13g2_tech_mod.json
2026-10-11 03:31:00 +0200: Memory Usage (474388K) : Loaded default DRC rules values from /foss/pdks/ihp-sg13g2/libs.tech/klayout/tech/drc/rule_decks/sg13g2_tech_default.json
2026-10-11 03:31:00 +0200: Memory Usage (474388K) : The following rules values were missing in tech json and default values were used:
2026-10-11 03:31:00 +0200: Memory Usage (474388K) :   - NW_f1_digibnd
2026-10-11 03:31:00 +0200: Memory Usage (474388K) :   - Cnt_c_digibnd
2026-10-11 03:31:00 +0200: Memory Usage (474388K) :   - Cnt_c_sram
2026-10-11 03:31:00 +0200: Memory Usage (474388K) :   - Sdiod_b
2026-10-11 03:31:00 +0200: Memory Usage (474388K) :   - Sdiod_c
2026-10-11 03:31:00 +0200: Memory Usage (475220K) : Total area of the design is 329000.0 um^2.
2026-10-11 03:31:00 +0200: Memory Usage (475220K) : The design dimensions are 700.0 µm * 470.0 µm.
2026-10-11 03:31:00 +0200: Memory Usage (475220K) : Starting general IHP-SG13G2 derivations.
2026-10-11 03:31:00 +0200: Memory Usage (475220K) : Starting Pwell derivations
2026-10-11 03:31:00 +0200: Memory Usage (477332K) : Starting n-Activ derivations
2026-10-11 03:31:00 +0200: Memory Usage (477520K) : Starting p-Activ derivations
2026-10-11 03:31:00 +0200: Memory Usage (477648K) : Starting ptap derivations
2026-10-11 03:31:00 +0200: Memory Usage (477904K) : Starting ntap derivations
2026-10-11 03:31:00 +0200: Memory Usage (477904K) : Starting pact FET derivations
2026-10-11 03:31:00 +0200: Memory Usage (477904K) : Starting nact FET derivations
2026-10-11 03:31:00 +0200: Memory Usage (477904K) : Starting Gate derivations
2026-10-11 03:31:00 +0200: Memory Usage (478032K) : Starting cont/contbar general derivations
2026-10-11 03:31:00 +0200: Memory Usage (478672K) : Starting pad general derivations
2026-10-11 03:31:00 +0200: Memory Usage (478668K) : Starting schottky_nbl general derivations
2026-10-11 03:31:00 +0200: Memory Usage (478668K) : Starting SVaricap general derivations
2026-10-11 03:31:00 +0200: Memory Usage (478668K) : Starting HBT general derivations
2026-10-11 03:31:00 +0200: Memory Usage (479520K) : Starting IHP-SG13G2 DRC connectivity related derivations.
2026-10-11 03:31:00 +0200: Memory Usage (480540K) : Starting IHP-SG13G2 DRC connectivity setup
2026-10-11 03:31:00 +0200: Memory Usage (480796K) : Starting IHP-SG13G2 DRC rules.
2026-10-11 03:31:00 +0200: Memory Usage (480796K) : Running all FEOL rules
2026-10-11 03:31:00 +0200: Memory Usage (480796K) : Running all BEOL rules
2026-10-11 03:31:00 +0200: Memory Usage (480796K) : Running all PIN rules
2026-10-11 03:31:00 +0200: Memory Usage (480796K) : Running all FORBIDDEN rules
2026-10-11 03:31:00 +0200: Memory Usage (480796K) : Starting 5.1 NWell table
2026-10-11 03:31:00 +0200: Memory Usage (480796K) : Executing rule NW.b
2026-10-11 03:31:00 +0200: Memory Usage (480972K) : Executing rule NW.b1
2026-10-11 03:31:00 +0200: Memory Usage (480972K) : Executing rule NW.f1
2026-10-11 03:31:00 +0200: Memory Usage (480972K) : Executing rule NW.f1.digibnd
2026-10-11 03:31:00 +0200: Memory Usage (480972K) : Starting 5.2 PWell:block
2026-10-11 03:31:00 +0200: Memory Usage (480972K) : Executing rule PWB.e
2026-10-11 03:31:01 +0200: Memory Usage (480972K) : Executing rule PWB.e1
2026-10-11 03:31:01 +0200: Memory Usage (480972K) : Executing rule PWB.f
2026-10-11 03:31:01 +0200: Memory Usage (480844K) : Executing rule PWB.f1
2026-10-11 03:31:01 +0200: Memory Usage (480844K) : Starting 5.3 nBuLay table
2026-10-11 03:31:01 +0200: Memory Usage (480844K) : Executing rule NBL.b
2026-10-11 03:31:01 +0200: Memory Usage (480844K) : Executing rule NBL.c
2026-10-11 03:31:01 +0200: Memory Usage (480844K) : Executing rule NBL.d
2026-10-11 03:31:01 +0200: Memory Usage (480844K) : Executing rule NBL.e
2026-10-11 03:31:01 +0200: Memory Usage (480844K) : Executing rule NBL.f
2026-10-11 03:31:01 +0200: Memory Usage (480844K) : Starting 5.5. Activ table
2026-10-11 03:31:01 +0200: Memory Usage (480844K) : Executing rule Act.a
2026-10-11 03:31:01 +0200: Memory Usage (480844K) : Executing rule Act.b
2026-10-11 03:31:01 +0200: Memory Usage (480712K) : Starting 5.6 Activ:filler table
2026-10-11 03:31:01 +0200: Memory Usage (480712K) : Executing rule AFil.c1
2026-10-11 03:31:01 +0200: Memory Usage (480712K) : Executing rule AFil.c
2026-10-11 03:31:01 +0200: Memory Usage (480712K) : Executing rule AFil.d
2026-10-11 03:31:01 +0200: Memory Usage (480712K) : Executing rule AFil.e
2026-10-11 03:31:01 +0200: Memory Usage (480712K) : Executing rule AFil.j
2026-10-11 03:31:01 +0200: Memory Usage (480712K) : Starting 5.7. ThickGateOx table
2026-10-11 03:31:01 +0200: Memory Usage (480712K) : Executing rule TGO.f
2026-10-11 03:31:01 +0200: Memory Usage (480712K) : Starting 5.8. GatPoly table
2026-10-11 03:31:01 +0200: Memory Usage (480712K) : Executing rule Gat.a
2026-10-11 03:31:01 +0200: Memory Usage (480712K) : Executing rule Gat.b
2026-10-11 03:31:01 +0200: Memory Usage (480712K) : Executing rule Gat.d
2026-10-11 03:31:01 +0200: Memory Usage (480580K) : Executing rule Gat.a1
2026-10-11 03:31:01 +0200: Memory Usage (480576K) : Executing rule Gat.a2
2026-10-11 03:31:01 +0200: Memory Usage (480704K) : Executing rule Gat.g
2026-10-11 03:31:01 +0200: Memory Usage (480704K) : Starting 5.9 GatPoly:filler
2026-10-11 03:31:01 +0200: Memory Usage (480704K) : Executing rule GFil.d
2026-10-11 03:31:01 +0200: Memory Usage (480704K) : Executing rule GFil.e
2026-10-11 03:31:01 +0200: Memory Usage (480704K) : Executing rule GFil.i
2026-10-11 03:31:01 +0200: Memory Usage (480704K) : Starting 5.10 pSD table
2026-10-11 03:31:01 +0200: Memory Usage (480704K) : Executing rule pSD.c1
2026-10-11 03:31:01 +0200: Memory Usage (480832K) : Starting 5.14. Cont table
2026-10-11 03:31:01 +0200: Memory Usage (480832K) : Executing rule Cnt.a
2026-10-11 03:31:01 +0200: Memory Usage (480832K) : Executing rule Cnt.b
2026-10-11 03:31:01 +0200: Memory Usage (481216K) : Executing rule Cnt.c
2026-10-11 03:31:01 +0200: Memory Usage (481856K) : Executing rule Cnt.c.digibnd
2026-10-11 03:31:01 +0200: Memory Usage (481856K) : Executing rule Cnt.c.SRAM
2026-10-11 03:31:01 +0200: Memory Usage (481856K) : Executing rule Cnt.d
2026-10-11 03:31:01 +0200: Memory Usage (482240K) : Executing rule Cnt.e
2026-10-11 03:31:01 +0200: Memory Usage (482240K) : Executing rule Cnt.g1
2026-10-11 03:31:01 +0200: Memory Usage (482240K) : Executing rule Cnt.g2
2026-10-11 03:31:01 +0200: Memory Usage (484160K) : Starting 5.15. ContBar table
2026-10-11 03:31:01 +0200: Memory Usage (484160K) : Executing rule CntB.a
2026-10-11 03:31:01 +0200: Memory Usage (484160K) : Executing rule CntB.a1
2026-10-11 03:31:01 +0200: Memory Usage (484160K) : Executing rule CntB.b1
2026-10-11 03:31:01 +0200: Memory Usage (484160K) : Executing rule CntB.h1
2026-10-11 03:31:01 +0200: Memory Usage (484288K) : Starting 6.1.3 NPN Substrate-Tie table
2026-10-11 03:31:01 +0200: Memory Usage (484288K) : Executing rule npn13G2.bR 
2026-10-11 03:31:01 +0200: Memory Usage (484288K) : Executing rule npn13G2L.cR 
2026-10-11 03:31:01 +0200: Memory Usage (484544K) : Executing rule npn13G2V.cR 
2026-10-11 03:31:01 +0200: Memory Usage (484544K) : Starting 6.7 Schottky diode table
2026-10-11 03:31:01 +0200: Memory Usage (484544K) : Executing rule Sdiod.b
2026-10-11 03:31:01 +0200: Memory Usage (484544K) : Executing rule Sdiod.c
2026-10-11 03:31:01 +0200: Memory Usage (484544K) : Executing rule Sdiod.d
2026-10-11 03:31:01 +0200: Memory Usage (484544K) : Executing rule Sdiod.e
2026-10-11 03:31:01 +0200: Memory Usage (484544K) : Starting 7.2 Latch-up table
2026-10-11 03:31:01 +0200: Memory Usage (484544K) : Executing rule LU.b
2026-10-11 03:31:01 +0200: Memory Usage (484544K) : Starting 5.16. Metal1 table
2026-10-11 03:31:01 +0200: Memory Usage (484544K) : Executing rule M1.a
2026-10-11 03:31:01 +0200: Memory Usage (484544K) : Executing rule M1.b
2026-10-11 03:31:01 +0200: Memory Usage (484540K) : Executing rule M1.e
2026-10-11 03:31:01 +0200: Memory Usage (484540K) : Executing rule M1.f
2026-10-11 03:31:01 +0200: Memory Usage (484540K) : Executing rule M1.g
2026-10-11 03:31:01 +0200: Memory Usage (484540K) : Executing rule M1.i
2026-10-11 03:31:01 +0200: Memory Usage (484668K) : Starting 5.17 Metaln table
2026-10-11 03:31:01 +0200: Memory Usage (484668K) : Executing rule M2.a
2026-10-11 03:31:01 +0200: Memory Usage (484668K) : Executing rule M2.b
2026-10-11 03:31:01 +0200: Memory Usage (484796K) : Executing rule M2.e
2026-10-11 03:31:01 +0200: Memory Usage (484796K) : Executing rule M2.f
2026-10-11 03:31:01 +0200: Memory Usage (484796K) : Executing rule M2.g
2026-10-11 03:31:01 +0200: Memory Usage (484924K) : Executing rule M2.i
2026-10-11 03:31:01 +0200: Memory Usage (484792K) : Executing rule M3.a
2026-10-11 03:31:01 +0200: Memory Usage (484792K) : Executing rule M3.b
2026-10-11 03:31:01 +0200: Memory Usage (484920K) : Executing rule M3.e
2026-10-11 03:31:01 +0200: Memory Usage (484788K) : Executing rule M3.f
2026-10-11 03:31:01 +0200: Memory Usage (484788K) : Executing rule M3.g
2026-10-11 03:31:01 +0200: Memory Usage (484788K) : Executing rule M3.i
2026-10-11 03:31:01 +0200: Memory Usage (484656K) : Executing rule M4.a
2026-10-11 03:31:01 +0200: Memory Usage (484656K) : Executing rule M4.b
2026-10-11 03:31:01 +0200: Memory Usage (484656K) : Executing rule M4.e
2026-10-11 03:31:01 +0200: Memory Usage (484656K) : Executing rule M4.f
2026-10-11 03:31:01 +0200: Memory Usage (485040K) : Executing rule M4.g
2026-10-11 03:31:01 +0200: Memory Usage (485036K) : Executing rule M4.i
2026-10-11 03:31:01 +0200: Memory Usage (485036K) : Executing rule M5.a
2026-10-11 03:31:01 +0200: Memory Usage (485036K) : Executing rule M5.b
2026-10-11 03:31:01 +0200: Memory Usage (485036K) : Executing rule M5.e
2026-10-11 03:31:01 +0200: Memory Usage (485036K) : Executing rule M5.f
2026-10-11 03:31:01 +0200: Memory Usage (484776K) : Executing rule M5.g
2026-10-11 03:31:02 +0200: Memory Usage (484904K) : Executing rule M5.i
2026-10-11 03:31:02 +0200: Memory Usage (484904K) : Starting 5.18 Metaln:filler table
2026-10-11 03:31:02 +0200: Memory Usage (484904K) : Executing rule M1Fil.c
2026-10-11 03:31:02 +0200: Memory Usage (484904K) : Executing rule M1Fil.a2
2026-10-11 03:31:02 +0200: Memory Usage (484904K) : Executing rule M2Fil.c
2026-10-11 03:31:02 +0200: Memory Usage (484904K) : Executing rule M2Fil.a2
2026-10-11 03:31:02 +0200: Memory Usage (484904K) : Executing rule M3Fil.c
2026-10-11 03:31:02 +0200: Memory Usage (484904K) : Executing rule M3Fil.a2
2026-10-11 03:31:02 +0200: Memory Usage (484904K) : Executing rule M4Fil.c
2026-10-11 03:31:02 +0200: Memory Usage (484904K) : Executing rule M4Fil.a2
2026-10-11 03:31:02 +0200: Memory Usage (484904K) : Executing rule M5Fil.c
2026-10-11 03:31:02 +0200: Memory Usage (484904K) : Executing rule M5Fil.a2
2026-10-11 03:31:02 +0200: Memory Usage (484904K) : Starting 5.19. Via1 table
2026-10-11 03:31:02 +0200: Memory Usage (484904K) : Starting 5.19. Via1 table derivations
2026-10-11 03:31:02 +0200: Memory Usage (484904K) : Executing rule V1.a
2026-10-11 03:31:02 +0200: Memory Usage (484904K) : Executing rule V1.b
2026-10-11 03:31:02 +0200: Memory Usage (485032K) : Executing rule V1.c
2026-10-11 03:31:02 +0200: Memory Usage (485032K) : Starting 5.20. Vian table
2026-10-11 03:31:02 +0200: Memory Usage (485032K) : Executing rule V2.a
2026-10-11 03:31:02 +0200: Memory Usage (485032K) : Executing rule V2.b
2026-10-11 03:31:02 +0200: Memory Usage (485028K) : Executing rule V2.c
2026-10-11 03:31:02 +0200: Memory Usage (485028K) : Executing rule V3.a
2026-10-11 03:31:02 +0200: Memory Usage (485028K) : Executing rule V3.b
2026-10-11 03:31:02 +0200: Memory Usage (484896K) : Executing rule V3.c
2026-10-11 03:31:02 +0200: Memory Usage (485024K) : Executing rule V4.a
2026-10-11 03:31:02 +0200: Memory Usage (485024K) : Executing rule V4.b
2026-10-11 03:31:02 +0200: Memory Usage (484892K) : Executing rule V4.c
2026-10-11 03:31:02 +0200: Memory Usage (484760K) : Starting 5.21. TopVia1 table
2026-10-11 03:31:02 +0200: Memory Usage (484760K) : Executing rule TV1.a
2026-10-11 03:31:02 +0200: Memory Usage (484760K) : Executing rule TV1.b
2026-10-11 03:31:02 +0200: Memory Usage (484888K) : Executing rule TV1.c
2026-10-11 03:31:02 +0200: Memory Usage (485016K) : Executing rule TV1.d
2026-10-11 03:31:02 +0200: Memory Usage (485016K) : Starting 5.22. TopMetal1 table
2026-10-11 03:31:02 +0200: Memory Usage (485016K) : Executing rule TM1.a
2026-10-11 03:31:02 +0200: Memory Usage (485016K) : Executing rule TM1.b
2026-10-11 03:31:02 +0200: Memory Usage (485016K) : Starting 5.23 TopMetal1:filler table
2026-10-11 03:31:02 +0200: Memory Usage (485016K) : Executing rule TM1Fil.c
2026-10-11 03:31:02 +0200: Memory Usage (485016K) : Executing rule TM1Fil.a1
2026-10-11 03:31:02 +0200: Memory Usage (485016K) : Starting 5.24. TopVia2 table
2026-10-11 03:31:02 +0200: Memory Usage (485016K) : Executing rule TV2.a
2026-10-11 03:31:02 +0200: Memory Usage (485016K) : Executing rule TV2.b
2026-10-11 03:31:02 +0200: Memory Usage (485144K) : Executing rule TV2.c
2026-10-11 03:31:02 +0200: Memory Usage (485140K) : Executing rule TV2.d
2026-10-11 03:31:02 +0200: Memory Usage (485012K) : Starting 5.25. TopMetal2 table
2026-10-11 03:31:02 +0200: Memory Usage (485012K) : Executing rule TM2.a
2026-10-11 03:31:02 +0200: Memory Usage (485012K) : Executing rule TM2.b
2026-10-11 03:31:02 +0200: Memory Usage (485012K) : Executing rule TM2.bR
2026-10-11 03:31:02 +0200: Memory Usage (485140K) : Starting 5.26 TopMetal2:filler table
2026-10-11 03:31:02 +0200: Memory Usage (485140K) : Executing rule TM2Fil.c
2026-10-11 03:31:02 +0200: Memory Usage (485140K) : Executing rule TM2Fil.a1
2026-10-11 03:31:02 +0200: Memory Usage (485140K) : Starting 5.27. Passiv table
2026-10-11 03:31:02 +0200: Memory Usage (485140K) : Executing rule Pas.a
2026-10-11 03:31:02 +0200: Memory Usage (485140K) : Executing rule Pas.b
2026-10-11 03:31:02 +0200: Memory Usage (485140K) : Executing rule Pas.c
2026-10-11 03:31:02 +0200: Memory Usage (485140K) : Starting 6.9.2 Copper Pillar table
2026-10-11 03:31:02 +0200: Memory Usage (485140K) : Executing rule Padc.a
2026-10-11 03:31:02 +0200: Memory Usage (485140K) : Executing rule Padc.b
2026-10-11 03:31:02 +0200: Memory Usage (485140K) : Executing rule Padc.c
2026-10-11 03:31:02 +0200: Memory Usage (485140K) : Executing rule Padb.f
2026-10-11 03:31:02 +0200: Memory Usage (485140K) : Starting 6.9 Pad table
2026-10-11 03:31:02 +0200: Memory Usage (485140K) : Executing rule Pad.m
2026-10-11 03:31:02 +0200: Memory Usage (485140K) : Executing rule Pad.fR_M1
2026-10-11 03:31:02 +0200: Memory Usage (485008K) : Executing rule Pad.fR_M2
2026-10-11 03:31:02 +0200: Memory Usage (485008K) : Executing rule Pad.fR_M3
2026-10-11 03:31:02 +0200: Memory Usage (485136K) : Executing rule Pad.fR_M4
2026-10-11 03:31:02 +0200: Memory Usage (485820K) : Executing rule Pad.fR_M5
2026-10-11 03:31:02 +0200: Memory Usage (485948K) : Executing rule Pad.fR_TM1
2026-10-11 03:31:02 +0200: Memory Usage (486076K) : Executing rule Pad.fR_TM2
2026-10-11 03:31:02 +0200: Memory Usage (485948K) : Executing rule Pad.i
2026-10-11 03:31:02 +0200: Memory Usage (485948K) : Starting 6.9.1 Solder Bump
2026-10-11 03:31:02 +0200: Memory Usage (485948K) : Executing rule Padb.a
2026-10-11 03:31:02 +0200: Memory Usage (485948K) : Executing rule Padb.b
2026-10-11 03:31:02 +0200: Memory Usage (485948K) : Executing rule Padb.c
2026-10-11 03:31:02 +0200: Memory Usage (485948K) : Executing rule Padb.f
2026-10-11 03:31:02 +0200: Memory Usage (485948K) : Executing rule Padb.d
2026-10-11 03:31:02 +0200: Memory Usage (485948K) : Starting 6.10 Sealring table
2026-10-11 03:31:02 +0200: Memory Usage (485948K) : Executing rule Seal.l
2026-10-11 03:31:02 +0200: Memory Usage (485948K) : Executing rule Seal.n
2026-10-11 03:31:02 +0200: Memory Usage (485948K) : Executing rule seal.b_metal1
2026-10-11 03:31:02 +0200: Memory Usage (485948K) : Executing rule seal.b_metal2
2026-10-11 03:31:02 +0200: Memory Usage (485948K) : Executing rule seal.b_metal3
2026-10-11 03:31:02 +0200: Memory Usage (485948K) : Executing rule seal.b_metal4
2026-10-11 03:31:02 +0200: Memory Usage (485948K) : Executing rule seal.b_metal5
2026-10-11 03:31:02 +0200: Memory Usage (485948K) : Executing rule seal.b_topmetal1
2026-10-11 03:31:02 +0200: Memory Usage (485948K) : Executing rule seal.b_topmetal2
2026-10-11 03:31:02 +0200: Memory Usage (485948K) : Executing rule seal.b_activ
2026-10-11 03:31:02 +0200: Memory Usage (485948K) : Executing rule seal.b_psd
2026-10-11 03:31:02 +0200: Memory Usage (485948K) : Executing rule Seal.k
2026-10-11 03:31:02 +0200: Memory Usage (485948K) : Executing rule Seal.m
2026-10-11 03:31:02 +0200: Memory Usage (485948K) : Starting 6.11 MIM table
2026-10-11 03:31:02 +0200: Memory Usage (485948K) : Executing rule MIM.c
2026-10-11 03:31:02 +0200: Memory Usage (486076K) : Executing rule MIM.d
2026-10-11 03:31:02 +0200: Memory Usage (486076K) : Executing rule MIM.gR
2026-10-11 03:31:02 +0200: Memory Usage (486076K) : Starting 7.3 Metal Slits table
2026-10-11 03:31:02 +0200: Memory Usage (486076K) : Executing rule Slt.e1_M1
2026-10-11 03:31:02 +0200: Memory Usage (486076K) : Executing rule Slt.e1_M2
2026-10-11 03:31:02 +0200: Memory Usage (486076K) : Executing rule Slt.e1_M3
2026-10-11 03:31:02 +0200: Memory Usage (486076K) : Executing rule Slt.e1_M4
2026-10-11 03:31:02 +0200: Memory Usage (486076K) : Executing rule Slt.e1_M5
2026-10-11 03:31:02 +0200: Memory Usage (486076K) : Executing rule Slt.e1_TM1
2026-10-11 03:31:02 +0200: Memory Usage (486076K) : Executing rule Slt.e1_TM2
2026-10-11 03:31:02 +0200: Memory Usage (486076K) : Starting 9.1. LBE table
2026-10-11 03:31:02 +0200: Memory Usage (486076K) : Executing rule LBE.a
2026-10-11 03:31:02 +0200: Memory Usage (486076K) : Executing rule LBE.b
2026-10-11 03:31:02 +0200: Memory Usage (486076K) : Executing rule LBE.b1
2026-10-11 03:31:02 +0200: Memory Usage (486076K) : Executing rule LBE.c
2026-10-11 03:31:02 +0200: Memory Usage (486076K) : Executing rule LBE.d
2026-10-11 03:31:02 +0200: Memory Usage (486076K) : Executing rule LBE.h
2026-10-11 03:31:02 +0200: Memory Usage (486076K) : Starting 7.4. PIN table
2026-10-11 03:31:02 +0200: Memory Usage (486076K) : Executing rule Pin.a
2026-10-11 03:31:02 +0200: Memory Usage (486076K) : Executing rule Pin.b
2026-10-11 03:31:02 +0200: Memory Usage (486076K) : Executing rule Pin.e
2026-10-11 03:31:02 +0200: Memory Usage (486076K) : Executing rule Pin.f_M2
2026-10-11 03:31:02 +0200: Memory Usage (486076K) : Executing rule Pin.f_M3
2026-10-11 03:31:02 +0200: Memory Usage (486076K) : Executing rule Pin.f_M4
2026-10-11 03:31:02 +0200: Memory Usage (486076K) : Executing rule Pin.f_M5
2026-10-11 03:31:02 +0200: Memory Usage (486076K) : Executing rule Pin.g
2026-10-11 03:31:02 +0200: Memory Usage (486076K) : Executing rule Pin.h
2026-10-11 03:31:02 +0200: Memory Usage (486076K) : Starting 3.1. offgrid table
2026-10-11 03:31:02 +0200: Memory Usage (486076K) : Executing rule activ_drw_Offgrid
2026-10-11 03:31:02 +0200: Memory Usage (486212K) : Executing rule activ_mask_Offgrid
2026-10-11 03:31:02 +0200: Memory Usage (486212K) : Executing rule activ_filler_Offgrid
2026-10-11 03:31:02 +0200: Memory Usage (486212K) : Executing rule activ_opc_Offgrid
2026-10-11 03:31:02 +0200: Memory Usage (486212K) : Executing rule activ_iopc_Offgrid
2026-10-11 03:31:02 +0200: Memory Usage (486212K) : Executing rule biwind_drw_Offgrid
2026-10-11 03:31:02 +0200: Memory Usage (486212K) : Executing rule biwind_opc_Offgrid
2026-10-11 03:31:02 +0200: Memory Usage (486212K) : Executing rule pemwind_drw_Offgrid
2026-10-11 03:31:02 +0200: Memory Usage (486212K) : Executing rule gatpoly_drw_Offgrid
2026-10-11 03:31:02 +0200: Memory Usage (486212K) : Executing rule gatpoly_filler_Offgrid
2026-10-11 03:31:02 +0200: Memory Usage (486212K) : Executing rule gatpoly_opc_Offgrid
2026-10-11 03:31:02 +0200: Memory Usage (486212K) : Executing rule gatpoly_iopc_Offgrid
2026-10-11 03:31:02 +0200: Memory Usage (486212K) : Executing rule gatpoly_noqrc_Offgrid
2026-10-11 03:31:02 +0200: Memory Usage (486212K) : Executing rule cont_drw_Offgrid
2026-10-11 03:31:03 +0200: Memory Usage (488900K) : Executing rule cont_opc_Offgrid
2026-10-11 03:31:03 +0200: Memory Usage (488900K) : Executing rule nsd_drw_Offgrid
2026-10-11 03:31:03 +0200: Memory Usage (489028K) : Executing rule nsd_block_Offgrid
2026-10-11 03:31:03 +0200: Memory Usage (489028K) : Executing rule metal1_drw_Offgrid
2026-10-11 03:31:03 +0200: Memory Usage (489284K) : Executing rule metal1_mask_Offgrid
2026-10-11 03:31:03 +0200: Memory Usage (489796K) : Executing rule metal1_filler_Offgrid
2026-10-11 03:31:03 +0200: Memory Usage (490308K) : Executing rule metal1_slit_Offgrid
2026-10-11 03:31:03 +0200: Memory Usage (490820K) : Executing rule metal1_opc_Offgrid
2026-10-11 03:31:03 +0200: Memory Usage (491332K) : Executing rule metal1_noqrc_Offgrid
2026-10-11 03:31:03 +0200: Memory Usage (491844K) : Executing rule metal1_res_Offgrid
2026-10-11 03:31:03 +0200: Memory Usage (492356K) : Executing rule metal1_iprobe_Offgrid
2026-10-11 03:31:03 +0200: Memory Usage (492868K) : Executing rule metal1_diffprb_Offgrid
2026-10-11 03:31:03 +0200: Memory Usage (493380K) : Executing rule passiv_drw_Offgrid
2026-10-11 03:31:03 +0200: Memory Usage (493892K) : Executing rule passiv_pillar_Offgrid
2026-10-11 03:31:03 +0200: Memory Usage (494404K) : Executing rule passiv_sbump_Offgrid
2026-10-11 03:31:03 +0200: Memory Usage (494788K) : Executing rule passiv_pdl_Offgrid
2026-10-11 03:31:03 +0200: Memory Usage (494916K) : Executing rule metal2_drw_Offgrid
2026-10-11 03:31:03 +0200: Memory Usage (494916K) : Executing rule metal2_mask_Offgrid
2026-10-11 03:31:03 +0200: Memory Usage (494916K) : Executing rule metal2_filler_Offgrid
2026-10-11 03:31:03 +0200: Memory Usage (494916K) : Executing rule metal2_slit_Offgrid
2026-10-11 03:31:03 +0200: Memory Usage (494916K) : Executing rule metal2_opc_Offgrid
2026-10-11 03:31:03 +0200: Memory Usage (494916K) : Executing rule metal2_noqrc_Offgrid
2026-10-11 03:31:03 +0200: Memory Usage (494916K) : Executing rule metal2_res_Offgrid
2026-10-11 03:31:03 +0200: Memory Usage (494916K) : Executing rule metal2_iprobe_Offgrid
2026-10-11 03:31:03 +0200: Memory Usage (494916K) : Executing rule metal2_diffprb_Offgrid
2026-10-11 03:31:03 +0200: Memory Usage (494916K) : Executing rule baspoly_drw_Offgrid
2026-10-11 03:31:03 +0200: Memory Usage (494916K) : Executing rule psd_drw_Offgrid
2026-10-11 03:31:03 +0200: Memory Usage (494916K) : Executing rule nldb_drw_Offgrid
2026-10-11 03:31:03 +0200: Memory Usage (494916K) : Executing rule via1_drw_Offgrid
2026-10-11 03:31:03 +0200: Memory Usage (494916K) : Executing rule backmetal1_drw_Offgrid
2026-10-11 03:31:03 +0200: Memory Usage (494916K) : Executing rule backmetal1_mask_Offgrid
2026-10-11 03:31:03 +0200: Memory Usage (494916K) : Executing rule backmetal1_filler_Offgrid
2026-10-11 03:31:03 +0200: Memory Usage (494916K) : Executing rule backmetal1_slit_Offgrid
2026-10-11 03:31:03 +0200: Memory Usage (494916K) : Executing rule backmetal1_opc_Offgrid
2026-10-11 03:31:03 +0200: Memory Usage (494916K) : Executing rule backmetal1_noqrc_Offgrid
2026-10-11 03:31:03 +0200: Memory Usage (494916K) : Executing rule backmetal1_res_Offgrid
2026-10-11 03:31:03 +0200: Memory Usage (494916K) : Executing rule backmetal1_iprobe_Offgrid
2026-10-11 03:31:03 +0200: Memory Usage (494916K) : Executing rule backmetal1_diffprb_Offgrid
2026-10-11 03:31:03 +0200: Memory Usage (494916K) : Executing rule backpassiv_drw_Offgrid
2026-10-11 03:31:03 +0200: Memory Usage (494916K) : Executing rule salblock_drw_Offgrid
2026-10-11 03:31:03 +0200: Memory Usage (494916K) : Executing rule via2_drw_Offgrid
2026-10-11 03:31:03 +0200: Memory Usage (494916K) : Executing rule metal3_drw_Offgrid
2026-10-11 03:31:03 +0200: Memory Usage (494916K) : Executing rule metal3_mask_Offgrid
2026-10-11 03:31:03 +0200: Memory Usage (494916K) : Executing rule metal3_filler_Offgrid
2026-10-11 03:31:03 +0200: Memory Usage (494916K) : Executing rule metal3_slit_Offgrid
2026-10-11 03:31:03 +0200: Memory Usage (494916K) : Executing rule metal3_opc_Offgrid
2026-10-11 03:31:03 +0200: Memory Usage (494916K) : Executing rule metal3_noqrc_Offgrid
2026-10-11 03:31:03 +0200: Memory Usage (494916K) : Executing rule metal3_res_Offgrid
2026-10-11 03:31:03 +0200: Memory Usage (494916K) : Executing rule metal3_iprobe_Offgrid
2026-10-11 03:31:03 +0200: Memory Usage (494916K) : Executing rule metal3_diffprb_Offgrid
2026-10-11 03:31:03 +0200: Memory Usage (494916K) : Executing rule nwell_drw_Offgrid
2026-10-11 03:31:03 +0200: Memory Usage (494916K) : Executing rule nbulay_drw_Offgrid
2026-10-11 03:31:03 +0200: Memory Usage (494916K) : Executing rule nbulay_block_Offgrid
2026-10-11 03:31:03 +0200: Memory Usage (494916K) : Executing rule pwell_drw_Offgrid
2026-10-11 03:31:03 +0200: Memory Usage (494916K) : Executing rule pwell_block_Offgrid
2026-10-11 03:31:03 +0200: Memory Usage (494916K) : Executing rule emwind_drw_Offgrid
2026-10-11 03:31:03 +0200: Memory Usage (494916K) : Executing rule emwind_opc_Offgrid
2026-10-11 03:31:03 +0200: Memory Usage (494916K) : Executing rule deepco_drw_Offgrid
2026-10-11 03:31:03 +0200: Memory Usage (494916K) : Executing rule mim_drw_Offgrid
2026-10-11 03:31:03 +0200: Memory Usage (494916K) : Executing rule substrate_drw_Offgrid
2026-10-11 03:31:03 +0200: Memory Usage (494916K) : Executing rule ic_drw_Offgrid
2026-10-11 03:31:03 +0200: Memory Usage (494916K) : Executing rule via3_drw_Offgrid
2026-10-11 03:31:03 +0200: Memory Usage (498372K) : Executing rule pldb_drw_Offgrid
2026-10-11 03:31:03 +0200: Memory Usage (498628K) : Executing rule metal4_drw_Offgrid
2026-10-11 03:31:03 +0200: Memory Usage (499268K) : Executing rule metal4_mask_Offgrid
2026-10-11 03:31:03 +0200: Memory Usage (499652K) : Executing rule metal4_filler_Offgrid
2026-10-11 03:31:03 +0200: Memory Usage (500164K) : Executing rule metal4_slit_Offgrid
2026-10-11 03:31:03 +0200: Memory Usage (500804K) : Executing rule metal4_opc_Offgrid
2026-10-11 03:31:03 +0200: Memory Usage (501316K) : Executing rule metal4_noqrc_Offgrid
2026-10-11 03:31:03 +0200: Memory Usage (501828K) : Executing rule metal4_res_Offgrid
2026-10-11 03:31:03 +0200: Memory Usage (502340K) : Executing rule metal4_iprobe_Offgrid
2026-10-11 03:31:03 +0200: Memory Usage (502980K) : Executing rule metal4_diffprb_Offgrid
2026-10-11 03:31:03 +0200: Memory Usage (503236K) : Executing rule via4_drw_Offgrid
2026-10-11 03:31:03 +0200: Memory Usage (503236K) : Executing rule metal5_drw_Offgrid
2026-10-11 03:31:03 +0200: Memory Usage (503236K) : Executing rule metal5_mask_Offgrid
2026-10-11 03:31:03 +0200: Memory Usage (503236K) : Executing rule metal5_filler_Offgrid
2026-10-11 03:31:03 +0200: Memory Usage (503236K) : Executing rule metal5_slit_Offgrid
2026-10-11 03:31:03 +0200: Memory Usage (503236K) : Executing rule metal5_opc_Offgrid
2026-10-11 03:31:03 +0200: Memory Usage (503236K) : Executing rule metal5_noqrc_Offgrid
2026-10-11 03:31:03 +0200: Memory Usage (503236K) : Executing rule metal5_res_Offgrid
2026-10-11 03:31:03 +0200: Memory Usage (503236K) : Executing rule metal5_iprobe_Offgrid
2026-10-11 03:31:03 +0200: Memory Usage (503236K) : Executing rule metal5_diffprb_Offgrid
2026-10-11 03:31:03 +0200: Memory Usage (503236K) : Executing rule prboundary_drw_Offgrid
2026-10-11 03:31:03 +0200: Memory Usage (503236K) : Executing rule exchange0_drw_Offgrid
2026-10-11 03:31:03 +0200: Memory Usage (503236K) : Executing rule exchange1_drw_Offgrid
2026-10-11 03:31:03 +0200: Memory Usage (503236K) : Executing rule exchange2_drw_Offgrid
2026-10-11 03:31:03 +0200: Memory Usage (503236K) : Executing rule exchange3_drw_Offgrid
2026-10-11 03:31:03 +0200: Memory Usage (503236K) : Executing rule exchange4_drw_Offgrid
2026-10-11 03:31:03 +0200: Memory Usage (503236K) : Executing rule isonwell_drw_Offgrid
2026-10-11 03:31:03 +0200: Memory Usage (503236K) : Executing rule thickgateox_drw_Offgrid
2026-10-11 03:31:03 +0200: Memory Usage (503236K) : Executing rule pempoly_drw_Offgrid
2026-10-11 03:31:03 +0200: Memory Usage (503236K) : Executing rule fbe_drw_Offgrid
2026-10-11 03:31:03 +0200: Memory Usage (503236K) : Executing rule empoly_drw_Offgrid
2026-10-11 03:31:03 +0200: Memory Usage (503236K) : Executing rule ldmos_drw_Offgrid
2026-10-11 03:31:03 +0200: Memory Usage (503236K) : Executing rule pbiwind_drw_Offgrid
2026-10-11 03:31:04 +0200: Memory Usage (503236K) : Executing rule colopen_drw_Offgrid
2026-10-11 03:31:04 +0200: Memory Usage (503236K) : Executing rule extblock_drw_Offgrid
2026-10-11 03:31:04 +0200: Memory Usage (503236K) : Executing rule nldd_drw_Offgrid
2026-10-11 03:31:04 +0200: Memory Usage (503236K) : Executing rule pldd_drw_Offgrid
2026-10-11 03:31:04 +0200: Memory Usage (503236K) : Executing rule next_drw_Offgrid
2026-10-11 03:31:04 +0200: Memory Usage (503236K) : Executing rule pext_drw_Offgrid
2026-10-11 03:31:04 +0200: Memory Usage (503236K) : Executing rule nexthv_drw_Offgrid
2026-10-11 03:31:04 +0200: Memory Usage (503236K) : Executing rule pexthv_drw_Offgrid
2026-10-11 03:31:04 +0200: Memory Usage (503236K) : Executing rule graphgate_drw_Offgrid
2026-10-11 03:31:04 +0200: Memory Usage (503236K) : Executing rule mempad_drw_Offgrid
2026-10-11 03:31:04 +0200: Memory Usage (503236K) : Executing rule topvia1_drw_Offgrid
2026-10-11 03:31:04 +0200: Memory Usage (503236K) : Executing rule topmetal1_drw_Offgrid
2026-10-11 03:31:04 +0200: Memory Usage (503236K) : Executing rule topmetal1_mask_Offgrid
2026-10-11 03:31:04 +0200: Memory Usage (503236K) : Executing rule topmetal1_filler_Offgrid
2026-10-11 03:31:04 +0200: Memory Usage (503236K) : Executing rule topmetal1_slit_Offgrid
2026-10-11 03:31:04 +0200: Memory Usage (503236K) : Executing rule topmetal1_noqrc_Offgrid
2026-10-11 03:31:04 +0200: Memory Usage (503236K) : Executing rule topmetal1_res_Offgrid
2026-10-11 03:31:04 +0200: Memory Usage (503236K) : Executing rule topmetal1_iprobe_Offgrid
2026-10-11 03:31:04 +0200: Memory Usage (503236K) : Executing rule topmetal1_diffprb_Offgrid
2026-10-11 03:31:04 +0200: Memory Usage (503236K) : Executing rule inldpwl_drw_Offgrid
2026-10-11 03:31:04 +0200: Memory Usage (503236K) : Executing rule polyres_drw_Offgrid
2026-10-11 03:31:04 +0200: Memory Usage (503236K) : Executing rule vmim_drw_Offgrid
2026-10-11 03:31:04 +0200: Memory Usage (503364K) : Executing rule nbulaycut_drw_Offgrid
2026-10-11 03:31:04 +0200: Memory Usage (503364K) : Executing rule antmetal1_drw_Offgrid
2026-10-11 03:31:04 +0200: Memory Usage (503492K) : Executing rule topvia2_drw_Offgrid
2026-10-11 03:31:04 +0200: Memory Usage (503620K) : Executing rule topmetal2_drw_Offgrid
2026-10-11 03:31:04 +0200: Memory Usage (503620K) : Executing rule topmetal2_mask_Offgrid
2026-10-11 03:31:04 +0200: Memory Usage (503620K) : Executing rule topmetal2_filler_Offgrid
2026-10-11 03:31:04 +0200: Memory Usage (503620K) : Executing rule topmetal2_slit_Offgrid
2026-10-11 03:31:04 +0200: Memory Usage (503620K) : Executing rule topmetal2_noqrc_Offgrid
2026-10-11 03:31:04 +0200: Memory Usage (503620K) : Executing rule topmetal2_res_Offgrid
2026-10-11 03:31:04 +0200: Memory Usage (503620K) : Executing rule topmetal2_iprobe_Offgrid
2026-10-11 03:31:04 +0200: Memory Usage (503620K) : Executing rule topmetal2_diffprb_Offgrid
2026-10-11 03:31:04 +0200: Memory Usage (503620K) : Executing rule snsring_drw_Offgrid
2026-10-11 03:31:04 +0200: Memory Usage (503620K) : Executing rule sensor_drw_Offgrid
2026-10-11 03:31:04 +0200: Memory Usage (503620K) : Executing rule snsarms_drw_Offgrid
2026-10-11 03:31:04 +0200: Memory Usage (503620K) : Executing rule snscmosvia_drw_Offgrid
2026-10-11 03:31:04 +0200: Memory Usage (503620K) : Executing rule colwind_drw_Offgrid
2026-10-11 03:31:04 +0200: Memory Usage (503620K) : Executing rule flm_drw_Offgrid
2026-10-11 03:31:04 +0200: Memory Usage (503620K) : Executing rule hafniumox_drw_Offgrid
2026-10-11 03:31:04 +0200: Memory Usage (503620K) : Executing rule memvia_drw_Offgrid
2026-10-11 03:31:04 +0200: Memory Usage (503620K) : Executing rule thinfilmres_drw_Offgrid
2026-10-11 03:31:04 +0200: Memory Usage (503620K) : Executing rule rfmem_drw_Offgrid
2026-10-11 03:31:04 +0200: Memory Usage (503620K) : Executing rule snsbotvia_drw_Offgrid
2026-10-11 03:31:04 +0200: Memory Usage (503620K) : Executing rule snstopvia_drw_Offgrid
2026-10-11 03:31:04 +0200: Memory Usage (503620K) : Executing rule deepvia_drw_Offgrid
2026-10-11 03:31:04 +0200: Memory Usage (503620K) : Executing rule fgetch_drw_Offgrid
2026-10-11 03:31:04 +0200: Memory Usage (503620K) : Executing rule ctrgat_drw_Offgrid
2026-10-11 03:31:04 +0200: Memory Usage (503620K) : Executing rule fgimp_drw_Offgrid
2026-10-11 03:31:04 +0200: Memory Usage (503620K) : Executing rule emwihv_drw_Offgrid
2026-10-11 03:31:04 +0200: Memory Usage (503620K) : Executing rule lbe_drw_Offgrid
2026-10-11 03:31:04 +0200: Memory Usage (503620K) : Executing rule alcustop_drw_Offgrid
2026-10-11 03:31:04 +0200: Memory Usage (503620K) : Starting 3.2. angle table
2026-10-11 03:31:04 +0200: Memory Usage (503620K) : Executing rule activ_drw_Acute
2026-10-11 03:31:04 +0200: Memory Usage (503620K) : Executing rule activ_pin_Acute
2026-10-11 03:31:04 +0200: Memory Usage (503620K) : Executing rule activ_mask_Acute
2026-10-11 03:31:04 +0200: Memory Usage (503620K) : Executing rule activ_filler_Acute
2026-10-11 03:31:04 +0200: Memory Usage (503620K) : Executing rule activ_nofill_Acute
2026-10-11 03:31:04 +0200: Memory Usage (503620K) : Executing rule activ_opc_Acute
2026-10-11 03:31:04 +0200: Memory Usage (503620K) : Executing rule activ_iopc_Acute
2026-10-11 03:31:04 +0200: Memory Usage (503620K) : Executing rule activ_noqrc_Acute
2026-10-11 03:31:04 +0200: Memory Usage (503620K) : Executing rule biwind_drw_Acute
2026-10-11 03:31:04 +0200: Memory Usage (503620K) : Executing rule biwind_opc_Acute
2026-10-11 03:31:04 +0200: Memory Usage (503620K) : Executing rule pemwind_drw_Acute
2026-10-11 03:31:04 +0200: Memory Usage (503620K) : Executing rule gatpoly_drw_Acute
2026-10-11 03:31:04 +0200: Memory Usage (503620K) : Executing rule gatpoly_pin_Acute
2026-10-11 03:31:04 +0200: Memory Usage (503620K) : Executing rule gatpoly_filler_Acute
2026-10-11 03:31:04 +0200: Memory Usage (503620K) : Executing rule gatpoly_nofill_Acute
2026-10-11 03:31:04 +0200: Memory Usage (503620K) : Executing rule gatpoly_opc_Acute
2026-10-11 03:31:04 +0200: Memory Usage (503620K) : Executing rule gatpoly_iopc_Acute
2026-10-11 03:31:04 +0200: Memory Usage (503620K) : Executing rule gatpoly_noqrc_Acute
2026-10-11 03:31:04 +0200: Memory Usage (503620K) : Executing rule cont_drw_Acute
2026-10-11 03:31:04 +0200: Memory Usage (503620K) : Executing rule cont_opc_Acute
2026-10-11 03:31:04 +0200: Memory Usage (503620K) : Executing rule nsd_drw_Acute
2026-10-11 03:31:04 +0200: Memory Usage (503620K) : Executing rule nsd_block_Acute
2026-10-11 03:31:04 +0200: Memory Usage (503620K) : Executing rule metal1_drw_Acute
2026-10-11 03:31:04 +0200: Memory Usage (504004K) : Executing rule metal1_pin_Acute
2026-10-11 03:31:04 +0200: Memory Usage (504388K) : Executing rule metal1_mask_Acute
2026-10-11 03:31:04 +0200: Memory Usage (504388K) : Executing rule metal1_filler_Acute
2026-10-11 03:31:04 +0200: Memory Usage (504388K) : Executing rule metal1_nofill_Acute
2026-10-11 03:31:04 +0200: Memory Usage (504388K) : Executing rule metal1_slit_Acute
2026-10-11 03:31:04 +0200: Memory Usage (504388K) : Executing rule metal1_opc_Acute
2026-10-11 03:31:04 +0200: Memory Usage (504388K) : Executing rule metal1_noqrc_Acute
2026-10-11 03:31:04 +0200: Memory Usage (504388K) : Executing rule metal1_res_Acute
2026-10-11 03:31:04 +0200: Memory Usage (504388K) : Executing rule metal1_iprobe_Acute
2026-10-11 03:31:04 +0200: Memory Usage (504388K) : Executing rule metal1_diffprb_Acute
2026-10-11 03:31:04 +0200: Memory Usage (504388K) : Executing rule passiv_drw_Acute
2026-10-11 03:31:04 +0200: Memory Usage (504388K) : Executing rule passiv_pin_Acute
2026-10-11 03:31:04 +0200: Memory Usage (504388K) : Executing rule passiv_pillar_Acute
2026-10-11 03:31:04 +0200: Memory Usage (504388K) : Executing rule passiv_sbump_Acute
2026-10-11 03:31:04 +0200: Memory Usage (504388K) : Executing rule passiv_pdl_Acute
2026-10-11 03:31:04 +0200: Memory Usage (504388K) : Executing rule metal2_drw_Acute
2026-10-11 03:31:04 +0200: Memory Usage (504388K) : Executing rule metal2_pin_Acute
2026-10-11 03:31:05 +0200: Memory Usage (504388K) : Executing rule metal2_mask_Acute
2026-10-11 03:31:05 +0200: Memory Usage (504388K) : Executing rule metal2_filler_Acute
2026-10-11 03:31:05 +0200: Memory Usage (504388K) : Executing rule metal2_nofill_Acute
2026-10-11 03:31:05 +0200: Memory Usage (504388K) : Executing rule metal2_slit_Acute
2026-10-11 03:31:05 +0200: Memory Usage (504388K) : Executing rule metal2_opc_Acute
2026-10-11 03:31:05 +0200: Memory Usage (504388K) : Executing rule metal2_noqrc_Acute
2026-10-11 03:31:05 +0200: Memory Usage (504388K) : Executing rule metal2_res_Acute
2026-10-11 03:31:05 +0200: Memory Usage (504388K) : Executing rule metal2_iprobe_Acute
2026-10-11 03:31:05 +0200: Memory Usage (504388K) : Executing rule metal2_diffprb_Acute
2026-10-11 03:31:05 +0200: Memory Usage (504388K) : Executing rule baspoly_drw_Acute
2026-10-11 03:31:05 +0200: Memory Usage (504388K) : Executing rule baspoly_pin_Acute
2026-10-11 03:31:05 +0200: Memory Usage (504388K) : Executing rule psd_drw_Acute
2026-10-11 03:31:05 +0200: Memory Usage (504388K) : Executing rule nldb_drw_Acute
2026-10-11 03:31:05 +0200: Memory Usage (504388K) : Executing rule via1_drw_Acute
2026-10-11 03:31:05 +0200: Memory Usage (504388K) : Executing rule backmetal1_drw_Acute
2026-10-11 03:31:05 +0200: Memory Usage (504388K) : Executing rule backmetal1_pin_Acute
2026-10-11 03:31:05 +0200: Memory Usage (504388K) : Executing rule backmetal1_mask_Acute
2026-10-11 03:31:05 +0200: Memory Usage (504388K) : Executing rule backmetal1_filler_Acute
2026-10-11 03:31:05 +0200: Memory Usage (504388K) : Executing rule backmetal1_nofill_Acute
2026-10-11 03:31:05 +0200: Memory Usage (504388K) : Executing rule backmetal1_slit_Acute
2026-10-11 03:31:05 +0200: Memory Usage (504388K) : Executing rule backmetal1_opc_Acute
2026-10-11 03:31:05 +0200: Memory Usage (504388K) : Executing rule backmetal1_noqrc_Acute
2026-10-11 03:31:05 +0200: Memory Usage (504388K) : Executing rule backmetal1_res_Acute
2026-10-11 03:31:05 +0200: Memory Usage (504388K) : Executing rule backmetal1_iprobe_Acute
2026-10-11 03:31:05 +0200: Memory Usage (504388K) : Executing rule backmetal1_diffprb_Acute
2026-10-11 03:31:05 +0200: Memory Usage (504388K) : Executing rule backpassiv_drw_Acute
2026-10-11 03:31:05 +0200: Memory Usage (504388K) : Executing rule salblock_drw_Acute
2026-10-11 03:31:05 +0200: Memory Usage (504388K) : Executing rule via2_drw_Acute
2026-10-11 03:31:05 +0200: Memory Usage (504388K) : Executing rule metal3_drw_Acute
2026-10-11 03:31:05 +0200: Memory Usage (504388K) : Executing rule metal3_pin_Acute
2026-10-11 03:31:05 +0200: Memory Usage (504388K) : Executing rule metal3_mask_Acute
2026-10-11 03:31:05 +0200: Memory Usage (504388K) : Executing rule metal3_filler_Acute
2026-10-11 03:31:05 +0200: Memory Usage (504388K) : Executing rule metal3_nofill_Acute
2026-10-11 03:31:05 +0200: Memory Usage (504388K) : Executing rule metal3_slit_Acute
2026-10-11 03:31:05 +0200: Memory Usage (504388K) : Executing rule metal3_opc_Acute
2026-10-11 03:31:05 +0200: Memory Usage (504388K) : Executing rule metal3_noqrc_Acute
2026-10-11 03:31:05 +0200: Memory Usage (504388K) : Executing rule metal3_res_Acute
2026-10-11 03:31:05 +0200: Memory Usage (504388K) : Executing rule metal3_iprobe_Acute
2026-10-11 03:31:05 +0200: Memory Usage (504388K) : Executing rule metal3_diffprb_Acute
2026-10-11 03:31:05 +0200: Memory Usage (504388K) : Executing rule nwell_drw_Acute
2026-10-11 03:31:05 +0200: Memory Usage (504388K) : Executing rule nwell_pin_Acute
2026-10-11 03:31:05 +0200: Memory Usage (504388K) : Executing rule nbulay_drw_Acute
2026-10-11 03:31:05 +0200: Memory Usage (504388K) : Executing rule nbulay_pin_Acute
2026-10-11 03:31:05 +0200: Memory Usage (504388K) : Executing rule nbulay_block_Acute
2026-10-11 03:31:05 +0200: Memory Usage (504388K) : Executing rule pwell_drw_Acute
2026-10-11 03:31:05 +0200: Memory Usage (504388K) : Executing rule pwell_pin_Acute
2026-10-11 03:31:05 +0200: Memory Usage (504388K) : Executing rule pwell_block_Acute
2026-10-11 03:31:05 +0200: Memory Usage (504388K) : Executing rule emwind_drw_Acute
2026-10-11 03:31:05 +0200: Memory Usage (504388K) : Executing rule emwind_opc_Acute
2026-10-11 03:31:05 +0200: Memory Usage (504388K) : Executing rule deepco_drw_Acute
2026-10-11 03:31:05 +0200: Memory Usage (504388K) : Executing rule mim_drw_Acute
2026-10-11 03:31:05 +0200: Memory Usage (504388K) : Executing rule substrate_drw_Acute
2026-10-11 03:31:05 +0200: Memory Usage (504388K) : Executing rule ic_drw_Acute
2026-10-11 03:31:05 +0200: Memory Usage (504388K) : Executing rule via3_drw_Acute
2026-10-11 03:31:05 +0200: Memory Usage (504388K) : Executing rule pldb_drw_Acute
2026-10-11 03:31:05 +0200: Memory Usage (504388K) : Executing rule metal4_drw_Acute
2026-10-11 03:31:05 +0200: Memory Usage (504388K) : Executing rule metal4_pin_Acute
2026-10-11 03:31:05 +0200: Memory Usage (504388K) : Executing rule metal4_mask_Acute
2026-10-11 03:31:05 +0200: Memory Usage (504388K) : Executing rule metal4_filler_Acute
2026-10-11 03:31:05 +0200: Memory Usage (504388K) : Executing rule metal4_nofill_Acute
2026-10-11 03:31:05 +0200: Memory Usage (504388K) : Executing rule metal4_slit_Acute
2026-10-11 03:31:05 +0200: Memory Usage (504388K) : Executing rule metal4_opc_Acute
2026-10-11 03:31:05 +0200: Memory Usage (504388K) : Executing rule metal4_noqrc_Acute
2026-10-11 03:31:05 +0200: Memory Usage (504388K) : Executing rule metal4_res_Acute
2026-10-11 03:31:05 +0200: Memory Usage (504388K) : Executing rule metal4_iprobe_Acute
2026-10-11 03:31:05 +0200: Memory Usage (504388K) : Executing rule metal4_diffprb_Acute
2026-10-11 03:31:05 +0200: Memory Usage (504388K) : Executing rule via4_drw_Acute
2026-10-11 03:31:05 +0200: Memory Usage (504388K) : Executing rule metal5_drw_Acute
2026-10-11 03:31:05 +0200: Memory Usage (504388K) : Executing rule metal5_pin_Acute
2026-10-11 03:31:05 +0200: Memory Usage (504388K) : Executing rule metal5_mask_Acute
2026-10-11 03:31:05 +0200: Memory Usage (504388K) : Executing rule metal5_filler_Acute
2026-10-11 03:31:05 +0200: Memory Usage (504388K) : Executing rule metal5_nofill_Acute
2026-10-11 03:31:05 +0200: Memory Usage (504388K) : Executing rule metal5_slit_Acute
2026-10-11 03:31:05 +0200: Memory Usage (504388K) : Executing rule metal5_opc_Acute
2026-10-11 03:31:05 +0200: Memory Usage (504388K) : Executing rule metal5_noqrc_Acute
2026-10-11 03:31:05 +0200: Memory Usage (504388K) : Executing rule metal5_res_Acute
2026-10-11 03:31:05 +0200: Memory Usage (504388K) : Executing rule metal5_iprobe_Acute
2026-10-11 03:31:05 +0200: Memory Usage (504388K) : Executing rule metal5_diffprb_Acute
2026-10-11 03:31:05 +0200: Memory Usage (504644K) : Executing rule prboundary_drw_Acute
2026-10-11 03:31:05 +0200: Memory Usage (504772K) : Executing rule exchange0_drw_Acute
2026-10-11 03:31:05 +0200: Memory Usage (504772K) : Executing rule exchange0_pin_Acute
2026-10-11 03:31:05 +0200: Memory Usage (504772K) : Executing rule exchange1_drw_Acute
2026-10-11 03:31:05 +0200: Memory Usage (504772K) : Executing rule exchange1_pin_Acute
2026-10-11 03:31:05 +0200: Memory Usage (504772K) : Executing rule exchange2_drw_Acute
2026-10-11 03:31:05 +0200: Memory Usage (504772K) : Executing rule exchange2_pin_Acute
2026-10-11 03:31:05 +0200: Memory Usage (504772K) : Executing rule exchange3_drw_Acute
2026-10-11 03:31:05 +0200: Memory Usage (504772K) : Executing rule exchange3_pin_Acute
2026-10-11 03:31:05 +0200: Memory Usage (504772K) : Executing rule exchange4_drw_Acute
2026-10-11 03:31:05 +0200: Memory Usage (504772K) : Executing rule exchange4_pin_Acute
2026-10-11 03:31:05 +0200: Memory Usage (504772K) : Executing rule isonwell_drw_Acute
2026-10-11 03:31:05 +0200: Memory Usage (504772K) : Executing rule thickgateox_drw_Acute
2026-10-11 03:31:05 +0200: Memory Usage (504772K) : Executing rule pempoly_drw_Acute
2026-10-11 03:31:06 +0200: Memory Usage (504772K) : Executing rule fbe_drw_Acute
2026-10-11 03:31:06 +0200: Memory Usage (504772K) : Executing rule empoly_drw_Acute
2026-10-11 03:31:06 +0200: Memory Usage (504772K) : Executing rule ldmos_drw_Acute
2026-10-11 03:31:06 +0200: Memory Usage (504772K) : Executing rule pbiwind_drw_Acute
2026-10-11 03:31:06 +0200: Memory Usage (504772K) : Executing rule colopen_drw_Acute
2026-10-11 03:31:06 +0200: Memory Usage (504772K) : Executing rule extblock_drw_Acute
2026-10-11 03:31:06 +0200: Memory Usage (504772K) : Executing rule nldd_drw_Acute
2026-10-11 03:31:06 +0200: Memory Usage (504772K) : Executing rule pldd_drw_Acute
2026-10-11 03:31:06 +0200: Memory Usage (504772K) : Executing rule next_drw_Acute
2026-10-11 03:31:06 +0200: Memory Usage (504772K) : Executing rule pext_drw_Acute
2026-10-11 03:31:06 +0200: Memory Usage (504772K) : Executing rule nexthv_drw_Acute
2026-10-11 03:31:06 +0200: Memory Usage (504772K) : Executing rule pexthv_drw_Acute
2026-10-11 03:31:06 +0200: Memory Usage (504772K) : Executing rule graphgate_drw_Acute
2026-10-11 03:31:06 +0200: Memory Usage (504772K) : Executing rule mempad_drw_Acute
2026-10-11 03:31:06 +0200: Memory Usage (504772K) : Executing rule topvia1_drw_Acute
2026-10-11 03:31:06 +0200: Memory Usage (504772K) : Executing rule topmetal1_drw_Acute
2026-10-11 03:31:06 +0200: Memory Usage (504772K) : Executing rule topmetal1_pin_Acute
2026-10-11 03:31:06 +0200: Memory Usage (504772K) : Executing rule topmetal1_mask_Acute
2026-10-11 03:31:06 +0200: Memory Usage (504772K) : Executing rule topmetal1_filler_Acute
2026-10-11 03:31:06 +0200: Memory Usage (504772K) : Executing rule topmetal1_nofill_Acute
2026-10-11 03:31:06 +0200: Memory Usage (504772K) : Executing rule topmetal1_slit_Acute
2026-10-11 03:31:06 +0200: Memory Usage (504772K) : Executing rule topmetal1_noqrc_Acute
2026-10-11 03:31:06 +0200: Memory Usage (504772K) : Executing rule topmetal1_res_Acute
2026-10-11 03:31:06 +0200: Memory Usage (504772K) : Executing rule topmetal1_iprobe_Acute
2026-10-11 03:31:06 +0200: Memory Usage (504772K) : Executing rule topmetal1_diffprb_Acute
2026-10-11 03:31:06 +0200: Memory Usage (504772K) : Executing rule inldpwl_drw_Acute
2026-10-11 03:31:06 +0200: Memory Usage (504772K) : Executing rule polyres_drw_Acute
2026-10-11 03:31:06 +0200: Memory Usage (504772K) : Executing rule polyres_pin_Acute
2026-10-11 03:31:06 +0200: Memory Usage (504772K) : Executing rule vmim_drw_Acute
2026-10-11 03:31:06 +0200: Memory Usage (505156K) : Executing rule nbulaycut_drw_Acute
2026-10-11 03:31:06 +0200: Memory Usage (505156K) : Executing rule antmetal1_drw_Acute
2026-10-11 03:31:06 +0200: Memory Usage (505156K) : Executing rule topvia2_drw_Acute
2026-10-11 03:31:06 +0200: Memory Usage (505156K) : Executing rule topmetal2_drw_Acute
2026-10-11 03:31:06 +0200: Memory Usage (505156K) : Executing rule topmetal2_pin_Acute
2026-10-11 03:31:06 +0200: Memory Usage (505156K) : Executing rule topmetal2_mask_Acute
2026-10-11 03:31:06 +0200: Memory Usage (505156K) : Executing rule topmetal2_filler_Acute
2026-10-11 03:31:06 +0200: Memory Usage (505156K) : Executing rule topmetal2_nofill_Acute
2026-10-11 03:31:06 +0200: Memory Usage (505156K) : Executing rule topmetal2_slit_Acute
2026-10-11 03:31:06 +0200: Memory Usage (505156K) : Executing rule topmetal2_noqrc_Acute
2026-10-11 03:31:06 +0200: Memory Usage (505156K) : Executing rule topmetal2_res_Acute
2026-10-11 03:31:06 +0200: Memory Usage (505156K) : Executing rule topmetal2_iprobe_Acute
2026-10-11 03:31:06 +0200: Memory Usage (505156K) : Executing rule topmetal2_diffprb_Acute
2026-10-11 03:31:06 +0200: Memory Usage (505156K) : Executing rule snsring_drw_Acute
2026-10-11 03:31:06 +0200: Memory Usage (505156K) : Executing rule sensor_drw_Acute
2026-10-11 03:31:06 +0200: Memory Usage (505156K) : Executing rule snsarms_drw_Acute
2026-10-11 03:31:06 +0200: Memory Usage (505156K) : Executing rule snscmosvia_drw_Acute
2026-10-11 03:31:06 +0200: Memory Usage (505156K) : Executing rule colwind_drw_Acute
2026-10-11 03:31:06 +0200: Memory Usage (505156K) : Executing rule flm_drw_Acute
2026-10-11 03:31:06 +0200: Memory Usage (505156K) : Executing rule hafniumox_drw_Acute
2026-10-11 03:31:06 +0200: Memory Usage (505156K) : Executing rule memvia_drw_Acute
2026-10-11 03:31:06 +0200: Memory Usage (505156K) : Executing rule thinfilmres_drw_Acute
2026-10-11 03:31:06 +0200: Memory Usage (505156K) : Executing rule rfmem_drw_Acute
2026-10-11 03:31:06 +0200: Memory Usage (505156K) : Executing rule snsbotvia_drw_Acute
2026-10-11 03:31:06 +0200: Memory Usage (505156K) : Executing rule snstopvia_drw_Acute
2026-10-11 03:31:06 +0200: Memory Usage (505156K) : Executing rule deepvia_drw_Acute
2026-10-11 03:31:06 +0200: Memory Usage (505156K) : Executing rule fgetch_drw_Acute
2026-10-11 03:31:06 +0200: Memory Usage (505156K) : Executing rule ctrgat_drw_Acute
2026-10-11 03:31:06 +0200: Memory Usage (505156K) : Executing rule fgimp_drw_Acute
2026-10-11 03:31:06 +0200: Memory Usage (505156K) : Executing rule emwihv_drw_Acute
2026-10-11 03:31:06 +0200: Memory Usage (505156K) : Executing rule lbe_drw_Acute
2026-10-11 03:31:06 +0200: Memory Usage (505156K) : Executing rule alcustop_drw_Acute
2026-10-11 03:31:06 +0200: Memory Usage (505156K) : Executing rule cont_drw_Angle90
2026-10-11 03:31:06 +0200: Memory Usage (510788K) : Executing rule via1_drw_Angle90
2026-10-11 03:31:06 +0200: Memory Usage (510916K) : Executing rule via2_drw_Angle90
2026-10-11 03:31:06 +0200: Memory Usage (511044K) : Executing rule via3_drw_Angle90
2026-10-11 03:31:06 +0200: Memory Usage (511172K) : Executing rule via4_drw_Angle90
2026-10-11 03:31:06 +0200: Memory Usage (511172K) : Executing rule vmim_drw_Angle90
2026-10-11 03:31:06 +0200: Memory Usage (511684K) : Executing rule topvia1_drw_Angle90
2026-10-11 03:31:07 +0200: Memory Usage (511812K) : Executing rule topvia2_drw_Angle90
2026-10-11 03:31:07 +0200: Memory Usage (511940K) : Executing rule gatpoly_drw_Angle45
2026-10-11 03:31:07 +0200: Memory Usage (512068K) : Executing rule activ_drw_Angle45
2026-10-11 03:31:07 +0200: Memory Usage (512068K) : Executing rule metal1_drw_Angle45
2026-10-11 03:31:07 +0200: Memory Usage (511936K) : Executing rule metal2_drw_Angle45
2026-10-11 03:31:07 +0200: Memory Usage (511936K) : Executing rule metal3_drw_Angle45
2026-10-11 03:31:07 +0200: Memory Usage (511676K) : Executing rule metal4_drw_Angle45
2026-10-11 03:31:07 +0200: Memory Usage (511932K) : Executing rule metal5_drw_Angle45
2026-10-11 03:31:07 +0200: Memory Usage (511800K) : Executing rule topmetal1_drw_Angle45
2026-10-11 03:31:07 +0200: Memory Usage (511800K) : Executing rule topmetal2_drw_Angle45
2026-10-11 03:31:07 +0200: Memory Usage (511800K) : Starting 3.2. FORBIDDEN table
2026-10-11 03:31:07 +0200: Memory Usage (511800K) : Executing rule forbidden.biwind
2026-10-11 03:31:07 +0200: Memory Usage (511800K) : Executing rule forbidden.pemwind
2026-10-11 03:31:07 +0200: Memory Usage (511800K) : Executing rule forbidden.baspoly
2026-10-11 03:31:07 +0200: Memory Usage (511800K) : Executing rule forbidden.deepco
2026-10-11 03:31:07 +0200: Memory Usage (511800K) : Executing rule forbidden.pempoly
2026-10-11 03:31:07 +0200: Memory Usage (511800K) : Executing rule forbidden.empoly
2026-10-11 03:31:07 +0200: Memory Usage (511800K) : Executing rule forbidden.ldmos
2026-10-11 03:31:07 +0200: Memory Usage (511800K) : Executing rule forbidden.pbiwind
2026-10-11 03:31:07 +0200: Memory Usage (511800K) : Executing rule forbidden.nodrc
2026-10-11 03:31:07 +0200: Memory Usage (511800K) : Executing rule forbidden.flash
2026-10-11 03:31:07 +0200: Memory Usage (511800K) : Executing rule forbidden.colwind
2026-10-11 03:31:07 +0200: Memory Usage (511800K) : KLayout DRC run for tables 'main' completed in 7.21 seconds
